[0.011s] Invoking command in '/home/dbot2/dbot_vda5050_ilmatar/build/vda5050_connector': CMAKE_PREFIX_PATH=/home/dbot2/dbot_vda5050_ilmatar/install/vda5050_msgs:/home/dbot2/dbot_vda5050_ilmatar/install/vda_dbot_nav_slam:/home/dbot2/dbot_vda5050_ilmatar/install/vda5050_connector:/home/dbot2/dbot_vda5050_ilmatar/install/odometry_estimator:/home/dbot2/dbot_vda5050_ilmatar/install/dbot_nav_slam:/home/dbot2/dbot_vda5050_ilmatar/install/dbot_custom_msgs:/home/dbot2/dbot_src/install/odometry_estimator:/home/dbot2/dbot_src/install/dbot_custom_msgs:/home/dbot2/dbot_remote/install/pointcloud_saver:/home/dbot2/circus_demo/install/pcl_localization_ros2:/home/dbot2/circus_demo/install/ndt_omp_ros2:/home/dbot2/ros2_ws/install/rslidar_frame_publish:/home/dbot2/ros2_ws/install/pointcloud_to_laserscan:/home/dbot2/ros2_ws/install/pointcloud_merge:/home/dbot2/ros2_ws/install/odometry_estimator:/home/dbot2/ros2_ws/install/dbot_nav_slam:/home/dbot2/ros2_ws/install/dbot_custom_msgs:/home/dbot2/ros2_ws/install/ament_lint_common:/home/dbot2/ros2_ws/install/ament_cmake_xmllint:/home/dbot2/ros2_ws/install/ament_cmake_uncrustify:/home/dbot2/ros2_ws/install/ament_cmake_pyflakes:/home/dbot2/ros2_ws/install/ament_cmake_pycodestyle:/home/dbot2/ros2_ws/install/ament_cmake_pep257:/home/dbot2/ros2_ws/install/ament_cmake_pclint:/home/dbot2/ros2_ws/install/ament_cmake_mypy:/home/dbot2/ros2_ws/install/ament_cmake_lint_cmake:/home/dbot2/ros2_ws/install/ament_lint_auto:/home/dbot2/ros2_ws/install/ament_cmake_flake8:/home/dbot2/ros2_ws/install/ament_cmake_copyright:/home/dbot2/ros2_ws/install/ament_cmake_cpplint:/home/dbot2/ros2_ws/install/ament_cmake_cppcheck:/home/dbot2/ros2_ws/install/ament_cmake_clang_tidy:/home/dbot2/ros2_ws/install/ament_cmake_clang_format:/home/dbot2/dbot_src/src/point_cloud_merger/install/point_cloud_merger:/home/dbot2/dbot_vda5050_ilmatar/install/vda5050_tb3_adapter:/home/dbot2/dbot_vda5050_ilmatar/install/tf2_dbot:/home/dbot2/dbot_vda5050_ilmatar/install/odom_motion_model:/home/dbot2/dbot_vda5050_ilmatar/install/motor_driver:/home/dbot2/dbot_vda5050_ilmatar/install/joycontrol:/home/dbot2/dbot_vda5050_ilmatar/install/gesturecontrol:/home/dbot2/dbot_vda5050_ilmatar/install/dbot_bridge:/home/dbot2/dbot_vda5050_ilmatar/install/dbot:/home/dbot2/dbot_src/install/tf2_dbot:/home/dbot2/dbot_src/install/point_cloud_merger:/home/dbot2/dbot_src/install/odom_motion_model:/home/dbot2/dbot_src/install/motor_driver:/home/dbot2/dbot_src/install/joycontrol:/home/dbot2/dbot_src/install/dbot:/home/dbot2/dbot_remote/install/pcd_joy_trigger:/home/dbot2/circus_demo/install/circus_demo:/home/dbot2/ros2_ws/install/tf2_dbot:/home/dbot2/ros2_ws/install/odom_motion_model:/home/dbot2/ros2_ws/install/motor_driver:/home/dbot2/ros2_ws/install/m2m_bringup:/home/dbot2/ros2_ws/install/joycontrol:/home/dbot2/ros2_ws/install/gesturecontrol:/home/dbot2/ros2_ws/install/dbot_opcua:/home/dbot2/ros2_ws/install/dbot_middle_frame:/home/dbot2/ros2_ws/install/dbot_bridge:/home/dbot2/ros2_ws/install/dbot:/home/dbot2/ros2_ws/install/ament_xmllint:/home/dbot2/ros2_ws/install/ament_uncrustify:/home/dbot2/ros2_ws/install/ament_pyflakes:/home/dbot2/ros2_ws/install/ament_pycodestyle:/home/dbot2/ros2_ws/install/ament_pep257:/home/dbot2/ros2_ws/install/ament_pclint:/home/dbot2/ros2_ws/install/ament_mypy:/home/dbot2/ros2_ws/install/ament_lint_cmake:/home/dbot2/ros2_ws/install/ament_flake8:/home/dbot2/ros2_ws/install/ament_copyright:/home/dbot2/ros2_ws/install/ament_lint:/home/dbot2/ros2_ws/install/ament_cpplint:/home/dbot2/ros2_ws/install/ament_cppcheck:/home/dbot2/ros2_ws/install/ament_clang_tidy:/home/dbot2/ros2_ws/install/ament_clang_format:/opt/ros/humble LD_LIBRARY_PATH=/home/dbot2/dbot_vda5050_ilmatar/install/vda5050_msgs/lib:/home/dbot2/dbot_vda5050_ilmatar/install/vda5050_connector/lib:/home/dbot2/dbot_vda5050_ilmatar/install/dbot_custom_msgs/lib:/home/dbot2/dbot_src/install/dbot_custom_msgs/lib:/home/dbot2/circus_demo/install/pcl_localization_ros2/lib:/home/dbot2/ros2_ws/install/pointcloud_to_laserscan/lib:/home/dbot2/ros2_ws/install/dbot_custom_msgs/lib:/opt/ros/humble/opt/rviz_ogre_vendor/lib:/opt/ros/humble/lib/x86_64-linux-gnu:/opt/ros/humble/lib /usr/bin/cmake --build /home/dbot2/dbot_vda5050_ilmatar/build/vda5050_connector -- -j8 -l8
[0.029s] -- Found ament_cmake: 1.3.14 (/opt/ros/humble/share/ament_cmake/cmake)
[0.159s] -- Override CMake install command with custom implementation using symlinks instead of copying resources
[0.163s] -- Found ament_cmake_ros: 0.10.0 (/opt/ros/humble/share/ament_cmake_ros/cmake)
[0.165s] -- Found pluginlib: 5.1.4 (/opt/ros/humble/share/pluginlib/cmake)
[0.198s] -- Found rclcpp_action: 16.0.19 (/opt/ros/humble/share/rclcpp_action/cmake)
[0.209s] -- Found rosidl_generator_c: 3.1.8 (/opt/ros/humble/share/rosidl_generator_c/cmake)
[0.211s] -- Found rosidl_adapter: 3.1.8 (/opt/ros/humble/share/rosidl_adapter/cmake)
[0.214s] -- Found rosidl_generator_cpp: 3.1.8 (/opt/ros/humble/share/rosidl_generator_cpp/cmake)
[0.222s] -- Using all available rosidl_typesupport_c: rosidl_typesupport_fastrtps_c;rosidl_typesupport_introspection_c
[0.230s] -- Using all available rosidl_typesupport_cpp: rosidl_typesupport_fastrtps_cpp;rosidl_typesupport_introspection_cpp
[0.278s] -- Found rmw_implementation_cmake: 6.1.2 (/opt/ros/humble/share/rmw_implementation_cmake/cmake)
[0.280s] -- Found rmw_fastrtps_cpp: 6.2.10 (/opt/ros/humble/share/rmw_fastrtps_cpp/cmake)
[0.293s] -- Found TinyXML2 via Config file: TinyXML2_DIR-NOTFOUND
[0.299s] -- Found TinyXML2 via Config file: TinyXML2_DIR-NOTFOUND
[0.311s] -- Found TinyXML2 via Config file: TinyXML2_DIR-NOTFOUND
[0.317s] -- Found TinyXML2 via Config file: TinyXML2_DIR-NOTFOUND
[0.327s] -- Using RMW implementation 'rmw_fastrtps_cpp' as default
[0.367s] -- Found rclpy: 3.3.21 (/opt/ros/humble/share/rclpy/cmake)
[0.367s] -- Found rosidl_default_generators: 1.2.1 (/opt/ros/humble/share/rosidl_default_generators/cmake)
[0.385s] -- Found tf2: 0.25.20 (/opt/ros/humble/share/tf2/cmake)
[0.396s] -- Found vda5050_msgs: 1.1.1 (/home/dbot2/dbot_vda5050_ilmatar/install/vda5050_msgs/share/vda5050_msgs/cmake)
[0.740s] -- Found ament_cmake_cppcheck: 0.20.1 (/home/dbot2/ros2_ws/install/ament_cmake_cppcheck/share/ament_cmake_cppcheck/cmake)
[0.740s] -- Found ament_cmake_cpplint: 0.20.1 (/home/dbot2/ros2_ws/install/ament_cmake_cpplint/share/ament_cmake_cpplint/cmake)
[0.741s] -- Found ament_cmake_uncrustify: 0.20.1 (/home/dbot2/ros2_ws/install/ament_cmake_uncrustify/share/ament_cmake_uncrustify/cmake)
[1.242s] -- Using all available rosidl_typesupport_c: rosidl_typesupport_fastrtps_c;rosidl_typesupport_introspection_c
[1.438s] -- Using all available rosidl_typesupport_cpp: rosidl_typesupport_fastrtps_cpp;rosidl_typesupport_introspection_cpp
[1.465s] -- Found python_cmake_module: 0.10.0 (/opt/ros/humble/share/python_cmake_module/cmake)
[1.492s] -- Using PYTHON_EXECUTABLE: /usr/bin/python3
[1.492s] -- Using PYTHON_INCLUDE_DIRS: /usr/include/python3.10
[1.492s] -- Using PYTHON_LIBRARIES: /usr/lib/x86_64-linux-gnu/libpython3.10.so
[1.607s] -- Found ament_cmake_flake8: 0.20.1 (/home/dbot2/ros2_ws/install/ament_cmake_flake8/share/ament_cmake_flake8/cmake)
[1.607s] -- Found ament_cmake_pep257: 0.20.1 (/home/dbot2/ros2_ws/install/ament_cmake_pep257/share/ament_cmake_pep257/cmake)
[1.715s] -- Found ament_cmake_clang_format: 0.20.1 (/home/dbot2/ros2_ws/install/ament_cmake_clang_format/share/ament_cmake_clang_format/cmake)
[1.715s] -- Found ament_cmake_copyright: 0.20.1 (/home/dbot2/ros2_ws/install/ament_cmake_copyright/share/ament_cmake_copyright/cmake)
[2.649s] -- Found gtest sources under '/opt/ros/humble/src/gtest_vendor': C++ tests using 'Google Test' will be built
[2.679s] -- Configuring done
[2.729s] -- Generating done
[2.748s] -- Build files have been written to: /home/dbot2/dbot_vda5050_ilmatar/build/vda5050_connector
[2.774s] [  1%] [34m[1mGenerating C code for ROS interfaces[0m
[2.775s] [35m[1mConsolidate compiler generated dependencies of target gtest[0m
[2.778s] [35m[1mConsolidate compiler generated dependencies of target gtest_main[0m
[2.782s] [  2%] [34m[1mGenerating Rust code for ROS interfaces[0m
[2.783s] [  4%] [34m[1mGenerating C++ code for ROS interfaces[0m
[2.791s] [  4%] Built target ament_cmake_python_symlink_vda5050_connector
[2.791s] [  5%] [32mBuilding CXX object gtest/CMakeFiles/gtest.dir/src/gtest-all.cc.o[0m
[2.792s] [  5%] Built target ament_cmake_python_symlink_vda5050_connector_py
[2.793s] [  6%] [32mBuilding CXX object gtest/CMakeFiles/gtest_main.dir/src/gtest_main.cc.o[0m
[3.092s] running egg_info
[3.114s] writing vda5050_connector.egg-info/PKG-INFO
[3.115s] writing dependency_links to vda5050_connector.egg-info/dependency_links.txt
[3.115s] writing top-level names to vda5050_connector.egg-info/top_level.txt
[3.169s] running egg_info
[3.186s] writing vda5050_connector_py.egg-info/PKG-INFO
[3.186s] writing dependency_links to vda5050_connector_py.egg-info/dependency_links.txt
[3.189s] writing top-level names to vda5050_connector_py.egg-info/top_level.txt
[3.324s] [  6%] Built target vda5050_connector__rs
[3.341s] reading manifest file 'vda5050_connector.egg-info/SOURCES.txt'
[3.343s] writing manifest file 'vda5050_connector.egg-info/SOURCES.txt'
[3.383s] [  6%] Built target ament_cmake_python_build_vda5050_connector_egg
[3.395s] reading manifest file 'vda5050_connector_py.egg-info/SOURCES.txt'
[3.396s] writing manifest file 'vda5050_connector_py.egg-info/SOURCES.txt'
[3.422s] [  6%] Built target ament_cmake_python_build_vda5050_connector_py_egg
[3.728s] [  8%] [32m[1mLinking CXX static library libgtest_main.a[0m
[3.789s] [  8%] Built target gtest_main
[3.791s] [  8%] Built target vda5050_connector__cpp
[3.804s] [  9%] [34m[1mGenerating C++ type support dispatch for ROS interfaces[0m
[3.804s] [ 10%] [34m[1mGenerating C++ introspection for ROS interfaces[0m
[3.804s] [ 12%] [34m[1mGenerating C++ type support for eProsima Fast-RTPS[0m
[3.885s] [35m[1mConsolidate compiler generated dependencies of target vda5050_connector__rosidl_generator_c[0m
[3.900s] [ 13%] [32mBuilding C object CMakeFiles/vda5050_connector__rosidl_generator_c.dir/rosidl_generator_c/vda5050_connector/action/detail/navigate_to_node__functions.c.o[0m
[3.903s] [ 15%] [32mBuilding C object CMakeFiles/vda5050_connector__rosidl_generator_c.dir/rosidl_generator_c/vda5050_connector/action/detail/process_vda_action__functions.c.o[0m
[3.905s] [ 16%] [32mBuilding C object CMakeFiles/vda5050_connector__rosidl_generator_c.dir/rosidl_generator_c/vda5050_connector/srv/detail/supported_actions__functions.c.o[0m
[3.907s] [ 17%] [32mBuilding C object CMakeFiles/vda5050_connector__rosidl_generator_c.dir/rosidl_generator_c/vda5050_connector/srv/detail/get_state__functions.c.o[0m
[4.060s] [ 19%] [32m[1mLinking C shared library libvda5050_connector__rosidl_generator_c.so[0m
[4.090s] [ 19%] Built target vda5050_connector__rosidl_generator_c
[4.106s] [ 20%] [34m[1mGenerating C type support for eProsima Fast-RTPS[0m
[4.106s] [ 21%] [34m[1mGenerating C type support dispatch for ROS interfaces[0m
[4.111s] [ 23%] [34m[1mGenerating C introspection for ROS interfaces[0m
[4.491s] [35m[1mConsolidate compiler generated dependencies of target vda5050_connector__rosidl_typesupport_cpp[0m
[4.511s] [ 24%] [32mBuilding CXX object CMakeFiles/vda5050_connector__rosidl_typesupport_cpp.dir/rosidl_typesupport_cpp/vda5050_connector/action/process_vda_action__type_support.cpp.o[0m
[4.513s] [ 26%] [32mBuilding CXX object CMakeFiles/vda5050_connector__rosidl_typesupport_cpp.dir/rosidl_typesupport_cpp/vda5050_connector/action/navigate_to_node__type_support.cpp.o[0m
[4.713s] [35m[1mConsolidate compiler generated dependencies of target vda5050_connector__rosidl_typesupport_introspection_cpp[0m
[4.738s] [ 27%] [32mBuilding CXX object CMakeFiles/vda5050_connector__rosidl_typesupport_introspection_cpp.dir/rosidl_typesupport_introspection_cpp/vda5050_connector/action/detail/navigate_to_node__type_support.cpp.o[0m
[4.872s] [35m[1mConsolidate compiler generated dependencies of target vda5050_connector__rosidl_typesupport_fastrtps_cpp[0m
[4.899s] [35m[1mConsolidate compiler generated dependencies of target vda5050_connector__rosidl_typesupport_c[0m
[4.899s] [ 28%] [32mBuilding CXX object CMakeFiles/vda5050_connector__rosidl_typesupport_fastrtps_cpp.dir/rosidl_typesupport_fastrtps_cpp/vda5050_connector/action/detail/dds_fastrtps/navigate_to_node__type_support.cpp.o[0m
[4.915s] [ 30%] [32mBuilding CXX object CMakeFiles/vda5050_connector__rosidl_typesupport_c.dir/rosidl_typesupport_c/vda5050_connector/action/navigate_to_node__type_support.cpp.o[0m
[5.045s] [ 31%] [32mBuilding CXX object CMakeFiles/vda5050_connector__rosidl_typesupport_c.dir/rosidl_typesupport_c/vda5050_connector/action/process_vda_action__type_support.cpp.o[0m
[5.095s] [ 32%] [32mBuilding CXX object CMakeFiles/vda5050_connector__rosidl_typesupport_fastrtps_cpp.dir/rosidl_typesupport_fastrtps_cpp/vda5050_connector/action/detail/dds_fastrtps/process_vda_action__type_support.cpp.o[0m
[5.151s] [ 34%] [32mBuilding CXX object CMakeFiles/vda5050_connector__rosidl_typesupport_cpp.dir/rosidl_typesupport_cpp/vda5050_connector/srv/get_state__type_support.cpp.o[0m
[5.157s] [ 35%] [32mBuilding CXX object CMakeFiles/vda5050_connector__rosidl_typesupport_c.dir/rosidl_typesupport_c/vda5050_connector/srv/get_state__type_support.cpp.o[0m
[5.175s] [35m[1mConsolidate compiler generated dependencies of target vda5050_connector__rosidl_typesupport_introspection_c[0m
[5.192s] [ 36%] [32mBuilding C object CMakeFiles/vda5050_connector__rosidl_typesupport_introspection_c.dir/rosidl_typesupport_introspection_c/vda5050_connector/action/detail/navigate_to_node__type_support.c.o[0m
[5.215s] [ 38%] [32mBuilding CXX object CMakeFiles/vda5050_connector__rosidl_typesupport_c.dir/rosidl_typesupport_c/vda5050_connector/srv/supported_actions__type_support.cpp.o[0m
[5.279s] [ 39%] [32m[1mLinking CXX shared library libvda5050_connector__rosidl_typesupport_c.so[0m
[5.288s] [35m[1mConsolidate compiler generated dependencies of target vda5050_connector__rosidl_typesupport_fastrtps_c[0m
[5.290s] [ 41%] [32mBuilding C object CMakeFiles/vda5050_connector__rosidl_typesupport_introspection_c.dir/rosidl_typesupport_introspection_c/vda5050_connector/action/detail/process_vda_action__type_support.c.o[0m
[5.318s] [ 42%] [32mBuilding CXX object CMakeFiles/vda5050_connector__rosidl_typesupport_fastrtps_c.dir/rosidl_typesupport_fastrtps_c/vda5050_connector/action/detail/navigate_to_node__type_support_c.cpp.o[0m
[5.349s] [ 42%] Built target vda5050_connector__rosidl_typesupport_c
[5.353s] [ 43%] [32mBuilding C object CMakeFiles/vda5050_connector__rosidl_typesupport_introspection_c.dir/rosidl_typesupport_introspection_c/vda5050_connector/srv/detail/get_state__type_support.c.o[0m
[5.376s] [ 45%] [32mBuilding C object CMakeFiles/vda5050_connector__rosidl_typesupport_introspection_c.dir/rosidl_typesupport_introspection_c/vda5050_connector/srv/detail/supported_actions__type_support.c.o[0m
[5.424s] [ 46%] [32mBuilding CXX object CMakeFiles/vda5050_connector__rosidl_typesupport_fastrtps_c.dir/rosidl_typesupport_fastrtps_c/vda5050_connector/action/detail/process_vda_action__type_support_c.cpp.o[0m
[5.444s] [ 47%] [32m[1mLinking C shared library libvda5050_connector__rosidl_typesupport_introspection_c.so[0m
[5.491s] [ 49%] [32mBuilding CXX object CMakeFiles/vda5050_connector__rosidl_typesupport_cpp.dir/rosidl_typesupport_cpp/vda5050_connector/srv/supported_actions__type_support.cpp.o[0m
[5.505s] [ 49%] Built target vda5050_connector__rosidl_typesupport_introspection_c
[5.527s] [ 50%] [32mBuilding CXX object CMakeFiles/vda5050_connector__rosidl_typesupport_introspection_cpp.dir/rosidl_typesupport_introspection_cpp/vda5050_connector/action/detail/process_vda_action__type_support.cpp.o[0m
[5.602s] [ 52%] [32mBuilding CXX object CMakeFiles/vda5050_connector__rosidl_typesupport_introspection_cpp.dir/rosidl_typesupport_introspection_cpp/vda5050_connector/srv/detail/get_state__type_support.cpp.o[0m
[5.606s] [ 53%] [32mBuilding CXX object CMakeFiles/vda5050_connector__rosidl_typesupport_fastrtps_c.dir/rosidl_typesupport_fastrtps_c/vda5050_connector/srv/detail/get_state__type_support_c.cpp.o[0m
[5.805s] [ 54%] [32mBuilding CXX object CMakeFiles/vda5050_connector__rosidl_typesupport_fastrtps_c.dir/rosidl_typesupport_fastrtps_c/vda5050_connector/srv/detail/supported_actions__type_support_c.cpp.o[0m
[5.829s] [ 56%] [32m[1mLinking CXX shared library libvda5050_connector__rosidl_typesupport_cpp.so[0m
[5.878s] [ 57%] [32mBuilding CXX object CMakeFiles/vda5050_connector__rosidl_typesupport_fastrtps_cpp.dir/rosidl_typesupport_fastrtps_cpp/vda5050_connector/srv/detail/dds_fastrtps/get_state__type_support.cpp.o[0m
[5.889s] [ 57%] Built target vda5050_connector__rosidl_typesupport_cpp
[5.903s] [ 58%] [32mBuilding CXX object CMakeFiles/vda5050_connector__rosidl_typesupport_fastrtps_cpp.dir/rosidl_typesupport_fastrtps_cpp/vda5050_connector/srv/detail/dds_fastrtps/supported_actions__type_support.cpp.o[0m
[5.989s] [35m[1mConsolidate compiler generated dependencies of target adapter[0m
[6.025s] [ 60%] [32mBuilding CXX object CMakeFiles/adapter.dir/src/adapter.cpp.o[0m
[6.051s] [ 61%] [32mBuilding CXX object CMakeFiles/vda5050_connector__rosidl_typesupport_introspection_cpp.dir/rosidl_typesupport_introspection_cpp/vda5050_connector/srv/detail/supported_actions__type_support.cpp.o[0m
[6.248s] [ 63%] [32m[1mLinking CXX shared library libvda5050_connector__rosidl_typesupport_fastrtps_c.so[0m
[6.336s] [ 64%] [32mBuilding CXX object CMakeFiles/adapter.dir/src/utils.cpp.o[0m
[6.383s] [ 64%] Built target vda5050_connector__rosidl_typesupport_fastrtps_c
[6.489s] [ 65%] [32m[1mLinking CXX shared library libvda5050_connector__rosidl_typesupport_fastrtps_cpp.so[0m
[6.577s] [ 65%] Built target vda5050_connector__rosidl_typesupport_fastrtps_cpp
[6.609s] [ 67%] [32m[1mLinking CXX static library libgtest.a[0m
[6.687s] [ 67%] Built target gtest
[6.693s] [ 68%] [32m[1mLinking CXX shared library libvda5050_connector__rosidl_typesupport_introspection_cpp.so[0m
[6.767s] [ 68%] Built target vda5050_connector__rosidl_typesupport_introspection_cpp
[6.783s] [ 68%] Built target vda5050_connector
[6.800s] [ 69%] [34m[1mGenerating Python code for ROS interfaces[0m
[8.030s] [ 69%] Built target vda5050_connector__py
[8.042s] [35m[1mConsolidate compiler generated dependencies of target vda5050_connector__rosidl_generator_py[0m
[8.057s] [ 73%] [32mBuilding C object CMakeFiles/vda5050_connector__rosidl_generator_py.dir/rosidl_generator_py/vda5050_connector/action/_process_vda_action_s.c.o[0m
[8.057s] [ 73%] [32mBuilding C object CMakeFiles/vda5050_connector__rosidl_generator_py.dir/rosidl_generator_py/vda5050_connector/srv/_get_state_s.c.o[0m
[8.057s] [ 73%] [32mBuilding C object CMakeFiles/vda5050_connector__rosidl_generator_py.dir/rosidl_generator_py/vda5050_connector/action/_navigate_to_node_s.c.o[0m
[8.057s] [ 75%] [32mBuilding C object CMakeFiles/vda5050_connector__rosidl_generator_py.dir/rosidl_generator_py/vda5050_connector/srv/_supported_actions_s.c.o[0m
[8.210s] [ 76%] [32m[1mLinking C shared library rosidl_generator_py/vda5050_connector/libvda5050_connector__rosidl_generator_py.so[0m
[8.246s] [ 76%] Built target vda5050_connector__rosidl_generator_py
[8.255s] [35m[1mConsolidate compiler generated dependencies of target vda5050_connector__rosidl_typesupport_introspection_c__pyext[0m
[8.256s] [35m[1mConsolidate compiler generated dependencies of target vda5050_connector__rosidl_typesupport_c__pyext[0m
[8.256s] [35m[1mConsolidate compiler generated dependencies of target vda5050_connector__rosidl_typesupport_fastrtps_c__pyext[0m
[8.266s] [ 78%] [32mBuilding C object CMakeFiles/vda5050_connector__rosidl_typesupport_introspection_c__pyext.dir/rosidl_generator_py/vda5050_connector/_vda5050_connector_s.ep.rosidl_typesupport_introspection_c.c.o[0m
[8.267s] [ 79%] [32mBuilding C object CMakeFiles/vda5050_connector__rosidl_typesupport_fastrtps_c__pyext.dir/rosidl_generator_py/vda5050_connector/_vda5050_connector_s.ep.rosidl_typesupport_fastrtps_c.c.o[0m
[8.268s] [ 80%] [32mBuilding C object CMakeFiles/vda5050_connector__rosidl_typesupport_c__pyext.dir/rosidl_generator_py/vda5050_connector/_vda5050_connector_s.ep.rosidl_typesupport_c.c.o[0m
[8.395s] [ 82%] [32m[1mLinking C shared library rosidl_generator_py/vda5050_connector/vda5050_connector_s__rosidl_typesupport_c.cpython-310-x86_64-linux-gnu.so[0m
[8.436s] [ 82%] Built target vda5050_connector__rosidl_typesupport_c__pyext
[8.449s] [ 83%] [32m[1mLinking C shared library rosidl_generator_py/vda5050_connector/vda5050_connector_s__rosidl_typesupport_fastrtps_c.cpython-310-x86_64-linux-gnu.so[0m
[8.456s] [ 84%] [32m[1mLinking C shared library rosidl_generator_py/vda5050_connector/vda5050_connector_s__rosidl_typesupport_introspection_c.cpython-310-x86_64-linux-gnu.so[0m
[8.489s] [ 84%] Built target vda5050_connector__rosidl_typesupport_fastrtps_c__pyext
[8.494s] [ 84%] Built target vda5050_connector__rosidl_typesupport_introspection_c__pyext
[13.139s] [ 86%] [32m[1mLinking CXX shared library libadapter.so[0m
[13.453s] [ 86%] Built target adapter
[13.462s] [35m[1mConsolidate compiler generated dependencies of target test_plugin_load[0m
[13.462s] [35m[1mConsolidate compiler generated dependencies of target test_node_config[0m
[13.464s] [35m[1mConsolidate compiler generated dependencies of target test_handler_execution[0m
[13.465s] [35m[1mConsolidate compiler generated dependencies of target test_plugins[0m
[13.476s] [ 87%] [32mBuilding CXX object test/adapter/CMakeFiles/test_plugin_load.dir/plugin_load/plugin_load_test.cpp.o[0m
[13.476s] [ 89%] [32mBuilding CXX object test/adapter/CMakeFiles/test_node_config.dir/node_config/node_config_test.cpp.o[0m
[13.484s] [ 90%] [32mBuilding CXX object test/adapter/CMakeFiles/test_handler_execution.dir/handler_execution/handler_execution_test.cpp.o[0m
[13.488s] [ 91%] [32mBuilding CXX object test/adapter/CMakeFiles/test_plugins.dir/common/stub_nav_to_node.cpp.o[0m
[13.488s] [ 93%] [32mBuilding CXX object test/adapter/CMakeFiles/test_plugins.dir/common/stub_state_handlers.cpp.o[0m
[13.488s] [ 94%] [32mBuilding CXX object test/adapter/CMakeFiles/test_plugins.dir/common/stub_vda_actions.cpp.o[0m
[19.571s] [ 95%] [32m[1mLinking CXX executable test_handler_execution[0m
[19.605s] [ 97%] [32m[1mLinking CXX executable test_node_config[0m
[19.811s] [ 98%] [32m[1mLinking CXX executable test_plugin_load[0m
[19.905s] [ 98%] Built target test_handler_execution
[19.934s] [ 98%] Built target test_node_config
[20.102s] [ 98%] Built target test_plugin_load
[21.574s] [100%] [32m[1mLinking CXX shared library libtest_plugins.so[0m
[21.959s] [100%] Built target test_plugins
[21.970s] Invoked command in '/home/dbot2/dbot_vda5050_ilmatar/build/vda5050_connector' returned '0': CMAKE_PREFIX_PATH=/home/dbot2/dbot_vda5050_ilmatar/install/vda5050_msgs:/home/dbot2/dbot_vda5050_ilmatar/install/vda_dbot_nav_slam:/home/dbot2/dbot_vda5050_ilmatar/install/vda5050_connector:/home/dbot2/dbot_vda5050_ilmatar/install/odometry_estimator:/home/dbot2/dbot_vda5050_ilmatar/install/dbot_nav_slam:/home/dbot2/dbot_vda5050_ilmatar/install/dbot_custom_msgs:/home/dbot2/dbot_src/install/odometry_estimator:/home/dbot2/dbot_src/install/dbot_custom_msgs:/home/dbot2/dbot_remote/install/pointcloud_saver:/home/dbot2/circus_demo/install/pcl_localization_ros2:/home/dbot2/circus_demo/install/ndt_omp_ros2:/home/dbot2/ros2_ws/install/rslidar_frame_publish:/home/dbot2/ros2_ws/install/pointcloud_to_laserscan:/home/dbot2/ros2_ws/install/pointcloud_merge:/home/dbot2/ros2_ws/install/odometry_estimator:/home/dbot2/ros2_ws/install/dbot_nav_slam:/home/dbot2/ros2_ws/install/dbot_custom_msgs:/home/dbot2/ros2_ws/install/ament_lint_common:/home/dbot2/ros2_ws/install/ament_cmake_xmllint:/home/dbot2/ros2_ws/install/ament_cmake_uncrustify:/home/dbot2/ros2_ws/install/ament_cmake_pyflakes:/home/dbot2/ros2_ws/install/ament_cmake_pycodestyle:/home/dbot2/ros2_ws/install/ament_cmake_pep257:/home/dbot2/ros2_ws/install/ament_cmake_pclint:/home/dbot2/ros2_ws/install/ament_cmake_mypy:/home/dbot2/ros2_ws/install/ament_cmake_lint_cmake:/home/dbot2/ros2_ws/install/ament_lint_auto:/home/dbot2/ros2_ws/install/ament_cmake_flake8:/home/dbot2/ros2_ws/install/ament_cmake_copyright:/home/dbot2/ros2_ws/install/ament_cmake_cpplint:/home/dbot2/ros2_ws/install/ament_cmake_cppcheck:/home/dbot2/ros2_ws/install/ament_cmake_clang_tidy:/home/dbot2/ros2_ws/install/ament_cmake_clang_format:/home/dbot2/dbot_src/src/point_cloud_merger/install/point_cloud_merger:/home/dbot2/dbot_vda5050_ilmatar/install/vda5050_tb3_adapter:/home/dbot2/dbot_vda5050_ilmatar/install/tf2_dbot:/home/dbot2/dbot_vda5050_ilmatar/install/odom_motion_model:/home/dbot2/dbot_vda5050_ilmatar/install/motor_driver:/home/dbot2/dbot_vda5050_ilmatar/install/joycontrol:/home/dbot2/dbot_vda5050_ilmatar/install/gesturecontrol:/home/dbot2/dbot_vda5050_ilmatar/install/dbot_bridge:/home/dbot2/dbot_vda5050_ilmatar/install/dbot:/home/dbot2/dbot_src/install/tf2_dbot:/home/dbot2/dbot_src/install/point_cloud_merger:/home/dbot2/dbot_src/install/odom_motion_model:/home/dbot2/dbot_src/install/motor_driver:/home/dbot2/dbot_src/install/joycontrol:/home/dbot2/dbot_src/install/dbot:/home/dbot2/dbot_remote/install/pcd_joy_trigger:/home/dbot2/circus_demo/install/circus_demo:/home/dbot2/ros2_ws/install/tf2_dbot:/home/dbot2/ros2_ws/install/odom_motion_model:/home/dbot2/ros2_ws/install/motor_driver:/home/dbot2/ros2_ws/install/m2m_bringup:/home/dbot2/ros2_ws/install/joycontrol:/home/dbot2/ros2_ws/install/gesturecontrol:/home/dbot2/ros2_ws/install/dbot_opcua:/home/dbot2/ros2_ws/install/dbot_middle_frame:/home/dbot2/ros2_ws/install/dbot_bridge:/home/dbot2/ros2_ws/install/dbot:/home/dbot2/ros2_ws/install/ament_xmllint:/home/dbot2/ros2_ws/install/ament_uncrustify:/home/dbot2/ros2_ws/install/ament_pyflakes:/home/dbot2/ros2_ws/install/ament_pycodestyle:/home/dbot2/ros2_ws/install/ament_pep257:/home/dbot2/ros2_ws/install/ament_pclint:/home/dbot2/ros2_ws/install/ament_mypy:/home/dbot2/ros2_ws/install/ament_lint_cmake:/home/dbot2/ros2_ws/install/ament_flake8:/home/dbot2/ros2_ws/install/ament_copyright:/home/dbot2/ros2_ws/install/ament_lint:/home/dbot2/ros2_ws/install/ament_cpplint:/home/dbot2/ros2_ws/install/ament_cppcheck:/home/dbot2/ros2_ws/install/ament_clang_tidy:/home/dbot2/ros2_ws/install/ament_clang_format:/opt/ros/humble LD_LIBRARY_PATH=/home/dbot2/dbot_vda5050_ilmatar/install/vda5050_msgs/lib:/home/dbot2/dbot_vda5050_ilmatar/install/vda5050_connector/lib:/home/dbot2/dbot_vda5050_ilmatar/install/dbot_custom_msgs/lib:/home/dbot2/dbot_src/install/dbot_custom_msgs/lib:/home/dbot2/circus_demo/install/pcl_localization_ros2/lib:/home/dbot2/ros2_ws/install/pointcloud_to_laserscan/lib:/home/dbot2/ros2_ws/install/dbot_custom_msgs/lib:/opt/ros/humble/opt/rviz_ogre_vendor/lib:/opt/ros/humble/lib/x86_64-linux-gnu:/opt/ros/humble/lib /usr/bin/cmake --build /home/dbot2/dbot_vda5050_ilmatar/build/vda5050_connector -- -j8 -l8
[21.971s] Invoking command in '/home/dbot2/dbot_vda5050_ilmatar/build/vda5050_connector': CMAKE_PREFIX_PATH=/home/dbot2/dbot_vda5050_ilmatar/install/vda5050_msgs:/home/dbot2/dbot_vda5050_ilmatar/install/vda_dbot_nav_slam:/home/dbot2/dbot_vda5050_ilmatar/install/vda5050_connector:/home/dbot2/dbot_vda5050_ilmatar/install/odometry_estimator:/home/dbot2/dbot_vda5050_ilmatar/install/dbot_nav_slam:/home/dbot2/dbot_vda5050_ilmatar/install/dbot_custom_msgs:/home/dbot2/dbot_src/install/odometry_estimator:/home/dbot2/dbot_src/install/dbot_custom_msgs:/home/dbot2/dbot_remote/install/pointcloud_saver:/home/dbot2/circus_demo/install/pcl_localization_ros2:/home/dbot2/circus_demo/install/ndt_omp_ros2:/home/dbot2/ros2_ws/install/rslidar_frame_publish:/home/dbot2/ros2_ws/install/pointcloud_to_laserscan:/home/dbot2/ros2_ws/install/pointcloud_merge:/home/dbot2/ros2_ws/install/odometry_estimator:/home/dbot2/ros2_ws/install/dbot_nav_slam:/home/dbot2/ros2_ws/install/dbot_custom_msgs:/home/dbot2/ros2_ws/install/ament_lint_common:/home/dbot2/ros2_ws/install/ament_cmake_xmllint:/home/dbot2/ros2_ws/install/ament_cmake_uncrustify:/home/dbot2/ros2_ws/install/ament_cmake_pyflakes:/home/dbot2/ros2_ws/install/ament_cmake_pycodestyle:/home/dbot2/ros2_ws/install/ament_cmake_pep257:/home/dbot2/ros2_ws/install/ament_cmake_pclint:/home/dbot2/ros2_ws/install/ament_cmake_mypy:/home/dbot2/ros2_ws/install/ament_cmake_lint_cmake:/home/dbot2/ros2_ws/install/ament_lint_auto:/home/dbot2/ros2_ws/install/ament_cmake_flake8:/home/dbot2/ros2_ws/install/ament_cmake_copyright:/home/dbot2/ros2_ws/install/ament_cmake_cpplint:/home/dbot2/ros2_ws/install/ament_cmake_cppcheck:/home/dbot2/ros2_ws/install/ament_cmake_clang_tidy:/home/dbot2/ros2_ws/install/ament_cmake_clang_format:/home/dbot2/dbot_src/src/point_cloud_merger/install/point_cloud_merger:/home/dbot2/dbot_vda5050_ilmatar/install/vda5050_tb3_adapter:/home/dbot2/dbot_vda5050_ilmatar/install/tf2_dbot:/home/dbot2/dbot_vda5050_ilmatar/install/odom_motion_model:/home/dbot2/dbot_vda5050_ilmatar/install/motor_driver:/home/dbot2/dbot_vda5050_ilmatar/install/joycontrol:/home/dbot2/dbot_vda5050_ilmatar/install/gesturecontrol:/home/dbot2/dbot_vda5050_ilmatar/install/dbot_bridge:/home/dbot2/dbot_vda5050_ilmatar/install/dbot:/home/dbot2/dbot_src/install/tf2_dbot:/home/dbot2/dbot_src/install/point_cloud_merger:/home/dbot2/dbot_src/install/odom_motion_model:/home/dbot2/dbot_src/install/motor_driver:/home/dbot2/dbot_src/install/joycontrol:/home/dbot2/dbot_src/install/dbot:/home/dbot2/dbot_remote/install/pcd_joy_trigger:/home/dbot2/circus_demo/install/circus_demo:/home/dbot2/ros2_ws/install/tf2_dbot:/home/dbot2/ros2_ws/install/odom_motion_model:/home/dbot2/ros2_ws/install/motor_driver:/home/dbot2/ros2_ws/install/m2m_bringup:/home/dbot2/ros2_ws/install/joycontrol:/home/dbot2/ros2_ws/install/gesturecontrol:/home/dbot2/ros2_ws/install/dbot_opcua:/home/dbot2/ros2_ws/install/dbot_middle_frame:/home/dbot2/ros2_ws/install/dbot_bridge:/home/dbot2/ros2_ws/install/dbot:/home/dbot2/ros2_ws/install/ament_xmllint:/home/dbot2/ros2_ws/install/ament_uncrustify:/home/dbot2/ros2_ws/install/ament_pyflakes:/home/dbot2/ros2_ws/install/ament_pycodestyle:/home/dbot2/ros2_ws/install/ament_pep257:/home/dbot2/ros2_ws/install/ament_pclint:/home/dbot2/ros2_ws/install/ament_mypy:/home/dbot2/ros2_ws/install/ament_lint_cmake:/home/dbot2/ros2_ws/install/ament_flake8:/home/dbot2/ros2_ws/install/ament_copyright:/home/dbot2/ros2_ws/install/ament_lint:/home/dbot2/ros2_ws/install/ament_cpplint:/home/dbot2/ros2_ws/install/ament_cppcheck:/home/dbot2/ros2_ws/install/ament_clang_tidy:/home/dbot2/ros2_ws/install/ament_clang_format:/opt/ros/humble LD_LIBRARY_PATH=/home/dbot2/dbot_vda5050_ilmatar/install/vda5050_msgs/lib:/home/dbot2/dbot_vda5050_ilmatar/install/vda5050_connector/lib:/home/dbot2/dbot_vda5050_ilmatar/install/dbot_custom_msgs/lib:/home/dbot2/dbot_src/install/dbot_custom_msgs/lib:/home/dbot2/circus_demo/install/pcl_localization_ros2/lib:/home/dbot2/ros2_ws/install/pointcloud_to_laserscan/lib:/home/dbot2/ros2_ws/install/dbot_custom_msgs/lib:/opt/ros/humble/opt/rviz_ogre_vendor/lib:/opt/ros/humble/lib/x86_64-linux-gnu:/opt/ros/humble/lib /usr/bin/cmake --install /home/dbot2/dbot_vda5050_ilmatar/build/vda5050_connector
[21.977s] -- Install configuration: ""
[21.977s] -- Execute custom install script
[21.977s] -- Up-to-date symlink: /home/dbot2/dbot_vda5050_ilmatar/install/vda5050_connector/share/ament_index/resource_index/rosidl_interfaces/vda5050_connector
[21.978s] -- Up-to-date symlink: /home/dbot2/dbot_vda5050_ilmatar/install/vda5050_connector/include/vda5050_connector/vda5050_connector/action/detail/navigate_to_node__functions.h
[21.978s] -- Up-to-date symlink: /home/dbot2/dbot_vda5050_ilmatar/install/vda5050_connector/include/vda5050_connector/vda5050_connector/action/detail/navigate_to_node__struct.h
[21.978s] -- Up-to-date symlink: /home/dbot2/dbot_vda5050_ilmatar/install/vda5050_connector/include/vda5050_connector/vda5050_connector/action/detail/navigate_to_node__type_support.h
[21.978s] -- Up-to-date symlink: /home/dbot2/dbot_vda5050_ilmatar/install/vda5050_connector/include/vda5050_connector/vda5050_connector/action/detail/process_vda_action__functions.h
[21.978s] -- Up-to-date symlink: /home/dbot2/dbot_vda5050_ilmatar/install/vda5050_connector/include/vda5050_connector/vda5050_connector/action/detail/process_vda_action__struct.h
[21.978s] -- Up-to-date symlink: /home/dbot2/dbot_vda5050_ilmatar/install/vda5050_connector/include/vda5050_connector/vda5050_connector/action/detail/process_vda_action__type_support.h
[21.978s] -- Up-to-date symlink: /home/dbot2/dbot_vda5050_ilmatar/install/vda5050_connector/include/vda5050_connector/vda5050_connector/action/navigate_to_node.h
[21.978s] -- Up-to-date symlink: /home/dbot2/dbot_vda5050_ilmatar/install/vda5050_connector/include/vda5050_connector/vda5050_connector/action/process_vda_action.h
[21.978s] -- Up-to-date symlink: /home/dbot2/dbot_vda5050_ilmatar/install/vda5050_connector/include/vda5050_connector/vda5050_connector/msg/rosidl_generator_c__visibility_control.h
[21.978s] -- Up-to-date symlink: /home/dbot2/dbot_vda5050_ilmatar/install/vda5050_connector/include/vda5050_connector/vda5050_connector/srv/detail/get_state__functions.h
[21.978s] -- Up-to-date symlink: /home/dbot2/dbot_vda5050_ilmatar/install/vda5050_connector/include/vda5050_connector/vda5050_connector/srv/detail/get_state__struct.h
[21.978s] -- Up-to-date symlink: /home/dbot2/dbot_vda5050_ilmatar/install/vda5050_connector/include/vda5050_connector/vda5050_connector/srv/detail/get_state__type_support.h
[21.978s] -- Up-to-date symlink: /home/dbot2/dbot_vda5050_ilmatar/install/vda5050_connector/include/vda5050_connector/vda5050_connector/srv/detail/supported_actions__functions.h
[21.978s] -- Up-to-date symlink: /home/dbot2/dbot_vda5050_ilmatar/install/vda5050_connector/include/vda5050_connector/vda5050_connector/srv/detail/supported_actions__struct.h
[21.978s] -- Up-to-date symlink: /home/dbot2/dbot_vda5050_ilmatar/install/vda5050_connector/include/vda5050_connector/vda5050_connector/srv/detail/supported_actions__type_support.h
[21.978s] -- Up-to-date symlink: /home/dbot2/dbot_vda5050_ilmatar/install/vda5050_connector/include/vda5050_connector/vda5050_connector/srv/get_state.h
[21.978s] -- Up-to-date symlink: /home/dbot2/dbot_vda5050_ilmatar/install/vda5050_connector/include/vda5050_connector/vda5050_connector/srv/supported_actions.h
[21.979s] -- Up-to-date symlink: /home/dbot2/dbot_vda5050_ilmatar/install/vda5050_connector/share/vda5050_connector/environment/library_path.sh
[21.979s] -- Up-to-date symlink: /home/dbot2/dbot_vda5050_ilmatar/install/vda5050_connector/share/vda5050_connector/environment/library_path.dsv
[21.979s] -- Up-to-date symlink: /home/dbot2/dbot_vda5050_ilmatar/install/vda5050_connector/include/vda5050_connector/vda5050_connector/action/detail/navigate_to_node__rosidl_typesupport_fastrtps_c.h
[21.979s] -- Up-to-date symlink: /home/dbot2/dbot_vda5050_ilmatar/install/vda5050_connector/include/vda5050_connector/vda5050_connector/action/detail/process_vda_action__rosidl_typesupport_fastrtps_c.h
[21.979s] -- Up-to-date symlink: /home/dbot2/dbot_vda5050_ilmatar/install/vda5050_connector/include/vda5050_connector/vda5050_connector/msg/rosidl_typesupport_fastrtps_c__visibility_control.h
[21.979s] -- Up-to-date symlink: /home/dbot2/dbot_vda5050_ilmatar/install/vda5050_connector/include/vda5050_connector/vda5050_connector/srv/detail/get_state__rosidl_typesupport_fastrtps_c.h
[21.979s] -- Up-to-date symlink: /home/dbot2/dbot_vda5050_ilmatar/install/vda5050_connector/include/vda5050_connector/vda5050_connector/srv/detail/supported_actions__rosidl_typesupport_fastrtps_c.h
[21.980s] -- Up-to-date symlink: /home/dbot2/dbot_vda5050_ilmatar/install/vda5050_connector/include/vda5050_connector/vda5050_connector/action/detail/navigate_to_node__builder.hpp
[21.980s] -- Up-to-date symlink: /home/dbot2/dbot_vda5050_ilmatar/install/vda5050_connector/include/vda5050_connector/vda5050_connector/action/detail/navigate_to_node__struct.hpp
[21.980s] -- Up-to-date symlink: /home/dbot2/dbot_vda5050_ilmatar/install/vda5050_connector/include/vda5050_connector/vda5050_connector/action/detail/navigate_to_node__traits.hpp
[21.980s] -- Up-to-date symlink: /home/dbot2/dbot_vda5050_ilmatar/install/vda5050_connector/include/vda5050_connector/vda5050_connector/action/detail/navigate_to_node__type_support.hpp
[21.980s] -- Up-to-date symlink: /home/dbot2/dbot_vda5050_ilmatar/install/vda5050_connector/include/vda5050_connector/vda5050_connector/action/detail/process_vda_action__builder.hpp
[21.980s] -- Up-to-date symlink: /home/dbot2/dbot_vda5050_ilmatar/install/vda5050_connector/include/vda5050_connector/vda5050_connector/action/detail/process_vda_action__struct.hpp
[21.980s] -- Up-to-date symlink: /home/dbot2/dbot_vda5050_ilmatar/install/vda5050_connector/include/vda5050_connector/vda5050_connector/action/detail/process_vda_action__traits.hpp
[21.980s] -- Up-to-date symlink: /home/dbot2/dbot_vda5050_ilmatar/install/vda5050_connector/include/vda5050_connector/vda5050_connector/action/detail/process_vda_action__type_support.hpp
[21.980s] -- Up-to-date symlink: /home/dbot2/dbot_vda5050_ilmatar/install/vda5050_connector/include/vda5050_connector/vda5050_connector/action/navigate_to_node.hpp
[21.980s] -- Up-to-date symlink: /home/dbot2/dbot_vda5050_ilmatar/install/vda5050_connector/include/vda5050_connector/vda5050_connector/action/process_vda_action.hpp
[21.980s] -- Up-to-date symlink: /home/dbot2/dbot_vda5050_ilmatar/install/vda5050_connector/include/vda5050_connector/vda5050_connector/msg/rosidl_generator_cpp__visibility_control.hpp
[21.980s] -- Up-to-date symlink: /home/dbot2/dbot_vda5050_ilmatar/install/vda5050_connector/include/vda5050_connector/vda5050_connector/srv/detail/get_state__builder.hpp
[21.980s] -- Up-to-date symlink: /home/dbot2/dbot_vda5050_ilmatar/install/vda5050_connector/include/vda5050_connector/vda5050_connector/srv/detail/get_state__struct.hpp
[21.980s] -- Up-to-date symlink: /home/dbot2/dbot_vda5050_ilmatar/install/vda5050_connector/include/vda5050_connector/vda5050_connector/srv/detail/get_state__traits.hpp
[21.980s] -- Up-to-date symlink: /home/dbot2/dbot_vda5050_ilmatar/install/vda5050_connector/include/vda5050_connector/vda5050_connector/srv/detail/get_state__type_support.hpp
[21.981s] -- Up-to-date symlink: /home/dbot2/dbot_vda5050_ilmatar/install/vda5050_connector/include/vda5050_connector/vda5050_connector/srv/detail/supported_actions__builder.hpp
[21.981s] -- Up-to-date symlink: /home/dbot2/dbot_vda5050_ilmatar/install/vda5050_connector/include/vda5050_connector/vda5050_connector/srv/detail/supported_actions__struct.hpp
[21.981s] -- Up-to-date symlink: /home/dbot2/dbot_vda5050_ilmatar/install/vda5050_connector/include/vda5050_connector/vda5050_connector/srv/detail/supported_actions__traits.hpp
[21.981s] -- Up-to-date symlink: /home/dbot2/dbot_vda5050_ilmatar/install/vda5050_connector/include/vda5050_connector/vda5050_connector/srv/detail/supported_actions__type_support.hpp
[21.981s] -- Up-to-date symlink: /home/dbot2/dbot_vda5050_ilmatar/install/vda5050_connector/include/vda5050_connector/vda5050_connector/srv/get_state.hpp
[21.981s] -- Up-to-date symlink: /home/dbot2/dbot_vda5050_ilmatar/install/vda5050_connector/include/vda5050_connector/vda5050_connector/srv/supported_actions.hpp
[21.981s] -- Up-to-date symlink: /home/dbot2/dbot_vda5050_ilmatar/install/vda5050_connector/include/vda5050_connector/vda5050_connector/action/detail/navigate_to_node__rosidl_typesupport_fastrtps_cpp.hpp
[21.981s] -- Up-to-date symlink: /home/dbot2/dbot_vda5050_ilmatar/install/vda5050_connector/include/vda5050_connector/vda5050_connector/action/detail/process_vda_action__rosidl_typesupport_fastrtps_cpp.hpp
[21.981s] -- Up-to-date symlink: /home/dbot2/dbot_vda5050_ilmatar/install/vda5050_connector/include/vda5050_connector/vda5050_connector/msg/rosidl_typesupport_fastrtps_cpp__visibility_control.h
[21.981s] -- Up-to-date symlink: /home/dbot2/dbot_vda5050_ilmatar/install/vda5050_connector/include/vda5050_connector/vda5050_connector/srv/detail/get_state__rosidl_typesupport_fastrtps_cpp.hpp
[21.981s] -- Up-to-date symlink: /home/dbot2/dbot_vda5050_ilmatar/install/vda5050_connector/include/vda5050_connector/vda5050_connector/srv/detail/supported_actions__rosidl_typesupport_fastrtps_cpp.hpp
[21.982s] -- Up-to-date symlink: /home/dbot2/dbot_vda5050_ilmatar/install/vda5050_connector/include/vda5050_connector/vda5050_connector/action/detail/navigate_to_node__rosidl_typesupport_introspection_c.h
[21.982s] -- Up-to-date symlink: /home/dbot2/dbot_vda5050_ilmatar/install/vda5050_connector/include/vda5050_connector/vda5050_connector/action/detail/process_vda_action__rosidl_typesupport_introspection_c.h
[21.982s] -- Up-to-date symlink: /home/dbot2/dbot_vda5050_ilmatar/install/vda5050_connector/include/vda5050_connector/vda5050_connector/msg/rosidl_typesupport_introspection_c__visibility_control.h
[21.982s] -- Up-to-date symlink: /home/dbot2/dbot_vda5050_ilmatar/install/vda5050_connector/include/vda5050_connector/vda5050_connector/srv/detail/get_state__rosidl_typesupport_introspection_c.h
[21.982s] -- Up-to-date symlink: /home/dbot2/dbot_vda5050_ilmatar/install/vda5050_connector/include/vda5050_connector/vda5050_connector/srv/detail/supported_actions__rosidl_typesupport_introspection_c.h
[21.982s] -- Up-to-date symlink: /home/dbot2/dbot_vda5050_ilmatar/install/vda5050_connector/include/vda5050_connector/vda5050_connector/action/detail/navigate_to_node__rosidl_typesupport_introspection_cpp.hpp
[21.982s] -- Up-to-date symlink: /home/dbot2/dbot_vda5050_ilmatar/install/vda5050_connector/include/vda5050_connector/vda5050_connector/action/detail/process_vda_action__rosidl_typesupport_introspection_cpp.hpp
[21.982s] -- Up-to-date symlink: /home/dbot2/dbot_vda5050_ilmatar/install/vda5050_connector/include/vda5050_connector/vda5050_connector/srv/detail/get_state__rosidl_typesupport_introspection_cpp.hpp
[21.982s] -- Up-to-date symlink: /home/dbot2/dbot_vda5050_ilmatar/install/vda5050_connector/include/vda5050_connector/vda5050_connector/srv/detail/supported_actions__rosidl_typesupport_introspection_cpp.hpp
[21.982s] -- Up-to-date symlink: /home/dbot2/dbot_vda5050_ilmatar/install/vda5050_connector/share/vda5050_connector/environment/pythonpath.sh
[21.983s] -- Up-to-date symlink: /home/dbot2/dbot_vda5050_ilmatar/install/vda5050_connector/share/vda5050_connector/environment/pythonpath.dsv
[21.983s] -- Up-to-date symlink: /home/dbot2/dbot_vda5050_ilmatar/install/vda5050_connector/local/lib/python3.10/dist-packages/vda5050_connector-1.1.1-py3.10.egg-info/PKG-INFO
[21.983s] -- Up-to-date symlink: /home/dbot2/dbot_vda5050_ilmatar/install/vda5050_connector/local/lib/python3.10/dist-packages/vda5050_connector-1.1.1-py3.10.egg-info/SOURCES.txt
[21.983s] -- Up-to-date symlink: /home/dbot2/dbot_vda5050_ilmatar/install/vda5050_connector/local/lib/python3.10/dist-packages/vda5050_connector-1.1.1-py3.10.egg-info/dependency_links.txt
[21.983s] -- Up-to-date symlink: /home/dbot2/dbot_vda5050_ilmatar/install/vda5050_connector/local/lib/python3.10/dist-packages/vda5050_connector-1.1.1-py3.10.egg-info/top_level.txt
[21.983s] -- Up-to-date symlink: /home/dbot2/dbot_vda5050_ilmatar/install/vda5050_connector/local/lib/python3.10/dist-packages/vda5050_connector/__init__.py
[21.983s] -- Up-to-date symlink: /home/dbot2/dbot_vda5050_ilmatar/install/vda5050_connector/local/lib/python3.10/dist-packages/vda5050_connector/_vda5050_connector_s.ep.rosidl_typesupport_c.c
[21.983s] -- Up-to-date symlink: /home/dbot2/dbot_vda5050_ilmatar/install/vda5050_connector/local/lib/python3.10/dist-packages/vda5050_connector/_vda5050_connector_s.ep.rosidl_typesupport_fastrtps_c.c
[21.983s] -- Up-to-date symlink: /home/dbot2/dbot_vda5050_ilmatar/install/vda5050_connector/local/lib/python3.10/dist-packages/vda5050_connector/_vda5050_connector_s.ep.rosidl_typesupport_introspection_c.c
[21.984s] -- Up-to-date symlink: /home/dbot2/dbot_vda5050_ilmatar/install/vda5050_connector/local/lib/python3.10/dist-packages/vda5050_connector/action/__init__.py
[21.984s] -- Up-to-date symlink: /home/dbot2/dbot_vda5050_ilmatar/install/vda5050_connector/local/lib/python3.10/dist-packages/vda5050_connector/action/_navigate_to_node.py
[21.984s] -- Up-to-date symlink: /home/dbot2/dbot_vda5050_ilmatar/install/vda5050_connector/local/lib/python3.10/dist-packages/vda5050_connector/action/_navigate_to_node_s.c
[21.984s] -- Up-to-date symlink: /home/dbot2/dbot_vda5050_ilmatar/install/vda5050_connector/local/lib/python3.10/dist-packages/vda5050_connector/action/_process_vda_action.py
[21.984s] -- Up-to-date symlink: /home/dbot2/dbot_vda5050_ilmatar/install/vda5050_connector/local/lib/python3.10/dist-packages/vda5050_connector/action/_process_vda_action_s.c
[21.984s] -- Up-to-date symlink: /home/dbot2/dbot_vda5050_ilmatar/install/vda5050_connector/local/lib/python3.10/dist-packages/vda5050_connector/libvda5050_connector__rosidl_generator_py.so
[21.984s] -- Up-to-date symlink: /home/dbot2/dbot_vda5050_ilmatar/install/vda5050_connector/local/lib/python3.10/dist-packages/vda5050_connector/srv/__init__.py
[21.984s] -- Up-to-date symlink: /home/dbot2/dbot_vda5050_ilmatar/install/vda5050_connector/local/lib/python3.10/dist-packages/vda5050_connector/srv/_get_state.py
[21.984s] -- Up-to-date symlink: /home/dbot2/dbot_vda5050_ilmatar/install/vda5050_connector/local/lib/python3.10/dist-packages/vda5050_connector/srv/_get_state_s.c
[21.984s] -- Up-to-date symlink: /home/dbot2/dbot_vda5050_ilmatar/install/vda5050_connector/local/lib/python3.10/dist-packages/vda5050_connector/srv/_supported_actions.py
[21.984s] -- Up-to-date symlink: /home/dbot2/dbot_vda5050_ilmatar/install/vda5050_connector/local/lib/python3.10/dist-packages/vda5050_connector/srv/_supported_actions_s.c
[21.984s] -- Up-to-date symlink: /home/dbot2/dbot_vda5050_ilmatar/install/vda5050_connector/local/lib/python3.10/dist-packages/vda5050_connector/vda5050_connector_s__rosidl_typesupport_c.cpython-310-x86_64-linux-gnu.so
[21.984s] -- Up-to-date symlink: /home/dbot2/dbot_vda5050_ilmatar/install/vda5050_connector/local/lib/python3.10/dist-packages/vda5050_connector/vda5050_connector_s__rosidl_typesupport_fastrtps_c.cpython-310-x86_64-linux-gnu.so
[21.984s] -- Up-to-date symlink: /home/dbot2/dbot_vda5050_ilmatar/install/vda5050_connector/local/lib/python3.10/dist-packages/vda5050_connector/vda5050_connector_s__rosidl_typesupport_introspection_c.cpython-310-x86_64-linux-gnu.so
[21.985s] -- Up-to-date symlink: /home/dbot2/dbot_vda5050_ilmatar/install/vda5050_connector/local/lib/python3.10/dist-packages/vda5050_connector/vda5050_connector_s__rosidl_typesupport_fastrtps_c.cpython-310-x86_64-linux-gnu.so
[21.985s] -- Up-to-date symlink: /home/dbot2/dbot_vda5050_ilmatar/install/vda5050_connector/local/lib/python3.10/dist-packages/vda5050_connector/vda5050_connector_s__rosidl_typesupport_introspection_c.cpython-310-x86_64-linux-gnu.so
[21.985s] -- Up-to-date symlink: /home/dbot2/dbot_vda5050_ilmatar/install/vda5050_connector/local/lib/python3.10/dist-packages/vda5050_connector/vda5050_connector_s__rosidl_typesupport_c.cpython-310-x86_64-linux-gnu.so
[21.985s] -- Symlinking: /home/dbot2/dbot_vda5050_ilmatar/install/vda5050_connector/share/ament_index/resource_index/rust_packages/vda5050_connector
[21.992s] -- Symlinking: /home/dbot2/dbot_vda5050_ilmatar/install/vda5050_connector/share/vda5050_connector/rust/Cargo.toml
[21.997s] -- Symlinking: /home/dbot2/dbot_vda5050_ilmatar/install/vda5050_connector/share/vda5050_connector/rust/build.rs
[22.003s] -- Symlinking: /home/dbot2/dbot_vda5050_ilmatar/install/vda5050_connector/share/vda5050_connector/rust/src/action.rs
[22.009s] -- Symlinking: /home/dbot2/dbot_vda5050_ilmatar/install/vda5050_connector/share/vda5050_connector/rust/src/action/rmw.rs
[22.015s] -- Symlinking: /home/dbot2/dbot_vda5050_ilmatar/install/vda5050_connector/share/vda5050_connector/rust/src/lib.rs
[22.021s] -- Symlinking: /home/dbot2/dbot_vda5050_ilmatar/install/vda5050_connector/share/vda5050_connector/rust/src/srv.rs
[22.027s] -- Symlinking: /home/dbot2/dbot_vda5050_ilmatar/install/vda5050_connector/share/vda5050_connector/rust/src/srv/rmw.rs
[22.035s] -- Up-to-date symlink: /home/dbot2/dbot_vda5050_ilmatar/install/vda5050_connector/share/vda5050_connector/action/NavigateToNode.idl
[22.035s] -- Up-to-date symlink: /home/dbot2/dbot_vda5050_ilmatar/install/vda5050_connector/share/vda5050_connector/action/ProcessVDAAction.idl
[22.035s] -- Up-to-date symlink: /home/dbot2/dbot_vda5050_ilmatar/install/vda5050_connector/share/vda5050_connector/srv/GetState.idl
[22.035s] -- Up-to-date symlink: /home/dbot2/dbot_vda5050_ilmatar/install/vda5050_connector/share/vda5050_connector/srv/SupportedActions.idl
[22.035s] -- Up-to-date symlink: /home/dbot2/dbot_vda5050_ilmatar/install/vda5050_connector/share/vda5050_connector/action/NavigateToNode.action
[22.035s] -- Up-to-date symlink: /home/dbot2/dbot_vda5050_ilmatar/install/vda5050_connector/share/vda5050_connector/action/ProcessVDAAction.action
[22.035s] -- Up-to-date symlink: /home/dbot2/dbot_vda5050_ilmatar/install/vda5050_connector/share/vda5050_connector/srv/GetState.srv
[22.035s] -- Up-to-date symlink: /home/dbot2/dbot_vda5050_ilmatar/install/vda5050_connector/share/vda5050_connector/srv/GetState_Request.msg
[22.035s] -- Up-to-date symlink: /home/dbot2/dbot_vda5050_ilmatar/install/vda5050_connector/share/vda5050_connector/srv/GetState_Response.msg
[22.035s] -- Up-to-date symlink: /home/dbot2/dbot_vda5050_ilmatar/install/vda5050_connector/share/vda5050_connector/srv/SupportedActions.srv
[22.035s] -- Up-to-date symlink: /home/dbot2/dbot_vda5050_ilmatar/install/vda5050_connector/share/vda5050_connector/srv/SupportedActions_Request.msg
[22.035s] -- Up-to-date symlink: /home/dbot2/dbot_vda5050_ilmatar/install/vda5050_connector/share/vda5050_connector/srv/SupportedActions_Response.msg
[22.036s] -- Up-to-date symlink: /home/dbot2/dbot_vda5050_ilmatar/install/vda5050_connector/include/vda5050_connector/adapter.hpp
[22.036s] -- Up-to-date symlink: /home/dbot2/dbot_vda5050_ilmatar/install/vda5050_connector/include/vda5050_connector/handler.hpp
[22.036s] -- Up-to-date symlink: /home/dbot2/dbot_vda5050_ilmatar/install/vda5050_connector/include/vda5050_connector/nav_to_node.hpp
[22.036s] -- Up-to-date symlink: /home/dbot2/dbot_vda5050_ilmatar/install/vda5050_connector/include/vda5050_connector/state_handler.hpp
[22.036s] -- Up-to-date symlink: /home/dbot2/dbot_vda5050_ilmatar/install/vda5050_connector/include/vda5050_connector/utils.hpp
[22.036s] -- Up-to-date symlink: /home/dbot2/dbot_vda5050_ilmatar/install/vda5050_connector/include/vda5050_connector/vda_action.hpp
[22.036s] -- Up-to-date symlink: /home/dbot2/dbot_vda5050_ilmatar/install/vda5050_connector/include/vda5050_connector/visibility_control.h
[22.036s] -- Up-to-date symlink: /home/dbot2/dbot_vda5050_ilmatar/install/vda5050_connector/local/lib/python3.10/dist-packages/vda5050_connector_py-1.1.1-py3.10.egg-info/PKG-INFO
[22.036s] -- Up-to-date symlink: /home/dbot2/dbot_vda5050_ilmatar/install/vda5050_connector/local/lib/python3.10/dist-packages/vda5050_connector_py-1.1.1-py3.10.egg-info/SOURCES.txt
[22.036s] -- Up-to-date symlink: /home/dbot2/dbot_vda5050_ilmatar/install/vda5050_connector/local/lib/python3.10/dist-packages/vda5050_connector_py-1.1.1-py3.10.egg-info/dependency_links.txt
[22.036s] -- Up-to-date symlink: /home/dbot2/dbot_vda5050_ilmatar/install/vda5050_connector/local/lib/python3.10/dist-packages/vda5050_connector_py-1.1.1-py3.10.egg-info/top_level.txt
[22.037s] -- Up-to-date symlink: /home/dbot2/dbot_vda5050_ilmatar/install/vda5050_connector/local/lib/python3.10/dist-packages/vda5050_connector_py/__init__.py
[22.037s] -- Up-to-date symlink: /home/dbot2/dbot_vda5050_ilmatar/install/vda5050_connector/local/lib/python3.10/dist-packages/vda5050_connector_py/mqtt_bridge.py
[22.037s] -- Up-to-date symlink: /home/dbot2/dbot_vda5050_ilmatar/install/vda5050_connector/local/lib/python3.10/dist-packages/vda5050_connector_py/rewritten_yaml.py
[22.037s] -- Up-to-date symlink: /home/dbot2/dbot_vda5050_ilmatar/install/vda5050_connector/local/lib/python3.10/dist-packages/vda5050_connector_py/utils.py
[22.037s] -- Up-to-date symlink: /home/dbot2/dbot_vda5050_ilmatar/install/vda5050_connector/local/lib/python3.10/dist-packages/vda5050_connector_py/vda5050_controller.py
[22.037s] -- Up-to-date symlink: /home/dbot2/dbot_vda5050_ilmatar/install/vda5050_connector/lib/vda5050_connector/mqtt_bridge.py
[22.037s] -- Up-to-date symlink: /home/dbot2/dbot_vda5050_ilmatar/install/vda5050_connector/lib/vda5050_connector/vda5050_controller.py
[22.037s] -- Up-to-date symlink: /home/dbot2/dbot_vda5050_ilmatar/install/vda5050_connector/share/vda5050_connector//config/connector_example.yaml
[22.037s] -- Up-to-date symlink: /home/dbot2/dbot_vda5050_ilmatar/install/vda5050_connector/share/vda5050_connector//launch/controller.launch.py
[22.037s] -- Up-to-date symlink: /home/dbot2/dbot_vda5050_ilmatar/install/vda5050_connector/share/vda5050_connector//launch/mqtt_bridge.launch.py
[22.037s] -- Up-to-date symlink: /home/dbot2/dbot_vda5050_ilmatar/install/vda5050_connector/share/vda5050_connector/test/adapter/plugins_test.xml
[22.038s] -- Up-to-date symlink: /home/dbot2/dbot_vda5050_ilmatar/install/vda5050_connector/share/ament_index/resource_index/package_run_dependencies/vda5050_connector
[22.038s] -- Up-to-date symlink: /home/dbot2/dbot_vda5050_ilmatar/install/vda5050_connector/share/ament_index/resource_index/parent_prefix_path/vda5050_connector
[22.038s] -- Up-to-date symlink: /home/dbot2/dbot_vda5050_ilmatar/install/vda5050_connector/share/vda5050_connector/environment/ament_prefix_path.sh
[22.038s] -- Up-to-date symlink: /home/dbot2/dbot_vda5050_ilmatar/install/vda5050_connector/share/vda5050_connector/environment/ament_prefix_path.dsv
[22.038s] -- Up-to-date symlink: /home/dbot2/dbot_vda5050_ilmatar/install/vda5050_connector/share/vda5050_connector/environment/path.sh
[22.038s] -- Up-to-date symlink: /home/dbot2/dbot_vda5050_ilmatar/install/vda5050_connector/share/vda5050_connector/environment/path.dsv
[22.038s] -- Up-to-date symlink: /home/dbot2/dbot_vda5050_ilmatar/install/vda5050_connector/share/vda5050_connector/local_setup.bash
[22.039s] -- Up-to-date symlink: /home/dbot2/dbot_vda5050_ilmatar/install/vda5050_connector/share/vda5050_connector/local_setup.sh
[22.039s] -- Up-to-date symlink: /home/dbot2/dbot_vda5050_ilmatar/install/vda5050_connector/share/vda5050_connector/local_setup.zsh
[22.039s] -- Up-to-date symlink: /home/dbot2/dbot_vda5050_ilmatar/install/vda5050_connector/share/vda5050_connector/local_setup.dsv
[22.039s] -- Symlinking: /home/dbot2/dbot_vda5050_ilmatar/install/vda5050_connector/share/vda5050_connector/package.dsv
[22.045s] -- Up-to-date symlink: /home/dbot2/dbot_vda5050_ilmatar/install/vda5050_connector/share/ament_index/resource_index/packages/vda5050_connector
[22.045s] -- Up-to-date symlink: /home/dbot2/dbot_vda5050_ilmatar/install/vda5050_connector/share/ament_index/resource_index/vda5050_connector__pluginlib__plugin/vda5050_connector
[22.046s] -- Up-to-date symlink: /home/dbot2/dbot_vda5050_ilmatar/install/vda5050_connector/share/vda5050_connector/cmake/rosidl_cmake-extras.cmake
[22.046s] -- Up-to-date symlink: /home/dbot2/dbot_vda5050_ilmatar/install/vda5050_connector/share/vda5050_connector/cmake/ament_cmake_export_dependencies-extras.cmake
[22.046s] -- Up-to-date symlink: /home/dbot2/dbot_vda5050_ilmatar/install/vda5050_connector/share/vda5050_connector/cmake/ament_cmake_export_include_directories-extras.cmake
[22.046s] -- Up-to-date symlink: /home/dbot2/dbot_vda5050_ilmatar/install/vda5050_connector/share/vda5050_connector/cmake/ament_cmake_export_libraries-extras.cmake
[22.046s] -- Up-to-date symlink: /home/dbot2/dbot_vda5050_ilmatar/install/vda5050_connector/share/vda5050_connector/cmake/ament_cmake_export_targets-extras.cmake
[22.046s] -- Up-to-date symlink: /home/dbot2/dbot_vda5050_ilmatar/install/vda5050_connector/share/vda5050_connector/cmake/rosidl_cmake_export_typesupport_targets-extras.cmake
[22.046s] -- Up-to-date symlink: /home/dbot2/dbot_vda5050_ilmatar/install/vda5050_connector/share/vda5050_connector/cmake/rosidl_cmake_export_typesupport_libraries-extras.cmake
[22.046s] -- Up-to-date symlink: /home/dbot2/dbot_vda5050_ilmatar/install/vda5050_connector/share/vda5050_connector/cmake/vda5050_connectorConfig.cmake
[22.047s] -- Up-to-date symlink: /home/dbot2/dbot_vda5050_ilmatar/install/vda5050_connector/share/vda5050_connector/cmake/vda5050_connectorConfig-version.cmake
[22.047s] -- Up-to-date symlink: /home/dbot2/dbot_vda5050_ilmatar/install/vda5050_connector/share/vda5050_connector/package.xml
[22.047s] -- Installing: /home/dbot2/dbot_vda5050_ilmatar/install/vda5050_connector/lib/libvda5050_connector__rosidl_generator_c.so
[22.048s] -- Set runtime path of "/home/dbot2/dbot_vda5050_ilmatar/install/vda5050_connector/lib/libvda5050_connector__rosidl_generator_c.so" to ""
[22.048s] -- Installing: /home/dbot2/dbot_vda5050_ilmatar/install/vda5050_connector/lib/libvda5050_connector__rosidl_typesupport_fastrtps_c.so
[22.048s] -- Set runtime path of "/home/dbot2/dbot_vda5050_ilmatar/install/vda5050_connector/lib/libvda5050_connector__rosidl_typesupport_fastrtps_c.so" to ""
[22.048s] -- Installing: /home/dbot2/dbot_vda5050_ilmatar/install/vda5050_connector/lib/libvda5050_connector__rosidl_typesupport_fastrtps_cpp.so
[22.049s] -- Set runtime path of "/home/dbot2/dbot_vda5050_ilmatar/install/vda5050_connector/lib/libvda5050_connector__rosidl_typesupport_fastrtps_cpp.so" to ""
[22.049s] -- Installing: /home/dbot2/dbot_vda5050_ilmatar/install/vda5050_connector/lib/libvda5050_connector__rosidl_typesupport_introspection_c.so
[22.049s] -- Set runtime path of "/home/dbot2/dbot_vda5050_ilmatar/install/vda5050_connector/lib/libvda5050_connector__rosidl_typesupport_introspection_c.so" to ""
[22.050s] -- Installing: /home/dbot2/dbot_vda5050_ilmatar/install/vda5050_connector/lib/libvda5050_connector__rosidl_typesupport_c.so
[22.050s] -- Set runtime path of "/home/dbot2/dbot_vda5050_ilmatar/install/vda5050_connector/lib/libvda5050_connector__rosidl_typesupport_c.so" to ""
[22.050s] -- Installing: /home/dbot2/dbot_vda5050_ilmatar/install/vda5050_connector/lib/libvda5050_connector__rosidl_typesupport_introspection_cpp.so
[22.050s] -- Set runtime path of "/home/dbot2/dbot_vda5050_ilmatar/install/vda5050_connector/lib/libvda5050_connector__rosidl_typesupport_introspection_cpp.so" to ""
[22.051s] -- Installing: /home/dbot2/dbot_vda5050_ilmatar/install/vda5050_connector/lib/libvda5050_connector__rosidl_typesupport_cpp.so
[22.051s] -- Set runtime path of "/home/dbot2/dbot_vda5050_ilmatar/install/vda5050_connector/lib/libvda5050_connector__rosidl_typesupport_cpp.so" to ""
[22.102s] Listing '/home/dbot2/dbot_vda5050_ilmatar/install/vda5050_connector/local/lib/python3.10/dist-packages/vda5050_connector'...
[22.102s] Compiling '/home/dbot2/dbot_vda5050_ilmatar/install/vda5050_connector/local/lib/python3.10/dist-packages/vda5050_connector/__init__.py'...
[22.102s] Listing '/home/dbot2/dbot_vda5050_ilmatar/install/vda5050_connector/local/lib/python3.10/dist-packages/vda5050_connector/action'...
[22.102s] Compiling '/home/dbot2/dbot_vda5050_ilmatar/install/vda5050_connector/local/lib/python3.10/dist-packages/vda5050_connector/action/__init__.py'...
[22.102s] Compiling '/home/dbot2/dbot_vda5050_ilmatar/install/vda5050_connector/local/lib/python3.10/dist-packages/vda5050_connector/action/_navigate_to_node.py'...
[22.102s] Compiling '/home/dbot2/dbot_vda5050_ilmatar/install/vda5050_connector/local/lib/python3.10/dist-packages/vda5050_connector/action/_process_vda_action.py'...
[22.102s] Listing '/home/dbot2/dbot_vda5050_ilmatar/install/vda5050_connector/local/lib/python3.10/dist-packages/vda5050_connector/srv'...
[22.102s] Compiling '/home/dbot2/dbot_vda5050_ilmatar/install/vda5050_connector/local/lib/python3.10/dist-packages/vda5050_connector/srv/__init__.py'...
[22.103s] Compiling '/home/dbot2/dbot_vda5050_ilmatar/install/vda5050_connector/local/lib/python3.10/dist-packages/vda5050_connector/srv/_get_state.py'...
[22.103s] Compiling '/home/dbot2/dbot_vda5050_ilmatar/install/vda5050_connector/local/lib/python3.10/dist-packages/vda5050_connector/srv/_supported_actions.py'...
[22.106s] -- Installing: /home/dbot2/dbot_vda5050_ilmatar/install/vda5050_connector/lib/libvda5050_connector__rosidl_generator_py.so
[22.106s] -- Set runtime path of "/home/dbot2/dbot_vda5050_ilmatar/install/vda5050_connector/lib/libvda5050_connector__rosidl_generator_py.so" to ""
[22.106s] -- Installing: /home/dbot2/dbot_vda5050_ilmatar/install/vda5050_connector/lib/libadapter.so
[22.110s] -- Set runtime path of "/home/dbot2/dbot_vda5050_ilmatar/install/vda5050_connector/lib/libadapter.so" to ""
[22.151s] Listing '/home/dbot2/dbot_vda5050_ilmatar/install/vda5050_connector/local/lib/python3.10/dist-packages/vda5050_connector_py'...
[22.155s] -- Up-to-date: /home/dbot2/dbot_vda5050_ilmatar/install/vda5050_connector/share/vda5050_connector/cmake/export_vda5050_connector__rosidl_generator_cExport.cmake
[22.155s] -- Up-to-date: /home/dbot2/dbot_vda5050_ilmatar/install/vda5050_connector/share/vda5050_connector/cmake/export_vda5050_connector__rosidl_generator_cExport-noconfig.cmake
[22.155s] -- Up-to-date: /home/dbot2/dbot_vda5050_ilmatar/install/vda5050_connector/share/vda5050_connector/cmake/export_vda5050_connector__rosidl_typesupport_fastrtps_cExport.cmake
[22.155s] -- Up-to-date: /home/dbot2/dbot_vda5050_ilmatar/install/vda5050_connector/share/vda5050_connector/cmake/export_vda5050_connector__rosidl_typesupport_fastrtps_cExport-noconfig.cmake
[22.155s] -- Up-to-date: /home/dbot2/dbot_vda5050_ilmatar/install/vda5050_connector/share/vda5050_connector/cmake/export_vda5050_connector__rosidl_generator_cppExport.cmake
[22.155s] -- Up-to-date: /home/dbot2/dbot_vda5050_ilmatar/install/vda5050_connector/share/vda5050_connector/cmake/export_vda5050_connector__rosidl_typesupport_fastrtps_cppExport.cmake
[22.155s] -- Up-to-date: /home/dbot2/dbot_vda5050_ilmatar/install/vda5050_connector/share/vda5050_connector/cmake/export_vda5050_connector__rosidl_typesupport_fastrtps_cppExport-noconfig.cmake
[22.156s] -- Up-to-date: /home/dbot2/dbot_vda5050_ilmatar/install/vda5050_connector/share/vda5050_connector/cmake/vda5050_connector__rosidl_typesupport_introspection_cExport.cmake
[22.156s] -- Up-to-date: /home/dbot2/dbot_vda5050_ilmatar/install/vda5050_connector/share/vda5050_connector/cmake/vda5050_connector__rosidl_typesupport_introspection_cExport-noconfig.cmake
[22.156s] -- Up-to-date: /home/dbot2/dbot_vda5050_ilmatar/install/vda5050_connector/share/vda5050_connector/cmake/vda5050_connector__rosidl_typesupport_cExport.cmake
[22.156s] -- Up-to-date: /home/dbot2/dbot_vda5050_ilmatar/install/vda5050_connector/share/vda5050_connector/cmake/vda5050_connector__rosidl_typesupport_cExport-noconfig.cmake
[22.156s] -- Up-to-date: /home/dbot2/dbot_vda5050_ilmatar/install/vda5050_connector/share/vda5050_connector/cmake/vda5050_connector__rosidl_typesupport_introspection_cppExport.cmake
[22.156s] -- Up-to-date: /home/dbot2/dbot_vda5050_ilmatar/install/vda5050_connector/share/vda5050_connector/cmake/vda5050_connector__rosidl_typesupport_introspection_cppExport-noconfig.cmake
[22.156s] -- Up-to-date: /home/dbot2/dbot_vda5050_ilmatar/install/vda5050_connector/share/vda5050_connector/cmake/vda5050_connector__rosidl_typesupport_cppExport.cmake
[22.156s] -- Up-to-date: /home/dbot2/dbot_vda5050_ilmatar/install/vda5050_connector/share/vda5050_connector/cmake/vda5050_connector__rosidl_typesupport_cppExport-noconfig.cmake
[22.156s] -- Up-to-date: /home/dbot2/dbot_vda5050_ilmatar/install/vda5050_connector/share/vda5050_connector/cmake/export_vda5050_connector__rosidl_generator_pyExport.cmake
[22.156s] -- Up-to-date: /home/dbot2/dbot_vda5050_ilmatar/install/vda5050_connector/share/vda5050_connector/cmake/export_vda5050_connector__rosidl_generator_pyExport-noconfig.cmake
[22.157s] -- Up-to-date: /home/dbot2/dbot_vda5050_ilmatar/install/vda5050_connector/share/vda5050_connector/cmake/export_vda5050_connectorExport.cmake
[22.157s] -- Up-to-date: /home/dbot2/dbot_vda5050_ilmatar/install/vda5050_connector/share/vda5050_connector/cmake/export_vda5050_connectorExport-noconfig.cmake
[22.157s] -- Installing: /home/dbot2/dbot_vda5050_ilmatar/install/vda5050_connector/lib/libtest_plugins.so
[22.161s] -- Set runtime path of "/home/dbot2/dbot_vda5050_ilmatar/install/vda5050_connector/lib/libtest_plugins.so" to ""
[22.163s] Invoked command in '/home/dbot2/dbot_vda5050_ilmatar/build/vda5050_connector' returned '0': CMAKE_PREFIX_PATH=/home/dbot2/dbot_vda5050_ilmatar/install/vda5050_msgs:/home/dbot2/dbot_vda5050_ilmatar/install/vda_dbot_nav_slam:/home/dbot2/dbot_vda5050_ilmatar/install/vda5050_connector:/home/dbot2/dbot_vda5050_ilmatar/install/odometry_estimator:/home/dbot2/dbot_vda5050_ilmatar/install/dbot_nav_slam:/home/dbot2/dbot_vda5050_ilmatar/install/dbot_custom_msgs:/home/dbot2/dbot_src/install/odometry_estimator:/home/dbot2/dbot_src/install/dbot_custom_msgs:/home/dbot2/dbot_remote/install/pointcloud_saver:/home/dbot2/circus_demo/install/pcl_localization_ros2:/home/dbot2/circus_demo/install/ndt_omp_ros2:/home/dbot2/ros2_ws/install/rslidar_frame_publish:/home/dbot2/ros2_ws/install/pointcloud_to_laserscan:/home/dbot2/ros2_ws/install/pointcloud_merge:/home/dbot2/ros2_ws/install/odometry_estimator:/home/dbot2/ros2_ws/install/dbot_nav_slam:/home/dbot2/ros2_ws/install/dbot_custom_msgs:/home/dbot2/ros2_ws/install/ament_lint_common:/home/dbot2/ros2_ws/install/ament_cmake_xmllint:/home/dbot2/ros2_ws/install/ament_cmake_uncrustify:/home/dbot2/ros2_ws/install/ament_cmake_pyflakes:/home/dbot2/ros2_ws/install/ament_cmake_pycodestyle:/home/dbot2/ros2_ws/install/ament_cmake_pep257:/home/dbot2/ros2_ws/install/ament_cmake_pclint:/home/dbot2/ros2_ws/install/ament_cmake_mypy:/home/dbot2/ros2_ws/install/ament_cmake_lint_cmake:/home/dbot2/ros2_ws/install/ament_lint_auto:/home/dbot2/ros2_ws/install/ament_cmake_flake8:/home/dbot2/ros2_ws/install/ament_cmake_copyright:/home/dbot2/ros2_ws/install/ament_cmake_cpplint:/home/dbot2/ros2_ws/install/ament_cmake_cppcheck:/home/dbot2/ros2_ws/install/ament_cmake_clang_tidy:/home/dbot2/ros2_ws/install/ament_cmake_clang_format:/home/dbot2/dbot_src/src/point_cloud_merger/install/point_cloud_merger:/home/dbot2/dbot_vda5050_ilmatar/install/vda5050_tb3_adapter:/home/dbot2/dbot_vda5050_ilmatar/install/tf2_dbot:/home/dbot2/dbot_vda5050_ilmatar/install/odom_motion_model:/home/dbot2/dbot_vda5050_ilmatar/install/motor_driver:/home/dbot2/dbot_vda5050_ilmatar/install/joycontrol:/home/dbot2/dbot_vda5050_ilmatar/install/gesturecontrol:/home/dbot2/dbot_vda5050_ilmatar/install/dbot_bridge:/home/dbot2/dbot_vda5050_ilmatar/install/dbot:/home/dbot2/dbot_src/install/tf2_dbot:/home/dbot2/dbot_src/install/point_cloud_merger:/home/dbot2/dbot_src/install/odom_motion_model:/home/dbot2/dbot_src/install/motor_driver:/home/dbot2/dbot_src/install/joycontrol:/home/dbot2/dbot_src/install/dbot:/home/dbot2/dbot_remote/install/pcd_joy_trigger:/home/dbot2/circus_demo/install/circus_demo:/home/dbot2/ros2_ws/install/tf2_dbot:/home/dbot2/ros2_ws/install/odom_motion_model:/home/dbot2/ros2_ws/install/motor_driver:/home/dbot2/ros2_ws/install/m2m_bringup:/home/dbot2/ros2_ws/install/joycontrol:/home/dbot2/ros2_ws/install/gesturecontrol:/home/dbot2/ros2_ws/install/dbot_opcua:/home/dbot2/ros2_ws/install/dbot_middle_frame:/home/dbot2/ros2_ws/install/dbot_bridge:/home/dbot2/ros2_ws/install/dbot:/home/dbot2/ros2_ws/install/ament_xmllint:/home/dbot2/ros2_ws/install/ament_uncrustify:/home/dbot2/ros2_ws/install/ament_pyflakes:/home/dbot2/ros2_ws/install/ament_pycodestyle:/home/dbot2/ros2_ws/install/ament_pep257:/home/dbot2/ros2_ws/install/ament_pclint:/home/dbot2/ros2_ws/install/ament_mypy:/home/dbot2/ros2_ws/install/ament_lint_cmake:/home/dbot2/ros2_ws/install/ament_flake8:/home/dbot2/ros2_ws/install/ament_copyright:/home/dbot2/ros2_ws/install/ament_lint:/home/dbot2/ros2_ws/install/ament_cpplint:/home/dbot2/ros2_ws/install/ament_cppcheck:/home/dbot2/ros2_ws/install/ament_clang_tidy:/home/dbot2/ros2_ws/install/ament_clang_format:/opt/ros/humble LD_LIBRARY_PATH=/home/dbot2/dbot_vda5050_ilmatar/install/vda5050_msgs/lib:/home/dbot2/dbot_vda5050_ilmatar/install/vda5050_connector/lib:/home/dbot2/dbot_vda5050_ilmatar/install/dbot_custom_msgs/lib:/home/dbot2/dbot_src/install/dbot_custom_msgs/lib:/home/dbot2/circus_demo/install/pcl_localization_ros2/lib:/home/dbot2/ros2_ws/install/pointcloud_to_laserscan/lib:/home/dbot2/ros2_ws/install/dbot_custom_msgs/lib:/opt/ros/humble/opt/rviz_ogre_vendor/lib:/opt/ros/humble/lib/x86_64-linux-gnu:/opt/ros/humble/lib /usr/bin/cmake --install /home/dbot2/dbot_vda5050_ilmatar/build/vda5050_connector
