[0.032s] Invoking command in '/home/dbot2/ros2_ws/src/build/dbot_custom_msgs': CMAKE_PREFIX_PATH=${CMAKE_PREFIX_PATH}:/home/dbot2/ros2_ws/install/tf2_dbot:/home/dbot2/ros2_ws/install/odom_motion_model:/home/dbot2/ros2_ws/install/motor_driver:/home/dbot2/ros2_ws/install/joycontrol:/home/dbot2/ros2_ws/install/gesturecontrol:/home/dbot2/dbot_src/install/tf2_dbot:/home/dbot2/dbot_src/install/odom_motion_model:/home/dbot2/dbot_src/install/motor_driver:/home/dbot2/dbot_src/install/joycontrol:/home/dbot2/dbot_src/install/dbot:/home/dbot2/dbot_remote/install/pcd_joy_trigger:/home/dbot2/circus_demo/install/circus_demo:/opt/ros/humble /usr/bin/cmake /home/dbot2/ros2_ws/src/dbot_custom_msgs -DAMENT_CMAKE_SYMLINK_INSTALL=1 -DCMAKE_INSTALL_PREFIX=/home/dbot2/ros2_ws/src/install/dbot_custom_msgs
[0.707s] -- The C compiler identification is GNU 11.4.0
[0.708s] -- The CXX compiler identification is GNU 11.4.0
[0.708s] -- Detecting C compiler ABI info
[0.708s] -- Detecting C compiler ABI info - done
[0.708s] -- Check for working C compiler: /usr/bin/cc - skipped
[0.708s] -- Detecting C compile features
[0.708s] -- Detecting C compile features - done
[0.708s] -- Detecting CXX compiler ABI info
[0.708s] -- Detecting CXX compiler ABI info - done
[0.708s] -- Check for working CXX compiler: /usr/bin/c++ - skipped
[0.708s] -- Detecting CXX compile features
[0.709s] -- Detecting CXX compile features - done
[0.709s] -- Found ament_cmake: 1.3.10 (/opt/ros/humble/share/ament_cmake/cmake)
[0.709s] -- Found Python3: /usr/bin/python3 (found version "3.10.12") found components: Interpreter 
[0.709s] -- Override CMake install command with custom implementation using symlinks instead of copying resources
[0.709s] -- Found rosidl_default_generators: 1.2.0 (/opt/ros/humble/share/rosidl_default_generators/cmake)
[0.709s] -- Using all available rosidl_typesupport_c: rosidl_typesupport_fastrtps_c;rosidl_typesupport_introspection_c
[0.709s] -- Found rosidl_adapter: 3.1.5 (/opt/ros/humble/share/rosidl_adapter/cmake)
[0.719s] -- Using all available rosidl_typesupport_cpp: rosidl_typesupport_fastrtps_cpp;rosidl_typesupport_introspection_cpp
[0.751s] -- Found std_msgs: 4.2.4 (/opt/ros/humble/share/std_msgs/cmake)
[1.066s] -- Found ament_cmake_ros: 0.10.0 (/opt/ros/humble/share/ament_cmake_ros/cmake)
[1.371s] -- Using all available rosidl_typesupport_c: rosidl_typesupport_fastrtps_c;rosidl_typesupport_introspection_c
[1.776s] -- Using all available rosidl_typesupport_cpp: rosidl_typesupport_fastrtps_cpp;rosidl_typesupport_introspection_cpp
[1.807s] -- Found PythonInterp: /usr/bin/python3 (found suitable version "3.10.12", minimum required is "3.6") 
[1.813s] -- Found python_cmake_module: 0.10.0 (/opt/ros/humble/share/python_cmake_module/cmake)
[1.844s] -- Found PythonLibs: /usr/lib/x86_64-linux-gnu/libpython3.10.so (found suitable version "3.10.12", minimum required is "3.5") 
[1.845s] -- Using PYTHON_EXECUTABLE: /usr/bin/python3
[1.845s] -- Using PYTHON_INCLUDE_DIRS: /usr/include/python3.10
[1.845s] -- Using PYTHON_LIBRARIES: /usr/lib/x86_64-linux-gnu/libpython3.10.so
[1.875s] -- Found PythonExtra: .so  
[1.961s] -- Found ament_lint_auto: 0.12.11 (/opt/ros/humble/share/ament_lint_auto/cmake)
[1.996s] -- Added test 'copyright' to check source files copyright and LICENSE
[1.998s] -- Added test 'lint_cmake' to check CMake code style
[1.999s] -- Added test 'xmllint' to check XML markup files
[2.003s] -- Configuring done
[2.027s] -- Generating done
[2.029s] -- Build files have been written to: /home/dbot2/ros2_ws/src/build/dbot_custom_msgs
[2.034s] Invoked command in '/home/dbot2/ros2_ws/src/build/dbot_custom_msgs' returned '0': CMAKE_PREFIX_PATH=${CMAKE_PREFIX_PATH}:/home/dbot2/ros2_ws/install/tf2_dbot:/home/dbot2/ros2_ws/install/odom_motion_model:/home/dbot2/ros2_ws/install/motor_driver:/home/dbot2/ros2_ws/install/joycontrol:/home/dbot2/ros2_ws/install/gesturecontrol:/home/dbot2/dbot_src/install/tf2_dbot:/home/dbot2/dbot_src/install/odom_motion_model:/home/dbot2/dbot_src/install/motor_driver:/home/dbot2/dbot_src/install/joycontrol:/home/dbot2/dbot_src/install/dbot:/home/dbot2/dbot_remote/install/pcd_joy_trigger:/home/dbot2/circus_demo/install/circus_demo:/opt/ros/humble /usr/bin/cmake /home/dbot2/ros2_ws/src/dbot_custom_msgs -DAMENT_CMAKE_SYMLINK_INSTALL=1 -DCMAKE_INSTALL_PREFIX=/home/dbot2/ros2_ws/src/install/dbot_custom_msgs
[2.035s] Invoking command in '/home/dbot2/ros2_ws/src/build/dbot_custom_msgs': CMAKE_PREFIX_PATH=${CMAKE_PREFIX_PATH}:/home/dbot2/ros2_ws/install/tf2_dbot:/home/dbot2/ros2_ws/install/odom_motion_model:/home/dbot2/ros2_ws/install/motor_driver:/home/dbot2/ros2_ws/install/joycontrol:/home/dbot2/ros2_ws/install/gesturecontrol:/home/dbot2/dbot_src/install/tf2_dbot:/home/dbot2/dbot_src/install/odom_motion_model:/home/dbot2/dbot_src/install/motor_driver:/home/dbot2/dbot_src/install/joycontrol:/home/dbot2/dbot_src/install/dbot:/home/dbot2/dbot_remote/install/pcd_joy_trigger:/home/dbot2/circus_demo/install/circus_demo:/opt/ros/humble /usr/bin/cmake --build /home/dbot2/ros2_ws/src/build/dbot_custom_msgs -- -j8 -l8
[2.061s] [  3%] [34m[1mGenerating C code for ROS interfaces[0m
[2.069s] [  6%] [34m[1mGenerating C++ code for ROS interfaces[0m
[2.073s] [  6%] Built target ament_cmake_python_symlink_dbot_custom_msgs
[2.271s] [  6%] Built target dbot_custom_msgs__cpp
[2.280s] [  9%] [34m[1mGenerating C++ type support dispatch for ROS interfaces[0m
[2.280s] [ 12%] [34m[1mGenerating C++ type support for eProsima Fast-RTPS[0m
[2.280s] [ 16%] [34m[1mGenerating C++ introspection for ROS interfaces[0m
[2.392s] running egg_info
[2.393s] creating dbot_custom_msgs.egg-info
[2.394s] writing dbot_custom_msgs.egg-info/PKG-INFO
[2.394s] writing dependency_links to dbot_custom_msgs.egg-info/dependency_links.txt
[2.394s] writing top-level names to dbot_custom_msgs.egg-info/top_level.txt
[2.394s] writing manifest file 'dbot_custom_msgs.egg-info/SOURCES.txt'
[2.397s] reading manifest file 'dbot_custom_msgs.egg-info/SOURCES.txt'
[2.397s] writing manifest file 'dbot_custom_msgs.egg-info/SOURCES.txt'
[2.399s] [ 19%] [32mBuilding C object CMakeFiles/dbot_custom_msgs__rosidl_generator_c.dir/rosidl_generator_c/dbot_custom_msgs/msg/detail/wheel_encoder__functions.c.o[0m
[2.425s] [ 19%] Built target ament_cmake_python_build_dbot_custom_msgs_egg
[2.456s] [ 22%] [32m[1mLinking C shared library libdbot_custom_msgs__rosidl_generator_c.so[0m
[2.492s] [ 22%] Built target dbot_custom_msgs__rosidl_generator_c
[2.502s] [ 29%] [34m[1mGenerating C type support dispatch for ROS interfaces[0m
[2.502s] [ 32%] [34m[1mGenerating C type support for eProsima Fast-RTPS[0m
[2.502s] [ 32%] [34m[1mGenerating C introspection for ROS interfaces[0m
[2.545s] [ 35%] [32mBuilding CXX object CMakeFiles/dbot_custom_msgs__rosidl_typesupport_cpp.dir/rosidl_typesupport_cpp/dbot_custom_msgs/msg/wheel_encoder__type_support.cpp.o[0m
[2.566s] [ 38%] [32mBuilding CXX object CMakeFiles/dbot_custom_msgs__rosidl_typesupport_fastrtps_cpp.dir/rosidl_typesupport_fastrtps_cpp/dbot_custom_msgs/msg/detail/dds_fastrtps/wheel_encoder__type_support.cpp.o[0m
[2.569s] [ 41%] [32mBuilding CXX object CMakeFiles/dbot_custom_msgs__rosidl_typesupport_introspection_cpp.dir/rosidl_typesupport_introspection_cpp/dbot_custom_msgs/msg/detail/wheel_encoder__type_support.cpp.o[0m
[2.705s] [ 45%] [32mBuilding CXX object CMakeFiles/dbot_custom_msgs__rosidl_typesupport_c.dir/rosidl_typesupport_c/dbot_custom_msgs/msg/wheel_encoder__type_support.cpp.o[0m
[2.737s] [ 48%] [32m[1mLinking CXX shared library libdbot_custom_msgs__rosidl_typesupport_c.so[0m
[2.779s] [ 48%] Built target dbot_custom_msgs__rosidl_typesupport_c
[2.794s] [ 51%] [32mBuilding C object CMakeFiles/dbot_custom_msgs__rosidl_typesupport_introspection_c.dir/rosidl_typesupport_introspection_c/dbot_custom_msgs/msg/detail/wheel_encoder__type_support.c.o[0m
[2.804s] [ 54%] [32mBuilding CXX object CMakeFiles/dbot_custom_msgs__rosidl_typesupport_fastrtps_c.dir/rosidl_typesupport_fastrtps_c/dbot_custom_msgs/msg/detail/wheel_encoder__type_support_c.cpp.o[0m
[2.823s] [ 58%] [32m[1mLinking C shared library libdbot_custom_msgs__rosidl_typesupport_introspection_c.so[0m
[2.824s] [ 61%] [32m[1mLinking CXX shared library libdbot_custom_msgs__rosidl_typesupport_cpp.so[0m
[2.845s] [ 61%] Built target dbot_custom_msgs__rosidl_typesupport_introspection_c
[2.864s] [ 61%] Built target dbot_custom_msgs__rosidl_typesupport_cpp
[2.867s] [ 64%] [32m[1mLinking CXX shared library libdbot_custom_msgs__rosidl_typesupport_fastrtps_cpp.so[0m
[2.908s] [ 67%] [32m[1mLinking CXX shared library libdbot_custom_msgs__rosidl_typesupport_introspection_cpp.so[0m
[2.919s] [ 67%] Built target dbot_custom_msgs__rosidl_typesupport_fastrtps_cpp
[2.951s] [ 67%] Built target dbot_custom_msgs__rosidl_typesupport_introspection_cpp
[3.041s] [ 70%] [32m[1mLinking CXX shared library libdbot_custom_msgs__rosidl_typesupport_fastrtps_c.so[0m
[3.091s] [ 70%] Built target dbot_custom_msgs__rosidl_typesupport_fastrtps_c
[3.104s] [ 70%] Built target dbot_custom_msgs
[3.118s] [ 74%] [34m[1mGenerating Python code for ROS interfaces[0m
[3.330s] [ 74%] Built target dbot_custom_msgs__py
[3.343s] [ 77%] [32mBuilding C object CMakeFiles/dbot_custom_msgs__rosidl_generator_py.dir/rosidl_generator_py/dbot_custom_msgs/msg/_wheel_encoder_s.c.o[0m
[3.424s] [ 80%] [32m[1mLinking C shared library rosidl_generator_py/dbot_custom_msgs/libdbot_custom_msgs__rosidl_generator_py.so[0m
[3.451s] [ 80%] Built target dbot_custom_msgs__rosidl_generator_py
[3.464s] [ 90%] [32mBuilding C object CMakeFiles/dbot_custom_msgs__rosidl_typesupport_c__pyext.dir/rosidl_generator_py/dbot_custom_msgs/_dbot_custom_msgs_s.ep.rosidl_typesupport_c.c.o[0m
[3.464s] [ 90%] [32mBuilding C object CMakeFiles/dbot_custom_msgs__rosidl_typesupport_introspection_c__pyext.dir/rosidl_generator_py/dbot_custom_msgs/_dbot_custom_msgs_s.ep.rosidl_typesupport_introspection_c.c.o[0m
[3.464s] [ 90%] [32mBuilding C object CMakeFiles/dbot_custom_msgs__rosidl_typesupport_fastrtps_c__pyext.dir/rosidl_generator_py/dbot_custom_msgs/_dbot_custom_msgs_s.ep.rosidl_typesupport_fastrtps_c.c.o[0m
[3.529s] [100%] [32m[1mLinking C shared library rosidl_generator_py/dbot_custom_msgs/dbot_custom_msgs_s__rosidl_typesupport_c.cpython-310-x86_64-linux-gnu.so[0m
[3.529s] [100%] [32m[1mLinking C shared library rosidl_generator_py/dbot_custom_msgs/dbot_custom_msgs_s__rosidl_typesupport_fastrtps_c.cpython-310-x86_64-linux-gnu.so[0m
[3.529s] [100%] [32m[1mLinking C shared library rosidl_generator_py/dbot_custom_msgs/dbot_custom_msgs_s__rosidl_typesupport_introspection_c.cpython-310-x86_64-linux-gnu.so[0m
[3.555s] [100%] Built target dbot_custom_msgs__rosidl_typesupport_introspection_c__pyext
[3.555s] [100%] Built target dbot_custom_msgs__rosidl_typesupport_fastrtps_c__pyext
[3.555s] [100%] Built target dbot_custom_msgs__rosidl_typesupport_c__pyext
[3.562s] Invoked command in '/home/dbot2/ros2_ws/src/build/dbot_custom_msgs' returned '0': CMAKE_PREFIX_PATH=${CMAKE_PREFIX_PATH}:/home/dbot2/ros2_ws/install/tf2_dbot:/home/dbot2/ros2_ws/install/odom_motion_model:/home/dbot2/ros2_ws/install/motor_driver:/home/dbot2/ros2_ws/install/joycontrol:/home/dbot2/ros2_ws/install/gesturecontrol:/home/dbot2/dbot_src/install/tf2_dbot:/home/dbot2/dbot_src/install/odom_motion_model:/home/dbot2/dbot_src/install/motor_driver:/home/dbot2/dbot_src/install/joycontrol:/home/dbot2/dbot_src/install/dbot:/home/dbot2/dbot_remote/install/pcd_joy_trigger:/home/dbot2/circus_demo/install/circus_demo:/opt/ros/humble /usr/bin/cmake --build /home/dbot2/ros2_ws/src/build/dbot_custom_msgs -- -j8 -l8
[3.601s] Invoking command in '/home/dbot2/ros2_ws/src/build/dbot_custom_msgs': CMAKE_PREFIX_PATH=${CMAKE_PREFIX_PATH}:/home/dbot2/ros2_ws/install/tf2_dbot:/home/dbot2/ros2_ws/install/odom_motion_model:/home/dbot2/ros2_ws/install/motor_driver:/home/dbot2/ros2_ws/install/joycontrol:/home/dbot2/ros2_ws/install/gesturecontrol:/home/dbot2/dbot_src/install/tf2_dbot:/home/dbot2/dbot_src/install/odom_motion_model:/home/dbot2/dbot_src/install/motor_driver:/home/dbot2/dbot_src/install/joycontrol:/home/dbot2/dbot_src/install/dbot:/home/dbot2/dbot_remote/install/pcd_joy_trigger:/home/dbot2/circus_demo/install/circus_demo:/opt/ros/humble /usr/bin/cmake --install /home/dbot2/ros2_ws/src/build/dbot_custom_msgs
[3.606s] -- Install configuration: ""
[3.606s] -- Execute custom install script
[3.607s] -- Symlinking: /home/dbot2/ros2_ws/src/install/dbot_custom_msgs/share/ament_index/resource_index/rosidl_interfaces/dbot_custom_msgs
[3.613s] -- Symlinking: /home/dbot2/ros2_ws/src/install/dbot_custom_msgs/include/dbot_custom_msgs/dbot_custom_msgs/msg/detail/wheel_encoder__functions.h
[3.618s] -- Symlinking: /home/dbot2/ros2_ws/src/install/dbot_custom_msgs/include/dbot_custom_msgs/dbot_custom_msgs/msg/detail/wheel_encoder__struct.h
[3.624s] -- Symlinking: /home/dbot2/ros2_ws/src/install/dbot_custom_msgs/include/dbot_custom_msgs/dbot_custom_msgs/msg/detail/wheel_encoder__type_support.h
[3.629s] -- Symlinking: /home/dbot2/ros2_ws/src/install/dbot_custom_msgs/include/dbot_custom_msgs/dbot_custom_msgs/msg/rosidl_generator_c__visibility_control.h
[3.634s] -- Symlinking: /home/dbot2/ros2_ws/src/install/dbot_custom_msgs/include/dbot_custom_msgs/dbot_custom_msgs/msg/wheel_encoder.h
[3.640s] -- Symlinking: /home/dbot2/ros2_ws/src/install/dbot_custom_msgs/share/dbot_custom_msgs/environment/library_path.sh
[3.646s] -- Symlinking: /home/dbot2/ros2_ws/src/install/dbot_custom_msgs/share/dbot_custom_msgs/environment/library_path.dsv
[3.652s] -- Symlinking: /home/dbot2/ros2_ws/src/install/dbot_custom_msgs/include/dbot_custom_msgs/dbot_custom_msgs/msg/detail/wheel_encoder__rosidl_typesupport_fastrtps_c.h
[3.657s] -- Symlinking: /home/dbot2/ros2_ws/src/install/dbot_custom_msgs/include/dbot_custom_msgs/dbot_custom_msgs/msg/rosidl_typesupport_fastrtps_c__visibility_control.h
[3.663s] -- Symlinking: /home/dbot2/ros2_ws/src/install/dbot_custom_msgs/include/dbot_custom_msgs/dbot_custom_msgs/msg/detail/wheel_encoder__rosidl_typesupport_introspection_c.h
[3.668s] -- Symlinking: /home/dbot2/ros2_ws/src/install/dbot_custom_msgs/include/dbot_custom_msgs/dbot_custom_msgs/msg/rosidl_typesupport_introspection_c__visibility_control.h
[3.674s] -- Symlinking: /home/dbot2/ros2_ws/src/install/dbot_custom_msgs/include/dbot_custom_msgs/dbot_custom_msgs/msg/detail/wheel_encoder__builder.hpp
[3.679s] -- Symlinking: /home/dbot2/ros2_ws/src/install/dbot_custom_msgs/include/dbot_custom_msgs/dbot_custom_msgs/msg/detail/wheel_encoder__struct.hpp
[3.684s] -- Symlinking: /home/dbot2/ros2_ws/src/install/dbot_custom_msgs/include/dbot_custom_msgs/dbot_custom_msgs/msg/detail/wheel_encoder__traits.hpp
[3.690s] -- Symlinking: /home/dbot2/ros2_ws/src/install/dbot_custom_msgs/include/dbot_custom_msgs/dbot_custom_msgs/msg/wheel_encoder.hpp
[3.696s] -- Symlinking: /home/dbot2/ros2_ws/src/install/dbot_custom_msgs/include/dbot_custom_msgs/dbot_custom_msgs/msg/detail/wheel_encoder__rosidl_typesupport_fastrtps_cpp.hpp
[3.701s] -- Symlinking: /home/dbot2/ros2_ws/src/install/dbot_custom_msgs/include/dbot_custom_msgs/dbot_custom_msgs/msg/rosidl_typesupport_fastrtps_cpp__visibility_control.h
[3.706s] -- Symlinking: /home/dbot2/ros2_ws/src/install/dbot_custom_msgs/include/dbot_custom_msgs/dbot_custom_msgs/msg/detail/wheel_encoder__rosidl_typesupport_introspection_cpp.hpp
[3.712s] -- Symlinking: /home/dbot2/ros2_ws/src/install/dbot_custom_msgs/share/dbot_custom_msgs/environment/pythonpath.sh
[3.718s] -- Symlinking: /home/dbot2/ros2_ws/src/install/dbot_custom_msgs/share/dbot_custom_msgs/environment/pythonpath.dsv
[3.724s] -- Symlinking: /home/dbot2/ros2_ws/src/install/dbot_custom_msgs/local/lib/python3.10/dist-packages/dbot_custom_msgs-0.0.0-py3.10.egg-info/PKG-INFO
[3.729s] -- Symlinking: /home/dbot2/ros2_ws/src/install/dbot_custom_msgs/local/lib/python3.10/dist-packages/dbot_custom_msgs-0.0.0-py3.10.egg-info/SOURCES.txt
[3.734s] -- Symlinking: /home/dbot2/ros2_ws/src/install/dbot_custom_msgs/local/lib/python3.10/dist-packages/dbot_custom_msgs-0.0.0-py3.10.egg-info/dependency_links.txt
[3.740s] -- Symlinking: /home/dbot2/ros2_ws/src/install/dbot_custom_msgs/local/lib/python3.10/dist-packages/dbot_custom_msgs-0.0.0-py3.10.egg-info/top_level.txt
[3.746s] -- Symlinking: /home/dbot2/ros2_ws/src/install/dbot_custom_msgs/local/lib/python3.10/dist-packages/dbot_custom_msgs/__init__.py
[3.752s] -- Symlinking: /home/dbot2/ros2_ws/src/install/dbot_custom_msgs/local/lib/python3.10/dist-packages/dbot_custom_msgs/_dbot_custom_msgs_s.ep.rosidl_typesupport_c.c
[3.757s] -- Symlinking: /home/dbot2/ros2_ws/src/install/dbot_custom_msgs/local/lib/python3.10/dist-packages/dbot_custom_msgs/_dbot_custom_msgs_s.ep.rosidl_typesupport_fastrtps_c.c
[3.763s] -- Symlinking: /home/dbot2/ros2_ws/src/install/dbot_custom_msgs/local/lib/python3.10/dist-packages/dbot_custom_msgs/_dbot_custom_msgs_s.ep.rosidl_typesupport_introspection_c.c
[3.769s] -- Symlinking: /home/dbot2/ros2_ws/src/install/dbot_custom_msgs/local/lib/python3.10/dist-packages/dbot_custom_msgs/dbot_custom_msgs_s__rosidl_typesupport_c.cpython-310-x86_64-linux-gnu.so
[3.774s] -- Symlinking: /home/dbot2/ros2_ws/src/install/dbot_custom_msgs/local/lib/python3.10/dist-packages/dbot_custom_msgs/dbot_custom_msgs_s__rosidl_typesupport_fastrtps_c.cpython-310-x86_64-linux-gnu.so
[3.780s] -- Symlinking: /home/dbot2/ros2_ws/src/install/dbot_custom_msgs/local/lib/python3.10/dist-packages/dbot_custom_msgs/dbot_custom_msgs_s__rosidl_typesupport_introspection_c.cpython-310-x86_64-linux-gnu.so
[3.785s] -- Symlinking: /home/dbot2/ros2_ws/src/install/dbot_custom_msgs/local/lib/python3.10/dist-packages/dbot_custom_msgs/libdbot_custom_msgs__rosidl_generator_py.so
[3.790s] -- Symlinking: /home/dbot2/ros2_ws/src/install/dbot_custom_msgs/local/lib/python3.10/dist-packages/dbot_custom_msgs/msg/__init__.py
[3.796s] -- Symlinking: /home/dbot2/ros2_ws/src/install/dbot_custom_msgs/local/lib/python3.10/dist-packages/dbot_custom_msgs/msg/_wheel_encoder.py
[3.801s] -- Symlinking: /home/dbot2/ros2_ws/src/install/dbot_custom_msgs/local/lib/python3.10/dist-packages/dbot_custom_msgs/msg/_wheel_encoder_s.c
[3.806s] -- Up-to-date symlink: /home/dbot2/ros2_ws/src/install/dbot_custom_msgs/local/lib/python3.10/dist-packages/dbot_custom_msgs/dbot_custom_msgs_s__rosidl_typesupport_fastrtps_c.cpython-310-x86_64-linux-gnu.so
[3.806s] -- Up-to-date symlink: /home/dbot2/ros2_ws/src/install/dbot_custom_msgs/local/lib/python3.10/dist-packages/dbot_custom_msgs/dbot_custom_msgs_s__rosidl_typesupport_introspection_c.cpython-310-x86_64-linux-gnu.so
[3.806s] -- Up-to-date symlink: /home/dbot2/ros2_ws/src/install/dbot_custom_msgs/local/lib/python3.10/dist-packages/dbot_custom_msgs/dbot_custom_msgs_s__rosidl_typesupport_c.cpython-310-x86_64-linux-gnu.so
[3.806s] -- Symlinking: /home/dbot2/ros2_ws/src/install/dbot_custom_msgs/share/dbot_custom_msgs/msg/WheelEncoder.idl
[3.812s] -- Symlinking: /home/dbot2/ros2_ws/src/install/dbot_custom_msgs/share/dbot_custom_msgs/msg/WheelEncoder.msg
[3.818s] -- Symlinking: /home/dbot2/ros2_ws/src/install/dbot_custom_msgs/share/ament_index/resource_index/package_run_dependencies/dbot_custom_msgs
[3.823s] -- Symlinking: /home/dbot2/ros2_ws/src/install/dbot_custom_msgs/share/ament_index/resource_index/parent_prefix_path/dbot_custom_msgs
[3.829s] -- Symlinking: /home/dbot2/ros2_ws/src/install/dbot_custom_msgs/share/dbot_custom_msgs/environment/ament_prefix_path.sh
[3.835s] -- Symlinking: /home/dbot2/ros2_ws/src/install/dbot_custom_msgs/share/dbot_custom_msgs/environment/ament_prefix_path.dsv
[3.841s] -- Symlinking: /home/dbot2/ros2_ws/src/install/dbot_custom_msgs/share/dbot_custom_msgs/environment/path.sh
[3.846s] -- Symlinking: /home/dbot2/ros2_ws/src/install/dbot_custom_msgs/share/dbot_custom_msgs/environment/path.dsv
[3.852s] -- Symlinking: /home/dbot2/ros2_ws/src/install/dbot_custom_msgs/share/dbot_custom_msgs/local_setup.bash
[3.858s] -- Symlinking: /home/dbot2/ros2_ws/src/install/dbot_custom_msgs/share/dbot_custom_msgs/local_setup.sh
[3.863s] -- Symlinking: /home/dbot2/ros2_ws/src/install/dbot_custom_msgs/share/dbot_custom_msgs/local_setup.zsh
[3.868s] -- Symlinking: /home/dbot2/ros2_ws/src/install/dbot_custom_msgs/share/dbot_custom_msgs/local_setup.dsv
[3.874s] -- Symlinking: /home/dbot2/ros2_ws/src/install/dbot_custom_msgs/share/dbot_custom_msgs/package.dsv
[3.879s] -- Symlinking: /home/dbot2/ros2_ws/src/install/dbot_custom_msgs/share/ament_index/resource_index/packages/dbot_custom_msgs
[3.884s] -- Symlinking: /home/dbot2/ros2_ws/src/install/dbot_custom_msgs/share/dbot_custom_msgs/cmake/rosidl_cmake-extras.cmake
[3.890s] -- Symlinking: /home/dbot2/ros2_ws/src/install/dbot_custom_msgs/share/dbot_custom_msgs/cmake/ament_cmake_export_dependencies-extras.cmake
[3.895s] -- Symlinking: /home/dbot2/ros2_ws/src/install/dbot_custom_msgs/share/dbot_custom_msgs/cmake/ament_cmake_export_include_directories-extras.cmake
[3.900s] -- Symlinking: /home/dbot2/ros2_ws/src/install/dbot_custom_msgs/share/dbot_custom_msgs/cmake/ament_cmake_export_libraries-extras.cmake
[3.906s] -- Symlinking: /home/dbot2/ros2_ws/src/install/dbot_custom_msgs/share/dbot_custom_msgs/cmake/ament_cmake_export_targets-extras.cmake
[3.911s] -- Symlinking: /home/dbot2/ros2_ws/src/install/dbot_custom_msgs/share/dbot_custom_msgs/cmake/rosidl_cmake_export_typesupport_targets-extras.cmake
[3.917s] -- Symlinking: /home/dbot2/ros2_ws/src/install/dbot_custom_msgs/share/dbot_custom_msgs/cmake/rosidl_cmake_export_typesupport_libraries-extras.cmake
[3.923s] -- Symlinking: /home/dbot2/ros2_ws/src/install/dbot_custom_msgs/share/dbot_custom_msgs/cmake/dbot_custom_msgsConfig.cmake
[3.928s] -- Symlinking: /home/dbot2/ros2_ws/src/install/dbot_custom_msgs/share/dbot_custom_msgs/cmake/dbot_custom_msgsConfig-version.cmake
[3.934s] -- Symlinking: /home/dbot2/ros2_ws/src/install/dbot_custom_msgs/share/dbot_custom_msgs/package.xml
[3.940s] -- Installing: /home/dbot2/ros2_ws/src/install/dbot_custom_msgs/lib/libdbot_custom_msgs__rosidl_generator_c.so
[3.940s] -- Set runtime path of "/home/dbot2/ros2_ws/src/install/dbot_custom_msgs/lib/libdbot_custom_msgs__rosidl_generator_c.so" to ""
[3.940s] -- Installing: /home/dbot2/ros2_ws/src/install/dbot_custom_msgs/lib/libdbot_custom_msgs__rosidl_typesupport_fastrtps_c.so
[3.940s] -- Set runtime path of "/home/dbot2/ros2_ws/src/install/dbot_custom_msgs/lib/libdbot_custom_msgs__rosidl_typesupport_fastrtps_c.so" to ""
[3.940s] -- Installing: /home/dbot2/ros2_ws/src/install/dbot_custom_msgs/lib/libdbot_custom_msgs__rosidl_typesupport_introspection_c.so
[3.940s] -- Set runtime path of "/home/dbot2/ros2_ws/src/install/dbot_custom_msgs/lib/libdbot_custom_msgs__rosidl_typesupport_introspection_c.so" to ""
[3.940s] -- Installing: /home/dbot2/ros2_ws/src/install/dbot_custom_msgs/lib/libdbot_custom_msgs__rosidl_typesupport_c.so
[3.940s] -- Set runtime path of "/home/dbot2/ros2_ws/src/install/dbot_custom_msgs/lib/libdbot_custom_msgs__rosidl_typesupport_c.so" to ""
[3.940s] -- Installing: /home/dbot2/ros2_ws/src/install/dbot_custom_msgs/lib/libdbot_custom_msgs__rosidl_typesupport_fastrtps_cpp.so
[3.941s] -- Set runtime path of "/home/dbot2/ros2_ws/src/install/dbot_custom_msgs/lib/libdbot_custom_msgs__rosidl_typesupport_fastrtps_cpp.so" to ""
[3.941s] -- Installing: /home/dbot2/ros2_ws/src/install/dbot_custom_msgs/lib/libdbot_custom_msgs__rosidl_typesupport_introspection_cpp.so
[3.941s] -- Set runtime path of "/home/dbot2/ros2_ws/src/install/dbot_custom_msgs/lib/libdbot_custom_msgs__rosidl_typesupport_introspection_cpp.so" to ""
[3.941s] -- Installing: /home/dbot2/ros2_ws/src/install/dbot_custom_msgs/lib/libdbot_custom_msgs__rosidl_typesupport_cpp.so
[3.941s] -- Set runtime path of "/home/dbot2/ros2_ws/src/install/dbot_custom_msgs/lib/libdbot_custom_msgs__rosidl_typesupport_cpp.so" to ""
[3.971s] Listing '/home/dbot2/ros2_ws/src/install/dbot_custom_msgs/local/lib/python3.10/dist-packages/dbot_custom_msgs'...
[3.971s] Compiling '/home/dbot2/ros2_ws/src/install/dbot_custom_msgs/local/lib/python3.10/dist-packages/dbot_custom_msgs/__init__.py'...
[3.971s] Listing '/home/dbot2/ros2_ws/src/install/dbot_custom_msgs/local/lib/python3.10/dist-packages/dbot_custom_msgs/msg'...
[3.971s] Compiling '/home/dbot2/ros2_ws/src/install/dbot_custom_msgs/local/lib/python3.10/dist-packages/dbot_custom_msgs/msg/__init__.py'...
[3.971s] Compiling '/home/dbot2/ros2_ws/src/install/dbot_custom_msgs/local/lib/python3.10/dist-packages/dbot_custom_msgs/msg/_wheel_encoder.py'...
[3.974s] -- Installing: /home/dbot2/ros2_ws/src/install/dbot_custom_msgs/lib/libdbot_custom_msgs__rosidl_generator_py.so
[3.975s] -- Set runtime path of "/home/dbot2/ros2_ws/src/install/dbot_custom_msgs/lib/libdbot_custom_msgs__rosidl_generator_py.so" to ""
[3.975s] -- Installing: /home/dbot2/ros2_ws/src/install/dbot_custom_msgs/share/dbot_custom_msgs/cmake/export_dbot_custom_msgs__rosidl_generator_cExport.cmake
[3.975s] -- Installing: /home/dbot2/ros2_ws/src/install/dbot_custom_msgs/share/dbot_custom_msgs/cmake/export_dbot_custom_msgs__rosidl_generator_cExport-noconfig.cmake
[3.975s] -- Installing: /home/dbot2/ros2_ws/src/install/dbot_custom_msgs/share/dbot_custom_msgs/cmake/export_dbot_custom_msgs__rosidl_typesupport_fastrtps_cExport.cmake
[3.975s] -- Installing: /home/dbot2/ros2_ws/src/install/dbot_custom_msgs/share/dbot_custom_msgs/cmake/export_dbot_custom_msgs__rosidl_typesupport_fastrtps_cExport-noconfig.cmake
[3.975s] -- Installing: /home/dbot2/ros2_ws/src/install/dbot_custom_msgs/share/dbot_custom_msgs/cmake/dbot_custom_msgs__rosidl_typesupport_introspection_cExport.cmake
[3.975s] -- Installing: /home/dbot2/ros2_ws/src/install/dbot_custom_msgs/share/dbot_custom_msgs/cmake/dbot_custom_msgs__rosidl_typesupport_introspection_cExport-noconfig.cmake
[3.975s] -- Installing: /home/dbot2/ros2_ws/src/install/dbot_custom_msgs/share/dbot_custom_msgs/cmake/dbot_custom_msgs__rosidl_typesupport_cExport.cmake
[3.975s] -- Installing: /home/dbot2/ros2_ws/src/install/dbot_custom_msgs/share/dbot_custom_msgs/cmake/dbot_custom_msgs__rosidl_typesupport_cExport-noconfig.cmake
[3.975s] -- Installing: /home/dbot2/ros2_ws/src/install/dbot_custom_msgs/share/dbot_custom_msgs/cmake/export_dbot_custom_msgs__rosidl_generator_cppExport.cmake
[3.975s] -- Installing: /home/dbot2/ros2_ws/src/install/dbot_custom_msgs/share/dbot_custom_msgs/cmake/export_dbot_custom_msgs__rosidl_typesupport_fastrtps_cppExport.cmake
[3.976s] -- Installing: /home/dbot2/ros2_ws/src/install/dbot_custom_msgs/share/dbot_custom_msgs/cmake/export_dbot_custom_msgs__rosidl_typesupport_fastrtps_cppExport-noconfig.cmake
[3.976s] -- Installing: /home/dbot2/ros2_ws/src/install/dbot_custom_msgs/share/dbot_custom_msgs/cmake/dbot_custom_msgs__rosidl_typesupport_introspection_cppExport.cmake
[3.976s] -- Installing: /home/dbot2/ros2_ws/src/install/dbot_custom_msgs/share/dbot_custom_msgs/cmake/dbot_custom_msgs__rosidl_typesupport_introspection_cppExport-noconfig.cmake
[3.976s] -- Installing: /home/dbot2/ros2_ws/src/install/dbot_custom_msgs/share/dbot_custom_msgs/cmake/dbot_custom_msgs__rosidl_typesupport_cppExport.cmake
[3.976s] -- Installing: /home/dbot2/ros2_ws/src/install/dbot_custom_msgs/share/dbot_custom_msgs/cmake/dbot_custom_msgs__rosidl_typesupport_cppExport-noconfig.cmake
[3.976s] -- Installing: /home/dbot2/ros2_ws/src/install/dbot_custom_msgs/share/dbot_custom_msgs/cmake/export_dbot_custom_msgs__rosidl_generator_pyExport.cmake
[3.976s] -- Installing: /home/dbot2/ros2_ws/src/install/dbot_custom_msgs/share/dbot_custom_msgs/cmake/export_dbot_custom_msgs__rosidl_generator_pyExport-noconfig.cmake
[3.978s] Invoked command in '/home/dbot2/ros2_ws/src/build/dbot_custom_msgs' returned '0': CMAKE_PREFIX_PATH=${CMAKE_PREFIX_PATH}:/home/dbot2/ros2_ws/install/tf2_dbot:/home/dbot2/ros2_ws/install/odom_motion_model:/home/dbot2/ros2_ws/install/motor_driver:/home/dbot2/ros2_ws/install/joycontrol:/home/dbot2/ros2_ws/install/gesturecontrol:/home/dbot2/dbot_src/install/tf2_dbot:/home/dbot2/dbot_src/install/odom_motion_model:/home/dbot2/dbot_src/install/motor_driver:/home/dbot2/dbot_src/install/joycontrol:/home/dbot2/dbot_src/install/dbot:/home/dbot2/dbot_remote/install/pcd_joy_trigger:/home/dbot2/circus_demo/install/circus_demo:/opt/ros/humble /usr/bin/cmake --install /home/dbot2/ros2_ws/src/build/dbot_custom_msgs
