running egg_info
writing ../../build/gesturecontrol/gesturecontrol.egg-info/PKG-INFO
writing dependency_links to ../../build/gesturecontrol/gesturecontrol.egg-info/dependency_links.txt
writing entry points to ../../build/gesturecontrol/gesturecontrol.egg-info/entry_points.txt
writing requirements to ../../build/gesturecontrol/gesturecontrol.egg-info/requires.txt
writing top-level names to ../../build/gesturecontrol/gesturecontrol.egg-info/top_level.txt
reading manifest file '../../build/gesturecontrol/gesturecontrol.egg-info/SOURCES.txt'
adding license file 'LICENSE'
writing manifest file '../../build/gesturecontrol/gesturecontrol.egg-info/SOURCES.txt'
running build
running build_py
running install
running install_lib
running install_data
running install_egg_info
removing '/home/dbot2/dbot_vda5050_ilmatar/install/gesturecontrol/lib/python3.10/site-packages/gesturecontrol-0.0.0-py3.10.egg-info' (and everything under it)
Copying ../../build/gesturecontrol/gesturecontrol.egg-info to /home/dbot2/dbot_vda5050_ilmatar/install/gesturecontrol/lib/python3.10/site-packages/gesturecontrol-0.0.0-py3.10.egg-info
running install_scripts
Installing gesturecontrol script to /home/dbot2/dbot_vda5050_ilmatar/install/gesturecontrol/lib/gesturecontrol
writing list of installed files to '/home/dbot2/dbot_vda5050_ilmatar/build/gesturecontrol/install.log'
