/home/dbot2/.local/lib/python3.10/site-packages/setuptools/_distutils/dist.py:261: UserWarning: Unknown distribution option: 'tests_require'
  warnings.warn(msg)
running egg_info
writing ../../build/tf2_dbot/tf2_dbot.egg-info/PKG-INFO
writing dependency_links to ../../build/tf2_dbot/tf2_dbot.egg-info/dependency_links.txt
writing entry points to ../../build/tf2_dbot/tf2_dbot.egg-info/entry_points.txt
writing requirements to ../../build/tf2_dbot/tf2_dbot.egg-info/requires.txt
writing top-level names to ../../build/tf2_dbot/tf2_dbot.egg-info/top_level.txt
reading manifest file '../../build/tf2_dbot/tf2_dbot.egg-info/SOURCES.txt'
adding license file 'LICENSE'
writing manifest file '../../build/tf2_dbot/tf2_dbot.egg-info/SOURCES.txt'
running build
running build_py
running install
running install_lib
running install_data
running install_egg_info
removing '/home/dbot2/dbot_vda5050_ilmatar/install/tf2_dbot/lib/python3.10/site-packages/tf2_dbot-0.0.0-py3.10.egg-info' (and everything under it)
Copying ../../build/tf2_dbot/tf2_dbot.egg-info to /home/dbot2/dbot_vda5050_ilmatar/install/tf2_dbot/lib/python3.10/site-packages/tf2_dbot-0.0.0-py3.10.egg-info
running install_scripts
Installing odom_baselink_broadcaster script to /home/dbot2/dbot_vda5050_ilmatar/install/tf2_dbot/lib/tf2_dbot
writing list of installed files to '/home/dbot2/dbot_vda5050_ilmatar/build/tf2_dbot/install.log'
