[1.380s] Invoking command in '/home/dbot2/ros2_ws/src/build/tf2_dbot': PYTHONPATH=/home/dbot2/ros2_ws/src/build/tf2_dbot/prefix_override:/usr/lib/python3/dist-packages/colcon_core/task/python/colcon_distutils_commands:/home/dbot2/ros2_ws/src/install/tf2_dbot/lib/python3.10/site-packages:${PYTHONPATH} /usr/bin/python3 -W ignore:setup.py install is deprecated setup.py develop --editable --build-directory /home/dbot2/ros2_ws/src/build/tf2_dbot/build --no-deps symlink_data
[1.679s] running develop
[1.680s] /usr/lib/python3/dist-packages/setuptools/command/easy_install.py:158: EasyInstallDeprecationWarning: easy_install command is deprecated. Use build and pip and other standards-based tools.
[1.680s]   warnings.warn(
[1.882s] running egg_info
[1.882s] creating tf2_dbot.egg-info
[1.882s] writing tf2_dbot.egg-info/PKG-INFO
[1.882s] writing dependency_links to tf2_dbot.egg-info/dependency_links.txt
[1.883s] writing entry points to tf2_dbot.egg-info/entry_points.txt
[1.883s] writing requirements to tf2_dbot.egg-info/requires.txt
[1.883s] writing top-level names to tf2_dbot.egg-info/top_level.txt
[1.883s] writing manifest file 'tf2_dbot.egg-info/SOURCES.txt'
[1.884s] reading manifest file 'tf2_dbot.egg-info/SOURCES.txt'
[1.884s] writing manifest file 'tf2_dbot.egg-info/SOURCES.txt'
[1.887s] running build_ext
[1.889s] Creating /home/dbot2/ros2_ws/src/install/tf2_dbot/lib/python3.10/site-packages/tf2-dbot.egg-link (link to .)
[1.889s] Installing odom_baselink_broadcaster script to /home/dbot2/ros2_ws/src/install/tf2_dbot/lib/tf2_dbot
[1.889s] 
[1.889s] Installed /home/dbot2/ros2_ws/src/build/tf2_dbot
[1.890s] running symlink_data
[1.890s] creating /home/dbot2/ros2_ws/src/install/tf2_dbot/share/ament_index
[1.890s] creating /home/dbot2/ros2_ws/src/install/tf2_dbot/share/ament_index/resource_index
[1.890s] creating /home/dbot2/ros2_ws/src/install/tf2_dbot/share/ament_index/resource_index/packages
[1.890s] symbolically linking /home/dbot2/ros2_ws/src/build/tf2_dbot/resource/tf2_dbot -> /home/dbot2/ros2_ws/src/install/tf2_dbot/share/ament_index/resource_index/packages
[1.890s] symbolically linking /home/dbot2/ros2_ws/src/build/tf2_dbot/package.xml -> /home/dbot2/ros2_ws/src/install/tf2_dbot/share/tf2_dbot
[1.890s] creating /home/dbot2/ros2_ws/src/install/tf2_dbot/share/tf2_dbot/launch
[1.890s] symbolically linking /home/dbot2/ros2_ws/src/build/tf2_dbot/launch/tf2_dbot_launch.py -> /home/dbot2/ros2_ws/src/install/tf2_dbot/share/tf2_dbot/launch
[1.951s] Invoked command in '/home/dbot2/ros2_ws/src/build/tf2_dbot' returned '0': PYTHONPATH=/home/dbot2/ros2_ws/src/build/tf2_dbot/prefix_override:/usr/lib/python3/dist-packages/colcon_core/task/python/colcon_distutils_commands:/home/dbot2/ros2_ws/src/install/tf2_dbot/lib/python3.10/site-packages:${PYTHONPATH} /usr/bin/python3 -W ignore:setup.py install is deprecated setup.py develop --editable --build-directory /home/dbot2/ros2_ws/src/build/tf2_dbot/build --no-deps symlink_data
