[0.341s] Invoking command in '/home/dbot2/dbot_vda5050_ilmatar/build/vda5050_connector': CMAKE_PREFIX_PATH=/home/dbot2/dbot_vda5050_ilmatar/install/vda5050_msgs:/home/dbot2/dbot_vda5050_ilmatar/install/vda_dbot_nav_slam:/home/dbot2/dbot_vda5050_ilmatar/install/vda5050_connector:/home/dbot2/dbot_vda5050_ilmatar/install/odometry_estimator:/home/dbot2/dbot_vda5050_ilmatar/install/dbot_nav_slam:/home/dbot2/dbot_vda5050_ilmatar/install/dbot_custom_msgs:/home/dbot2/dbot_src/install/odometry_estimator:/home/dbot2/dbot_src/install/dbot_custom_msgs:/home/dbot2/dbot_remote/install/pointcloud_saver:/home/dbot2/circus_demo/install/pcl_localization_ros2:/home/dbot2/circus_demo/install/ndt_omp_ros2:/home/dbot2/ros2_ws/install/rslidar_frame_publish:/home/dbot2/ros2_ws/install/pointcloud_to_laserscan:/home/dbot2/ros2_ws/install/pointcloud_merge:/home/dbot2/ros2_ws/install/odometry_estimator:/home/dbot2/ros2_ws/install/dbot_nav_slam:/home/dbot2/ros2_ws/install/dbot_custom_msgs:/home/dbot2/ros2_ws/install/ament_lint_common:/home/dbot2/ros2_ws/install/ament_cmake_xmllint:/home/dbot2/ros2_ws/install/ament_cmake_uncrustify:/home/dbot2/ros2_ws/install/ament_cmake_pyflakes:/home/dbot2/ros2_ws/install/ament_cmake_pycodestyle:/home/dbot2/ros2_ws/install/ament_cmake_pep257:/home/dbot2/ros2_ws/install/ament_cmake_pclint:/home/dbot2/ros2_ws/install/ament_cmake_mypy:/home/dbot2/ros2_ws/install/ament_cmake_lint_cmake:/home/dbot2/ros2_ws/install/ament_lint_auto:/home/dbot2/ros2_ws/install/ament_cmake_flake8:/home/dbot2/ros2_ws/install/ament_cmake_copyright:/home/dbot2/ros2_ws/install/ament_cmake_cpplint:/home/dbot2/ros2_ws/install/ament_cmake_cppcheck:/home/dbot2/ros2_ws/install/ament_cmake_clang_tidy:/home/dbot2/ros2_ws/install/ament_cmake_clang_format:/home/dbot2/dbot_vda5050_ilmatar/install/vda5050_tb3_adapter:/home/dbot2/dbot_vda5050_ilmatar/install/tf2_dbot:/home/dbot2/dbot_vda5050_ilmatar/install/odom_motion_model:/home/dbot2/dbot_vda5050_ilmatar/install/motor_driver:/home/dbot2/dbot_vda5050_ilmatar/install/joycontrol:/home/dbot2/dbot_vda5050_ilmatar/install/gesturecontrol:/home/dbot2/dbot_vda5050_ilmatar/install/dbot_bridge:/home/dbot2/dbot_vda5050_ilmatar/install/dbot:/home/dbot2/dbot_src/install/tf2_dbot:/home/dbot2/dbot_src/install/point_cloud_merger:/home/dbot2/dbot_src/install/odom_motion_model:/home/dbot2/dbot_src/install/motor_driver:/home/dbot2/dbot_src/install/joycontrol:/home/dbot2/dbot_src/install/dbot:/home/dbot2/dbot_src/src/point_cloud_merger/install/point_cloud_merger:/home/dbot2/dbot_remote/install/pcd_joy_trigger:/home/dbot2/circus_demo/install/circus_demo:/home/dbot2/ros2_ws/install/tf2_dbot:/home/dbot2/ros2_ws/install/odom_motion_model:/home/dbot2/ros2_ws/install/motor_driver:/home/dbot2/ros2_ws/install/m2m_bringup:/home/dbot2/ros2_ws/install/joycontrol:/home/dbot2/ros2_ws/install/gesturecontrol:/home/dbot2/ros2_ws/install/dbot_opcua:/home/dbot2/ros2_ws/install/dbot_middle_frame:/home/dbot2/ros2_ws/install/dbot_bridge:/home/dbot2/ros2_ws/install/dbot:/home/dbot2/ros2_ws/install/ament_xmllint:/home/dbot2/ros2_ws/install/ament_uncrustify:/home/dbot2/ros2_ws/install/ament_pyflakes:/home/dbot2/ros2_ws/install/ament_pycodestyle:/home/dbot2/ros2_ws/install/ament_pep257:/home/dbot2/ros2_ws/install/ament_pclint:/home/dbot2/ros2_ws/install/ament_mypy:/home/dbot2/ros2_ws/install/ament_lint_cmake:/home/dbot2/ros2_ws/install/ament_flake8:/home/dbot2/ros2_ws/install/ament_copyright:/home/dbot2/ros2_ws/install/ament_lint:/home/dbot2/ros2_ws/install/ament_cpplint:/home/dbot2/ros2_ws/install/ament_cppcheck:/home/dbot2/ros2_ws/install/ament_clang_tidy:/home/dbot2/ros2_ws/install/ament_clang_format:/opt/ros/humble LD_LIBRARY_PATH=/home/dbot2/dbot_vda5050_ilmatar/install/vda5050_msgs/lib:/home/dbot2/dbot_vda5050_ilmatar/install/vda5050_connector/lib:/home/dbot2/dbot_vda5050_ilmatar/install/dbot_custom_msgs/lib:/home/dbot2/dbot_src/install/dbot_custom_msgs/lib:/home/dbot2/circus_demo/install/pcl_localization_ros2/lib:/home/dbot2/ros2_ws/install/pointcloud_to_laserscan/lib:/home/dbot2/ros2_ws/install/dbot_custom_msgs/lib:/opt/ros/humble/opt/rviz_ogre_vendor/lib:/opt/ros/humble/lib/x86_64-linux-gnu:/opt/ros/humble/lib /usr/bin/cmake --build /home/dbot2/dbot_vda5050_ilmatar/build/vda5050_connector -- -j8 -l8
[0.451s] [35m[1mConsolidate compiler generated dependencies of target vda5050_connector__rosidl_generator_c[0m
[0.455s] [35m[1mConsolidate compiler generated dependencies of target gtest_main[0m
[0.463s] [35m[1mConsolidate compiler generated dependencies of target gtest[0m
[0.466s] [  1%] Built target vda5050_connector__rs
[0.478s] [  2%] Built target vda5050_connector__cpp
[0.487s] [  2%] Built target ament_cmake_python_symlink_vda5050_connector
[0.492s] [ 10%] Built target vda5050_connector__rosidl_generator_c
[0.495s] [ 13%] Built target gtest_main
[0.501s] [ 16%] Built target gtest
[0.509s] [ 16%] Built target ament_cmake_python_symlink_vda5050_connector_py
[0.529s] [35m[1mConsolidate compiler generated dependencies of target vda5050_connector__rosidl_typesupport_fastrtps_cpp[0m
[0.532s] [35m[1mConsolidate compiler generated dependencies of target vda5050_connector__rosidl_typesupport_cpp[0m
[0.537s] [35m[1mConsolidate compiler generated dependencies of target vda5050_connector__rosidl_typesupport_introspection_c[0m
[0.538s] [35m[1mConsolidate compiler generated dependencies of target vda5050_connector__rosidl_typesupport_introspection_cpp[0m
[0.541s] [35m[1mConsolidate compiler generated dependencies of target vda5050_connector__rosidl_typesupport_c[0m
[0.554s] [35m[1mConsolidate compiler generated dependencies of target vda5050_connector__rosidl_typesupport_fastrtps_c[0m
[0.574s] [ 24%] Built target vda5050_connector__rosidl_typesupport_introspection_c
[0.582s] [ 32%] Built target vda5050_connector__rosidl_typesupport_fastrtps_cpp
[0.588s] [ 41%] Built target vda5050_connector__rosidl_typesupport_c
[0.588s] [ 49%] Built target vda5050_connector__rosidl_typesupport_cpp
[0.591s] [ 57%] Built target vda5050_connector__rosidl_typesupport_fastrtps_c
[0.601s] [ 65%] Built target vda5050_connector__rosidl_typesupport_introspection_cpp
[0.624s] [35m[1mConsolidate compiler generated dependencies of target adapter[0m
[0.653s] [ 65%] Built target vda5050_connector
[0.669s] [ 69%] Built target adapter
[0.704s] [35m[1mConsolidate compiler generated dependencies of target test_handler_execution[0m
[0.704s] [35m[1mConsolidate compiler generated dependencies of target test_node_config[0m
[0.708s] [35m[1mConsolidate compiler generated dependencies of target test_plugins[0m
[0.719s] [ 71%] Built target vda5050_connector__py
[0.726s] [35m[1mConsolidate compiler generated dependencies of target test_plugin_load[0m
[0.731s] [ 73%] Built target test_handler_execution
[0.758s] [35m[1mConsolidate compiler generated dependencies of target vda5050_connector__rosidl_generator_py[0m
[0.759s] [ 76%] Built target test_node_config
[0.759s] [ 82%] Built target test_plugins
[0.766s] [ 84%] Built target test_plugin_load
[0.800s] [ 91%] Built target vda5050_connector__rosidl_generator_py
[0.828s] [35m[1mConsolidate compiler generated dependencies of target vda5050_connector__rosidl_typesupport_fastrtps_c__pyext[0m
[0.831s] [35m[1mConsolidate compiler generated dependencies of target vda5050_connector__rosidl_typesupport_c__pyext[0m
[0.831s] [35m[1mConsolidate compiler generated dependencies of target vda5050_connector__rosidl_typesupport_introspection_c__pyext[0m
[0.842s] [ 94%] Built target vda5050_connector__rosidl_typesupport_fastrtps_c__pyext
[0.853s] [ 97%] Built target vda5050_connector__rosidl_typesupport_c__pyext
[0.858s] [100%] Built target vda5050_connector__rosidl_typesupport_introspection_c__pyext
[0.911s] running egg_info
[0.932s] writing vda5050_connector.egg-info/PKG-INFO
[0.932s] writing dependency_links to vda5050_connector.egg-info/dependency_links.txt
[0.932s] writing top-level names to vda5050_connector.egg-info/top_level.txt
[1.059s] running egg_info
[1.087s] writing vda5050_connector_py.egg-info/PKG-INFO
[1.088s] writing dependency_links to vda5050_connector_py.egg-info/dependency_links.txt
[1.088s] writing top-level names to vda5050_connector_py.egg-info/top_level.txt
[1.233s] reading manifest file 'vda5050_connector.egg-info/SOURCES.txt'
[1.234s] writing manifest file 'vda5050_connector.egg-info/SOURCES.txt'
[1.280s] [100%] Built target ament_cmake_python_build_vda5050_connector_egg
[1.350s] reading manifest file 'vda5050_connector_py.egg-info/SOURCES.txt'
[1.352s] writing manifest file 'vda5050_connector_py.egg-info/SOURCES.txt'
[1.391s] [100%] Built target ament_cmake_python_build_vda5050_connector_py_egg
[1.453s] Invoked command in '/home/dbot2/dbot_vda5050_ilmatar/build/vda5050_connector' returned '0': CMAKE_PREFIX_PATH=/home/dbot2/dbot_vda5050_ilmatar/install/vda5050_msgs:/home/dbot2/dbot_vda5050_ilmatar/install/vda_dbot_nav_slam:/home/dbot2/dbot_vda5050_ilmatar/install/vda5050_connector:/home/dbot2/dbot_vda5050_ilmatar/install/odometry_estimator:/home/dbot2/dbot_vda5050_ilmatar/install/dbot_nav_slam:/home/dbot2/dbot_vda5050_ilmatar/install/dbot_custom_msgs:/home/dbot2/dbot_src/install/odometry_estimator:/home/dbot2/dbot_src/install/dbot_custom_msgs:/home/dbot2/dbot_remote/install/pointcloud_saver:/home/dbot2/circus_demo/install/pcl_localization_ros2:/home/dbot2/circus_demo/install/ndt_omp_ros2:/home/dbot2/ros2_ws/install/rslidar_frame_publish:/home/dbot2/ros2_ws/install/pointcloud_to_laserscan:/home/dbot2/ros2_ws/install/pointcloud_merge:/home/dbot2/ros2_ws/install/odometry_estimator:/home/dbot2/ros2_ws/install/dbot_nav_slam:/home/dbot2/ros2_ws/install/dbot_custom_msgs:/home/dbot2/ros2_ws/install/ament_lint_common:/home/dbot2/ros2_ws/install/ament_cmake_xmllint:/home/dbot2/ros2_ws/install/ament_cmake_uncrustify:/home/dbot2/ros2_ws/install/ament_cmake_pyflakes:/home/dbot2/ros2_ws/install/ament_cmake_pycodestyle:/home/dbot2/ros2_ws/install/ament_cmake_pep257:/home/dbot2/ros2_ws/install/ament_cmake_pclint:/home/dbot2/ros2_ws/install/ament_cmake_mypy:/home/dbot2/ros2_ws/install/ament_cmake_lint_cmake:/home/dbot2/ros2_ws/install/ament_lint_auto:/home/dbot2/ros2_ws/install/ament_cmake_flake8:/home/dbot2/ros2_ws/install/ament_cmake_copyright:/home/dbot2/ros2_ws/install/ament_cmake_cpplint:/home/dbot2/ros2_ws/install/ament_cmake_cppcheck:/home/dbot2/ros2_ws/install/ament_cmake_clang_tidy:/home/dbot2/ros2_ws/install/ament_cmake_clang_format:/home/dbot2/dbot_vda5050_ilmatar/install/vda5050_tb3_adapter:/home/dbot2/dbot_vda5050_ilmatar/install/tf2_dbot:/home/dbot2/dbot_vda5050_ilmatar/install/odom_motion_model:/home/dbot2/dbot_vda5050_ilmatar/install/motor_driver:/home/dbot2/dbot_vda5050_ilmatar/install/joycontrol:/home/dbot2/dbot_vda5050_ilmatar/install/gesturecontrol:/home/dbot2/dbot_vda5050_ilmatar/install/dbot_bridge:/home/dbot2/dbot_vda5050_ilmatar/install/dbot:/home/dbot2/dbot_src/install/tf2_dbot:/home/dbot2/dbot_src/install/point_cloud_merger:/home/dbot2/dbot_src/install/odom_motion_model:/home/dbot2/dbot_src/install/motor_driver:/home/dbot2/dbot_src/install/joycontrol:/home/dbot2/dbot_src/install/dbot:/home/dbot2/dbot_src/src/point_cloud_merger/install/point_cloud_merger:/home/dbot2/dbot_remote/install/pcd_joy_trigger:/home/dbot2/circus_demo/install/circus_demo:/home/dbot2/ros2_ws/install/tf2_dbot:/home/dbot2/ros2_ws/install/odom_motion_model:/home/dbot2/ros2_ws/install/motor_driver:/home/dbot2/ros2_ws/install/m2m_bringup:/home/dbot2/ros2_ws/install/joycontrol:/home/dbot2/ros2_ws/install/gesturecontrol:/home/dbot2/ros2_ws/install/dbot_opcua:/home/dbot2/ros2_ws/install/dbot_middle_frame:/home/dbot2/ros2_ws/install/dbot_bridge:/home/dbot2/ros2_ws/install/dbot:/home/dbot2/ros2_ws/install/ament_xmllint:/home/dbot2/ros2_ws/install/ament_uncrustify:/home/dbot2/ros2_ws/install/ament_pyflakes:/home/dbot2/ros2_ws/install/ament_pycodestyle:/home/dbot2/ros2_ws/install/ament_pep257:/home/dbot2/ros2_ws/install/ament_pclint:/home/dbot2/ros2_ws/install/ament_mypy:/home/dbot2/ros2_ws/install/ament_lint_cmake:/home/dbot2/ros2_ws/install/ament_flake8:/home/dbot2/ros2_ws/install/ament_copyright:/home/dbot2/ros2_ws/install/ament_lint:/home/dbot2/ros2_ws/install/ament_cpplint:/home/dbot2/ros2_ws/install/ament_cppcheck:/home/dbot2/ros2_ws/install/ament_clang_tidy:/home/dbot2/ros2_ws/install/ament_clang_format:/opt/ros/humble LD_LIBRARY_PATH=/home/dbot2/dbot_vda5050_ilmatar/install/vda5050_msgs/lib:/home/dbot2/dbot_vda5050_ilmatar/install/vda5050_connector/lib:/home/dbot2/dbot_vda5050_ilmatar/install/dbot_custom_msgs/lib:/home/dbot2/dbot_src/install/dbot_custom_msgs/lib:/home/dbot2/circus_demo/install/pcl_localization_ros2/lib:/home/dbot2/ros2_ws/install/pointcloud_to_laserscan/lib:/home/dbot2/ros2_ws/install/dbot_custom_msgs/lib:/opt/ros/humble/opt/rviz_ogre_vendor/lib:/opt/ros/humble/lib/x86_64-linux-gnu:/opt/ros/humble/lib /usr/bin/cmake --build /home/dbot2/dbot_vda5050_ilmatar/build/vda5050_connector -- -j8 -l8
[1.456s] Invoking command in '/home/dbot2/dbot_vda5050_ilmatar/build/vda5050_connector': CMAKE_PREFIX_PATH=/home/dbot2/dbot_vda5050_ilmatar/install/vda5050_msgs:/home/dbot2/dbot_vda5050_ilmatar/install/vda_dbot_nav_slam:/home/dbot2/dbot_vda5050_ilmatar/install/vda5050_connector:/home/dbot2/dbot_vda5050_ilmatar/install/odometry_estimator:/home/dbot2/dbot_vda5050_ilmatar/install/dbot_nav_slam:/home/dbot2/dbot_vda5050_ilmatar/install/dbot_custom_msgs:/home/dbot2/dbot_src/install/odometry_estimator:/home/dbot2/dbot_src/install/dbot_custom_msgs:/home/dbot2/dbot_remote/install/pointcloud_saver:/home/dbot2/circus_demo/install/pcl_localization_ros2:/home/dbot2/circus_demo/install/ndt_omp_ros2:/home/dbot2/ros2_ws/install/rslidar_frame_publish:/home/dbot2/ros2_ws/install/pointcloud_to_laserscan:/home/dbot2/ros2_ws/install/pointcloud_merge:/home/dbot2/ros2_ws/install/odometry_estimator:/home/dbot2/ros2_ws/install/dbot_nav_slam:/home/dbot2/ros2_ws/install/dbot_custom_msgs:/home/dbot2/ros2_ws/install/ament_lint_common:/home/dbot2/ros2_ws/install/ament_cmake_xmllint:/home/dbot2/ros2_ws/install/ament_cmake_uncrustify:/home/dbot2/ros2_ws/install/ament_cmake_pyflakes:/home/dbot2/ros2_ws/install/ament_cmake_pycodestyle:/home/dbot2/ros2_ws/install/ament_cmake_pep257:/home/dbot2/ros2_ws/install/ament_cmake_pclint:/home/dbot2/ros2_ws/install/ament_cmake_mypy:/home/dbot2/ros2_ws/install/ament_cmake_lint_cmake:/home/dbot2/ros2_ws/install/ament_lint_auto:/home/dbot2/ros2_ws/install/ament_cmake_flake8:/home/dbot2/ros2_ws/install/ament_cmake_copyright:/home/dbot2/ros2_ws/install/ament_cmake_cpplint:/home/dbot2/ros2_ws/install/ament_cmake_cppcheck:/home/dbot2/ros2_ws/install/ament_cmake_clang_tidy:/home/dbot2/ros2_ws/install/ament_cmake_clang_format:/home/dbot2/dbot_vda5050_ilmatar/install/vda5050_tb3_adapter:/home/dbot2/dbot_vda5050_ilmatar/install/tf2_dbot:/home/dbot2/dbot_vda5050_ilmatar/install/odom_motion_model:/home/dbot2/dbot_vda5050_ilmatar/install/motor_driver:/home/dbot2/dbot_vda5050_ilmatar/install/joycontrol:/home/dbot2/dbot_vda5050_ilmatar/install/gesturecontrol:/home/dbot2/dbot_vda5050_ilmatar/install/dbot_bridge:/home/dbot2/dbot_vda5050_ilmatar/install/dbot:/home/dbot2/dbot_src/install/tf2_dbot:/home/dbot2/dbot_src/install/point_cloud_merger:/home/dbot2/dbot_src/install/odom_motion_model:/home/dbot2/dbot_src/install/motor_driver:/home/dbot2/dbot_src/install/joycontrol:/home/dbot2/dbot_src/install/dbot:/home/dbot2/dbot_src/src/point_cloud_merger/install/point_cloud_merger:/home/dbot2/dbot_remote/install/pcd_joy_trigger:/home/dbot2/circus_demo/install/circus_demo:/home/dbot2/ros2_ws/install/tf2_dbot:/home/dbot2/ros2_ws/install/odom_motion_model:/home/dbot2/ros2_ws/install/motor_driver:/home/dbot2/ros2_ws/install/m2m_bringup:/home/dbot2/ros2_ws/install/joycontrol:/home/dbot2/ros2_ws/install/gesturecontrol:/home/dbot2/ros2_ws/install/dbot_opcua:/home/dbot2/ros2_ws/install/dbot_middle_frame:/home/dbot2/ros2_ws/install/dbot_bridge:/home/dbot2/ros2_ws/install/dbot:/home/dbot2/ros2_ws/install/ament_xmllint:/home/dbot2/ros2_ws/install/ament_uncrustify:/home/dbot2/ros2_ws/install/ament_pyflakes:/home/dbot2/ros2_ws/install/ament_pycodestyle:/home/dbot2/ros2_ws/install/ament_pep257:/home/dbot2/ros2_ws/install/ament_pclint:/home/dbot2/ros2_ws/install/ament_mypy:/home/dbot2/ros2_ws/install/ament_lint_cmake:/home/dbot2/ros2_ws/install/ament_flake8:/home/dbot2/ros2_ws/install/ament_copyright:/home/dbot2/ros2_ws/install/ament_lint:/home/dbot2/ros2_ws/install/ament_cpplint:/home/dbot2/ros2_ws/install/ament_cppcheck:/home/dbot2/ros2_ws/install/ament_clang_tidy:/home/dbot2/ros2_ws/install/ament_clang_format:/opt/ros/humble LD_LIBRARY_PATH=/home/dbot2/dbot_vda5050_ilmatar/install/vda5050_msgs/lib:/home/dbot2/dbot_vda5050_ilmatar/install/vda5050_connector/lib:/home/dbot2/dbot_vda5050_ilmatar/install/dbot_custom_msgs/lib:/home/dbot2/dbot_src/install/dbot_custom_msgs/lib:/home/dbot2/circus_demo/install/pcl_localization_ros2/lib:/home/dbot2/ros2_ws/install/pointcloud_to_laserscan/lib:/home/dbot2/ros2_ws/install/dbot_custom_msgs/lib:/opt/ros/humble/opt/rviz_ogre_vendor/lib:/opt/ros/humble/lib/x86_64-linux-gnu:/opt/ros/humble/lib /usr/bin/cmake --install /home/dbot2/dbot_vda5050_ilmatar/build/vda5050_connector
[1.465s] -- Install configuration: ""
[1.467s] -- Execute custom install script
[1.469s] -- Up-to-date symlink: /home/dbot2/dbot_vda5050_ilmatar/install/vda5050_connector/share/ament_index/resource_index/rosidl_interfaces/vda5050_connector
[1.475s] -- Up-to-date symlink: /home/dbot2/dbot_vda5050_ilmatar/install/vda5050_connector/include/vda5050_connector/vda5050_connector/action/detail/navigate_to_node__functions.h
[1.476s] -- Up-to-date symlink: /home/dbot2/dbot_vda5050_ilmatar/install/vda5050_connector/include/vda5050_connector/vda5050_connector/action/detail/navigate_to_node__struct.h
[1.476s] -- Up-to-date symlink: /home/dbot2/dbot_vda5050_ilmatar/install/vda5050_connector/include/vda5050_connector/vda5050_connector/action/detail/navigate_to_node__type_support.h
[1.476s] -- Up-to-date symlink: /home/dbot2/dbot_vda5050_ilmatar/install/vda5050_connector/include/vda5050_connector/vda5050_connector/action/detail/process_vda_action__functions.h
[1.479s] -- Up-to-date symlink: /home/dbot2/dbot_vda5050_ilmatar/install/vda5050_connector/include/vda5050_connector/vda5050_connector/action/detail/process_vda_action__struct.h
[1.479s] -- Up-to-date symlink: /home/dbot2/dbot_vda5050_ilmatar/install/vda5050_connector/include/vda5050_connector/vda5050_connector/action/detail/process_vda_action__type_support.h
[1.479s] -- Up-to-date symlink: /home/dbot2/dbot_vda5050_ilmatar/install/vda5050_connector/include/vda5050_connector/vda5050_connector/action/navigate_to_node.h
[1.479s] -- Up-to-date symlink: /home/dbot2/dbot_vda5050_ilmatar/install/vda5050_connector/include/vda5050_connector/vda5050_connector/action/process_vda_action.h
[1.479s] -- Up-to-date symlink: /home/dbot2/dbot_vda5050_ilmatar/install/vda5050_connector/include/vda5050_connector/vda5050_connector/msg/rosidl_generator_c__visibility_control.h
[1.479s] -- Up-to-date symlink: /home/dbot2/dbot_vda5050_ilmatar/install/vda5050_connector/include/vda5050_connector/vda5050_connector/srv/detail/get_state__functions.h
[1.479s] -- Up-to-date symlink: /home/dbot2/dbot_vda5050_ilmatar/install/vda5050_connector/include/vda5050_connector/vda5050_connector/srv/detail/get_state__struct.h
[1.479s] -- Up-to-date symlink: /home/dbot2/dbot_vda5050_ilmatar/install/vda5050_connector/include/vda5050_connector/vda5050_connector/srv/detail/get_state__type_support.h
[1.479s] -- Up-to-date symlink: /home/dbot2/dbot_vda5050_ilmatar/install/vda5050_connector/include/vda5050_connector/vda5050_connector/srv/detail/supported_actions__functions.h
[1.479s] -- Up-to-date symlink: /home/dbot2/dbot_vda5050_ilmatar/install/vda5050_connector/include/vda5050_connector/vda5050_connector/srv/detail/supported_actions__struct.h
[1.479s] -- Up-to-date symlink: /home/dbot2/dbot_vda5050_ilmatar/install/vda5050_connector/include/vda5050_connector/vda5050_connector/srv/detail/supported_actions__type_support.h
[1.479s] -- Up-to-date symlink: /home/dbot2/dbot_vda5050_ilmatar/install/vda5050_connector/include/vda5050_connector/vda5050_connector/srv/get_state.h
[1.480s] -- Up-to-date symlink: /home/dbot2/dbot_vda5050_ilmatar/install/vda5050_connector/include/vda5050_connector/vda5050_connector/srv/supported_actions.h
[1.481s] -- Up-to-date symlink: /home/dbot2/dbot_vda5050_ilmatar/install/vda5050_connector/share/vda5050_connector/environment/library_path.sh
[1.481s] -- Up-to-date symlink: /home/dbot2/dbot_vda5050_ilmatar/install/vda5050_connector/share/vda5050_connector/environment/library_path.dsv
[1.482s] -- Up-to-date symlink: /home/dbot2/dbot_vda5050_ilmatar/install/vda5050_connector/include/vda5050_connector/vda5050_connector/action/detail/navigate_to_node__rosidl_typesupport_fastrtps_c.h
[1.482s] -- Up-to-date symlink: /home/dbot2/dbot_vda5050_ilmatar/install/vda5050_connector/include/vda5050_connector/vda5050_connector/action/detail/process_vda_action__rosidl_typesupport_fastrtps_c.h
[1.485s] -- Up-to-date symlink: /home/dbot2/dbot_vda5050_ilmatar/install/vda5050_connector/include/vda5050_connector/vda5050_connector/msg/rosidl_typesupport_fastrtps_c__visibility_control.h
[1.485s] -- Up-to-date symlink: /home/dbot2/dbot_vda5050_ilmatar/install/vda5050_connector/include/vda5050_connector/vda5050_connector/srv/detail/get_state__rosidl_typesupport_fastrtps_c.h
[1.485s] -- Up-to-date symlink: /home/dbot2/dbot_vda5050_ilmatar/install/vda5050_connector/include/vda5050_connector/vda5050_connector/srv/detail/supported_actions__rosidl_typesupport_fastrtps_c.h
[1.485s] -- Up-to-date symlink: /home/dbot2/dbot_vda5050_ilmatar/install/vda5050_connector/include/vda5050_connector/vda5050_connector/action/detail/navigate_to_node__builder.hpp
[1.485s] -- Up-to-date symlink: /home/dbot2/dbot_vda5050_ilmatar/install/vda5050_connector/include/vda5050_connector/vda5050_connector/action/detail/navigate_to_node__struct.hpp
[1.486s] -- Up-to-date symlink: /home/dbot2/dbot_vda5050_ilmatar/install/vda5050_connector/include/vda5050_connector/vda5050_connector/action/detail/navigate_to_node__traits.hpp
[1.490s] -- Up-to-date symlink: /home/dbot2/dbot_vda5050_ilmatar/install/vda5050_connector/include/vda5050_connector/vda5050_connector/action/detail/navigate_to_node__type_support.hpp
[1.490s] -- Up-to-date symlink: /home/dbot2/dbot_vda5050_ilmatar/install/vda5050_connector/include/vda5050_connector/vda5050_connector/action/detail/process_vda_action__builder.hpp
[1.490s] -- Up-to-date symlink: /home/dbot2/dbot_vda5050_ilmatar/install/vda5050_connector/include/vda5050_connector/vda5050_connector/action/detail/process_vda_action__struct.hpp
[1.490s] -- Up-to-date symlink: /home/dbot2/dbot_vda5050_ilmatar/install/vda5050_connector/include/vda5050_connector/vda5050_connector/action/detail/process_vda_action__traits.hpp
[1.490s] -- Up-to-date symlink: /home/dbot2/dbot_vda5050_ilmatar/install/vda5050_connector/include/vda5050_connector/vda5050_connector/action/detail/process_vda_action__type_support.hpp
[1.490s] -- Up-to-date symlink: /home/dbot2/dbot_vda5050_ilmatar/install/vda5050_connector/include/vda5050_connector/vda5050_connector/action/navigate_to_node.hpp
[1.490s] -- Up-to-date symlink: /home/dbot2/dbot_vda5050_ilmatar/install/vda5050_connector/include/vda5050_connector/vda5050_connector/action/process_vda_action.hpp
[1.490s] -- Up-to-date symlink: /home/dbot2/dbot_vda5050_ilmatar/install/vda5050_connector/include/vda5050_connector/vda5050_connector/msg/rosidl_generator_cpp__visibility_control.hpp
[1.490s] -- Up-to-date symlink: /home/dbot2/dbot_vda5050_ilmatar/install/vda5050_connector/include/vda5050_connector/vda5050_connector/srv/detail/get_state__builder.hpp
[1.490s] -- Up-to-date symlink: /home/dbot2/dbot_vda5050_ilmatar/install/vda5050_connector/include/vda5050_connector/vda5050_connector/srv/detail/get_state__struct.hpp
[1.491s] -- Up-to-date symlink: /home/dbot2/dbot_vda5050_ilmatar/install/vda5050_connector/include/vda5050_connector/vda5050_connector/srv/detail/get_state__traits.hpp
[1.491s] -- Up-to-date symlink: /home/dbot2/dbot_vda5050_ilmatar/install/vda5050_connector/include/vda5050_connector/vda5050_connector/srv/detail/get_state__type_support.hpp
[1.493s] -- Up-to-date symlink: /home/dbot2/dbot_vda5050_ilmatar/install/vda5050_connector/include/vda5050_connector/vda5050_connector/srv/detail/supported_actions__builder.hpp
[1.493s] -- Up-to-date symlink: /home/dbot2/dbot_vda5050_ilmatar/install/vda5050_connector/include/vda5050_connector/vda5050_connector/srv/detail/supported_actions__struct.hpp
[1.495s] -- Up-to-date symlink: /home/dbot2/dbot_vda5050_ilmatar/install/vda5050_connector/include/vda5050_connector/vda5050_connector/srv/detail/supported_actions__traits.hpp
[1.495s] -- Up-to-date symlink: /home/dbot2/dbot_vda5050_ilmatar/install/vda5050_connector/include/vda5050_connector/vda5050_connector/srv/detail/supported_actions__type_support.hpp
[1.495s] -- Up-to-date symlink: /home/dbot2/dbot_vda5050_ilmatar/install/vda5050_connector/include/vda5050_connector/vda5050_connector/srv/get_state.hpp
[1.495s] -- Up-to-date symlink: /home/dbot2/dbot_vda5050_ilmatar/install/vda5050_connector/include/vda5050_connector/vda5050_connector/srv/supported_actions.hpp
[1.496s] -- Up-to-date symlink: /home/dbot2/dbot_vda5050_ilmatar/install/vda5050_connector/include/vda5050_connector/vda5050_connector/action/detail/navigate_to_node__rosidl_typesupport_fastrtps_cpp.hpp
[1.496s] -- Up-to-date symlink: /home/dbot2/dbot_vda5050_ilmatar/install/vda5050_connector/include/vda5050_connector/vda5050_connector/action/detail/process_vda_action__rosidl_typesupport_fastrtps_cpp.hpp
[1.498s] -- Up-to-date symlink: /home/dbot2/dbot_vda5050_ilmatar/install/vda5050_connector/include/vda5050_connector/vda5050_connector/msg/rosidl_typesupport_fastrtps_cpp__visibility_control.h
[1.498s] -- Up-to-date symlink: /home/dbot2/dbot_vda5050_ilmatar/install/vda5050_connector/include/vda5050_connector/vda5050_connector/srv/detail/get_state__rosidl_typesupport_fastrtps_cpp.hpp
[1.499s] -- Up-to-date symlink: /home/dbot2/dbot_vda5050_ilmatar/install/vda5050_connector/include/vda5050_connector/vda5050_connector/srv/detail/supported_actions__rosidl_typesupport_fastrtps_cpp.hpp
[1.499s] -- Up-to-date symlink: /home/dbot2/dbot_vda5050_ilmatar/install/vda5050_connector/include/vda5050_connector/vda5050_connector/action/detail/navigate_to_node__rosidl_typesupport_introspection_c.h
[1.499s] -- Up-to-date symlink: /home/dbot2/dbot_vda5050_ilmatar/install/vda5050_connector/include/vda5050_connector/vda5050_connector/action/detail/process_vda_action__rosidl_typesupport_introspection_c.h
[1.500s] -- Up-to-date symlink: /home/dbot2/dbot_vda5050_ilmatar/install/vda5050_connector/include/vda5050_connector/vda5050_connector/msg/rosidl_typesupport_introspection_c__visibility_control.h
[1.500s] -- Up-to-date symlink: /home/dbot2/dbot_vda5050_ilmatar/install/vda5050_connector/include/vda5050_connector/vda5050_connector/srv/detail/get_state__rosidl_typesupport_introspection_c.h
[1.501s] -- Up-to-date symlink: /home/dbot2/dbot_vda5050_ilmatar/install/vda5050_connector/include/vda5050_connector/vda5050_connector/srv/detail/supported_actions__rosidl_typesupport_introspection_c.h
[1.501s] -- Up-to-date symlink: /home/dbot2/dbot_vda5050_ilmatar/install/vda5050_connector/include/vda5050_connector/vda5050_connector/action/detail/navigate_to_node__rosidl_typesupport_introspection_cpp.hpp
[1.501s] -- Up-to-date symlink: /home/dbot2/dbot_vda5050_ilmatar/install/vda5050_connector/include/vda5050_connector/vda5050_connector/action/detail/process_vda_action__rosidl_typesupport_introspection_cpp.hpp
[1.502s] -- Up-to-date symlink: /home/dbot2/dbot_vda5050_ilmatar/install/vda5050_connector/include/vda5050_connector/vda5050_connector/srv/detail/get_state__rosidl_typesupport_introspection_cpp.hpp
[1.502s] -- Up-to-date symlink: /home/dbot2/dbot_vda5050_ilmatar/install/vda5050_connector/include/vda5050_connector/vda5050_connector/srv/detail/supported_actions__rosidl_typesupport_introspection_cpp.hpp
[1.503s] -- Up-to-date symlink: /home/dbot2/dbot_vda5050_ilmatar/install/vda5050_connector/share/vda5050_connector/environment/pythonpath.sh
[1.503s] -- Up-to-date symlink: /home/dbot2/dbot_vda5050_ilmatar/install/vda5050_connector/share/vda5050_connector/environment/pythonpath.dsv
[1.503s] -- Up-to-date symlink: /home/dbot2/dbot_vda5050_ilmatar/install/vda5050_connector/local/lib/python3.10/dist-packages/vda5050_connector-1.1.1-py3.10.egg-info/PKG-INFO
[1.503s] -- Up-to-date symlink: /home/dbot2/dbot_vda5050_ilmatar/install/vda5050_connector/local/lib/python3.10/dist-packages/vda5050_connector-1.1.1-py3.10.egg-info/SOURCES.txt
[1.504s] -- Up-to-date symlink: /home/dbot2/dbot_vda5050_ilmatar/install/vda5050_connector/local/lib/python3.10/dist-packages/vda5050_connector-1.1.1-py3.10.egg-info/dependency_links.txt
[1.504s] -- Up-to-date symlink: /home/dbot2/dbot_vda5050_ilmatar/install/vda5050_connector/local/lib/python3.10/dist-packages/vda5050_connector-1.1.1-py3.10.egg-info/top_level.txt
[1.505s] -- Up-to-date symlink: /home/dbot2/dbot_vda5050_ilmatar/install/vda5050_connector/local/lib/python3.10/dist-packages/vda5050_connector/__init__.py
[1.505s] -- Up-to-date symlink: /home/dbot2/dbot_vda5050_ilmatar/install/vda5050_connector/local/lib/python3.10/dist-packages/vda5050_connector/_vda5050_connector_s.ep.rosidl_typesupport_c.c
[1.505s] -- Up-to-date symlink: /home/dbot2/dbot_vda5050_ilmatar/install/vda5050_connector/local/lib/python3.10/dist-packages/vda5050_connector/_vda5050_connector_s.ep.rosidl_typesupport_fastrtps_c.c
[1.506s] -- Up-to-date symlink: /home/dbot2/dbot_vda5050_ilmatar/install/vda5050_connector/local/lib/python3.10/dist-packages/vda5050_connector/_vda5050_connector_s.ep.rosidl_typesupport_introspection_c.c
[1.506s] -- Up-to-date symlink: /home/dbot2/dbot_vda5050_ilmatar/install/vda5050_connector/local/lib/python3.10/dist-packages/vda5050_connector/action/__init__.py
[1.506s] -- Up-to-date symlink: /home/dbot2/dbot_vda5050_ilmatar/install/vda5050_connector/local/lib/python3.10/dist-packages/vda5050_connector/action/_navigate_to_node.py
[1.507s] -- Up-to-date symlink: /home/dbot2/dbot_vda5050_ilmatar/install/vda5050_connector/local/lib/python3.10/dist-packages/vda5050_connector/action/_navigate_to_node_s.c
[1.507s] -- Up-to-date symlink: /home/dbot2/dbot_vda5050_ilmatar/install/vda5050_connector/local/lib/python3.10/dist-packages/vda5050_connector/action/_process_vda_action.py
[1.507s] -- Up-to-date symlink: /home/dbot2/dbot_vda5050_ilmatar/install/vda5050_connector/local/lib/python3.10/dist-packages/vda5050_connector/action/_process_vda_action_s.c
[1.507s] -- Up-to-date symlink: /home/dbot2/dbot_vda5050_ilmatar/install/vda5050_connector/local/lib/python3.10/dist-packages/vda5050_connector/libvda5050_connector__rosidl_generator_py.so
[1.508s] -- Up-to-date symlink: /home/dbot2/dbot_vda5050_ilmatar/install/vda5050_connector/local/lib/python3.10/dist-packages/vda5050_connector/srv/__init__.py
[1.508s] -- Up-to-date symlink: /home/dbot2/dbot_vda5050_ilmatar/install/vda5050_connector/local/lib/python3.10/dist-packages/vda5050_connector/srv/_get_state.py
[1.508s] -- Up-to-date symlink: /home/dbot2/dbot_vda5050_ilmatar/install/vda5050_connector/local/lib/python3.10/dist-packages/vda5050_connector/srv/_get_state_s.c
[1.509s] -- Up-to-date symlink: /home/dbot2/dbot_vda5050_ilmatar/install/vda5050_connector/local/lib/python3.10/dist-packages/vda5050_connector/srv/_supported_actions.py
[1.509s] -- Up-to-date symlink: /home/dbot2/dbot_vda5050_ilmatar/install/vda5050_connector/local/lib/python3.10/dist-packages/vda5050_connector/srv/_supported_actions_s.c
[1.511s] -- Up-to-date symlink: /home/dbot2/dbot_vda5050_ilmatar/install/vda5050_connector/local/lib/python3.10/dist-packages/vda5050_connector/vda5050_connector_s__rosidl_typesupport_c.cpython-310-x86_64-linux-gnu.so
[1.511s] -- Up-to-date symlink: /home/dbot2/dbot_vda5050_ilmatar/install/vda5050_connector/local/lib/python3.10/dist-packages/vda5050_connector/vda5050_connector_s__rosidl_typesupport_fastrtps_c.cpython-310-x86_64-linux-gnu.so
[1.511s] -- Up-to-date symlink: /home/dbot2/dbot_vda5050_ilmatar/install/vda5050_connector/local/lib/python3.10/dist-packages/vda5050_connector/vda5050_connector_s__rosidl_typesupport_introspection_c.cpython-310-x86_64-linux-gnu.so
[1.511s] -- Up-to-date symlink: /home/dbot2/dbot_vda5050_ilmatar/install/vda5050_connector/local/lib/python3.10/dist-packages/vda5050_connector/vda5050_connector_s__rosidl_typesupport_fastrtps_c.cpython-310-x86_64-linux-gnu.so
[1.511s] -- Up-to-date symlink: /home/dbot2/dbot_vda5050_ilmatar/install/vda5050_connector/local/lib/python3.10/dist-packages/vda5050_connector/vda5050_connector_s__rosidl_typesupport_introspection_c.cpython-310-x86_64-linux-gnu.so
[1.511s] -- Up-to-date symlink: /home/dbot2/dbot_vda5050_ilmatar/install/vda5050_connector/local/lib/python3.10/dist-packages/vda5050_connector/vda5050_connector_s__rosidl_typesupport_c.cpython-310-x86_64-linux-gnu.so
[1.513s] -- Up-to-date symlink: /home/dbot2/dbot_vda5050_ilmatar/install/vda5050_connector/share/ament_index/resource_index/rust_packages/vda5050_connector
[1.513s] -- Up-to-date symlink: /home/dbot2/dbot_vda5050_ilmatar/install/vda5050_connector/share/vda5050_connector/rust/Cargo.toml
[1.513s] -- Up-to-date symlink: /home/dbot2/dbot_vda5050_ilmatar/install/vda5050_connector/share/vda5050_connector/rust/build.rs
[1.513s] -- Up-to-date symlink: /home/dbot2/dbot_vda5050_ilmatar/install/vda5050_connector/share/vda5050_connector/rust/src/action.rs
[1.513s] -- Up-to-date symlink: /home/dbot2/dbot_vda5050_ilmatar/install/vda5050_connector/share/vda5050_connector/rust/src/action/rmw.rs
[1.514s] -- Up-to-date symlink: /home/dbot2/dbot_vda5050_ilmatar/install/vda5050_connector/share/vda5050_connector/rust/src/lib.rs
[1.514s] -- Up-to-date symlink: /home/dbot2/dbot_vda5050_ilmatar/install/vda5050_connector/share/vda5050_connector/rust/src/srv.rs
[1.514s] -- Up-to-date symlink: /home/dbot2/dbot_vda5050_ilmatar/install/vda5050_connector/share/vda5050_connector/rust/src/srv/rmw.rs
[1.515s] -- Up-to-date symlink: /home/dbot2/dbot_vda5050_ilmatar/install/vda5050_connector/share/vda5050_connector/action/NavigateToNode.idl
[1.515s] -- Up-to-date symlink: /home/dbot2/dbot_vda5050_ilmatar/install/vda5050_connector/share/vda5050_connector/action/ProcessVDAAction.idl
[1.516s] -- Up-to-date symlink: /home/dbot2/dbot_vda5050_ilmatar/install/vda5050_connector/share/vda5050_connector/srv/GetState.idl
[1.516s] -- Up-to-date symlink: /home/dbot2/dbot_vda5050_ilmatar/install/vda5050_connector/share/vda5050_connector/srv/SupportedActions.idl
[1.516s] -- Up-to-date symlink: /home/dbot2/dbot_vda5050_ilmatar/install/vda5050_connector/share/vda5050_connector/action/NavigateToNode.action
[1.517s] -- Up-to-date symlink: /home/dbot2/dbot_vda5050_ilmatar/install/vda5050_connector/share/vda5050_connector/action/ProcessVDAAction.action
[1.517s] -- Up-to-date symlink: /home/dbot2/dbot_vda5050_ilmatar/install/vda5050_connector/share/vda5050_connector/srv/GetState.srv
[1.517s] -- Up-to-date symlink: /home/dbot2/dbot_vda5050_ilmatar/install/vda5050_connector/share/vda5050_connector/srv/GetState_Request.msg
[1.518s] -- Up-to-date symlink: /home/dbot2/dbot_vda5050_ilmatar/install/vda5050_connector/share/vda5050_connector/srv/GetState_Response.msg
[1.518s] -- Up-to-date symlink: /home/dbot2/dbot_vda5050_ilmatar/install/vda5050_connector/share/vda5050_connector/srv/SupportedActions.srv
[1.518s] -- Up-to-date symlink: /home/dbot2/dbot_vda5050_ilmatar/install/vda5050_connector/share/vda5050_connector/srv/SupportedActions_Request.msg
[1.519s] -- Up-to-date symlink: /home/dbot2/dbot_vda5050_ilmatar/install/vda5050_connector/share/vda5050_connector/srv/SupportedActions_Response.msg
[1.519s] -- Up-to-date symlink: /home/dbot2/dbot_vda5050_ilmatar/install/vda5050_connector/include/vda5050_connector/adapter.hpp
[1.519s] -- Up-to-date symlink: /home/dbot2/dbot_vda5050_ilmatar/install/vda5050_connector/include/vda5050_connector/handler.hpp
[1.520s] -- Up-to-date symlink: /home/dbot2/dbot_vda5050_ilmatar/install/vda5050_connector/include/vda5050_connector/nav_to_node.hpp
[1.520s] -- Up-to-date symlink: /home/dbot2/dbot_vda5050_ilmatar/install/vda5050_connector/include/vda5050_connector/state_handler.hpp
[1.520s] -- Up-to-date symlink: /home/dbot2/dbot_vda5050_ilmatar/install/vda5050_connector/include/vda5050_connector/utils.hpp
[1.520s] -- Up-to-date symlink: /home/dbot2/dbot_vda5050_ilmatar/install/vda5050_connector/include/vda5050_connector/vda_action.hpp
[1.521s] -- Up-to-date symlink: /home/dbot2/dbot_vda5050_ilmatar/install/vda5050_connector/include/vda5050_connector/visibility_control.h
[1.521s] -- Up-to-date symlink: /home/dbot2/dbot_vda5050_ilmatar/install/vda5050_connector/local/lib/python3.10/dist-packages/vda5050_connector_py-1.1.1-py3.10.egg-info/PKG-INFO
[1.522s] -- Up-to-date symlink: /home/dbot2/dbot_vda5050_ilmatar/install/vda5050_connector/local/lib/python3.10/dist-packages/vda5050_connector_py-1.1.1-py3.10.egg-info/SOURCES.txt
[1.522s] -- Up-to-date symlink: /home/dbot2/dbot_vda5050_ilmatar/install/vda5050_connector/local/lib/python3.10/dist-packages/vda5050_connector_py-1.1.1-py3.10.egg-info/dependency_links.txt
[1.522s] -- Up-to-date symlink: /home/dbot2/dbot_vda5050_ilmatar/install/vda5050_connector/local/lib/python3.10/dist-packages/vda5050_connector_py-1.1.1-py3.10.egg-info/top_level.txt
[1.523s] -- Up-to-date symlink: /home/dbot2/dbot_vda5050_ilmatar/install/vda5050_connector/local/lib/python3.10/dist-packages/vda5050_connector_py/__init__.py
[1.523s] -- Up-to-date symlink: /home/dbot2/dbot_vda5050_ilmatar/install/vda5050_connector/local/lib/python3.10/dist-packages/vda5050_connector_py/mqtt_bridge.py
[1.523s] -- Up-to-date symlink: /home/dbot2/dbot_vda5050_ilmatar/install/vda5050_connector/local/lib/python3.10/dist-packages/vda5050_connector_py/rewritten_yaml.py
[1.524s] -- Up-to-date symlink: /home/dbot2/dbot_vda5050_ilmatar/install/vda5050_connector/local/lib/python3.10/dist-packages/vda5050_connector_py/utils.py
[1.524s] -- Up-to-date symlink: /home/dbot2/dbot_vda5050_ilmatar/install/vda5050_connector/local/lib/python3.10/dist-packages/vda5050_connector_py/vda5050_controller.py
[1.524s] -- Up-to-date symlink: /home/dbot2/dbot_vda5050_ilmatar/install/vda5050_connector/lib/vda5050_connector/mqtt_bridge.py
[1.525s] -- Up-to-date symlink: /home/dbot2/dbot_vda5050_ilmatar/install/vda5050_connector/lib/vda5050_connector/vda5050_controller.py
[1.526s] -- Up-to-date symlink: /home/dbot2/dbot_vda5050_ilmatar/install/vda5050_connector/share/vda5050_connector//config/connector_example.yaml
[1.526s] -- Up-to-date symlink: /home/dbot2/dbot_vda5050_ilmatar/install/vda5050_connector/share/vda5050_connector//launch/controller.launch.py
[1.527s] -- Up-to-date symlink: /home/dbot2/dbot_vda5050_ilmatar/install/vda5050_connector/share/vda5050_connector//launch/mqtt_bridge.launch.py
[1.527s] -- Up-to-date symlink: /home/dbot2/dbot_vda5050_ilmatar/install/vda5050_connector/share/vda5050_connector/test/adapter/plugins_test.xml
[1.528s] -- Up-to-date symlink: /home/dbot2/dbot_vda5050_ilmatar/install/vda5050_connector/share/ament_index/resource_index/package_run_dependencies/vda5050_connector
[1.528s] -- Up-to-date symlink: /home/dbot2/dbot_vda5050_ilmatar/install/vda5050_connector/share/ament_index/resource_index/parent_prefix_path/vda5050_connector
[1.530s] -- Up-to-date symlink: /home/dbot2/dbot_vda5050_ilmatar/install/vda5050_connector/share/vda5050_connector/environment/ament_prefix_path.sh
[1.531s] -- Up-to-date symlink: /home/dbot2/dbot_vda5050_ilmatar/install/vda5050_connector/share/vda5050_connector/environment/ament_prefix_path.dsv
[1.531s] -- Up-to-date symlink: /home/dbot2/dbot_vda5050_ilmatar/install/vda5050_connector/share/vda5050_connector/environment/path.sh
[1.532s] -- Up-to-date symlink: /home/dbot2/dbot_vda5050_ilmatar/install/vda5050_connector/share/vda5050_connector/environment/path.dsv
[1.532s] -- Up-to-date symlink: /home/dbot2/dbot_vda5050_ilmatar/install/vda5050_connector/share/vda5050_connector/local_setup.bash
[1.533s] -- Up-to-date symlink: /home/dbot2/dbot_vda5050_ilmatar/install/vda5050_connector/share/vda5050_connector/local_setup.sh
[1.533s] -- Up-to-date symlink: /home/dbot2/dbot_vda5050_ilmatar/install/vda5050_connector/share/vda5050_connector/local_setup.zsh
[1.533s] -- Up-to-date symlink: /home/dbot2/dbot_vda5050_ilmatar/install/vda5050_connector/share/vda5050_connector/local_setup.dsv
[1.534s] -- Symlinking: /home/dbot2/dbot_vda5050_ilmatar/install/vda5050_connector/share/vda5050_connector/package.dsv
[1.547s] -- Up-to-date symlink: /home/dbot2/dbot_vda5050_ilmatar/install/vda5050_connector/share/ament_index/resource_index/packages/vda5050_connector
[1.548s] -- Up-to-date symlink: /home/dbot2/dbot_vda5050_ilmatar/install/vda5050_connector/share/ament_index/resource_index/vda5050_connector__pluginlib__plugin/vda5050_connector
[1.548s] -- Up-to-date symlink: /home/dbot2/dbot_vda5050_ilmatar/install/vda5050_connector/share/vda5050_connector/cmake/rosidl_cmake-extras.cmake
[1.548s] -- Up-to-date symlink: /home/dbot2/dbot_vda5050_ilmatar/install/vda5050_connector/share/vda5050_connector/cmake/ament_cmake_export_dependencies-extras.cmake
[1.548s] -- Up-to-date symlink: /home/dbot2/dbot_vda5050_ilmatar/install/vda5050_connector/share/vda5050_connector/cmake/ament_cmake_export_include_directories-extras.cmake
[1.549s] -- Up-to-date symlink: /home/dbot2/dbot_vda5050_ilmatar/install/vda5050_connector/share/vda5050_connector/cmake/ament_cmake_export_libraries-extras.cmake
[1.549s] -- Up-to-date symlink: /home/dbot2/dbot_vda5050_ilmatar/install/vda5050_connector/share/vda5050_connector/cmake/ament_cmake_export_targets-extras.cmake
[1.551s] -- Up-to-date symlink: /home/dbot2/dbot_vda5050_ilmatar/install/vda5050_connector/share/vda5050_connector/cmake/rosidl_cmake_export_typesupport_targets-extras.cmake
[1.551s] -- Up-to-date symlink: /home/dbot2/dbot_vda5050_ilmatar/install/vda5050_connector/share/vda5050_connector/cmake/rosidl_cmake_export_typesupport_libraries-extras.cmake
[1.551s] -- Up-to-date symlink: /home/dbot2/dbot_vda5050_ilmatar/install/vda5050_connector/share/vda5050_connector/cmake/vda5050_connectorConfig.cmake
[1.551s] -- Up-to-date symlink: /home/dbot2/dbot_vda5050_ilmatar/install/vda5050_connector/share/vda5050_connector/cmake/vda5050_connectorConfig-version.cmake
[1.554s] -- Up-to-date symlink: /home/dbot2/dbot_vda5050_ilmatar/install/vda5050_connector/share/vda5050_connector/package.xml
[1.554s] -- Up-to-date: /home/dbot2/dbot_vda5050_ilmatar/install/vda5050_connector/lib/libvda5050_connector__rosidl_generator_c.so
[1.555s] -- Up-to-date: /home/dbot2/dbot_vda5050_ilmatar/install/vda5050_connector/lib/libvda5050_connector__rosidl_typesupport_fastrtps_c.so
[1.556s] -- Up-to-date: /home/dbot2/dbot_vda5050_ilmatar/install/vda5050_connector/lib/libvda5050_connector__rosidl_typesupport_fastrtps_cpp.so
[1.556s] -- Up-to-date: /home/dbot2/dbot_vda5050_ilmatar/install/vda5050_connector/lib/libvda5050_connector__rosidl_typesupport_introspection_c.so
[1.557s] -- Up-to-date: /home/dbot2/dbot_vda5050_ilmatar/install/vda5050_connector/lib/libvda5050_connector__rosidl_typesupport_c.so
[1.558s] -- Up-to-date: /home/dbot2/dbot_vda5050_ilmatar/install/vda5050_connector/lib/libvda5050_connector__rosidl_typesupport_introspection_cpp.so
[1.559s] -- Up-to-date: /home/dbot2/dbot_vda5050_ilmatar/install/vda5050_connector/lib/libvda5050_connector__rosidl_typesupport_cpp.so
[1.644s] Listing '/home/dbot2/dbot_vda5050_ilmatar/install/vda5050_connector/local/lib/python3.10/dist-packages/vda5050_connector'...
[1.644s] Listing '/home/dbot2/dbot_vda5050_ilmatar/install/vda5050_connector/local/lib/python3.10/dist-packages/vda5050_connector/action'...
[1.644s] Listing '/home/dbot2/dbot_vda5050_ilmatar/install/vda5050_connector/local/lib/python3.10/dist-packages/vda5050_connector/srv'...
[1.648s] -- Up-to-date: /home/dbot2/dbot_vda5050_ilmatar/install/vda5050_connector/lib/libvda5050_connector__rosidl_generator_py.so
[1.651s] -- Up-to-date: /home/dbot2/dbot_vda5050_ilmatar/install/vda5050_connector/lib/libadapter.so
[1.713s] Listing '/home/dbot2/dbot_vda5050_ilmatar/install/vda5050_connector/local/lib/python3.10/dist-packages/vda5050_connector_py'...
[1.717s] -- Up-to-date: /home/dbot2/dbot_vda5050_ilmatar/install/vda5050_connector/share/vda5050_connector/cmake/export_vda5050_connector__rosidl_generator_cExport.cmake
[1.717s] -- Up-to-date: /home/dbot2/dbot_vda5050_ilmatar/install/vda5050_connector/share/vda5050_connector/cmake/export_vda5050_connector__rosidl_generator_cExport-noconfig.cmake
[1.717s] -- Up-to-date: /home/dbot2/dbot_vda5050_ilmatar/install/vda5050_connector/share/vda5050_connector/cmake/export_vda5050_connector__rosidl_typesupport_fastrtps_cExport.cmake
[1.717s] -- Up-to-date: /home/dbot2/dbot_vda5050_ilmatar/install/vda5050_connector/share/vda5050_connector/cmake/export_vda5050_connector__rosidl_typesupport_fastrtps_cExport-noconfig.cmake
[1.717s] -- Up-to-date: /home/dbot2/dbot_vda5050_ilmatar/install/vda5050_connector/share/vda5050_connector/cmake/export_vda5050_connector__rosidl_generator_cppExport.cmake
[1.718s] -- Up-to-date: /home/dbot2/dbot_vda5050_ilmatar/install/vda5050_connector/share/vda5050_connector/cmake/export_vda5050_connector__rosidl_typesupport_fastrtps_cppExport.cmake
[1.718s] -- Up-to-date: /home/dbot2/dbot_vda5050_ilmatar/install/vda5050_connector/share/vda5050_connector/cmake/export_vda5050_connector__rosidl_typesupport_fastrtps_cppExport-noconfig.cmake
[1.718s] -- Up-to-date: /home/dbot2/dbot_vda5050_ilmatar/install/vda5050_connector/share/vda5050_connector/cmake/vda5050_connector__rosidl_typesupport_introspection_cExport.cmake
[1.718s] -- Up-to-date: /home/dbot2/dbot_vda5050_ilmatar/install/vda5050_connector/share/vda5050_connector/cmake/vda5050_connector__rosidl_typesupport_introspection_cExport-noconfig.cmake
[1.718s] -- Up-to-date: /home/dbot2/dbot_vda5050_ilmatar/install/vda5050_connector/share/vda5050_connector/cmake/vda5050_connector__rosidl_typesupport_cExport.cmake
[1.718s] -- Up-to-date: /home/dbot2/dbot_vda5050_ilmatar/install/vda5050_connector/share/vda5050_connector/cmake/vda5050_connector__rosidl_typesupport_cExport-noconfig.cmake
[1.718s] -- Up-to-date: /home/dbot2/dbot_vda5050_ilmatar/install/vda5050_connector/share/vda5050_connector/cmake/vda5050_connector__rosidl_typesupport_introspection_cppExport.cmake
[1.718s] -- Up-to-date: /home/dbot2/dbot_vda5050_ilmatar/install/vda5050_connector/share/vda5050_connector/cmake/vda5050_connector__rosidl_typesupport_introspection_cppExport-noconfig.cmake
[1.719s] -- Up-to-date: /home/dbot2/dbot_vda5050_ilmatar/install/vda5050_connector/share/vda5050_connector/cmake/vda5050_connector__rosidl_typesupport_cppExport.cmake
[1.719s] -- Up-to-date: /home/dbot2/dbot_vda5050_ilmatar/install/vda5050_connector/share/vda5050_connector/cmake/vda5050_connector__rosidl_typesupport_cppExport-noconfig.cmake
[1.719s] -- Up-to-date: /home/dbot2/dbot_vda5050_ilmatar/install/vda5050_connector/share/vda5050_connector/cmake/export_vda5050_connector__rosidl_generator_pyExport.cmake
[1.719s] -- Up-to-date: /home/dbot2/dbot_vda5050_ilmatar/install/vda5050_connector/share/vda5050_connector/cmake/export_vda5050_connector__rosidl_generator_pyExport-noconfig.cmake
[1.719s] -- Up-to-date: /home/dbot2/dbot_vda5050_ilmatar/install/vda5050_connector/share/vda5050_connector/cmake/export_vda5050_connectorExport.cmake
[1.719s] -- Up-to-date: /home/dbot2/dbot_vda5050_ilmatar/install/vda5050_connector/share/vda5050_connector/cmake/export_vda5050_connectorExport-noconfig.cmake
[1.720s] -- Up-to-date: /home/dbot2/dbot_vda5050_ilmatar/install/vda5050_connector/lib/libtest_plugins.so
[1.722s] Invoked command in '/home/dbot2/dbot_vda5050_ilmatar/build/vda5050_connector' returned '0': CMAKE_PREFIX_PATH=/home/dbot2/dbot_vda5050_ilmatar/install/vda5050_msgs:/home/dbot2/dbot_vda5050_ilmatar/install/vda_dbot_nav_slam:/home/dbot2/dbot_vda5050_ilmatar/install/vda5050_connector:/home/dbot2/dbot_vda5050_ilmatar/install/odometry_estimator:/home/dbot2/dbot_vda5050_ilmatar/install/dbot_nav_slam:/home/dbot2/dbot_vda5050_ilmatar/install/dbot_custom_msgs:/home/dbot2/dbot_src/install/odometry_estimator:/home/dbot2/dbot_src/install/dbot_custom_msgs:/home/dbot2/dbot_remote/install/pointcloud_saver:/home/dbot2/circus_demo/install/pcl_localization_ros2:/home/dbot2/circus_demo/install/ndt_omp_ros2:/home/dbot2/ros2_ws/install/rslidar_frame_publish:/home/dbot2/ros2_ws/install/pointcloud_to_laserscan:/home/dbot2/ros2_ws/install/pointcloud_merge:/home/dbot2/ros2_ws/install/odometry_estimator:/home/dbot2/ros2_ws/install/dbot_nav_slam:/home/dbot2/ros2_ws/install/dbot_custom_msgs:/home/dbot2/ros2_ws/install/ament_lint_common:/home/dbot2/ros2_ws/install/ament_cmake_xmllint:/home/dbot2/ros2_ws/install/ament_cmake_uncrustify:/home/dbot2/ros2_ws/install/ament_cmake_pyflakes:/home/dbot2/ros2_ws/install/ament_cmake_pycodestyle:/home/dbot2/ros2_ws/install/ament_cmake_pep257:/home/dbot2/ros2_ws/install/ament_cmake_pclint:/home/dbot2/ros2_ws/install/ament_cmake_mypy:/home/dbot2/ros2_ws/install/ament_cmake_lint_cmake:/home/dbot2/ros2_ws/install/ament_lint_auto:/home/dbot2/ros2_ws/install/ament_cmake_flake8:/home/dbot2/ros2_ws/install/ament_cmake_copyright:/home/dbot2/ros2_ws/install/ament_cmake_cpplint:/home/dbot2/ros2_ws/install/ament_cmake_cppcheck:/home/dbot2/ros2_ws/install/ament_cmake_clang_tidy:/home/dbot2/ros2_ws/install/ament_cmake_clang_format:/home/dbot2/dbot_vda5050_ilmatar/install/vda5050_tb3_adapter:/home/dbot2/dbot_vda5050_ilmatar/install/tf2_dbot:/home/dbot2/dbot_vda5050_ilmatar/install/odom_motion_model:/home/dbot2/dbot_vda5050_ilmatar/install/motor_driver:/home/dbot2/dbot_vda5050_ilmatar/install/joycontrol:/home/dbot2/dbot_vda5050_ilmatar/install/gesturecontrol:/home/dbot2/dbot_vda5050_ilmatar/install/dbot_bridge:/home/dbot2/dbot_vda5050_ilmatar/install/dbot:/home/dbot2/dbot_src/install/tf2_dbot:/home/dbot2/dbot_src/install/point_cloud_merger:/home/dbot2/dbot_src/install/odom_motion_model:/home/dbot2/dbot_src/install/motor_driver:/home/dbot2/dbot_src/install/joycontrol:/home/dbot2/dbot_src/install/dbot:/home/dbot2/dbot_src/src/point_cloud_merger/install/point_cloud_merger:/home/dbot2/dbot_remote/install/pcd_joy_trigger:/home/dbot2/circus_demo/install/circus_demo:/home/dbot2/ros2_ws/install/tf2_dbot:/home/dbot2/ros2_ws/install/odom_motion_model:/home/dbot2/ros2_ws/install/motor_driver:/home/dbot2/ros2_ws/install/m2m_bringup:/home/dbot2/ros2_ws/install/joycontrol:/home/dbot2/ros2_ws/install/gesturecontrol:/home/dbot2/ros2_ws/install/dbot_opcua:/home/dbot2/ros2_ws/install/dbot_middle_frame:/home/dbot2/ros2_ws/install/dbot_bridge:/home/dbot2/ros2_ws/install/dbot:/home/dbot2/ros2_ws/install/ament_xmllint:/home/dbot2/ros2_ws/install/ament_uncrustify:/home/dbot2/ros2_ws/install/ament_pyflakes:/home/dbot2/ros2_ws/install/ament_pycodestyle:/home/dbot2/ros2_ws/install/ament_pep257:/home/dbot2/ros2_ws/install/ament_pclint:/home/dbot2/ros2_ws/install/ament_mypy:/home/dbot2/ros2_ws/install/ament_lint_cmake:/home/dbot2/ros2_ws/install/ament_flake8:/home/dbot2/ros2_ws/install/ament_copyright:/home/dbot2/ros2_ws/install/ament_lint:/home/dbot2/ros2_ws/install/ament_cpplint:/home/dbot2/ros2_ws/install/ament_cppcheck:/home/dbot2/ros2_ws/install/ament_clang_tidy:/home/dbot2/ros2_ws/install/ament_clang_format:/opt/ros/humble LD_LIBRARY_PATH=/home/dbot2/dbot_vda5050_ilmatar/install/vda5050_msgs/lib:/home/dbot2/dbot_vda5050_ilmatar/install/vda5050_connector/lib:/home/dbot2/dbot_vda5050_ilmatar/install/dbot_custom_msgs/lib:/home/dbot2/dbot_src/install/dbot_custom_msgs/lib:/home/dbot2/circus_demo/install/pcl_localization_ros2/lib:/home/dbot2/ros2_ws/install/pointcloud_to_laserscan/lib:/home/dbot2/ros2_ws/install/dbot_custom_msgs/lib:/opt/ros/humble/opt/rviz_ogre_vendor/lib:/opt/ros/humble/lib/x86_64-linux-gnu:/opt/ros/humble/lib /usr/bin/cmake --install /home/dbot2/dbot_vda5050_ilmatar/build/vda5050_connector
