[0.051s] Invoking command in '/home/dbot2/dbot_vda5050_ilmatar/build/dbot_custom_msgs': CMAKE_PREFIX_PATH=${CMAKE_PREFIX_PATH}:/home/dbot2/dbot_vda5050_ilmatar/install/vda5050_tb3_adapter:/home/dbot2/dbot_vda5050_ilmatar/install/tf2_dbot:/home/dbot2/dbot_vda5050_ilmatar/install/odom_motion_model:/home/dbot2/dbot_vda5050_ilmatar/install/motor_driver:/home/dbot2/dbot_vda5050_ilmatar/install/joycontrol:/home/dbot2/dbot_vda5050_ilmatar/install/gesturecontrol:/home/dbot2/dbot_vda5050_ilmatar/install/dbot_bridge:/home/dbot2/dbot_vda5050_ilmatar/install/dbot:/home/dbot2/dbot_src/install/tf2_dbot:/home/dbot2/dbot_src/install/odom_motion_model:/home/dbot2/dbot_src/install/motor_driver:/home/dbot2/dbot_src/install/joycontrol:/home/dbot2/dbot_src/install/dbot:/home/dbot2/dbot_remote/install/pcd_joy_trigger:/home/dbot2/circus_demo/install/circus_demo:/home/dbot2/ros2_ws/install/tf2_dbot:/home/dbot2/ros2_ws/install/odom_motion_model:/home/dbot2/ros2_ws/install/motor_driver:/home/dbot2/ros2_ws/install/joycontrol:/home/dbot2/ros2_ws/install/gesturecontrol:/home/dbot2/ros2_ws/install/dbot_bridge:/home/dbot2/ros2_ws/install/dbot:/home/dbot2/ros2_ws/install/ament_xmllint:/home/dbot2/ros2_ws/install/ament_uncrustify:/home/dbot2/ros2_ws/install/ament_pyflakes:/home/dbot2/ros2_ws/install/ament_pycodestyle:/home/dbot2/ros2_ws/install/ament_pep257:/home/dbot2/ros2_ws/install/ament_pclint:/home/dbot2/ros2_ws/install/ament_mypy:/home/dbot2/ros2_ws/install/ament_lint_cmake:/home/dbot2/ros2_ws/install/ament_flake8:/home/dbot2/ros2_ws/install/ament_copyright:/home/dbot2/ros2_ws/install/ament_lint:/home/dbot2/ros2_ws/install/ament_cpplint:/home/dbot2/ros2_ws/install/ament_cppcheck:/home/dbot2/ros2_ws/install/ament_clang_tidy:/home/dbot2/ros2_ws/install/ament_clang_format:/opt/ros/humble /usr/bin/cmake --build /home/dbot2/dbot_vda5050_ilmatar/build/dbot_custom_msgs -- -j8 -l8
[2.678s] [  3%] Built target dbot_custom_msgs__cpp
[2.678s] [  6%] [32mBuilding C object CMakeFiles/dbot_custom_msgs__rosidl_generator_c.dir/rosidl_generator_c/dbot_custom_msgs/msg/detail/wheel_encoder__functions.c.o[0m
[2.678s] [  6%] Built target ament_cmake_python_symlink_dbot_custom_msgs
[2.678s] [  9%] [32mBuilding CXX object CMakeFiles/dbot_custom_msgs__rosidl_typesupport_introspection_cpp.dir/rosidl_typesupport_introspection_cpp/dbot_custom_msgs/msg/detail/wheel_encoder__type_support.cpp.o[0m
[2.678s] [ 12%] [32mBuilding CXX object CMakeFiles/dbot_custom_msgs__rosidl_typesupport_fastrtps_cpp.dir/rosidl_typesupport_fastrtps_cpp/dbot_custom_msgs/msg/detail/dds_fastrtps/wheel_encoder__type_support.cpp.o[0m
[2.678s] [ 16%] [32mBuilding CXX object CMakeFiles/dbot_custom_msgs__rosidl_typesupport_cpp.dir/rosidl_typesupport_cpp/dbot_custom_msgs/msg/wheel_encoder__type_support.cpp.o[0m
[2.679s] [ 19%] [32m[1mLinking C shared library libdbot_custom_msgs__rosidl_generator_c.so[0m
[2.679s] [ 22%] Built target dbot_custom_msgs__rosidl_generator_c
[2.679s] [ 25%] [32mBuilding CXX object CMakeFiles/dbot_custom_msgs__rosidl_typesupport_fastrtps_c.dir/rosidl_typesupport_fastrtps_c/dbot_custom_msgs/msg/detail/wheel_encoder__type_support_c.cpp.o[0m
[2.679s] [ 29%] [32mBuilding CXX object CMakeFiles/dbot_custom_msgs__rosidl_typesupport_c.dir/rosidl_typesupport_c/dbot_custom_msgs/msg/wheel_encoder__type_support.cpp.o[0m
[2.679s] [ 32%] [32mBuilding C object CMakeFiles/dbot_custom_msgs__rosidl_typesupport_introspection_c.dir/rosidl_typesupport_introspection_c/dbot_custom_msgs/msg/detail/wheel_encoder__type_support.c.o[0m
[2.679s] [ 35%] [32m[1mLinking CXX shared library libdbot_custom_msgs__rosidl_typesupport_c.so[0m
[2.679s] [ 38%] [32m[1mLinking C shared library libdbot_custom_msgs__rosidl_typesupport_introspection_c.so[0m
[2.679s] [ 41%] Built target dbot_custom_msgs__rosidl_typesupport_c
[2.679s] [ 45%] Built target dbot_custom_msgs__rosidl_typesupport_introspection_c
[2.679s] [ 48%] [32m[1mLinking CXX shared library libdbot_custom_msgs__rosidl_typesupport_cpp.so[0m
[2.679s] running egg_info
[2.679s] writing dbot_custom_msgs.egg-info/PKG-INFO
[2.679s] writing dependency_links to dbot_custom_msgs.egg-info/dependency_links.txt
[2.679s] writing top-level names to dbot_custom_msgs.egg-info/top_level.txt
[2.679s] reading manifest file 'dbot_custom_msgs.egg-info/SOURCES.txt'
[2.679s] writing manifest file 'dbot_custom_msgs.egg-info/SOURCES.txt'
[2.679s] [ 51%] Built target dbot_custom_msgs__rosidl_typesupport_cpp
[2.680s] [ 51%] Built target ament_cmake_python_build_dbot_custom_msgs_egg
[2.680s] [ 54%] [32m[1mLinking CXX shared library libdbot_custom_msgs__rosidl_typesupport_fastrtps_cpp.so[0m
[2.680s] [ 58%] Built target dbot_custom_msgs__rosidl_typesupport_fastrtps_cpp
[2.680s] [ 61%] [32m[1mLinking CXX shared library libdbot_custom_msgs__rosidl_typesupport_introspection_cpp.so[0m
[2.680s] [ 64%] [32m[1mLinking CXX shared library libdbot_custom_msgs__rosidl_typesupport_fastrtps_c.so[0m
[2.680s] [ 67%] Built target dbot_custom_msgs__rosidl_typesupport_introspection_cpp
[2.680s] [ 70%] Built target dbot_custom_msgs__rosidl_typesupport_fastrtps_c
[2.680s] [ 70%] Built target dbot_custom_msgs
[2.680s] [ 74%] Built target dbot_custom_msgs__py
[2.680s] [ 77%] [32mBuilding C object CMakeFiles/dbot_custom_msgs__rosidl_generator_py.dir/rosidl_generator_py/dbot_custom_msgs/msg/_wheel_encoder_s.c.o[0m
[2.680s] [ 80%] [32m[1mLinking C shared library rosidl_generator_py/dbot_custom_msgs/libdbot_custom_msgs__rosidl_generator_py.so[0m
[2.680s] [ 80%] Built target dbot_custom_msgs__rosidl_generator_py
[2.680s] [ 83%] [32mBuilding C object CMakeFiles/dbot_custom_msgs__rosidl_typesupport_c__pyext.dir/rosidl_generator_py/dbot_custom_msgs/_dbot_custom_msgs_s.ep.rosidl_typesupport_c.c.o[0m
[2.680s] [ 87%] [32mBuilding C object CMakeFiles/dbot_custom_msgs__rosidl_typesupport_introspection_c__pyext.dir/rosidl_generator_py/dbot_custom_msgs/_dbot_custom_msgs_s.ep.rosidl_typesupport_introspection_c.c.o[0m
[2.680s] [ 90%] [32mBuilding C object CMakeFiles/dbot_custom_msgs__rosidl_typesupport_fastrtps_c__pyext.dir/rosidl_generator_py/dbot_custom_msgs/_dbot_custom_msgs_s.ep.rosidl_typesupport_fastrtps_c.c.o[0m
[2.681s] [ 93%] [32m[1mLinking C shared library rosidl_generator_py/dbot_custom_msgs/dbot_custom_msgs_s__rosidl_typesupport_fastrtps_c.cpython-310-x86_64-linux-gnu.so[0m
[2.681s] [ 96%] [32m[1mLinking C shared library rosidl_generator_py/dbot_custom_msgs/dbot_custom_msgs_s__rosidl_typesupport_c.cpython-310-x86_64-linux-gnu.so[0m
[2.681s] [100%] [32m[1mLinking C shared library rosidl_generator_py/dbot_custom_msgs/dbot_custom_msgs_s__rosidl_typesupport_introspection_c.cpython-310-x86_64-linux-gnu.so[0m
[2.681s] [100%] Built target dbot_custom_msgs__rosidl_typesupport_c__pyext
[2.681s] [100%] Built target dbot_custom_msgs__rosidl_typesupport_fastrtps_c__pyext
[2.681s] [100%] Built target dbot_custom_msgs__rosidl_typesupport_introspection_c__pyext
[3.172s] Invoked command in '/home/dbot2/dbot_vda5050_ilmatar/build/dbot_custom_msgs' returned '0': CMAKE_PREFIX_PATH=${CMAKE_PREFIX_PATH}:/home/dbot2/dbot_vda5050_ilmatar/install/vda5050_tb3_adapter:/home/dbot2/dbot_vda5050_ilmatar/install/tf2_dbot:/home/dbot2/dbot_vda5050_ilmatar/install/odom_motion_model:/home/dbot2/dbot_vda5050_ilmatar/install/motor_driver:/home/dbot2/dbot_vda5050_ilmatar/install/joycontrol:/home/dbot2/dbot_vda5050_ilmatar/install/gesturecontrol:/home/dbot2/dbot_vda5050_ilmatar/install/dbot_bridge:/home/dbot2/dbot_vda5050_ilmatar/install/dbot:/home/dbot2/dbot_src/install/tf2_dbot:/home/dbot2/dbot_src/install/odom_motion_model:/home/dbot2/dbot_src/install/motor_driver:/home/dbot2/dbot_src/install/joycontrol:/home/dbot2/dbot_src/install/dbot:/home/dbot2/dbot_remote/install/pcd_joy_trigger:/home/dbot2/circus_demo/install/circus_demo:/home/dbot2/ros2_ws/install/tf2_dbot:/home/dbot2/ros2_ws/install/odom_motion_model:/home/dbot2/ros2_ws/install/motor_driver:/home/dbot2/ros2_ws/install/joycontrol:/home/dbot2/ros2_ws/install/gesturecontrol:/home/dbot2/ros2_ws/install/dbot_bridge:/home/dbot2/ros2_ws/install/dbot:/home/dbot2/ros2_ws/install/ament_xmllint:/home/dbot2/ros2_ws/install/ament_uncrustify:/home/dbot2/ros2_ws/install/ament_pyflakes:/home/dbot2/ros2_ws/install/ament_pycodestyle:/home/dbot2/ros2_ws/install/ament_pep257:/home/dbot2/ros2_ws/install/ament_pclint:/home/dbot2/ros2_ws/install/ament_mypy:/home/dbot2/ros2_ws/install/ament_lint_cmake:/home/dbot2/ros2_ws/install/ament_flake8:/home/dbot2/ros2_ws/install/ament_copyright:/home/dbot2/ros2_ws/install/ament_lint:/home/dbot2/ros2_ws/install/ament_cpplint:/home/dbot2/ros2_ws/install/ament_cppcheck:/home/dbot2/ros2_ws/install/ament_clang_tidy:/home/dbot2/ros2_ws/install/ament_clang_format:/opt/ros/humble /usr/bin/cmake --build /home/dbot2/dbot_vda5050_ilmatar/build/dbot_custom_msgs -- -j8 -l8
[3.201s] Invoking command in '/home/dbot2/dbot_vda5050_ilmatar/build/dbot_custom_msgs': CMAKE_PREFIX_PATH=${CMAKE_PREFIX_PATH}:/home/dbot2/dbot_vda5050_ilmatar/install/vda5050_tb3_adapter:/home/dbot2/dbot_vda5050_ilmatar/install/tf2_dbot:/home/dbot2/dbot_vda5050_ilmatar/install/odom_motion_model:/home/dbot2/dbot_vda5050_ilmatar/install/motor_driver:/home/dbot2/dbot_vda5050_ilmatar/install/joycontrol:/home/dbot2/dbot_vda5050_ilmatar/install/gesturecontrol:/home/dbot2/dbot_vda5050_ilmatar/install/dbot_bridge:/home/dbot2/dbot_vda5050_ilmatar/install/dbot:/home/dbot2/dbot_src/install/tf2_dbot:/home/dbot2/dbot_src/install/odom_motion_model:/home/dbot2/dbot_src/install/motor_driver:/home/dbot2/dbot_src/install/joycontrol:/home/dbot2/dbot_src/install/dbot:/home/dbot2/dbot_remote/install/pcd_joy_trigger:/home/dbot2/circus_demo/install/circus_demo:/home/dbot2/ros2_ws/install/tf2_dbot:/home/dbot2/ros2_ws/install/odom_motion_model:/home/dbot2/ros2_ws/install/motor_driver:/home/dbot2/ros2_ws/install/joycontrol:/home/dbot2/ros2_ws/install/gesturecontrol:/home/dbot2/ros2_ws/install/dbot_bridge:/home/dbot2/ros2_ws/install/dbot:/home/dbot2/ros2_ws/install/ament_xmllint:/home/dbot2/ros2_ws/install/ament_uncrustify:/home/dbot2/ros2_ws/install/ament_pyflakes:/home/dbot2/ros2_ws/install/ament_pycodestyle:/home/dbot2/ros2_ws/install/ament_pep257:/home/dbot2/ros2_ws/install/ament_pclint:/home/dbot2/ros2_ws/install/ament_mypy:/home/dbot2/ros2_ws/install/ament_lint_cmake:/home/dbot2/ros2_ws/install/ament_flake8:/home/dbot2/ros2_ws/install/ament_copyright:/home/dbot2/ros2_ws/install/ament_lint:/home/dbot2/ros2_ws/install/ament_cpplint:/home/dbot2/ros2_ws/install/ament_cppcheck:/home/dbot2/ros2_ws/install/ament_clang_tidy:/home/dbot2/ros2_ws/install/ament_clang_format:/opt/ros/humble /usr/bin/cmake --install /home/dbot2/dbot_vda5050_ilmatar/build/dbot_custom_msgs
[3.217s] -- Install configuration: ""
[3.217s] -- Execute custom install script
[3.217s] -- Up-to-date symlink: /home/dbot2/dbot_vda5050_ilmatar/install/dbot_custom_msgs/share/ament_index/resource_index/rosidl_interfaces/dbot_custom_msgs
[3.219s] -- Up-to-date symlink: /home/dbot2/dbot_vda5050_ilmatar/install/dbot_custom_msgs/include/dbot_custom_msgs/dbot_custom_msgs/msg/detail/wheel_encoder__functions.h
[3.219s] -- Up-to-date symlink: /home/dbot2/dbot_vda5050_ilmatar/install/dbot_custom_msgs/include/dbot_custom_msgs/dbot_custom_msgs/msg/detail/wheel_encoder__struct.h
[3.219s] -- Up-to-date symlink: /home/dbot2/dbot_vda5050_ilmatar/install/dbot_custom_msgs/include/dbot_custom_msgs/dbot_custom_msgs/msg/detail/wheel_encoder__type_support.h
[3.219s] -- Up-to-date symlink: /home/dbot2/dbot_vda5050_ilmatar/install/dbot_custom_msgs/include/dbot_custom_msgs/dbot_custom_msgs/msg/rosidl_generator_c__visibility_control.h
[3.219s] -- Up-to-date symlink: /home/dbot2/dbot_vda5050_ilmatar/install/dbot_custom_msgs/include/dbot_custom_msgs/dbot_custom_msgs/msg/wheel_encoder.h
[3.219s] -- Up-to-date symlink: /home/dbot2/dbot_vda5050_ilmatar/install/dbot_custom_msgs/share/dbot_custom_msgs/environment/library_path.sh
[3.229s] -- Up-to-date symlink: /home/dbot2/dbot_vda5050_ilmatar/install/dbot_custom_msgs/share/dbot_custom_msgs/environment/library_path.dsv
[3.229s] -- Up-to-date symlink: /home/dbot2/dbot_vda5050_ilmatar/install/dbot_custom_msgs/include/dbot_custom_msgs/dbot_custom_msgs/msg/detail/wheel_encoder__rosidl_typesupport_fastrtps_c.h
[3.229s] -- Up-to-date symlink: /home/dbot2/dbot_vda5050_ilmatar/install/dbot_custom_msgs/include/dbot_custom_msgs/dbot_custom_msgs/msg/rosidl_typesupport_fastrtps_c__visibility_control.h
[3.229s] -- Up-to-date symlink: /home/dbot2/dbot_vda5050_ilmatar/install/dbot_custom_msgs/include/dbot_custom_msgs/dbot_custom_msgs/msg/detail/wheel_encoder__rosidl_typesupport_introspection_c.h
[3.229s] -- Up-to-date symlink: /home/dbot2/dbot_vda5050_ilmatar/install/dbot_custom_msgs/include/dbot_custom_msgs/dbot_custom_msgs/msg/rosidl_typesupport_introspection_c__visibility_control.h
[3.229s] -- Up-to-date symlink: /home/dbot2/dbot_vda5050_ilmatar/install/dbot_custom_msgs/include/dbot_custom_msgs/dbot_custom_msgs/msg/detail/wheel_encoder__builder.hpp
[3.234s] -- Up-to-date symlink: /home/dbot2/dbot_vda5050_ilmatar/install/dbot_custom_msgs/include/dbot_custom_msgs/dbot_custom_msgs/msg/detail/wheel_encoder__struct.hpp
[3.234s] -- Up-to-date symlink: /home/dbot2/dbot_vda5050_ilmatar/install/dbot_custom_msgs/include/dbot_custom_msgs/dbot_custom_msgs/msg/detail/wheel_encoder__traits.hpp
[3.235s] -- Up-to-date symlink: /home/dbot2/dbot_vda5050_ilmatar/install/dbot_custom_msgs/include/dbot_custom_msgs/dbot_custom_msgs/msg/detail/wheel_encoder__type_support.hpp
[3.236s] -- Up-to-date symlink: /home/dbot2/dbot_vda5050_ilmatar/install/dbot_custom_msgs/include/dbot_custom_msgs/dbot_custom_msgs/msg/rosidl_generator_cpp__visibility_control.hpp
[3.236s] -- Up-to-date symlink: /home/dbot2/dbot_vda5050_ilmatar/install/dbot_custom_msgs/include/dbot_custom_msgs/dbot_custom_msgs/msg/wheel_encoder.hpp
[3.236s] -- Up-to-date symlink: /home/dbot2/dbot_vda5050_ilmatar/install/dbot_custom_msgs/include/dbot_custom_msgs/dbot_custom_msgs/msg/detail/wheel_encoder__rosidl_typesupport_fastrtps_cpp.hpp
[3.236s] -- Up-to-date symlink: /home/dbot2/dbot_vda5050_ilmatar/install/dbot_custom_msgs/include/dbot_custom_msgs/dbot_custom_msgs/msg/rosidl_typesupport_fastrtps_cpp__visibility_control.h
[3.236s] -- Up-to-date symlink: /home/dbot2/dbot_vda5050_ilmatar/install/dbot_custom_msgs/include/dbot_custom_msgs/dbot_custom_msgs/msg/detail/wheel_encoder__rosidl_typesupport_introspection_cpp.hpp
[3.236s] -- Up-to-date symlink: /home/dbot2/dbot_vda5050_ilmatar/install/dbot_custom_msgs/share/dbot_custom_msgs/environment/pythonpath.sh
[3.236s] -- Up-to-date symlink: /home/dbot2/dbot_vda5050_ilmatar/install/dbot_custom_msgs/share/dbot_custom_msgs/environment/pythonpath.dsv
[3.236s] -- Up-to-date symlink: /home/dbot2/dbot_vda5050_ilmatar/install/dbot_custom_msgs/local/lib/python3.10/dist-packages/dbot_custom_msgs-0.0.0-py3.10.egg-info/PKG-INFO
[3.236s] -- Up-to-date symlink: /home/dbot2/dbot_vda5050_ilmatar/install/dbot_custom_msgs/local/lib/python3.10/dist-packages/dbot_custom_msgs-0.0.0-py3.10.egg-info/SOURCES.txt
[3.236s] -- Up-to-date symlink: /home/dbot2/dbot_vda5050_ilmatar/install/dbot_custom_msgs/local/lib/python3.10/dist-packages/dbot_custom_msgs-0.0.0-py3.10.egg-info/dependency_links.txt
[3.237s] -- Up-to-date symlink: /home/dbot2/dbot_vda5050_ilmatar/install/dbot_custom_msgs/local/lib/python3.10/dist-packages/dbot_custom_msgs-0.0.0-py3.10.egg-info/top_level.txt
[3.237s] -- Up-to-date symlink: /home/dbot2/dbot_vda5050_ilmatar/install/dbot_custom_msgs/local/lib/python3.10/dist-packages/dbot_custom_msgs/__init__.py
[3.237s] -- Up-to-date symlink: /home/dbot2/dbot_vda5050_ilmatar/install/dbot_custom_msgs/local/lib/python3.10/dist-packages/dbot_custom_msgs/_dbot_custom_msgs_s.ep.rosidl_typesupport_c.c
[3.237s] -- Up-to-date symlink: /home/dbot2/dbot_vda5050_ilmatar/install/dbot_custom_msgs/local/lib/python3.10/dist-packages/dbot_custom_msgs/_dbot_custom_msgs_s.ep.rosidl_typesupport_fastrtps_c.c
[3.237s] -- Up-to-date symlink: /home/dbot2/dbot_vda5050_ilmatar/install/dbot_custom_msgs/local/lib/python3.10/dist-packages/dbot_custom_msgs/_dbot_custom_msgs_s.ep.rosidl_typesupport_introspection_c.c
[3.237s] -- Up-to-date symlink: /home/dbot2/dbot_vda5050_ilmatar/install/dbot_custom_msgs/local/lib/python3.10/dist-packages/dbot_custom_msgs/dbot_custom_msgs_s__rosidl_typesupport_c.cpython-310-x86_64-linux-gnu.so
[3.238s] -- Up-to-date symlink: /home/dbot2/dbot_vda5050_ilmatar/install/dbot_custom_msgs/local/lib/python3.10/dist-packages/dbot_custom_msgs/dbot_custom_msgs_s__rosidl_typesupport_fastrtps_c.cpython-310-x86_64-linux-gnu.so
[3.238s] -- Up-to-date symlink: /home/dbot2/dbot_vda5050_ilmatar/install/dbot_custom_msgs/local/lib/python3.10/dist-packages/dbot_custom_msgs/dbot_custom_msgs_s__rosidl_typesupport_introspection_c.cpython-310-x86_64-linux-gnu.so
[3.238s] -- Up-to-date symlink: /home/dbot2/dbot_vda5050_ilmatar/install/dbot_custom_msgs/local/lib/python3.10/dist-packages/dbot_custom_msgs/libdbot_custom_msgs__rosidl_generator_py.so
[3.238s] -- Up-to-date symlink: /home/dbot2/dbot_vda5050_ilmatar/install/dbot_custom_msgs/local/lib/python3.10/dist-packages/dbot_custom_msgs/msg/__init__.py
[3.238s] -- Up-to-date symlink: /home/dbot2/dbot_vda5050_ilmatar/install/dbot_custom_msgs/local/lib/python3.10/dist-packages/dbot_custom_msgs/msg/_wheel_encoder.py
[3.238s] -- Up-to-date symlink: /home/dbot2/dbot_vda5050_ilmatar/install/dbot_custom_msgs/local/lib/python3.10/dist-packages/dbot_custom_msgs/msg/_wheel_encoder_s.c
[3.238s] -- Up-to-date symlink: /home/dbot2/dbot_vda5050_ilmatar/install/dbot_custom_msgs/local/lib/python3.10/dist-packages/dbot_custom_msgs/dbot_custom_msgs_s__rosidl_typesupport_fastrtps_c.cpython-310-x86_64-linux-gnu.so
[3.238s] -- Up-to-date symlink: /home/dbot2/dbot_vda5050_ilmatar/install/dbot_custom_msgs/local/lib/python3.10/dist-packages/dbot_custom_msgs/dbot_custom_msgs_s__rosidl_typesupport_introspection_c.cpython-310-x86_64-linux-gnu.so
[3.238s] -- Up-to-date symlink: /home/dbot2/dbot_vda5050_ilmatar/install/dbot_custom_msgs/local/lib/python3.10/dist-packages/dbot_custom_msgs/dbot_custom_msgs_s__rosidl_typesupport_c.cpython-310-x86_64-linux-gnu.so
[3.245s] -- Up-to-date symlink: /home/dbot2/dbot_vda5050_ilmatar/install/dbot_custom_msgs/share/dbot_custom_msgs/msg/WheelEncoder.idl
[3.245s] -- Up-to-date symlink: /home/dbot2/dbot_vda5050_ilmatar/install/dbot_custom_msgs/share/dbot_custom_msgs/msg/WheelEncoder.msg
[3.258s] -- Up-to-date symlink: /home/dbot2/dbot_vda5050_ilmatar/install/dbot_custom_msgs/share/ament_index/resource_index/package_run_dependencies/dbot_custom_msgs
[3.258s] -- Up-to-date symlink: /home/dbot2/dbot_vda5050_ilmatar/install/dbot_custom_msgs/share/ament_index/resource_index/parent_prefix_path/dbot_custom_msgs
[3.258s] -- Up-to-date symlink: /home/dbot2/dbot_vda5050_ilmatar/install/dbot_custom_msgs/share/dbot_custom_msgs/environment/ament_prefix_path.sh
[3.258s] -- Up-to-date symlink: /home/dbot2/dbot_vda5050_ilmatar/install/dbot_custom_msgs/share/dbot_custom_msgs/environment/ament_prefix_path.dsv
[3.258s] -- Up-to-date symlink: /home/dbot2/dbot_vda5050_ilmatar/install/dbot_custom_msgs/share/dbot_custom_msgs/environment/path.sh
[3.258s] -- Up-to-date symlink: /home/dbot2/dbot_vda5050_ilmatar/install/dbot_custom_msgs/share/dbot_custom_msgs/environment/path.dsv
[3.258s] -- Up-to-date symlink: /home/dbot2/dbot_vda5050_ilmatar/install/dbot_custom_msgs/share/dbot_custom_msgs/local_setup.bash
[3.258s] -- Up-to-date symlink: /home/dbot2/dbot_vda5050_ilmatar/install/dbot_custom_msgs/share/dbot_custom_msgs/local_setup.sh
[3.258s] -- Up-to-date symlink: /home/dbot2/dbot_vda5050_ilmatar/install/dbot_custom_msgs/share/dbot_custom_msgs/local_setup.zsh
[3.258s] -- Up-to-date symlink: /home/dbot2/dbot_vda5050_ilmatar/install/dbot_custom_msgs/share/dbot_custom_msgs/local_setup.dsv
[3.258s] -- Symlinking: /home/dbot2/dbot_vda5050_ilmatar/install/dbot_custom_msgs/share/dbot_custom_msgs/package.dsv
[3.259s] -- Up-to-date symlink: /home/dbot2/dbot_vda5050_ilmatar/install/dbot_custom_msgs/share/ament_index/resource_index/packages/dbot_custom_msgs
[3.259s] -- Up-to-date symlink: /home/dbot2/dbot_vda5050_ilmatar/install/dbot_custom_msgs/share/dbot_custom_msgs/cmake/rosidl_cmake-extras.cmake
[3.259s] -- Up-to-date symlink: /home/dbot2/dbot_vda5050_ilmatar/install/dbot_custom_msgs/share/dbot_custom_msgs/cmake/ament_cmake_export_dependencies-extras.cmake
[3.259s] -- Up-to-date symlink: /home/dbot2/dbot_vda5050_ilmatar/install/dbot_custom_msgs/share/dbot_custom_msgs/cmake/ament_cmake_export_include_directories-extras.cmake
[3.259s] -- Up-to-date symlink: /home/dbot2/dbot_vda5050_ilmatar/install/dbot_custom_msgs/share/dbot_custom_msgs/cmake/ament_cmake_export_libraries-extras.cmake
[3.259s] -- Up-to-date symlink: /home/dbot2/dbot_vda5050_ilmatar/install/dbot_custom_msgs/share/dbot_custom_msgs/cmake/ament_cmake_export_targets-extras.cmake
[3.259s] -- Up-to-date symlink: /home/dbot2/dbot_vda5050_ilmatar/install/dbot_custom_msgs/share/dbot_custom_msgs/cmake/rosidl_cmake_export_typesupport_targets-extras.cmake
[3.259s] -- Up-to-date symlink: /home/dbot2/dbot_vda5050_ilmatar/install/dbot_custom_msgs/share/dbot_custom_msgs/cmake/rosidl_cmake_export_typesupport_libraries-extras.cmake
[3.259s] -- Up-to-date symlink: /home/dbot2/dbot_vda5050_ilmatar/install/dbot_custom_msgs/share/dbot_custom_msgs/cmake/dbot_custom_msgsConfig.cmake
[3.259s] -- Up-to-date symlink: /home/dbot2/dbot_vda5050_ilmatar/install/dbot_custom_msgs/share/dbot_custom_msgs/cmake/dbot_custom_msgsConfig-version.cmake
[3.259s] -- Up-to-date symlink: /home/dbot2/dbot_vda5050_ilmatar/install/dbot_custom_msgs/share/dbot_custom_msgs/package.xml
[3.259s] -- Installing: /home/dbot2/dbot_vda5050_ilmatar/install/dbot_custom_msgs/lib/libdbot_custom_msgs__rosidl_generator_c.so
[3.259s] -- Set runtime path of "/home/dbot2/dbot_vda5050_ilmatar/install/dbot_custom_msgs/lib/libdbot_custom_msgs__rosidl_generator_c.so" to ""
[3.259s] -- Installing: /home/dbot2/dbot_vda5050_ilmatar/install/dbot_custom_msgs/lib/libdbot_custom_msgs__rosidl_typesupport_fastrtps_c.so
[3.259s] -- Set runtime path of "/home/dbot2/dbot_vda5050_ilmatar/install/dbot_custom_msgs/lib/libdbot_custom_msgs__rosidl_typesupport_fastrtps_c.so" to ""
[3.259s] -- Installing: /home/dbot2/dbot_vda5050_ilmatar/install/dbot_custom_msgs/lib/libdbot_custom_msgs__rosidl_typesupport_introspection_c.so
[3.260s] -- Set runtime path of "/home/dbot2/dbot_vda5050_ilmatar/install/dbot_custom_msgs/lib/libdbot_custom_msgs__rosidl_typesupport_introspection_c.so" to ""
[3.260s] -- Installing: /home/dbot2/dbot_vda5050_ilmatar/install/dbot_custom_msgs/lib/libdbot_custom_msgs__rosidl_typesupport_c.so
[3.260s] -- Set runtime path of "/home/dbot2/dbot_vda5050_ilmatar/install/dbot_custom_msgs/lib/libdbot_custom_msgs__rosidl_typesupport_c.so" to ""
[3.266s] -- Installing: /home/dbot2/dbot_vda5050_ilmatar/install/dbot_custom_msgs/lib/libdbot_custom_msgs__rosidl_typesupport_fastrtps_cpp.so
[3.266s] -- Set runtime path of "/home/dbot2/dbot_vda5050_ilmatar/install/dbot_custom_msgs/lib/libdbot_custom_msgs__rosidl_typesupport_fastrtps_cpp.so" to ""
[3.266s] -- Installing: /home/dbot2/dbot_vda5050_ilmatar/install/dbot_custom_msgs/lib/libdbot_custom_msgs__rosidl_typesupport_introspection_cpp.so
[3.266s] -- Set runtime path of "/home/dbot2/dbot_vda5050_ilmatar/install/dbot_custom_msgs/lib/libdbot_custom_msgs__rosidl_typesupport_introspection_cpp.so" to ""
[3.266s] -- Installing: /home/dbot2/dbot_vda5050_ilmatar/install/dbot_custom_msgs/lib/libdbot_custom_msgs__rosidl_typesupport_cpp.so
[3.266s] -- Set runtime path of "/home/dbot2/dbot_vda5050_ilmatar/install/dbot_custom_msgs/lib/libdbot_custom_msgs__rosidl_typesupport_cpp.so" to ""
[3.405s] Listing '/home/dbot2/dbot_vda5050_ilmatar/install/dbot_custom_msgs/local/lib/python3.10/dist-packages/dbot_custom_msgs'...
[3.405s] Listing '/home/dbot2/dbot_vda5050_ilmatar/install/dbot_custom_msgs/local/lib/python3.10/dist-packages/dbot_custom_msgs/msg'...
[3.413s] -- Installing: /home/dbot2/dbot_vda5050_ilmatar/install/dbot_custom_msgs/lib/libdbot_custom_msgs__rosidl_generator_py.so
[3.413s] -- Set runtime path of "/home/dbot2/dbot_vda5050_ilmatar/install/dbot_custom_msgs/lib/libdbot_custom_msgs__rosidl_generator_py.so" to ""
[3.414s] -- Up-to-date: /home/dbot2/dbot_vda5050_ilmatar/install/dbot_custom_msgs/share/dbot_custom_msgs/cmake/export_dbot_custom_msgs__rosidl_generator_cExport.cmake
[3.414s] -- Up-to-date: /home/dbot2/dbot_vda5050_ilmatar/install/dbot_custom_msgs/share/dbot_custom_msgs/cmake/export_dbot_custom_msgs__rosidl_generator_cExport-noconfig.cmake
[3.414s] -- Up-to-date: /home/dbot2/dbot_vda5050_ilmatar/install/dbot_custom_msgs/share/dbot_custom_msgs/cmake/export_dbot_custom_msgs__rosidl_typesupport_fastrtps_cExport.cmake
[3.427s] -- Up-to-date: /home/dbot2/dbot_vda5050_ilmatar/install/dbot_custom_msgs/share/dbot_custom_msgs/cmake/export_dbot_custom_msgs__rosidl_typesupport_fastrtps_cExport-noconfig.cmake
[3.427s] -- Up-to-date: /home/dbot2/dbot_vda5050_ilmatar/install/dbot_custom_msgs/share/dbot_custom_msgs/cmake/dbot_custom_msgs__rosidl_typesupport_introspection_cExport.cmake
[3.427s] -- Up-to-date: /home/dbot2/dbot_vda5050_ilmatar/install/dbot_custom_msgs/share/dbot_custom_msgs/cmake/dbot_custom_msgs__rosidl_typesupport_introspection_cExport-noconfig.cmake
[3.427s] -- Up-to-date: /home/dbot2/dbot_vda5050_ilmatar/install/dbot_custom_msgs/share/dbot_custom_msgs/cmake/dbot_custom_msgs__rosidl_typesupport_cExport.cmake
[3.427s] -- Up-to-date: /home/dbot2/dbot_vda5050_ilmatar/install/dbot_custom_msgs/share/dbot_custom_msgs/cmake/dbot_custom_msgs__rosidl_typesupport_cExport-noconfig.cmake
[3.427s] -- Up-to-date: /home/dbot2/dbot_vda5050_ilmatar/install/dbot_custom_msgs/share/dbot_custom_msgs/cmake/export_dbot_custom_msgs__rosidl_generator_cppExport.cmake
[3.428s] -- Up-to-date: /home/dbot2/dbot_vda5050_ilmatar/install/dbot_custom_msgs/share/dbot_custom_msgs/cmake/export_dbot_custom_msgs__rosidl_typesupport_fastrtps_cppExport.cmake
[3.428s] -- Up-to-date: /home/dbot2/dbot_vda5050_ilmatar/install/dbot_custom_msgs/share/dbot_custom_msgs/cmake/export_dbot_custom_msgs__rosidl_typesupport_fastrtps_cppExport-noconfig.cmake
[3.428s] -- Up-to-date: /home/dbot2/dbot_vda5050_ilmatar/install/dbot_custom_msgs/share/dbot_custom_msgs/cmake/dbot_custom_msgs__rosidl_typesupport_introspection_cppExport.cmake
[3.428s] -- Up-to-date: /home/dbot2/dbot_vda5050_ilmatar/install/dbot_custom_msgs/share/dbot_custom_msgs/cmake/dbot_custom_msgs__rosidl_typesupport_introspection_cppExport-noconfig.cmake
[3.428s] -- Up-to-date: /home/dbot2/dbot_vda5050_ilmatar/install/dbot_custom_msgs/share/dbot_custom_msgs/cmake/dbot_custom_msgs__rosidl_typesupport_cppExport.cmake
[3.428s] -- Up-to-date: /home/dbot2/dbot_vda5050_ilmatar/install/dbot_custom_msgs/share/dbot_custom_msgs/cmake/dbot_custom_msgs__rosidl_typesupport_cppExport-noconfig.cmake
[3.428s] -- Up-to-date: /home/dbot2/dbot_vda5050_ilmatar/install/dbot_custom_msgs/share/dbot_custom_msgs/cmake/export_dbot_custom_msgs__rosidl_generator_pyExport.cmake
[3.428s] -- Up-to-date: /home/dbot2/dbot_vda5050_ilmatar/install/dbot_custom_msgs/share/dbot_custom_msgs/cmake/export_dbot_custom_msgs__rosidl_generator_pyExport-noconfig.cmake
[3.428s] Invoked command in '/home/dbot2/dbot_vda5050_ilmatar/build/dbot_custom_msgs' returned '0': CMAKE_PREFIX_PATH=${CMAKE_PREFIX_PATH}:/home/dbot2/dbot_vda5050_ilmatar/install/vda5050_tb3_adapter:/home/dbot2/dbot_vda5050_ilmatar/install/tf2_dbot:/home/dbot2/dbot_vda5050_ilmatar/install/odom_motion_model:/home/dbot2/dbot_vda5050_ilmatar/install/motor_driver:/home/dbot2/dbot_vda5050_ilmatar/install/joycontrol:/home/dbot2/dbot_vda5050_ilmatar/install/gesturecontrol:/home/dbot2/dbot_vda5050_ilmatar/install/dbot_bridge:/home/dbot2/dbot_vda5050_ilmatar/install/dbot:/home/dbot2/dbot_src/install/tf2_dbot:/home/dbot2/dbot_src/install/odom_motion_model:/home/dbot2/dbot_src/install/motor_driver:/home/dbot2/dbot_src/install/joycontrol:/home/dbot2/dbot_src/install/dbot:/home/dbot2/dbot_remote/install/pcd_joy_trigger:/home/dbot2/circus_demo/install/circus_demo:/home/dbot2/ros2_ws/install/tf2_dbot:/home/dbot2/ros2_ws/install/odom_motion_model:/home/dbot2/ros2_ws/install/motor_driver:/home/dbot2/ros2_ws/install/joycontrol:/home/dbot2/ros2_ws/install/gesturecontrol:/home/dbot2/ros2_ws/install/dbot_bridge:/home/dbot2/ros2_ws/install/dbot:/home/dbot2/ros2_ws/install/ament_xmllint:/home/dbot2/ros2_ws/install/ament_uncrustify:/home/dbot2/ros2_ws/install/ament_pyflakes:/home/dbot2/ros2_ws/install/ament_pycodestyle:/home/dbot2/ros2_ws/install/ament_pep257:/home/dbot2/ros2_ws/install/ament_pclint:/home/dbot2/ros2_ws/install/ament_mypy:/home/dbot2/ros2_ws/install/ament_lint_cmake:/home/dbot2/ros2_ws/install/ament_flake8:/home/dbot2/ros2_ws/install/ament_copyright:/home/dbot2/ros2_ws/install/ament_lint:/home/dbot2/ros2_ws/install/ament_cpplint:/home/dbot2/ros2_ws/install/ament_cppcheck:/home/dbot2/ros2_ws/install/ament_clang_tidy:/home/dbot2/ros2_ws/install/ament_clang_format:/opt/ros/humble /usr/bin/cmake --install /home/dbot2/dbot_vda5050_ilmatar/build/dbot_custom_msgs
