[1.343s] Invoking command in '/home/dbot2/ros2_ws/src/build/dbot': PYTHONPATH=/home/dbot2/ros2_ws/src/build/dbot/prefix_override:/usr/lib/python3/dist-packages/colcon_core/task/python/colcon_distutils_commands:/home/dbot2/ros2_ws/src/install/dbot/lib/python3.10/site-packages:${PYTHONPATH} /usr/bin/python3 -W ignore:setup.py install is deprecated setup.py develop --editable --build-directory /home/dbot2/ros2_ws/src/build/dbot/build --no-deps symlink_data
[1.686s] running develop
[1.686s] /usr/lib/python3/dist-packages/setuptools/command/easy_install.py:158: EasyInstallDeprecationWarning: easy_install command is deprecated. Use build and pip and other standards-based tools.
[1.686s]   warnings.warn(
[1.892s] running egg_info
[1.892s] creating dbot.egg-info
[1.892s] writing dbot.egg-info/PKG-INFO
[1.893s] writing dependency_links to dbot.egg-info/dependency_links.txt
[1.893s] writing entry points to dbot.egg-info/entry_points.txt
[1.893s] writing requirements to dbot.egg-info/requires.txt
[1.893s] writing top-level names to dbot.egg-info/top_level.txt
[1.893s] writing manifest file 'dbot.egg-info/SOURCES.txt'
[1.899s] reading manifest file 'dbot.egg-info/SOURCES.txt'
[1.899s] writing manifest file 'dbot.egg-info/SOURCES.txt'
[1.899s] running build_ext
[1.899s] Creating /home/dbot2/ros2_ws/src/install/dbot/lib/python3.10/site-packages/dbot.egg-link (link to .)
[1.900s] 
[1.900s] Installed /home/dbot2/ros2_ws/src/build/dbot
[1.900s] running symlink_data
[1.900s] creating /home/dbot2/ros2_ws/src/install/dbot/share/dbot/launch
[1.900s] symbolically linking /home/dbot2/ros2_ws/src/build/dbot/launch/remote_dbot_launch.py -> /home/dbot2/ros2_ws/src/install/dbot/share/dbot/launch
[1.900s] symbolically linking /home/dbot2/ros2_ws/src/build/dbot/launch/remote_dbot_no_odom_launch.py -> /home/dbot2/ros2_ws/src/install/dbot/share/dbot/launch
[1.900s] symbolically linking /home/dbot2/ros2_ws/src/build/dbot/launch/dbot_launch.py -> /home/dbot2/ros2_ws/src/install/dbot/share/dbot/launch
[1.984s] Invoked command in '/home/dbot2/ros2_ws/src/build/dbot' returned '0': PYTHONPATH=/home/dbot2/ros2_ws/src/build/dbot/prefix_override:/usr/lib/python3/dist-packages/colcon_core/task/python/colcon_distutils_commands:/home/dbot2/ros2_ws/src/install/dbot/lib/python3.10/site-packages:${PYTHONPATH} /usr/bin/python3 -W ignore:setup.py install is deprecated setup.py develop --editable --build-directory /home/dbot2/ros2_ws/src/build/dbot/build --no-deps symlink_data
