Built target ament_cmake_python_symlink_dbot_nav_slam_setup
Built target ament_cmake_python_symlink_dbot_nav_slam
running egg_info
writing dbot_nav_slam.egg-info/PKG-INFO
writing dependency_links to dbot_nav_slam.egg-info/dependency_links.txt
writing top-level names to dbot_nav_slam.egg-info/top_level.txt
reading manifest file 'dbot_nav_slam.egg-info/SOURCES.txt'
writing manifest file 'dbot_nav_slam.egg-info/SOURCES.txt'
Built target ament_cmake_python_build_dbot_nav_slam_egg
-- Install configuration: ""
-- Execute custom install script
-- Up-to-date symlink: /home/dbot2/dbot_vda5050_ilmatar/install/dbot_nav_slam/share/dbot_nav_slam/environment/pythonpath.sh
-- Up-to-date symlink: /home/dbot2/dbot_vda5050_ilmatar/install/dbot_nav_slam/share/dbot_nav_slam/environment/pythonpath.dsv
-- Up-to-date symlink: /home/dbot2/dbot_vda5050_ilmatar/install/dbot_nav_slam/local/lib/python3.10/dist-packages/dbot_nav_slam-0.0.0-py3.10.egg-info/PKG-INFO
-- Up-to-date symlink: /home/dbot2/dbot_vda5050_ilmatar/install/dbot_nav_slam/local/lib/python3.10/dist-packages/dbot_nav_slam-0.0.0-py3.10.egg-info/SOURCES.txt
-- Up-to-date symlink: /home/dbot2/dbot_vda5050_ilmatar/install/dbot_nav_slam/local/lib/python3.10/dist-packages/dbot_nav_slam-0.0.0-py3.10.egg-info/dependency_links.txt
-- Up-to-date symlink: /home/dbot2/dbot_vda5050_ilmatar/install/dbot_nav_slam/local/lib/python3.10/dist-packages/dbot_nav_slam-0.0.0-py3.10.egg-info/top_level.txt
-- Up-to-date symlink: /home/dbot2/dbot_vda5050_ilmatar/install/dbot_nav_slam/local/lib/python3.10/dist-packages/dbot_nav_slam/__init__.py
-- Up-to-date symlink: /home/dbot2/dbot_vda5050_ilmatar/install/dbot_nav_slam/local/lib/python3.10/dist-packages/dbot_nav_slam/initial_pose_publisher.py
-- Up-to-date symlink: /home/dbot2/dbot_vda5050_ilmatar/install/dbot_nav_slam/local/lib/python3.10/dist-packages/dbot_nav_slam/modules_import.py
-- Up-to-date symlink: /home/dbot2/dbot_vda5050_ilmatar/install/dbot_nav_slam/share/dbot_nav_slam/config/diff_drive_controller.yaml
-- Up-to-date symlink: /home/dbot2/dbot_vda5050_ilmatar/install/dbot_nav_slam/share/dbot_nav_slam/config/joystick.yaml
-- Up-to-date symlink: /home/dbot2/dbot_vda5050_ilmatar/install/dbot_nav_slam/share/dbot_nav_slam/config/mapper_params_online_async.yaml
-- Up-to-date symlink: /home/dbot2/dbot_vda5050_ilmatar/install/dbot_nav_slam/share/dbot_nav_slam/config/mqtt_bridge.yaml
-- Up-to-date symlink: /home/dbot2/dbot_vda5050_ilmatar/install/dbot_nav_slam/share/dbot_nav_slam/config/my_controllers.yaml
-- Up-to-date symlink: /home/dbot2/dbot_vda5050_ilmatar/install/dbot_nav_slam/share/dbot_nav_slam/config/nav2_params.yaml
-- Up-to-date symlink: /home/dbot2/dbot_vda5050_ilmatar/install/dbot_nav_slam/share/dbot_nav_slam/config/twist_mux.yaml
-- Up-to-date symlink: /home/dbot2/dbot_vda5050_ilmatar/install/dbot_nav_slam/share/dbot_nav_slam/description/inertial_macros.xacro
-- Up-to-date symlink: /home/dbot2/dbot_vda5050_ilmatar/install/dbot_nav_slam/share/dbot_nav_slam/description/robot.urdf.xacro
-- Up-to-date symlink: /home/dbot2/dbot_vda5050_ilmatar/install/dbot_nav_slam/share/dbot_nav_slam/description/robot_core.xacro
-- Up-to-date symlink: /home/dbot2/dbot_vda5050_ilmatar/install/dbot_nav_slam/share/dbot_nav_slam/description/ros2_control.xacro
-- Up-to-date symlink: /home/dbot2/dbot_vda5050_ilmatar/install/dbot_nav_slam/share/dbot_nav_slam/launch/auto_nav_dbot_launch.py
-- Up-to-date symlink: /home/dbot2/dbot_vda5050_ilmatar/install/dbot_nav_slam/share/dbot_nav_slam/launch/emq_mqtt_auto_launch.py
-- Up-to-date symlink: /home/dbot2/dbot_vda5050_ilmatar/install/dbot_nav_slam/share/dbot_nav_slam/launch/launch_robot.launch.py
-- Up-to-date symlink: /home/dbot2/dbot_vda5050_ilmatar/install/dbot_nav_slam/share/dbot_nav_slam/launch/localization_launch.py
-- Up-to-date symlink: /home/dbot2/dbot_vda5050_ilmatar/install/dbot_nav_slam/share/dbot_nav_slam/launch/navigation_launch.py
-- Up-to-date symlink: /home/dbot2/dbot_vda5050_ilmatar/install/dbot_nav_slam/share/dbot_nav_slam/launch/online_async_launch.py
-- Up-to-date symlink: /home/dbot2/dbot_vda5050_ilmatar/install/dbot_nav_slam/share/dbot_nav_slam/launch/rsp.launch.py
-- Up-to-date symlink: /home/dbot2/dbot_vda5050_ilmatar/install/dbot_nav_slam/share/dbot_nav_slam/maps/DF_map.pgm
-- Up-to-date symlink: /home/dbot2/dbot_vda5050_ilmatar/install/dbot_nav_slam/share/dbot_nav_slam/maps/DF_map.yaml
-- Up-to-date symlink: /home/dbot2/dbot_vda5050_ilmatar/install/dbot_nav_slam/share/dbot_nav_slam/maps/cage.pgm
-- Up-to-date symlink: /home/dbot2/dbot_vda5050_ilmatar/install/dbot_nav_slam/share/dbot_nav_slam/maps/cage.yaml
-- Up-to-date symlink: /home/dbot2/dbot_vda5050_ilmatar/install/dbot_nav_slam/share/dbot_nav_slam/maps/clean_df_map.pgm
-- Up-to-date symlink: /home/dbot2/dbot_vda5050_ilmatar/install/dbot_nav_slam/share/dbot_nav_slam/maps/clean_df_map.yaml
-- Up-to-date symlink: /home/dbot2/dbot_vda5050_ilmatar/install/dbot_nav_slam/share/dbot_nav_slam/maps/office_map.pgm
-- Up-to-date symlink: /home/dbot2/dbot_vda5050_ilmatar/install/dbot_nav_slam/share/dbot_nav_slam/maps/office_map.yaml
-- Up-to-date symlink: /home/dbot2/dbot_vda5050_ilmatar/install/dbot_nav_slam/share/dbot_nav_slam/maps/office_map_localize.data
-- Up-to-date symlink: /home/dbot2/dbot_vda5050_ilmatar/install/dbot_nav_slam/share/dbot_nav_slam/maps/office_map_localize.posegraph
-- Up-to-date symlink: /home/dbot2/dbot_vda5050_ilmatar/install/dbot_nav_slam/share/dbot_nav_slam/maps/office_map_serial.data
-- Up-to-date symlink: /home/dbot2/dbot_vda5050_ilmatar/install/dbot_nav_slam/share/dbot_nav_slam/maps/office_map_serial.posegraph
-- Up-to-date symlink: /home/dbot2/dbot_vda5050_ilmatar/install/dbot_nav_slam/share/dbot_nav_slam/scripts/.mqtt_dbot.py.swp
-- Up-to-date symlink: /home/dbot2/dbot_vda5050_ilmatar/install/dbot_nav_slam/share/dbot_nav_slam/scripts/DF_inspection_route.py
-- Up-to-date symlink: /home/dbot2/dbot_vda5050_ilmatar/install/dbot_nav_slam/share/dbot_nav_slam/scripts/emca.crt
-- Up-to-date symlink: /home/dbot2/dbot_vda5050_ilmatar/install/dbot_nav_slam/share/dbot_nav_slam/scripts/emq_mqtt_inspection.py
-- Up-to-date symlink: /home/dbot2/dbot_vda5050_ilmatar/install/dbot_nav_slam/share/dbot_nav_slam/scripts/emq_mqtt_vel_msg_sub.py
-- Up-to-date symlink: /home/dbot2/dbot_vda5050_ilmatar/install/dbot_nav_slam/share/dbot_nav_slam/scripts/emqxsl-ca.crt
-- Up-to-date symlink: /home/dbot2/dbot_vda5050_ilmatar/install/dbot_nav_slam/share/dbot_nav_slam/scripts/initial_pose_publisher.py
-- Up-to-date symlink: /home/dbot2/dbot_vda5050_ilmatar/install/dbot_nav_slam/share/dbot_nav_slam/scripts/mqtt.py
-- Up-to-date symlink: /home/dbot2/dbot_vda5050_ilmatar/install/dbot_nav_slam/share/dbot_nav_slam/scripts/mqtt_dbot.py
-- Up-to-date symlink: /home/dbot2/dbot_vda5050_ilmatar/install/dbot_nav_slam/share/dbot_nav_slam/scripts/mqtt_inspection.py
-- Up-to-date symlink: /home/dbot2/dbot_vda5050_ilmatar/install/dbot_nav_slam/share/dbot_nav_slam/scripts/mqtt_original.py
-- Up-to-date symlink: /home/dbot2/dbot_vda5050_ilmatar/install/dbot_nav_slam/share/dbot_nav_slam/scripts/nav_through_poses.py
-- Up-to-date symlink: /home/dbot2/dbot_vda5050_ilmatar/install/dbot_nav_slam/share/dbot_nav_slam/scripts/pose_subscriber.py
-- Up-to-date symlink: /home/dbot2/dbot_vda5050_ilmatar/install/dbot_nav_slam/share/dbot_nav_slam/scripts/remote_control.py
-- Up-to-date symlink: /home/dbot2/dbot_vda5050_ilmatar/install/dbot_nav_slam/share/dbot_nav_slam/scripts/single_goalpose.py
-- Up-to-date symlink: /home/dbot2/dbot_vda5050_ilmatar/install/dbot_nav_slam/share/dbot_nav_slam/scripts/test_full.py
-- Up-to-date symlink: /home/dbot2/dbot_vda5050_ilmatar/install/dbot_nav_slam/share/dbot_nav_slam/scripts/vel_msg_sub.py
-- Up-to-date symlink: /home/dbot2/dbot_vda5050_ilmatar/install/dbot_nav_slam/share/dbot_nav_slam//launch/auto_nav_dbot_launch.py
-- Up-to-date symlink: /home/dbot2/dbot_vda5050_ilmatar/install/dbot_nav_slam/share/dbot_nav_slam//launch/emq_mqtt_auto_launch.py
-- Up-to-date symlink: /home/dbot2/dbot_vda5050_ilmatar/install/dbot_nav_slam/share/dbot_nav_slam//launch/launch_robot.launch.py
-- Up-to-date symlink: /home/dbot2/dbot_vda5050_ilmatar/install/dbot_nav_slam/share/dbot_nav_slam//launch/localization_launch.py
-- Up-to-date symlink: /home/dbot2/dbot_vda5050_ilmatar/install/dbot_nav_slam/share/dbot_nav_slam//launch/navigation_launch.py
-- Up-to-date symlink: /home/dbot2/dbot_vda5050_ilmatar/install/dbot_nav_slam/share/dbot_nav_slam//launch/online_async_launch.py
-- Up-to-date symlink: /home/dbot2/dbot_vda5050_ilmatar/install/dbot_nav_slam/share/dbot_nav_slam//launch/rsp.launch.py
-- Up-to-date symlink: /home/dbot2/dbot_vda5050_ilmatar/install/dbot_nav_slam/lib/dbot_nav_slam/nav_through_poses.py
-- Up-to-date symlink: /home/dbot2/dbot_vda5050_ilmatar/install/dbot_nav_slam/lib/dbot_nav_slam/emq_mqtt_inspection.py
-- Up-to-date symlink: /home/dbot2/dbot_vda5050_ilmatar/install/dbot_nav_slam/lib/dbot_nav_slam/emq_mqtt_vel_msg_sub.py
-- Up-to-date symlink: /home/dbot2/dbot_vda5050_ilmatar/install/dbot_nav_slam/share/ament_index/resource_index/package_run_dependencies/dbot_nav_slam
-- Up-to-date symlink: /home/dbot2/dbot_vda5050_ilmatar/install/dbot_nav_slam/share/ament_index/resource_index/parent_prefix_path/dbot_nav_slam
-- Up-to-date symlink: /home/dbot2/dbot_vda5050_ilmatar/install/dbot_nav_slam/share/dbot_nav_slam/environment/ament_prefix_path.sh
-- Up-to-date symlink: /home/dbot2/dbot_vda5050_ilmatar/install/dbot_nav_slam/share/dbot_nav_slam/environment/ament_prefix_path.dsv
-- Up-to-date symlink: /home/dbot2/dbot_vda5050_ilmatar/install/dbot_nav_slam/share/dbot_nav_slam/environment/path.sh
-- Up-to-date symlink: /home/dbot2/dbot_vda5050_ilmatar/install/dbot_nav_slam/share/dbot_nav_slam/environment/path.dsv
-- Up-to-date symlink: /home/dbot2/dbot_vda5050_ilmatar/install/dbot_nav_slam/share/dbot_nav_slam/local_setup.bash
-- Up-to-date symlink: /home/dbot2/dbot_vda5050_ilmatar/install/dbot_nav_slam/share/dbot_nav_slam/local_setup.sh
-- Up-to-date symlink: /home/dbot2/dbot_vda5050_ilmatar/install/dbot_nav_slam/share/dbot_nav_slam/local_setup.zsh
-- Up-to-date symlink: /home/dbot2/dbot_vda5050_ilmatar/install/dbot_nav_slam/share/dbot_nav_slam/local_setup.dsv
-- Symlinking: /home/dbot2/dbot_vda5050_ilmatar/install/dbot_nav_slam/share/dbot_nav_slam/package.dsv
-- Up-to-date symlink: /home/dbot2/dbot_vda5050_ilmatar/install/dbot_nav_slam/share/ament_index/resource_index/packages/dbot_nav_slam
-- Up-to-date symlink: /home/dbot2/dbot_vda5050_ilmatar/install/dbot_nav_slam/share/dbot_nav_slam/cmake/dbot_nav_slamConfig.cmake
-- Up-to-date symlink: /home/dbot2/dbot_vda5050_ilmatar/install/dbot_nav_slam/share/dbot_nav_slam/cmake/dbot_nav_slamConfig-version.cmake
-- Up-to-date symlink: /home/dbot2/dbot_vda5050_ilmatar/install/dbot_nav_slam/share/dbot_nav_slam/package.xml
Listing '/home/dbot2/dbot_vda5050_ilmatar/install/dbot_nav_slam/local/lib/python3.10/dist-packages/dbot_nav_slam'...
