[2.171s] Invoking command in '/home/dbot2/dbot_vda5050_ilmatar/src/dbot_bridge': PYTHONPATH=/home/dbot2/dbot_vda5050_ilmatar/build/dbot_bridge/prefix_override:/usr/lib/python3/dist-packages/colcon_core/task/python/colcon_distutils_commands:/home/dbot2/dbot_vda5050_ilmatar/install/dbot_bridge/lib/python3.10/site-packages:${PYTHONPATH} /usr/bin/python3 -W ignore:setup.py install is deprecated -W ignore:easy_install command is deprecated setup.py egg_info --egg-base ../../build/dbot_bridge build --build-base /home/dbot2/dbot_vda5050_ilmatar/build/dbot_bridge/build install --record /home/dbot2/dbot_vda5050_ilmatar/build/dbot_bridge/install.log --single-version-externally-managed install_data
[2.545s] /home/dbot2/.local/lib/python3.10/site-packages/setuptools/_distutils/dist.py:261: UserWarning: Unknown distribution option: 'tests_require'
[2.546s]   warnings.warn(msg)
[2.759s] running egg_info
[2.784s] writing ../../build/dbot_bridge/dbot_bridge.egg-info/PKG-INFO
[2.790s] writing dependency_links to ../../build/dbot_bridge/dbot_bridge.egg-info/dependency_links.txt
[2.790s] writing entry points to ../../build/dbot_bridge/dbot_bridge.egg-info/entry_points.txt
[2.790s] writing requirements to ../../build/dbot_bridge/dbot_bridge.egg-info/requires.txt
[2.790s] writing top-level names to ../../build/dbot_bridge/dbot_bridge.egg-info/top_level.txt
[3.029s] reading manifest file '../../build/dbot_bridge/dbot_bridge.egg-info/SOURCES.txt'
[3.031s] writing manifest file '../../build/dbot_bridge/dbot_bridge.egg-info/SOURCES.txt'
[3.031s] running build
[3.031s] running build_py
[3.033s] running install
[3.042s] running install_lib
[3.072s] running install_data
[3.072s] running install_egg_info
[3.102s] removing '/home/dbot2/dbot_vda5050_ilmatar/install/dbot_bridge/lib/python3.10/site-packages/dbot_bridge-0.0.0-py3.10.egg-info' (and everything under it)
[3.104s] Copying ../../build/dbot_bridge/dbot_bridge.egg-info to /home/dbot2/dbot_vda5050_ilmatar/install/dbot_bridge/lib/python3.10/site-packages/dbot_bridge-0.0.0-py3.10.egg-info
[3.107s] running install_scripts
[3.177s] Installing dbot_bridge_node script to /home/dbot2/dbot_vda5050_ilmatar/install/dbot_bridge/lib/dbot_bridge
[3.177s] writing list of installed files to '/home/dbot2/dbot_vda5050_ilmatar/build/dbot_bridge/install.log'
[3.237s] Invoked command in '/home/dbot2/dbot_vda5050_ilmatar/src/dbot_bridge' returned '0': PYTHONPATH=/home/dbot2/dbot_vda5050_ilmatar/build/dbot_bridge/prefix_override:/usr/lib/python3/dist-packages/colcon_core/task/python/colcon_distutils_commands:/home/dbot2/dbot_vda5050_ilmatar/install/dbot_bridge/lib/python3.10/site-packages:${PYTHONPATH} /usr/bin/python3 -W ignore:setup.py install is deprecated -W ignore:easy_install command is deprecated setup.py egg_info --egg-base ../../build/dbot_bridge build --build-base /home/dbot2/dbot_vda5050_ilmatar/build/dbot_bridge/build install --record /home/dbot2/dbot_vda5050_ilmatar/build/dbot_bridge/install.log --single-version-externally-managed install_data
