[2.157s] Invoking command in '/home/dbot2/dbot_vda5050_ilmatar/build/joycontrol': PYTHONPATH=/home/dbot2/dbot_vda5050_ilmatar/build/joycontrol/prefix_override:/usr/lib/python3/dist-packages/colcon_core/task/python/colcon_distutils_commands:/home/dbot2/dbot_vda5050_ilmatar/install/joycontrol/lib/python3.10/site-packages:${PYTHONPATH} /usr/bin/python3 -W ignore:setup.py install is deprecated -W ignore:easy_install command is deprecated setup.py develop --uninstall --editable --build-directory /home/dbot2/dbot_vda5050_ilmatar/build/joycontrol/build
[2.632s] running develop
[2.934s] Removing /home/dbot2/dbot_vda5050_ilmatar/install/joycontrol/lib/python3.10/site-packages/joycontrol.egg-link (link to .)
[2.995s] Invoked command in '/home/dbot2/dbot_vda5050_ilmatar/build/joycontrol' returned '0': PYTHONPATH=/home/dbot2/dbot_vda5050_ilmatar/build/joycontrol/prefix_override:/usr/lib/python3/dist-packages/colcon_core/task/python/colcon_distutils_commands:/home/dbot2/dbot_vda5050_ilmatar/install/joycontrol/lib/python3.10/site-packages:${PYTHONPATH} /usr/bin/python3 -W ignore:setup.py install is deprecated -W ignore:easy_install command is deprecated setup.py develop --uninstall --editable --build-directory /home/dbot2/dbot_vda5050_ilmatar/build/joycontrol/build
[2.997s] Invoking command in '/home/dbot2/dbot_vda5050_ilmatar/src/joycontrol': PYTHONPATH=/home/dbot2/dbot_vda5050_ilmatar/build/joycontrol/prefix_override:/usr/lib/python3/dist-packages/colcon_core/task/python/colcon_distutils_commands:/home/dbot2/dbot_vda5050_ilmatar/install/joycontrol/lib/python3.10/site-packages:${PYTHONPATH} /usr/bin/python3 -W ignore:setup.py install is deprecated -W ignore:easy_install command is deprecated setup.py egg_info --egg-base ../../build/joycontrol build --build-base /home/dbot2/dbot_vda5050_ilmatar/build/joycontrol/build install --record /home/dbot2/dbot_vda5050_ilmatar/build/joycontrol/install.log --single-version-externally-managed install_data --force
[3.447s] running egg_info
[3.447s] writing ../../build/joycontrol/joycontrol.egg-info/PKG-INFO
[3.447s] writing dependency_links to ../../build/joycontrol/joycontrol.egg-info/dependency_links.txt
[3.447s] writing entry points to ../../build/joycontrol/joycontrol.egg-info/entry_points.txt
[3.447s] writing requirements to ../../build/joycontrol/joycontrol.egg-info/requires.txt
[3.447s] writing top-level names to ../../build/joycontrol/joycontrol.egg-info/top_level.txt
[3.452s] reading manifest file '../../build/joycontrol/joycontrol.egg-info/SOURCES.txt'
[3.453s] adding license file 'LICENSE'
[3.453s] writing manifest file '../../build/joycontrol/joycontrol.egg-info/SOURCES.txt'
[3.453s] running build
[3.454s] running build_py
[3.454s] creating /home/dbot2/dbot_vda5050_ilmatar/build/joycontrol/build
[3.454s] creating /home/dbot2/dbot_vda5050_ilmatar/build/joycontrol/build/lib
[3.454s] creating /home/dbot2/dbot_vda5050_ilmatar/build/joycontrol/build/lib/joycontrol
[3.454s] copying joycontrol/__init__.py -> /home/dbot2/dbot_vda5050_ilmatar/build/joycontrol/build/lib/joycontrol
[3.454s] copying joycontrol/Joy.py -> /home/dbot2/dbot_vda5050_ilmatar/build/joycontrol/build/lib/joycontrol
[3.454s] running install
[3.455s] running install_lib
[3.458s] creating /home/dbot2/dbot_vda5050_ilmatar/install/joycontrol/lib/python3.10/site-packages/joycontrol
[3.458s] copying /home/dbot2/dbot_vda5050_ilmatar/build/joycontrol/build/lib/joycontrol/__init__.py -> /home/dbot2/dbot_vda5050_ilmatar/install/joycontrol/lib/python3.10/site-packages/joycontrol
[3.458s] copying /home/dbot2/dbot_vda5050_ilmatar/build/joycontrol/build/lib/joycontrol/Joy.py -> /home/dbot2/dbot_vda5050_ilmatar/install/joycontrol/lib/python3.10/site-packages/joycontrol
[3.458s] byte-compiling /home/dbot2/dbot_vda5050_ilmatar/install/joycontrol/lib/python3.10/site-packages/joycontrol/__init__.py to __init__.cpython-310.pyc
[3.458s] byte-compiling /home/dbot2/dbot_vda5050_ilmatar/install/joycontrol/lib/python3.10/site-packages/joycontrol/Joy.py to Joy.cpython-310.pyc
[3.459s] running install_data
[3.459s] copying resource/joycontrol -> /home/dbot2/dbot_vda5050_ilmatar/install/joycontrol/share/ament_index/resource_index/packages
[3.459s] copying package.xml -> /home/dbot2/dbot_vda5050_ilmatar/install/joycontrol/share/joycontrol
[3.459s] running install_egg_info
[3.461s] Copying ../../build/joycontrol/joycontrol.egg-info to /home/dbot2/dbot_vda5050_ilmatar/install/joycontrol/lib/python3.10/site-packages/joycontrol-0.0.0-py3.10.egg-info
[3.462s] running install_scripts
[3.498s] Installing joycontrol script to /home/dbot2/dbot_vda5050_ilmatar/install/joycontrol/lib/joycontrol
[3.498s] writing list of installed files to '/home/dbot2/dbot_vda5050_ilmatar/build/joycontrol/install.log'
[3.757s] Invoked command in '/home/dbot2/dbot_vda5050_ilmatar/src/joycontrol' returned '0': PYTHONPATH=/home/dbot2/dbot_vda5050_ilmatar/build/joycontrol/prefix_override:/usr/lib/python3/dist-packages/colcon_core/task/python/colcon_distutils_commands:/home/dbot2/dbot_vda5050_ilmatar/install/joycontrol/lib/python3.10/site-packages:${PYTHONPATH} /usr/bin/python3 -W ignore:setup.py install is deprecated -W ignore:easy_install command is deprecated setup.py egg_info --egg-base ../../build/joycontrol build --build-base /home/dbot2/dbot_vda5050_ilmatar/build/joycontrol/build install --record /home/dbot2/dbot_vda5050_ilmatar/build/joycontrol/install.log --single-version-externally-managed install_data --force
