-- The C compiler identification is GNU 11.4.0
-- The CXX compiler identification is GNU 11.4.0
-- Detecting C compiler ABI info
-- Detecting C compiler ABI info - done
-- Check for working C compiler: /usr/bin/cc - skipped
-- Detecting C compile features
-- Detecting C compile features - done
-- Detecting CXX compiler ABI info
-- Detecting CXX compiler ABI info - done
-- Check for working CXX compiler: /usr/bin/c++ - skipped
-- Detecting CXX compile features
-- Detecting CXX compile features - done
-- Found ament_cmake: 1.3.10 (/opt/ros/humble/share/ament_cmake/cmake)
-- Found Python3: /usr/bin/python3 (found version "3.10.12") found components: Interpreter 
-- Override CMake install command with custom implementation using symlinks instead of copying resources
-- Found rclcpp: 16.0.10 (/opt/ros/humble/share/rclcpp/cmake)
-- Found rosidl_generator_c: 3.1.5 (/opt/ros/humble/share/rosidl_generator_c/cmake)
-- Found rosidl_adapter: 3.1.5 (/opt/ros/humble/share/rosidl_adapter/cmake)
-- Found rosidl_generator_cpp: 3.1.5 (/opt/ros/humble/share/rosidl_generator_cpp/cmake)
-- Using all available rosidl_typesupport_c: rosidl_typesupport_fastrtps_c;rosidl_typesupport_introspection_c
-- Using all available rosidl_typesupport_cpp: rosidl_typesupport_fastrtps_cpp;rosidl_typesupport_introspection_cpp
-- Found rmw_implementation_cmake: 6.1.2 (/opt/ros/humble/share/rmw_implementation_cmake/cmake)
-- Found rmw_fastrtps_cpp: 6.2.7 (/opt/ros/humble/share/rmw_fastrtps_cpp/cmake)
-- Found OpenSSL: /usr/lib/x86_64-linux-gnu/libcrypto.so (found version "3.0.2")  
-- Found FastRTPS: /opt/ros/humble/include  
-- Using RMW implementation 'rmw_fastrtps_cpp' as default
-- Looking for pthread.h
-- Looking for pthread.h - found
-- Performing Test CMAKE_HAVE_LIBC_PTHREAD
-- Performing Test CMAKE_HAVE_LIBC_PTHREAD - Success
-- Found Threads: TRUE  
-- Found nav_msgs: 4.2.4 (/opt/ros/humble/share/nav_msgs/cmake)
-- Found dbot_custom_msgs: 0.0.0 (/home/dbot2/ros2_ws/src/install/dbot_custom_msgs/share/dbot_custom_msgs/cmake)
-- Found ament_cmake_gtest: 1.3.10 (/opt/ros/humble/share/ament_cmake_gtest/cmake)
-- Found gtest sources under '/opt/ros/humble/src/gtest_vendor': C++ tests using 'Google Test' will be built
-- Configuring done
-- Generating done
-- Build files have been written to: /home/dbot2/ros2_ws/src/build/odometry_estimator
[ 30%] [32mBuilding CXX object CMakeFiles/vehicle_models.dir/src/vehicle_models/vehicle_models.cpp.o[0m
[ 30%] [32mBuilding CXX object gtest/CMakeFiles/gtest.dir/src/gtest-all.cc.o[0m
[ 30%] [32mBuilding CXX object gtest/CMakeFiles/gtest_main.dir/src/gtest_main.cc.o[0m
[ 40%] [32m[1mLinking CXX static library libvehicle_models.a[0m
[ 40%] Built target vehicle_models
[ 50%] [32mBuilding CXX object CMakeFiles/odometry_estimator.dir/src/node/odometry_estimation_node.cpp.o[0m
[ 60%] [32m[1mLinking CXX static library libgtest_main.a[0m
[ 60%] Built target gtest_main
[ 70%] [32m[1mLinking CXX static library libgtest.a[0m
[ 70%] Built target gtest
[ 80%] [32mBuilding CXX object test/CMakeFiles/vehicle_models_test.dir/vehicle_models_test.cpp.o[0m
[ 90%] [32m[1mLinking CXX executable vehicle_models_test[0m
[ 90%] Built target vehicle_models_test
[100%] [32m[1mLinking CXX executable odometry_estimator[0m
[100%] Built target odometry_estimator
-- Install configuration: ""
-- Execute custom install script
-- Symlinking: /home/dbot2/ros2_ws/src/install/odometry_estimator/lib/odometry_estimator/odometry_estimator
-- Symlinking: /home/dbot2/ros2_ws/src/install/odometry_estimator/share/ament_index/resource_index/package_run_dependencies/odometry_estimator
-- Symlinking: /home/dbot2/ros2_ws/src/install/odometry_estimator/share/ament_index/resource_index/parent_prefix_path/odometry_estimator
-- Symlinking: /home/dbot2/ros2_ws/src/install/odometry_estimator/share/odometry_estimator/environment/ament_prefix_path.sh
-- Symlinking: /home/dbot2/ros2_ws/src/install/odometry_estimator/share/odometry_estimator/environment/ament_prefix_path.dsv
-- Symlinking: /home/dbot2/ros2_ws/src/install/odometry_estimator/share/odometry_estimator/environment/path.sh
-- Symlinking: /home/dbot2/ros2_ws/src/install/odometry_estimator/share/odometry_estimator/environment/path.dsv
-- Symlinking: /home/dbot2/ros2_ws/src/install/odometry_estimator/share/odometry_estimator/local_setup.bash
-- Symlinking: /home/dbot2/ros2_ws/src/install/odometry_estimator/share/odometry_estimator/local_setup.sh
-- Symlinking: /home/dbot2/ros2_ws/src/install/odometry_estimator/share/odometry_estimator/local_setup.zsh
-- Symlinking: /home/dbot2/ros2_ws/src/install/odometry_estimator/share/odometry_estimator/local_setup.dsv
-- Symlinking: /home/dbot2/ros2_ws/src/install/odometry_estimator/share/odometry_estimator/package.dsv
-- Symlinking: /home/dbot2/ros2_ws/src/install/odometry_estimator/share/ament_index/resource_index/packages/odometry_estimator
-- Symlinking: /home/dbot2/ros2_ws/src/install/odometry_estimator/share/odometry_estimator/cmake/odometry_estimatorConfig.cmake
-- Symlinking: /home/dbot2/ros2_ws/src/install/odometry_estimator/share/odometry_estimator/cmake/odometry_estimatorConfig-version.cmake
-- Symlinking: /home/dbot2/ros2_ws/src/install/odometry_estimator/share/odometry_estimator/package.xml
