running develop
Removing /home/dbot2/dbot_vda5050_ilmatar/install/motor_driver/lib/python3.10/site-packages/motor-driver.egg-link (link to .)
running egg_info
writing ../../build/motor_driver/motor_driver.egg-info/PKG-INFO
writing dependency_links to ../../build/motor_driver/motor_driver.egg-info/dependency_links.txt
writing entry points to ../../build/motor_driver/motor_driver.egg-info/entry_points.txt
writing requirements to ../../build/motor_driver/motor_driver.egg-info/requires.txt
writing top-level names to ../../build/motor_driver/motor_driver.egg-info/top_level.txt
reading manifest file '../../build/motor_driver/motor_driver.egg-info/SOURCES.txt'
adding license file 'LICENSE'
writing manifest file '../../build/motor_driver/motor_driver.egg-info/SOURCES.txt'
running build
running build_py
creating /home/dbot2/dbot_vda5050_ilmatar/build/motor_driver/build
creating /home/dbot2/dbot_vda5050_ilmatar/build/motor_driver/build/lib
creating /home/dbot2/dbot_vda5050_ilmatar/build/motor_driver/build/lib/motor_driver
copying motor_driver/ros2_encoder.py -> /home/dbot2/dbot_vda5050_ilmatar/build/motor_driver/build/lib/motor_driver
copying motor_driver/log_connector.py -> /home/dbot2/dbot_vda5050_ilmatar/build/motor_driver/build/lib/motor_driver
copying motor_driver/node_controls.py -> /home/dbot2/dbot_vda5050_ilmatar/build/motor_driver/build/lib/motor_driver
copying motor_driver/odomread.py -> /home/dbot2/dbot_vda5050_ilmatar/build/motor_driver/build/lib/motor_driver
copying motor_driver/zlac8015d_canopen_2.py -> /home/dbot2/dbot_vda5050_ilmatar/build/motor_driver/build/lib/motor_driver
copying motor_driver/zlac8015d_canopen.py -> /home/dbot2/dbot_vda5050_ilmatar/build/motor_driver/build/lib/motor_driver
copying motor_driver/od_definitions.py -> /home/dbot2/dbot_vda5050_ilmatar/build/motor_driver/build/lib/motor_driver
copying motor_driver/__init__.py -> /home/dbot2/dbot_vda5050_ilmatar/build/motor_driver/build/lib/motor_driver
copying motor_driver/ros2_wrapper.py -> /home/dbot2/dbot_vda5050_ilmatar/build/motor_driver/build/lib/motor_driver
running install
running install_lib
creating /home/dbot2/dbot_vda5050_ilmatar/install/motor_driver/lib/python3.10/site-packages/motor_driver
copying /home/dbot2/dbot_vda5050_ilmatar/build/motor_driver/build/lib/motor_driver/ros2_encoder.py -> /home/dbot2/dbot_vda5050_ilmatar/install/motor_driver/lib/python3.10/site-packages/motor_driver
copying /home/dbot2/dbot_vda5050_ilmatar/build/motor_driver/build/lib/motor_driver/log_connector.py -> /home/dbot2/dbot_vda5050_ilmatar/install/motor_driver/lib/python3.10/site-packages/motor_driver
copying /home/dbot2/dbot_vda5050_ilmatar/build/motor_driver/build/lib/motor_driver/node_controls.py -> /home/dbot2/dbot_vda5050_ilmatar/install/motor_driver/lib/python3.10/site-packages/motor_driver
copying /home/dbot2/dbot_vda5050_ilmatar/build/motor_driver/build/lib/motor_driver/odomread.py -> /home/dbot2/dbot_vda5050_ilmatar/install/motor_driver/lib/python3.10/site-packages/motor_driver
copying /home/dbot2/dbot_vda5050_ilmatar/build/motor_driver/build/lib/motor_driver/zlac8015d_canopen_2.py -> /home/dbot2/dbot_vda5050_ilmatar/install/motor_driver/lib/python3.10/site-packages/motor_driver
copying /home/dbot2/dbot_vda5050_ilmatar/build/motor_driver/build/lib/motor_driver/zlac8015d_canopen.py -> /home/dbot2/dbot_vda5050_ilmatar/install/motor_driver/lib/python3.10/site-packages/motor_driver
copying /home/dbot2/dbot_vda5050_ilmatar/build/motor_driver/build/lib/motor_driver/od_definitions.py -> /home/dbot2/dbot_vda5050_ilmatar/install/motor_driver/lib/python3.10/site-packages/motor_driver
copying /home/dbot2/dbot_vda5050_ilmatar/build/motor_driver/build/lib/motor_driver/__init__.py -> /home/dbot2/dbot_vda5050_ilmatar/install/motor_driver/lib/python3.10/site-packages/motor_driver
copying /home/dbot2/dbot_vda5050_ilmatar/build/motor_driver/build/lib/motor_driver/ros2_wrapper.py -> /home/dbot2/dbot_vda5050_ilmatar/install/motor_driver/lib/python3.10/site-packages/motor_driver
byte-compiling /home/dbot2/dbot_vda5050_ilmatar/install/motor_driver/lib/python3.10/site-packages/motor_driver/ros2_encoder.py to ros2_encoder.cpython-310.pyc
byte-compiling /home/dbot2/dbot_vda5050_ilmatar/install/motor_driver/lib/python3.10/site-packages/motor_driver/log_connector.py to log_connector.cpython-310.pyc
byte-compiling /home/dbot2/dbot_vda5050_ilmatar/install/motor_driver/lib/python3.10/site-packages/motor_driver/node_controls.py to node_controls.cpython-310.pyc
byte-compiling /home/dbot2/dbot_vda5050_ilmatar/install/motor_driver/lib/python3.10/site-packages/motor_driver/odomread.py to odomread.cpython-310.pyc
byte-compiling /home/dbot2/dbot_vda5050_ilmatar/install/motor_driver/lib/python3.10/site-packages/motor_driver/zlac8015d_canopen_2.py to zlac8015d_canopen_2.cpython-310.pyc
byte-compiling /home/dbot2/dbot_vda5050_ilmatar/install/motor_driver/lib/python3.10/site-packages/motor_driver/zlac8015d_canopen.py to zlac8015d_canopen.cpython-310.pyc
byte-compiling /home/dbot2/dbot_vda5050_ilmatar/install/motor_driver/lib/python3.10/site-packages/motor_driver/od_definitions.py to od_definitions.cpython-310.pyc
byte-compiling /home/dbot2/dbot_vda5050_ilmatar/install/motor_driver/lib/python3.10/site-packages/motor_driver/__init__.py to __init__.cpython-310.pyc
byte-compiling /home/dbot2/dbot_vda5050_ilmatar/install/motor_driver/lib/python3.10/site-packages/motor_driver/ros2_wrapper.py to ros2_wrapper.cpython-310.pyc
running install_data
copying resource/motor_driver -> /home/dbot2/dbot_vda5050_ilmatar/install/motor_driver/share/ament_index/resource_index/packages
copying package.xml -> /home/dbot2/dbot_vda5050_ilmatar/install/motor_driver/share/motor_driver
running install_egg_info
Copying ../../build/motor_driver/motor_driver.egg-info to /home/dbot2/dbot_vda5050_ilmatar/install/motor_driver/lib/python3.10/site-packages/motor_driver-0.0.0-py3.10.egg-info
running install_scripts
Installing motor_bringup script to /home/dbot2/dbot_vda5050_ilmatar/install/motor_driver/lib/motor_driver
writing list of installed files to '/home/dbot2/dbot_vda5050_ilmatar/build/motor_driver/install.log'
