[0.731s] Invoking command in '/home/dbot2/dbot_vda5050_ilmatar/build/motor_driver': CMAKE_PREFIX_PATH=/home/dbot2/dbot_vda5050_ilmatar/install/dbot_custom_msgs:/home/dbot2/dbot_vda5050_ilmatar/install/vda_dbot_nav_slam:/home/dbot2/dbot_vda5050_ilmatar/install/vda5050_connector:/home/dbot2/dbot_vda5050_ilmatar/install/vda5050_msgs:/home/dbot2/dbot_vda5050_ilmatar/install/odometry_estimator:/home/dbot2/dbot_vda5050_ilmatar/install/dbot_nav_slam:/home/dbot2/dbot_src/install/odometry_estimator:/home/dbot2/dbot_src/install/dbot_custom_msgs:/home/dbot2/dbot_remote/install/pointcloud_saver:/home/dbot2/circus_demo/install/pcl_localization_ros2:/home/dbot2/circus_demo/install/ndt_omp_ros2:/home/dbot2/ros2_ws/install/odometry_estimator:/home/dbot2/ros2_ws/install/dbot_nav_slam:/home/dbot2/ros2_ws/install/dbot_custom_msgs:/home/dbot2/ros2_ws/install/ament_lint_common:/home/dbot2/ros2_ws/install/ament_cmake_xmllint:/home/dbot2/ros2_ws/install/ament_cmake_uncrustify:/home/dbot2/ros2_ws/install/ament_cmake_pyflakes:/home/dbot2/ros2_ws/install/ament_cmake_pycodestyle:/home/dbot2/ros2_ws/install/ament_cmake_pep257:/home/dbot2/ros2_ws/install/ament_cmake_pclint:/home/dbot2/ros2_ws/install/ament_cmake_mypy:/home/dbot2/ros2_ws/install/ament_cmake_lint_cmake:/home/dbot2/ros2_ws/install/ament_lint_auto:/home/dbot2/ros2_ws/install/ament_cmake_flake8:/home/dbot2/ros2_ws/install/ament_cmake_copyright:/home/dbot2/ros2_ws/install/ament_cmake_cpplint:/home/dbot2/ros2_ws/install/ament_cmake_cppcheck:/home/dbot2/ros2_ws/install/ament_cmake_clang_tidy:/home/dbot2/ros2_ws/install/ament_cmake_clang_format LD_LIBRARY_PATH=/home/dbot2/dbot_vda5050_ilmatar/install/dbot_custom_msgs/lib:/home/dbot2/dbot_vda5050_ilmatar/install/vda5050_connector/lib:/home/dbot2/dbot_vda5050_ilmatar/install/vda5050_msgs/lib:/home/dbot2/dbot_src/install/dbot_custom_msgs/lib:/home/dbot2/circus_demo/install/pcl_localization_ros2/lib:/home/dbot2/ros2_ws/install/dbot_custom_msgs/lib:/opt/ros/humble/opt/rviz_ogre_vendor/lib:/opt/ros/humble/lib/x86_64-linux-gnu:/opt/ros/humble/lib PYTHONPATH=/home/dbot2/dbot_vda5050_ilmatar/build/motor_driver/prefix_override:/usr/lib/python3/dist-packages/colcon_core/task/python/colcon_distutils_commands:/home/dbot2/dbot_vda5050_ilmatar/install/motor_driver/lib/python3.10/site-packages:${PYTHONPATH} /usr/bin/python3 -W ignore:setup.py install is deprecated -W ignore:easy_install command is deprecated setup.py develop --uninstall --editable --build-directory /home/dbot2/dbot_vda5050_ilmatar/build/motor_driver/build
[0.994s] running develop
[1.166s] Removing /home/dbot2/dbot_vda5050_ilmatar/install/motor_driver/lib/python3.10/site-packages/motor-driver.egg-link (link to .)
[1.190s] Invoked command in '/home/dbot2/dbot_vda5050_ilmatar/build/motor_driver' returned '0': CMAKE_PREFIX_PATH=/home/dbot2/dbot_vda5050_ilmatar/install/dbot_custom_msgs:/home/dbot2/dbot_vda5050_ilmatar/install/vda_dbot_nav_slam:/home/dbot2/dbot_vda5050_ilmatar/install/vda5050_connector:/home/dbot2/dbot_vda5050_ilmatar/install/vda5050_msgs:/home/dbot2/dbot_vda5050_ilmatar/install/odometry_estimator:/home/dbot2/dbot_vda5050_ilmatar/install/dbot_nav_slam:/home/dbot2/dbot_src/install/odometry_estimator:/home/dbot2/dbot_src/install/dbot_custom_msgs:/home/dbot2/dbot_remote/install/pointcloud_saver:/home/dbot2/circus_demo/install/pcl_localization_ros2:/home/dbot2/circus_demo/install/ndt_omp_ros2:/home/dbot2/ros2_ws/install/odometry_estimator:/home/dbot2/ros2_ws/install/dbot_nav_slam:/home/dbot2/ros2_ws/install/dbot_custom_msgs:/home/dbot2/ros2_ws/install/ament_lint_common:/home/dbot2/ros2_ws/install/ament_cmake_xmllint:/home/dbot2/ros2_ws/install/ament_cmake_uncrustify:/home/dbot2/ros2_ws/install/ament_cmake_pyflakes:/home/dbot2/ros2_ws/install/ament_cmake_pycodestyle:/home/dbot2/ros2_ws/install/ament_cmake_pep257:/home/dbot2/ros2_ws/install/ament_cmake_pclint:/home/dbot2/ros2_ws/install/ament_cmake_mypy:/home/dbot2/ros2_ws/install/ament_cmake_lint_cmake:/home/dbot2/ros2_ws/install/ament_lint_auto:/home/dbot2/ros2_ws/install/ament_cmake_flake8:/home/dbot2/ros2_ws/install/ament_cmake_copyright:/home/dbot2/ros2_ws/install/ament_cmake_cpplint:/home/dbot2/ros2_ws/install/ament_cmake_cppcheck:/home/dbot2/ros2_ws/install/ament_cmake_clang_tidy:/home/dbot2/ros2_ws/install/ament_cmake_clang_format LD_LIBRARY_PATH=/home/dbot2/dbot_vda5050_ilmatar/install/dbot_custom_msgs/lib:/home/dbot2/dbot_vda5050_ilmatar/install/vda5050_connector/lib:/home/dbot2/dbot_vda5050_ilmatar/install/vda5050_msgs/lib:/home/dbot2/dbot_src/install/dbot_custom_msgs/lib:/home/dbot2/circus_demo/install/pcl_localization_ros2/lib:/home/dbot2/ros2_ws/install/dbot_custom_msgs/lib:/opt/ros/humble/opt/rviz_ogre_vendor/lib:/opt/ros/humble/lib/x86_64-linux-gnu:/opt/ros/humble/lib PYTHONPATH=/home/dbot2/dbot_vda5050_ilmatar/build/motor_driver/prefix_override:/usr/lib/python3/dist-packages/colcon_core/task/python/colcon_distutils_commands:/home/dbot2/dbot_vda5050_ilmatar/install/motor_driver/lib/python3.10/site-packages:${PYTHONPATH} /usr/bin/python3 -W ignore:setup.py install is deprecated -W ignore:easy_install command is deprecated setup.py develop --uninstall --editable --build-directory /home/dbot2/dbot_vda5050_ilmatar/build/motor_driver/build
[1.192s] Invoking command in '/home/dbot2/dbot_vda5050_ilmatar/src/motor_driver': CMAKE_PREFIX_PATH=/home/dbot2/dbot_vda5050_ilmatar/install/dbot_custom_msgs:/home/dbot2/dbot_vda5050_ilmatar/install/vda_dbot_nav_slam:/home/dbot2/dbot_vda5050_ilmatar/install/vda5050_connector:/home/dbot2/dbot_vda5050_ilmatar/install/vda5050_msgs:/home/dbot2/dbot_vda5050_ilmatar/install/odometry_estimator:/home/dbot2/dbot_vda5050_ilmatar/install/dbot_nav_slam:/home/dbot2/dbot_src/install/odometry_estimator:/home/dbot2/dbot_src/install/dbot_custom_msgs:/home/dbot2/dbot_remote/install/pointcloud_saver:/home/dbot2/circus_demo/install/pcl_localization_ros2:/home/dbot2/circus_demo/install/ndt_omp_ros2:/home/dbot2/ros2_ws/install/odometry_estimator:/home/dbot2/ros2_ws/install/dbot_nav_slam:/home/dbot2/ros2_ws/install/dbot_custom_msgs:/home/dbot2/ros2_ws/install/ament_lint_common:/home/dbot2/ros2_ws/install/ament_cmake_xmllint:/home/dbot2/ros2_ws/install/ament_cmake_uncrustify:/home/dbot2/ros2_ws/install/ament_cmake_pyflakes:/home/dbot2/ros2_ws/install/ament_cmake_pycodestyle:/home/dbot2/ros2_ws/install/ament_cmake_pep257:/home/dbot2/ros2_ws/install/ament_cmake_pclint:/home/dbot2/ros2_ws/install/ament_cmake_mypy:/home/dbot2/ros2_ws/install/ament_cmake_lint_cmake:/home/dbot2/ros2_ws/install/ament_lint_auto:/home/dbot2/ros2_ws/install/ament_cmake_flake8:/home/dbot2/ros2_ws/install/ament_cmake_copyright:/home/dbot2/ros2_ws/install/ament_cmake_cpplint:/home/dbot2/ros2_ws/install/ament_cmake_cppcheck:/home/dbot2/ros2_ws/install/ament_cmake_clang_tidy:/home/dbot2/ros2_ws/install/ament_cmake_clang_format LD_LIBRARY_PATH=/home/dbot2/dbot_vda5050_ilmatar/install/dbot_custom_msgs/lib:/home/dbot2/dbot_vda5050_ilmatar/install/vda5050_connector/lib:/home/dbot2/dbot_vda5050_ilmatar/install/vda5050_msgs/lib:/home/dbot2/dbot_src/install/dbot_custom_msgs/lib:/home/dbot2/circus_demo/install/pcl_localization_ros2/lib:/home/dbot2/ros2_ws/install/dbot_custom_msgs/lib:/opt/ros/humble/opt/rviz_ogre_vendor/lib:/opt/ros/humble/lib/x86_64-linux-gnu:/opt/ros/humble/lib PYTHONPATH=/home/dbot2/dbot_vda5050_ilmatar/build/motor_driver/prefix_override:/usr/lib/python3/dist-packages/colcon_core/task/python/colcon_distutils_commands:/home/dbot2/dbot_vda5050_ilmatar/install/motor_driver/lib/python3.10/site-packages:${PYTHONPATH} /usr/bin/python3 -W ignore:setup.py install is deprecated -W ignore:easy_install command is deprecated setup.py egg_info --egg-base ../../build/motor_driver build --build-base /home/dbot2/dbot_vda5050_ilmatar/build/motor_driver/build install --record /home/dbot2/dbot_vda5050_ilmatar/build/motor_driver/install.log --single-version-externally-managed install_data --force
[1.444s] running egg_info
[1.444s] writing ../../build/motor_driver/motor_driver.egg-info/PKG-INFO
[1.444s] writing dependency_links to ../../build/motor_driver/motor_driver.egg-info/dependency_links.txt
[1.444s] writing entry points to ../../build/motor_driver/motor_driver.egg-info/entry_points.txt
[1.444s] writing requirements to ../../build/motor_driver/motor_driver.egg-info/requires.txt
[1.444s] writing top-level names to ../../build/motor_driver/motor_driver.egg-info/top_level.txt
[1.447s] reading manifest file '../../build/motor_driver/motor_driver.egg-info/SOURCES.txt'
[1.447s] adding license file 'LICENSE'
[1.448s] writing manifest file '../../build/motor_driver/motor_driver.egg-info/SOURCES.txt'
[1.448s] running build
[1.448s] running build_py
[1.448s] creating /home/dbot2/dbot_vda5050_ilmatar/build/motor_driver/build
[1.448s] creating /home/dbot2/dbot_vda5050_ilmatar/build/motor_driver/build/lib
[1.448s] creating /home/dbot2/dbot_vda5050_ilmatar/build/motor_driver/build/lib/motor_driver
[1.448s] copying motor_driver/ros2_encoder.py -> /home/dbot2/dbot_vda5050_ilmatar/build/motor_driver/build/lib/motor_driver
[1.448s] copying motor_driver/log_connector.py -> /home/dbot2/dbot_vda5050_ilmatar/build/motor_driver/build/lib/motor_driver
[1.448s] copying motor_driver/node_controls.py -> /home/dbot2/dbot_vda5050_ilmatar/build/motor_driver/build/lib/motor_driver
[1.448s] copying motor_driver/odomread.py -> /home/dbot2/dbot_vda5050_ilmatar/build/motor_driver/build/lib/motor_driver
[1.449s] copying motor_driver/zlac8015d_canopen_2.py -> /home/dbot2/dbot_vda5050_ilmatar/build/motor_driver/build/lib/motor_driver
[1.449s] copying motor_driver/zlac8015d_canopen.py -> /home/dbot2/dbot_vda5050_ilmatar/build/motor_driver/build/lib/motor_driver
[1.449s] copying motor_driver/od_definitions.py -> /home/dbot2/dbot_vda5050_ilmatar/build/motor_driver/build/lib/motor_driver
[1.449s] copying motor_driver/__init__.py -> /home/dbot2/dbot_vda5050_ilmatar/build/motor_driver/build/lib/motor_driver
[1.449s] copying motor_driver/ros2_wrapper.py -> /home/dbot2/dbot_vda5050_ilmatar/build/motor_driver/build/lib/motor_driver
[1.449s] running install
[1.449s] running install_lib
[1.450s] creating /home/dbot2/dbot_vda5050_ilmatar/install/motor_driver/lib/python3.10/site-packages/motor_driver
[1.450s] copying /home/dbot2/dbot_vda5050_ilmatar/build/motor_driver/build/lib/motor_driver/ros2_encoder.py -> /home/dbot2/dbot_vda5050_ilmatar/install/motor_driver/lib/python3.10/site-packages/motor_driver
[1.450s] copying /home/dbot2/dbot_vda5050_ilmatar/build/motor_driver/build/lib/motor_driver/log_connector.py -> /home/dbot2/dbot_vda5050_ilmatar/install/motor_driver/lib/python3.10/site-packages/motor_driver
[1.450s] copying /home/dbot2/dbot_vda5050_ilmatar/build/motor_driver/build/lib/motor_driver/node_controls.py -> /home/dbot2/dbot_vda5050_ilmatar/install/motor_driver/lib/python3.10/site-packages/motor_driver
[1.450s] copying /home/dbot2/dbot_vda5050_ilmatar/build/motor_driver/build/lib/motor_driver/odomread.py -> /home/dbot2/dbot_vda5050_ilmatar/install/motor_driver/lib/python3.10/site-packages/motor_driver
[1.450s] copying /home/dbot2/dbot_vda5050_ilmatar/build/motor_driver/build/lib/motor_driver/zlac8015d_canopen_2.py -> /home/dbot2/dbot_vda5050_ilmatar/install/motor_driver/lib/python3.10/site-packages/motor_driver
[1.450s] copying /home/dbot2/dbot_vda5050_ilmatar/build/motor_driver/build/lib/motor_driver/zlac8015d_canopen.py -> /home/dbot2/dbot_vda5050_ilmatar/install/motor_driver/lib/python3.10/site-packages/motor_driver
[1.450s] copying /home/dbot2/dbot_vda5050_ilmatar/build/motor_driver/build/lib/motor_driver/od_definitions.py -> /home/dbot2/dbot_vda5050_ilmatar/install/motor_driver/lib/python3.10/site-packages/motor_driver
[1.450s] copying /home/dbot2/dbot_vda5050_ilmatar/build/motor_driver/build/lib/motor_driver/__init__.py -> /home/dbot2/dbot_vda5050_ilmatar/install/motor_driver/lib/python3.10/site-packages/motor_driver
[1.450s] copying /home/dbot2/dbot_vda5050_ilmatar/build/motor_driver/build/lib/motor_driver/ros2_wrapper.py -> /home/dbot2/dbot_vda5050_ilmatar/install/motor_driver/lib/python3.10/site-packages/motor_driver
[1.451s] byte-compiling /home/dbot2/dbot_vda5050_ilmatar/install/motor_driver/lib/python3.10/site-packages/motor_driver/ros2_encoder.py to ros2_encoder.cpython-310.pyc
[1.451s] byte-compiling /home/dbot2/dbot_vda5050_ilmatar/install/motor_driver/lib/python3.10/site-packages/motor_driver/log_connector.py to log_connector.cpython-310.pyc
[1.452s] byte-compiling /home/dbot2/dbot_vda5050_ilmatar/install/motor_driver/lib/python3.10/site-packages/motor_driver/node_controls.py to node_controls.cpython-310.pyc
[1.452s] byte-compiling /home/dbot2/dbot_vda5050_ilmatar/install/motor_driver/lib/python3.10/site-packages/motor_driver/odomread.py to odomread.cpython-310.pyc
[1.452s] byte-compiling /home/dbot2/dbot_vda5050_ilmatar/install/motor_driver/lib/python3.10/site-packages/motor_driver/zlac8015d_canopen_2.py to zlac8015d_canopen_2.cpython-310.pyc
[1.454s] byte-compiling /home/dbot2/dbot_vda5050_ilmatar/install/motor_driver/lib/python3.10/site-packages/motor_driver/zlac8015d_canopen.py to zlac8015d_canopen.cpython-310.pyc
[1.455s] byte-compiling /home/dbot2/dbot_vda5050_ilmatar/install/motor_driver/lib/python3.10/site-packages/motor_driver/od_definitions.py to od_definitions.cpython-310.pyc
[1.456s] byte-compiling /home/dbot2/dbot_vda5050_ilmatar/install/motor_driver/lib/python3.10/site-packages/motor_driver/__init__.py to __init__.cpython-310.pyc
[1.456s] byte-compiling /home/dbot2/dbot_vda5050_ilmatar/install/motor_driver/lib/python3.10/site-packages/motor_driver/ros2_wrapper.py to ros2_wrapper.cpython-310.pyc
[1.457s] running install_data
[1.457s] copying resource/motor_driver -> /home/dbot2/dbot_vda5050_ilmatar/install/motor_driver/share/ament_index/resource_index/packages
[1.457s] copying package.xml -> /home/dbot2/dbot_vda5050_ilmatar/install/motor_driver/share/motor_driver
[1.457s] running install_egg_info
[1.459s] Copying ../../build/motor_driver/motor_driver.egg-info to /home/dbot2/dbot_vda5050_ilmatar/install/motor_driver/lib/python3.10/site-packages/motor_driver-0.0.0-py3.10.egg-info
[1.459s] running install_scripts
[1.477s] Installing motor_bringup script to /home/dbot2/dbot_vda5050_ilmatar/install/motor_driver/lib/motor_driver
[1.478s] writing list of installed files to '/home/dbot2/dbot_vda5050_ilmatar/build/motor_driver/install.log'
[1.503s] Invoked command in '/home/dbot2/dbot_vda5050_ilmatar/src/motor_driver' returned '0': CMAKE_PREFIX_PATH=/home/dbot2/dbot_vda5050_ilmatar/install/dbot_custom_msgs:/home/dbot2/dbot_vda5050_ilmatar/install/vda_dbot_nav_slam:/home/dbot2/dbot_vda5050_ilmatar/install/vda5050_connector:/home/dbot2/dbot_vda5050_ilmatar/install/vda5050_msgs:/home/dbot2/dbot_vda5050_ilmatar/install/odometry_estimator:/home/dbot2/dbot_vda5050_ilmatar/install/dbot_nav_slam:/home/dbot2/dbot_src/install/odometry_estimator:/home/dbot2/dbot_src/install/dbot_custom_msgs:/home/dbot2/dbot_remote/install/pointcloud_saver:/home/dbot2/circus_demo/install/pcl_localization_ros2:/home/dbot2/circus_demo/install/ndt_omp_ros2:/home/dbot2/ros2_ws/install/odometry_estimator:/home/dbot2/ros2_ws/install/dbot_nav_slam:/home/dbot2/ros2_ws/install/dbot_custom_msgs:/home/dbot2/ros2_ws/install/ament_lint_common:/home/dbot2/ros2_ws/install/ament_cmake_xmllint:/home/dbot2/ros2_ws/install/ament_cmake_uncrustify:/home/dbot2/ros2_ws/install/ament_cmake_pyflakes:/home/dbot2/ros2_ws/install/ament_cmake_pycodestyle:/home/dbot2/ros2_ws/install/ament_cmake_pep257:/home/dbot2/ros2_ws/install/ament_cmake_pclint:/home/dbot2/ros2_ws/install/ament_cmake_mypy:/home/dbot2/ros2_ws/install/ament_cmake_lint_cmake:/home/dbot2/ros2_ws/install/ament_lint_auto:/home/dbot2/ros2_ws/install/ament_cmake_flake8:/home/dbot2/ros2_ws/install/ament_cmake_copyright:/home/dbot2/ros2_ws/install/ament_cmake_cpplint:/home/dbot2/ros2_ws/install/ament_cmake_cppcheck:/home/dbot2/ros2_ws/install/ament_cmake_clang_tidy:/home/dbot2/ros2_ws/install/ament_cmake_clang_format LD_LIBRARY_PATH=/home/dbot2/dbot_vda5050_ilmatar/install/dbot_custom_msgs/lib:/home/dbot2/dbot_vda5050_ilmatar/install/vda5050_connector/lib:/home/dbot2/dbot_vda5050_ilmatar/install/vda5050_msgs/lib:/home/dbot2/dbot_src/install/dbot_custom_msgs/lib:/home/dbot2/circus_demo/install/pcl_localization_ros2/lib:/home/dbot2/ros2_ws/install/dbot_custom_msgs/lib:/opt/ros/humble/opt/rviz_ogre_vendor/lib:/opt/ros/humble/lib/x86_64-linux-gnu:/opt/ros/humble/lib PYTHONPATH=/home/dbot2/dbot_vda5050_ilmatar/build/motor_driver/prefix_override:/usr/lib/python3/dist-packages/colcon_core/task/python/colcon_distutils_commands:/home/dbot2/dbot_vda5050_ilmatar/install/motor_driver/lib/python3.10/site-packages:${PYTHONPATH} /usr/bin/python3 -W ignore:setup.py install is deprecated -W ignore:easy_install command is deprecated setup.py egg_info --egg-base ../../build/motor_driver build --build-base /home/dbot2/dbot_vda5050_ilmatar/build/motor_driver/build install --record /home/dbot2/dbot_vda5050_ilmatar/build/motor_driver/install.log --single-version-externally-managed install_data --force
