running egg_info
writing ../../build/vda5050_tb3_adapter/vda5050_tb3_adapter.egg-info/PKG-INFO
writing dependency_links to ../../build/vda5050_tb3_adapter/vda5050_tb3_adapter.egg-info/dependency_links.txt
writing entry points to ../../build/vda5050_tb3_adapter/vda5050_tb3_adapter.egg-info/entry_points.txt
writing requirements to ../../build/vda5050_tb3_adapter/vda5050_tb3_adapter.egg-info/requires.txt
writing top-level names to ../../build/vda5050_tb3_adapter/vda5050_tb3_adapter.egg-info/top_level.txt
reading manifest file '../../build/vda5050_tb3_adapter/vda5050_tb3_adapter.egg-info/SOURCES.txt'
writing manifest file '../../build/vda5050_tb3_adapter/vda5050_tb3_adapter.egg-info/SOURCES.txt'
running build
running build_py
copying vda5050_tb3_adapter/tb3_adapter.py -> /home/dbot2/dbot_vda5050_ilmatar/build/vda5050_tb3_adapter/build/lib/vda5050_tb3_adapter
running install
running install_lib
copying /home/dbot2/dbot_vda5050_ilmatar/build/vda5050_tb3_adapter/build/lib/vda5050_tb3_adapter/tb3_adapter.py -> /home/dbot2/dbot_vda5050_ilmatar/install/vda5050_tb3_adapter/lib/python3.10/site-packages/vda5050_tb3_adapter
byte-compiling /home/dbot2/dbot_vda5050_ilmatar/install/vda5050_tb3_adapter/lib/python3.10/site-packages/vda5050_tb3_adapter/tb3_adapter.py to tb3_adapter.cpython-310.pyc
running install_data
running install_egg_info
removing '/home/dbot2/dbot_vda5050_ilmatar/install/vda5050_tb3_adapter/lib/python3.10/site-packages/vda5050_tb3_adapter-0.0.0-py3.10.egg-info' (and everything under it)
Copying ../../build/vda5050_tb3_adapter/vda5050_tb3_adapter.egg-info to /home/dbot2/dbot_vda5050_ilmatar/install/vda5050_tb3_adapter/lib/python3.10/site-packages/vda5050_tb3_adapter-0.0.0-py3.10.egg-info
running install_scripts
Installing tb3_adapter script to /home/dbot2/dbot_vda5050_ilmatar/install/vda5050_tb3_adapter/lib/vda5050_tb3_adapter
writing list of installed files to '/home/dbot2/dbot_vda5050_ilmatar/build/vda5050_tb3_adapter/install.log'
