[ 10%] [32mBuilding CXX object CMakeFiles/vehicle_models.dir/src/vehicle_models/vehicle_models.cpp.o[0m
[ 20%] [32mBuilding CXX object gtest/CMakeFiles/gtest.dir/src/gtest-all.cc.o[0m
[ 30%] [32mBuilding CXX object gtest/CMakeFiles/gtest_main.dir/src/gtest_main.cc.o[0m
[ 40%] [32m[1mLinking CXX static library libvehicle_models.a[0m
[ 40%] Built target vehicle_models
[ 50%] [32mBuilding CXX object CMakeFiles/odometry_estimator.dir/src/node/odometry_estimation_node.cpp.o[0m
[ 60%] [32m[1mLinking CXX static library libgtest_main.a[0m
[ 60%] Built target gtest_main
[ 70%] [32m[1mLinking CXX static library libgtest.a[0m
[ 70%] Built target gtest
[ 80%] [32mBuilding CXX object test/CMakeFiles/vehicle_models_test.dir/vehicle_models_test.cpp.o[0m
[ 90%] [32m[1mLinking CXX executable vehicle_models_test[0m
[ 90%] Built target vehicle_models_test
[100%] [32m[1mLinking CXX executable odometry_estimator[0m
[100%] Built target odometry_estimator
-- Install configuration: ""
-- Execute custom install script
-- Up-to-date symlink: /home/dbot2/dbot_vda5050_ilmatar/install/odometry_estimator/lib/odometry_estimator/odometry_estimator
-- Up-to-date symlink: /home/dbot2/dbot_vda5050_ilmatar/install/odometry_estimator/share/ament_index/resource_index/package_run_dependencies/odometry_estimator
-- Up-to-date symlink: /home/dbot2/dbot_vda5050_ilmatar/install/odometry_estimator/share/ament_index/resource_index/parent_prefix_path/odometry_estimator
-- Up-to-date symlink: /home/dbot2/dbot_vda5050_ilmatar/install/odometry_estimator/share/odometry_estimator/environment/ament_prefix_path.sh
-- Up-to-date symlink: /home/dbot2/dbot_vda5050_ilmatar/install/odometry_estimator/share/odometry_estimator/environment/ament_prefix_path.dsv
-- Up-to-date symlink: /home/dbot2/dbot_vda5050_ilmatar/install/odometry_estimator/share/odometry_estimator/environment/path.sh
-- Up-to-date symlink: /home/dbot2/dbot_vda5050_ilmatar/install/odometry_estimator/share/odometry_estimator/environment/path.dsv
-- Up-to-date symlink: /home/dbot2/dbot_vda5050_ilmatar/install/odometry_estimator/share/odometry_estimator/local_setup.bash
-- Up-to-date symlink: /home/dbot2/dbot_vda5050_ilmatar/install/odometry_estimator/share/odometry_estimator/local_setup.sh
-- Up-to-date symlink: /home/dbot2/dbot_vda5050_ilmatar/install/odometry_estimator/share/odometry_estimator/local_setup.zsh
-- Up-to-date symlink: /home/dbot2/dbot_vda5050_ilmatar/install/odometry_estimator/share/odometry_estimator/local_setup.dsv
-- Symlinking: /home/dbot2/dbot_vda5050_ilmatar/install/odometry_estimator/share/odometry_estimator/package.dsv
-- Up-to-date symlink: /home/dbot2/dbot_vda5050_ilmatar/install/odometry_estimator/share/ament_index/resource_index/packages/odometry_estimator
-- Up-to-date symlink: /home/dbot2/dbot_vda5050_ilmatar/install/odometry_estimator/share/odometry_estimator/cmake/odometry_estimatorConfig.cmake
-- Up-to-date symlink: /home/dbot2/dbot_vda5050_ilmatar/install/odometry_estimator/share/odometry_estimator/cmake/odometry_estimatorConfig-version.cmake
-- Up-to-date symlink: /home/dbot2/dbot_vda5050_ilmatar/install/odometry_estimator/share/odometry_estimator/package.xml
