/home/dbot2/.local/lib/python3.10/site-packages/setuptools/dist.py:452: SetuptoolsDeprecationWarning: Invalid dash-separated options
!!

        ********************************************************************************
        Usage of dash-separated 'script-dir' will not be supported in future
        versions. Please use the underscore name 'script_dir' instead.

        This deprecation is overdue, please update your project and remove deprecated
        calls to avoid build errors in the future.

        See https://setuptools.pypa.io/en/latest/userguide/declarative_config.html for details.
        ********************************************************************************

!!
  opt = self.warn_dash_deprecation(opt, section)
/home/dbot2/.local/lib/python3.10/site-packages/setuptools/_distutils/dist.py:261: UserWarning: Unknown distribution option: 'tests_require'
  warnings.warn(msg)
running egg_info
writing ../../build/odom_motion_model/odom_motion_model.egg-info/PKG-INFO
writing dependency_links to ../../build/odom_motion_model/odom_motion_model.egg-info/dependency_links.txt
writing entry points to ../../build/odom_motion_model/odom_motion_model.egg-info/entry_points.txt
writing requirements to ../../build/odom_motion_model/odom_motion_model.egg-info/requires.txt
writing top-level names to ../../build/odom_motion_model/odom_motion_model.egg-info/top_level.txt
reading manifest file '../../build/odom_motion_model/odom_motion_model.egg-info/SOURCES.txt'
writing manifest file '../../build/odom_motion_model/odom_motion_model.egg-info/SOURCES.txt'
running build
running build_py
running install
running install_lib
running install_data
running install_egg_info
removing '/home/dbot2/dbot_vda5050_ilmatar/install/odom_motion_model/lib/python3.10/site-packages/odom_motion_model-0.0.0-py3.10.egg-info' (and everything under it)
Copying ../../build/odom_motion_model/odom_motion_model.egg-info to /home/dbot2/dbot_vda5050_ilmatar/install/odom_motion_model/lib/python3.10/site-packages/odom_motion_model-0.0.0-py3.10.egg-info
running install_scripts
Installing odom_motion_model script to /home/dbot2/dbot_vda5050_ilmatar/install/odom_motion_model/lib/odom_motion_model
writing list of installed files to '/home/dbot2/dbot_vda5050_ilmatar/build/odom_motion_model/install.log'
