[2.141s] Invoking command in '/home/dbot2/dbot_vda5050_ilmatar/src/joycontrol': PYTHONPATH=/home/dbot2/dbot_vda5050_ilmatar/build/joycontrol/prefix_override:/usr/lib/python3/dist-packages/colcon_core/task/python/colcon_distutils_commands:/home/dbot2/dbot_vda5050_ilmatar/install/joycontrol/lib/python3.10/site-packages:${PYTHONPATH} /usr/bin/python3 -W ignore:setup.py install is deprecated -W ignore:easy_install command is deprecated setup.py egg_info --egg-base ../../build/joycontrol build --build-base /home/dbot2/dbot_vda5050_ilmatar/build/joycontrol/build install --record /home/dbot2/dbot_vda5050_ilmatar/build/joycontrol/install.log --single-version-externally-managed install_data
[2.557s] running egg_info
[2.558s] writing ../../build/joycontrol/joycontrol.egg-info/PKG-INFO
[2.559s] writing dependency_links to ../../build/joycontrol/joycontrol.egg-info/dependency_links.txt
[2.559s] writing entry points to ../../build/joycontrol/joycontrol.egg-info/entry_points.txt
[2.560s] writing requirements to ../../build/joycontrol/joycontrol.egg-info/requires.txt
[2.560s] writing top-level names to ../../build/joycontrol/joycontrol.egg-info/top_level.txt
[2.564s] reading manifest file '../../build/joycontrol/joycontrol.egg-info/SOURCES.txt'
[2.564s] adding license file 'LICENSE'
[2.565s] writing manifest file '../../build/joycontrol/joycontrol.egg-info/SOURCES.txt'
[2.567s] running build
[2.567s] running build_py
[2.567s] running install
[2.567s] running install_lib
[2.568s] running install_data
[2.568s] running install_egg_info
[2.570s] removing '/home/dbot2/dbot_vda5050_ilmatar/install/joycontrol/lib/python3.10/site-packages/joycontrol-0.0.0-py3.10.egg-info' (and everything under it)
[2.571s] Copying ../../build/joycontrol/joycontrol.egg-info to /home/dbot2/dbot_vda5050_ilmatar/install/joycontrol/lib/python3.10/site-packages/joycontrol-0.0.0-py3.10.egg-info
[2.571s] running install_scripts
[2.592s] Installing joycontrol script to /home/dbot2/dbot_vda5050_ilmatar/install/joycontrol/lib/joycontrol
[2.593s] writing list of installed files to '/home/dbot2/dbot_vda5050_ilmatar/build/joycontrol/install.log'
[2.732s] Invoked command in '/home/dbot2/dbot_vda5050_ilmatar/src/joycontrol' returned '0': PYTHONPATH=/home/dbot2/dbot_vda5050_ilmatar/build/joycontrol/prefix_override:/usr/lib/python3/dist-packages/colcon_core/task/python/colcon_distutils_commands:/home/dbot2/dbot_vda5050_ilmatar/install/joycontrol/lib/python3.10/site-packages:${PYTHONPATH} /usr/bin/python3 -W ignore:setup.py install is deprecated -W ignore:easy_install command is deprecated setup.py egg_info --egg-base ../../build/joycontrol build --build-base /home/dbot2/dbot_vda5050_ilmatar/build/joycontrol/build install --record /home/dbot2/dbot_vda5050_ilmatar/build/joycontrol/install.log --single-version-externally-managed install_data
