/home/dbot2/dbot_vda5050_ilmatar/install/motor_driver/lib/python3.10/site-packages/motor_driver/ros2_encoder.py
/home/dbot2/dbot_vda5050_ilmatar/install/motor_driver/lib/python3.10/site-packages/motor_driver/log_connector.py
/home/dbot2/dbot_vda5050_ilmatar/install/motor_driver/lib/python3.10/site-packages/motor_driver/node_controls.py
/home/dbot2/dbot_vda5050_ilmatar/install/motor_driver/lib/python3.10/site-packages/motor_driver/odomread.py
/home/dbot2/dbot_vda5050_ilmatar/install/motor_driver/lib/python3.10/site-packages/motor_driver/zlac8015d_canopen_2.py
/home/dbot2/dbot_vda5050_ilmatar/install/motor_driver/lib/python3.10/site-packages/motor_driver/zlac8015d_canopen.py
/home/dbot2/dbot_vda5050_ilmatar/install/motor_driver/lib/python3.10/site-packages/motor_driver/od_definitions.py
/home/dbot2/dbot_vda5050_ilmatar/install/motor_driver/lib/python3.10/site-packages/motor_driver/__init__.py
/home/dbot2/dbot_vda5050_ilmatar/install/motor_driver/lib/python3.10/site-packages/motor_driver/ros2_wrapper.py
/home/dbot2/dbot_vda5050_ilmatar/install/motor_driver/lib/python3.10/site-packages/motor_driver/__pycache__/ros2_encoder.cpython-310.pyc
/home/dbot2/dbot_vda5050_ilmatar/install/motor_driver/lib/python3.10/site-packages/motor_driver/__pycache__/log_connector.cpython-310.pyc
/home/dbot2/dbot_vda5050_ilmatar/install/motor_driver/lib/python3.10/site-packages/motor_driver/__pycache__/node_controls.cpython-310.pyc
/home/dbot2/dbot_vda5050_ilmatar/install/motor_driver/lib/python3.10/site-packages/motor_driver/__pycache__/odomread.cpython-310.pyc
/home/dbot2/dbot_vda5050_ilmatar/install/motor_driver/lib/python3.10/site-packages/motor_driver/__pycache__/zlac8015d_canopen_2.cpython-310.pyc
/home/dbot2/dbot_vda5050_ilmatar/install/motor_driver/lib/python3.10/site-packages/motor_driver/__pycache__/zlac8015d_canopen.cpython-310.pyc
/home/dbot2/dbot_vda5050_ilmatar/install/motor_driver/lib/python3.10/site-packages/motor_driver/__pycache__/od_definitions.cpython-310.pyc
/home/dbot2/dbot_vda5050_ilmatar/install/motor_driver/lib/python3.10/site-packages/motor_driver/__pycache__/__init__.cpython-310.pyc
/home/dbot2/dbot_vda5050_ilmatar/install/motor_driver/lib/python3.10/site-packages/motor_driver/__pycache__/ros2_wrapper.cpython-310.pyc
/home/dbot2/dbot_vda5050_ilmatar/install/motor_driver/share/ament_index/resource_index/packages/motor_driver
/home/dbot2/dbot_vda5050_ilmatar/install/motor_driver/share/motor_driver/package.xml
/home/dbot2/dbot_vda5050_ilmatar/install/motor_driver/lib/python3.10/site-packages/motor_driver-0.0.0-py3.10.egg-info/entry_points.txt
/home/dbot2/dbot_vda5050_ilmatar/install/motor_driver/lib/python3.10/site-packages/motor_driver-0.0.0-py3.10.egg-info/SOURCES.txt
/home/dbot2/dbot_vda5050_ilmatar/install/motor_driver/lib/python3.10/site-packages/motor_driver-0.0.0-py3.10.egg-info/PKG-INFO
/home/dbot2/dbot_vda5050_ilmatar/install/motor_driver/lib/python3.10/site-packages/motor_driver-0.0.0-py3.10.egg-info/requires.txt
/home/dbot2/dbot_vda5050_ilmatar/install/motor_driver/lib/python3.10/site-packages/motor_driver-0.0.0-py3.10.egg-info/dependency_links.txt
/home/dbot2/dbot_vda5050_ilmatar/install/motor_driver/lib/python3.10/site-packages/motor_driver-0.0.0-py3.10.egg-info/top_level.txt
/home/dbot2/dbot_vda5050_ilmatar/install/motor_driver/lib/python3.10/site-packages/motor_driver-0.0.0-py3.10.egg-info/zip-safe
/home/dbot2/dbot_vda5050_ilmatar/install/motor_driver/lib/motor_driver/motor_bringup
