-- Found ament_cmake: 1.3.11 (/opt/ros/humble/share/ament_cmake/cmake)
-- Override CMake install command with custom implementation using symlinks instead of copying resources
-- Found rclcpp: 16.0.12 (/opt/ros/humble/share/rclcpp/cmake)
-- Found rosidl_generator_c: 3.1.6 (/opt/ros/humble/share/rosidl_generator_c/cmake)
-- Found rosidl_adapter: 3.1.6 (/opt/ros/humble/share/rosidl_adapter/cmake)
-- Found rosidl_generator_cpp: 3.1.6 (/opt/ros/humble/share/rosidl_generator_cpp/cmake)
-- Using all available rosidl_typesupport_c: rosidl_typesupport_fastrtps_c;rosidl_typesupport_introspection_c
-- Using all available rosidl_typesupport_cpp: rosidl_typesupport_fastrtps_cpp;rosidl_typesupport_introspection_cpp
-- Found rmw_implementation_cmake: 6.1.2 (/opt/ros/humble/share/rmw_implementation_cmake/cmake)
-- Found rmw_fastrtps_cpp: 6.2.7 (/opt/ros/humble/share/rmw_fastrtps_cpp/cmake)
-- Using RMW implementation 'rmw_fastrtps_cpp' as default
-- Found nav_msgs: 4.9.0 (/opt/ros/humble/share/nav_msgs/cmake)
-- Found dbot_custom_msgs: 0.0.0 (/home/dbot2/dbot_vda5050_ilmatar/install/dbot_custom_msgs/share/dbot_custom_msgs/cmake)
-- Found ament_cmake_gtest: 1.3.11 (/opt/ros/humble/share/ament_cmake_gtest/cmake)
-- Found gtest sources under '/opt/ros/humble/src/gtest_vendor': C++ tests using 'Google Test' will be built
-- Configuring done
-- Generating done
-- Build files have been written to: /home/dbot2/dbot_vda5050_ilmatar/build/odometry_estimator
[35m[1mConsolidate compiler generated dependencies of target vehicle_models[0m
[35m[1mConsolidate compiler generated dependencies of target gtest_main[0m
[35m[1mConsolidate compiler generated dependencies of target gtest[0m
[ 20%] Built target gtest_main
[ 40%] Built target vehicle_models
[ 60%] Built target gtest
[35m[1mConsolidate compiler generated dependencies of target odometry_estimator[0m
[35m[1mConsolidate compiler generated dependencies of target vehicle_models_test[0m
[ 80%] Built target vehicle_models_test
[100%] Built target odometry_estimator
-- Install configuration: ""
-- Execute custom install script
-- Up-to-date symlink: /home/dbot2/dbot_vda5050_ilmatar/install/odometry_estimator/lib/odometry_estimator/odometry_estimator
-- Up-to-date symlink: /home/dbot2/dbot_vda5050_ilmatar/install/odometry_estimator/share/ament_index/resource_index/package_run_dependencies/odometry_estimator
-- Up-to-date symlink: /home/dbot2/dbot_vda5050_ilmatar/install/odometry_estimator/share/ament_index/resource_index/parent_prefix_path/odometry_estimator
-- Up-to-date symlink: /home/dbot2/dbot_vda5050_ilmatar/install/odometry_estimator/share/odometry_estimator/environment/ament_prefix_path.sh
-- Up-to-date symlink: /home/dbot2/dbot_vda5050_ilmatar/install/odometry_estimator/share/odometry_estimator/environment/ament_prefix_path.dsv
-- Up-to-date symlink: /home/dbot2/dbot_vda5050_ilmatar/install/odometry_estimator/share/odometry_estimator/environment/path.sh
-- Up-to-date symlink: /home/dbot2/dbot_vda5050_ilmatar/install/odometry_estimator/share/odometry_estimator/environment/path.dsv
-- Up-to-date symlink: /home/dbot2/dbot_vda5050_ilmatar/install/odometry_estimator/share/odometry_estimator/local_setup.bash
-- Up-to-date symlink: /home/dbot2/dbot_vda5050_ilmatar/install/odometry_estimator/share/odometry_estimator/local_setup.sh
-- Up-to-date symlink: /home/dbot2/dbot_vda5050_ilmatar/install/odometry_estimator/share/odometry_estimator/local_setup.zsh
-- Up-to-date symlink: /home/dbot2/dbot_vda5050_ilmatar/install/odometry_estimator/share/odometry_estimator/local_setup.dsv
-- Symlinking: /home/dbot2/dbot_vda5050_ilmatar/install/odometry_estimator/share/odometry_estimator/package.dsv
-- Up-to-date symlink: /home/dbot2/dbot_vda5050_ilmatar/install/odometry_estimator/share/ament_index/resource_index/packages/odometry_estimator
-- Up-to-date symlink: /home/dbot2/dbot_vda5050_ilmatar/install/odometry_estimator/share/odometry_estimator/cmake/odometry_estimatorConfig.cmake
-- Up-to-date symlink: /home/dbot2/dbot_vda5050_ilmatar/install/odometry_estimator/share/odometry_estimator/cmake/odometry_estimatorConfig-version.cmake
-- Up-to-date symlink: /home/dbot2/dbot_vda5050_ilmatar/install/odometry_estimator/share/odometry_estimator/package.xml
