-- Found ament_cmake: 1.3.14 (/opt/ros/humble/share/ament_cmake/cmake)
-- Override CMake install command with custom implementation using symlinks instead of copying resources
-- Found rclcpp: 16.0.19 (/opt/ros/humble/share/rclcpp/cmake)
-- Found rosidl_generator_c: 3.1.8 (/opt/ros/humble/share/rosidl_generator_c/cmake)
-- Found rosidl_adapter: 3.1.8 (/opt/ros/humble/share/rosidl_adapter/cmake)
-- Found rosidl_generator_cpp: 3.1.8 (/opt/ros/humble/share/rosidl_generator_cpp/cmake)
-- Using all available rosidl_typesupport_c: rosidl_typesupport_fastrtps_c;rosidl_typesupport_introspection_c
-- Using all available rosidl_typesupport_cpp: rosidl_typesupport_fastrtps_cpp;rosidl_typesupport_introspection_cpp
-- Found rmw_implementation_cmake: 6.1.2 (/opt/ros/humble/share/rmw_implementation_cmake/cmake)
-- Found rmw_fastrtps_cpp: 6.2.10 (/opt/ros/humble/share/rmw_fastrtps_cpp/cmake)
-- Using RMW implementation 'rmw_fastrtps_cpp' as default
-- Found nav_msgs: 4.9.1 (/opt/ros/humble/share/nav_msgs/cmake)
-- Found dbot_custom_msgs: 0.0.0 (/home/dbot2/dbot_vda5050_ilmatar/install/dbot_custom_msgs/share/dbot_custom_msgs/cmake)
-- Found ament_cmake_gtest: 1.3.14 (/opt/ros/humble/share/ament_cmake_gtest/cmake)
-- Found gtest sources under '/opt/ros/humble/src/gtest_vendor': C++ tests using 'Google Test' will be built
-- Configuring done
-- Generating done
-- Build files have been written to: /home/dbot2/dbot_vda5050_ilmatar/build/odometry_estimator
[35m[1mConsolidate compiler generated dependencies of target vehicle_models[0m
[35m[1mConsolidate compiler generated dependencies of target gtest_main[0m
[35m[1mConsolidate compiler generated dependencies of target gtest[0m
[ 10%] [32mBuilding CXX object CMakeFiles/vehicle_models.dir/src/vehicle_models/vehicle_models.cpp.o[0m
[ 20%] [32mBuilding CXX object gtest/CMakeFiles/gtest_main.dir/src/gtest_main.cc.o[0m
[ 30%] [32mBuilding CXX object gtest/CMakeFiles/gtest.dir/src/gtest-all.cc.o[0m
[01m[K/home/dbot2/dbot_vda5050_ilmatar/src/ros2_odometry_estimation/src/vehicle_models/vehicle_models.cpp:[m[K In member function ‘[01m[Kvirtual VehicleState DifferentialDriveModel::calculateNextState(double, double, VehicleState, double)[m[K’:
[01m[K/home/dbot2/dbot_vda5050_ilmatar/src/ros2_odometry_estimation/src/vehicle_models/vehicle_models.cpp:44:10:[m[K [01;35m[Kwarning: [m[Kunused variable ‘[01m[Klinear_vel[m[K’ [[01;35m[K]8;;https://gcc.gnu.org/onlinedocs/gcc/Warning-Options.html#index-Wunused-variable-Wunused-variable]8;;[m[K]
   44 |   double [01;35m[Klinear_vel[m[K =  (v_r + v_l) / 2;
      |          [01;35m[K^~~~~~~~~~[m[K
[ 40%] [32m[1mLinking CXX static library libvehicle_models.a[0m
[ 40%] Built target vehicle_models
[35m[1mConsolidate compiler generated dependencies of target odometry_estimator[0m
[ 50%] [32mBuilding CXX object CMakeFiles/odometry_estimator.dir/src/node/odometry_estimation_node.cpp.o[0m
[ 60%] [32m[1mLinking CXX static library libgtest_main.a[0m
[ 60%] Built target gtest_main
In file included from [01m[K/home/dbot2/dbot_vda5050_ilmatar/src/ros2_odometry_estimation/src/node/odometry_estimation_node.cpp:3[m[K:
[01m[K/opt/ros/humble/include/tf2_geometry_msgs/tf2_geometry_msgs/tf2_geometry_msgs.h:35:2:[m[K [01;35m[Kwarning: [m[K#warning is a GCC extension
   35 | #[01;35m[Kwarning[m[K This header is obsolete, please include tf2_geometry_msgs/tf2_geometry_msgs.hpp instead
      |  [01;35m[K^~~~~~~[m[K
[01m[K/opt/ros/humble/include/tf2_geometry_msgs/tf2_geometry_msgs/tf2_geometry_msgs.h:35:2:[m[K [01;35m[Kwarning: [m[K#warning This header is obsolete, please include tf2_geometry_msgs/tf2_geometry_msgs.hpp instead [[01;35m[K]8;;https://gcc.gnu.org/onlinedocs/gcc/Warning-Options.html#index-Wcpp-Wcpp]8;;[m[K]
[ 70%] [32m[1mLinking CXX static library libgtest.a[0m
[ 70%] Built target gtest
[35m[1mConsolidate compiler generated dependencies of target vehicle_models_test[0m
[ 80%] [32mBuilding CXX object test/CMakeFiles/vehicle_models_test.dir/vehicle_models_test.cpp.o[0m
[ 90%] [32m[1mLinking CXX executable vehicle_models_test[0m
[ 90%] Built target vehicle_models_test
[100%] [32m[1mLinking CXX executable odometry_estimator[0m
[100%] Built target odometry_estimator
-- Install configuration: ""
-- Execute custom install script
-- Up-to-date symlink: /home/dbot2/dbot_vda5050_ilmatar/install/odometry_estimator/lib/odometry_estimator/odometry_estimator
-- Up-to-date symlink: /home/dbot2/dbot_vda5050_ilmatar/install/odometry_estimator/share/ament_index/resource_index/package_run_dependencies/odometry_estimator
-- Up-to-date symlink: /home/dbot2/dbot_vda5050_ilmatar/install/odometry_estimator/share/ament_index/resource_index/parent_prefix_path/odometry_estimator
-- Up-to-date symlink: /home/dbot2/dbot_vda5050_ilmatar/install/odometry_estimator/share/odometry_estimator/environment/ament_prefix_path.sh
-- Up-to-date symlink: /home/dbot2/dbot_vda5050_ilmatar/install/odometry_estimator/share/odometry_estimator/environment/ament_prefix_path.dsv
-- Up-to-date symlink: /home/dbot2/dbot_vda5050_ilmatar/install/odometry_estimator/share/odometry_estimator/environment/path.sh
-- Up-to-date symlink: /home/dbot2/dbot_vda5050_ilmatar/install/odometry_estimator/share/odometry_estimator/environment/path.dsv
-- Up-to-date symlink: /home/dbot2/dbot_vda5050_ilmatar/install/odometry_estimator/share/odometry_estimator/local_setup.bash
-- Up-to-date symlink: /home/dbot2/dbot_vda5050_ilmatar/install/odometry_estimator/share/odometry_estimator/local_setup.sh
-- Up-to-date symlink: /home/dbot2/dbot_vda5050_ilmatar/install/odometry_estimator/share/odometry_estimator/local_setup.zsh
-- Up-to-date symlink: /home/dbot2/dbot_vda5050_ilmatar/install/odometry_estimator/share/odometry_estimator/local_setup.dsv
-- Symlinking: /home/dbot2/dbot_vda5050_ilmatar/install/odometry_estimator/share/odometry_estimator/package.dsv
-- Up-to-date symlink: /home/dbot2/dbot_vda5050_ilmatar/install/odometry_estimator/share/ament_index/resource_index/packages/odometry_estimator
-- Up-to-date symlink: /home/dbot2/dbot_vda5050_ilmatar/install/odometry_estimator/share/odometry_estimator/cmake/odometry_estimatorConfig.cmake
-- Up-to-date symlink: /home/dbot2/dbot_vda5050_ilmatar/install/odometry_estimator/share/odometry_estimator/cmake/odometry_estimatorConfig-version.cmake
-- Up-to-date symlink: /home/dbot2/dbot_vda5050_ilmatar/install/odometry_estimator/share/odometry_estimator/package.xml
