/usr/lib/python3/dist-packages/setuptools/dist.py:723: UserWarning: Usage of dash-separated 'script-dir' will not be supported in future versions. Please use the underscore name 'script_dir' instead
  warnings.warn(
running develop
/usr/lib/python3/dist-packages/setuptools/command/easy_install.py:158: EasyInstallDeprecationWarning: easy_install command is deprecated. Use build and pip and other standards-based tools.
  warnings.warn(
running egg_info
creating odom_motion_model.egg-info
writing odom_motion_model.egg-info/PKG-INFO
writing dependency_links to odom_motion_model.egg-info/dependency_links.txt
writing entry points to odom_motion_model.egg-info/entry_points.txt
writing requirements to odom_motion_model.egg-info/requires.txt
writing top-level names to odom_motion_model.egg-info/top_level.txt
writing manifest file 'odom_motion_model.egg-info/SOURCES.txt'
reading manifest file 'odom_motion_model.egg-info/SOURCES.txt'
writing manifest file 'odom_motion_model.egg-info/SOURCES.txt'
running build_ext
Creating /home/dbot2/ros2_ws/src/install/odom_motion_model/lib/python3.10/site-packages/odom-motion-model.egg-link (link to .)
Installing odom_motion_model script to /home/dbot2/ros2_ws/src/install/odom_motion_model/lib/odom_motion_model

Installed /home/dbot2/ros2_ws/src/build/odom_motion_model
running symlink_data
creating /home/dbot2/ros2_ws/src/install/odom_motion_model/share/ament_index
creating /home/dbot2/ros2_ws/src/install/odom_motion_model/share/ament_index/resource_index
creating /home/dbot2/ros2_ws/src/install/odom_motion_model/share/ament_index/resource_index/packages
symbolically linking /home/dbot2/ros2_ws/src/build/odom_motion_model/resource/odom_motion_model -> /home/dbot2/ros2_ws/src/install/odom_motion_model/share/ament_index/resource_index/packages
symbolically linking /home/dbot2/ros2_ws/src/build/odom_motion_model/package.xml -> /home/dbot2/ros2_ws/src/install/odom_motion_model/share/odom_motion_model
