[4.448s] Invoking command in '/home/dbot2/dbot_vda5050_ilmatar/src/joycontrol': PYTHONPATH=/home/dbot2/dbot_vda5050_ilmatar/build/joycontrol/prefix_override:/usr/lib/python3/dist-packages/colcon_core/task/python/colcon_distutils_commands:/home/dbot2/dbot_vda5050_ilmatar/install/joycontrol/lib/python3.10/site-packages:${PYTHONPATH} /usr/bin/python3 -W ignore:setup.py install is deprecated -W ignore:easy_install command is deprecated setup.py egg_info --egg-base ../../build/joycontrol build --build-base /home/dbot2/dbot_vda5050_ilmatar/build/joycontrol/build install --record /home/dbot2/dbot_vda5050_ilmatar/build/joycontrol/install.log --single-version-externally-managed install_data
[5.076s] running egg_info
[5.078s] writing ../../build/joycontrol/joycontrol.egg-info/PKG-INFO
[5.078s] writing dependency_links to ../../build/joycontrol/joycontrol.egg-info/dependency_links.txt
[5.078s] writing entry points to ../../build/joycontrol/joycontrol.egg-info/entry_points.txt
[5.079s] writing requirements to ../../build/joycontrol/joycontrol.egg-info/requires.txt
[5.079s] writing top-level names to ../../build/joycontrol/joycontrol.egg-info/top_level.txt
[5.093s] reading manifest file '../../build/joycontrol/joycontrol.egg-info/SOURCES.txt'
[5.093s] adding license file 'LICENSE'
[5.096s] writing manifest file '../../build/joycontrol/joycontrol.egg-info/SOURCES.txt'
[5.096s] running build
[5.096s] running build_py
[5.096s] running install
[5.097s] running install_lib
[5.101s] running install_data
[5.104s] running install_egg_info
[5.108s] removing '/home/dbot2/dbot_vda5050_ilmatar/install/joycontrol/lib/python3.10/site-packages/joycontrol-0.0.0-py3.10.egg-info' (and everything under it)
[5.109s] Copying ../../build/joycontrol/joycontrol.egg-info to /home/dbot2/dbot_vda5050_ilmatar/install/joycontrol/lib/python3.10/site-packages/joycontrol-0.0.0-py3.10.egg-info
[5.111s] running install_scripts
[5.177s] Installing joycontrol script to /home/dbot2/dbot_vda5050_ilmatar/install/joycontrol/lib/joycontrol
[5.178s] writing list of installed files to '/home/dbot2/dbot_vda5050_ilmatar/build/joycontrol/install.log'
[5.259s] Invoked command in '/home/dbot2/dbot_vda5050_ilmatar/src/joycontrol' returned '0': PYTHONPATH=/home/dbot2/dbot_vda5050_ilmatar/build/joycontrol/prefix_override:/usr/lib/python3/dist-packages/colcon_core/task/python/colcon_distutils_commands:/home/dbot2/dbot_vda5050_ilmatar/install/joycontrol/lib/python3.10/site-packages:${PYTHONPATH} /usr/bin/python3 -W ignore:setup.py install is deprecated -W ignore:easy_install command is deprecated setup.py egg_info --egg-base ../../build/joycontrol build --build-base /home/dbot2/dbot_vda5050_ilmatar/build/joycontrol/build install --record /home/dbot2/dbot_vda5050_ilmatar/build/joycontrol/install.log --single-version-externally-managed install_data
