[2.166s] Invoking command in '/home/dbot2/dbot_vda5050_ilmatar/build/tf2_dbot': PYTHONPATH=/home/dbot2/dbot_vda5050_ilmatar/build/tf2_dbot/prefix_override:/usr/lib/python3/dist-packages/colcon_core/task/python/colcon_distutils_commands:/home/dbot2/dbot_vda5050_ilmatar/install/tf2_dbot/lib/python3.10/site-packages:${PYTHONPATH} /usr/bin/python3 -W ignore:setup.py install is deprecated -W ignore:easy_install command is deprecated setup.py develop --uninstall --editable --build-directory /home/dbot2/dbot_vda5050_ilmatar/build/tf2_dbot/build
[2.617s] running develop
[2.883s] Removing /home/dbot2/dbot_vda5050_ilmatar/install/tf2_dbot/lib/python3.10/site-packages/tf2-dbot.egg-link (link to .)
[2.908s] Invoked command in '/home/dbot2/dbot_vda5050_ilmatar/build/tf2_dbot' returned '0': PYTHONPATH=/home/dbot2/dbot_vda5050_ilmatar/build/tf2_dbot/prefix_override:/usr/lib/python3/dist-packages/colcon_core/task/python/colcon_distutils_commands:/home/dbot2/dbot_vda5050_ilmatar/install/tf2_dbot/lib/python3.10/site-packages:${PYTHONPATH} /usr/bin/python3 -W ignore:setup.py install is deprecated -W ignore:easy_install command is deprecated setup.py develop --uninstall --editable --build-directory /home/dbot2/dbot_vda5050_ilmatar/build/tf2_dbot/build
[2.908s] Invoking command in '/home/dbot2/dbot_vda5050_ilmatar/src/tf2_dbot': PYTHONPATH=/home/dbot2/dbot_vda5050_ilmatar/build/tf2_dbot/prefix_override:/usr/lib/python3/dist-packages/colcon_core/task/python/colcon_distutils_commands:/home/dbot2/dbot_vda5050_ilmatar/install/tf2_dbot/lib/python3.10/site-packages:${PYTHONPATH} /usr/bin/python3 -W ignore:setup.py install is deprecated -W ignore:easy_install command is deprecated setup.py egg_info --egg-base ../../build/tf2_dbot build --build-base /home/dbot2/dbot_vda5050_ilmatar/build/tf2_dbot/build install --record /home/dbot2/dbot_vda5050_ilmatar/build/tf2_dbot/install.log --single-version-externally-managed install_data --force
[3.356s] running egg_info
[3.357s] writing ../../build/tf2_dbot/tf2_dbot.egg-info/PKG-INFO
[3.357s] writing dependency_links to ../../build/tf2_dbot/tf2_dbot.egg-info/dependency_links.txt
[3.357s] writing entry points to ../../build/tf2_dbot/tf2_dbot.egg-info/entry_points.txt
[3.357s] writing requirements to ../../build/tf2_dbot/tf2_dbot.egg-info/requires.txt
[3.358s] writing top-level names to ../../build/tf2_dbot/tf2_dbot.egg-info/top_level.txt
[3.364s] reading manifest file '../../build/tf2_dbot/tf2_dbot.egg-info/SOURCES.txt'
[3.364s] adding license file 'LICENSE'
[3.365s] writing manifest file '../../build/tf2_dbot/tf2_dbot.egg-info/SOURCES.txt'
[3.365s] running build
[3.365s] running build_py
[3.365s] running install
[3.366s] running install_lib
[3.367s] creating /home/dbot2/dbot_vda5050_ilmatar/install/tf2_dbot/lib/python3.10/site-packages/tf2_dbot
[3.367s] copying /home/dbot2/dbot_vda5050_ilmatar/build/tf2_dbot/build/lib/tf2_dbot/__init__.py -> /home/dbot2/dbot_vda5050_ilmatar/install/tf2_dbot/lib/python3.10/site-packages/tf2_dbot
[3.367s] copying /home/dbot2/dbot_vda5050_ilmatar/build/tf2_dbot/build/lib/tf2_dbot/odom_baselink_broadcaster.py -> /home/dbot2/dbot_vda5050_ilmatar/install/tf2_dbot/lib/python3.10/site-packages/tf2_dbot
[3.371s] byte-compiling /home/dbot2/dbot_vda5050_ilmatar/install/tf2_dbot/lib/python3.10/site-packages/tf2_dbot/__init__.py to __init__.cpython-310.pyc
[3.371s] byte-compiling /home/dbot2/dbot_vda5050_ilmatar/install/tf2_dbot/lib/python3.10/site-packages/tf2_dbot/odom_baselink_broadcaster.py to odom_baselink_broadcaster.cpython-310.pyc
[3.371s] running install_data
[3.371s] copying resource/tf2_dbot -> /home/dbot2/dbot_vda5050_ilmatar/install/tf2_dbot/share/ament_index/resource_index/packages
[3.371s] copying package.xml -> /home/dbot2/dbot_vda5050_ilmatar/install/tf2_dbot/share/tf2_dbot
[3.371s] copying launch/tf2_dbot_launch.py -> /home/dbot2/dbot_vda5050_ilmatar/install/tf2_dbot/share/tf2_dbot/launch
[3.371s] running install_egg_info
[3.375s] Copying ../../build/tf2_dbot/tf2_dbot.egg-info to /home/dbot2/dbot_vda5050_ilmatar/install/tf2_dbot/lib/python3.10/site-packages/tf2_dbot-0.0.0-py3.10.egg-info
[3.379s] running install_scripts
[3.399s] Installing odom_baselink_broadcaster script to /home/dbot2/dbot_vda5050_ilmatar/install/tf2_dbot/lib/tf2_dbot
[3.399s] writing list of installed files to '/home/dbot2/dbot_vda5050_ilmatar/build/tf2_dbot/install.log'
[3.645s] Invoked command in '/home/dbot2/dbot_vda5050_ilmatar/src/tf2_dbot' returned '0': PYTHONPATH=/home/dbot2/dbot_vda5050_ilmatar/build/tf2_dbot/prefix_override:/usr/lib/python3/dist-packages/colcon_core/task/python/colcon_distutils_commands:/home/dbot2/dbot_vda5050_ilmatar/install/tf2_dbot/lib/python3.10/site-packages:${PYTHONPATH} /usr/bin/python3 -W ignore:setup.py install is deprecated -W ignore:easy_install command is deprecated setup.py egg_info --egg-base ../../build/tf2_dbot build --build-base /home/dbot2/dbot_vda5050_ilmatar/build/tf2_dbot/build install --record /home/dbot2/dbot_vda5050_ilmatar/build/tf2_dbot/install.log --single-version-externally-managed install_data --force
