[1.069s] Invoking command in '/home/dbot2/dbot_vda5050_ilmatar/src/odom_motion_model': CMAKE_PREFIX_PATH=/home/dbot2/dbot_vda5050_ilmatar/install/odometry_estimator:/home/dbot2/dbot_vda5050_ilmatar/install/dbot_custom_msgs:/home/dbot2/dbot_vda5050_ilmatar/install/vda_dbot_nav_slam:/home/dbot2/dbot_vda5050_ilmatar/install/vda5050_connector:/home/dbot2/dbot_vda5050_ilmatar/install/vda5050_msgs:/home/dbot2/dbot_vda5050_ilmatar/install/dbot_nav_slam:/home/dbot2/dbot_src/install/odometry_estimator:/home/dbot2/dbot_src/install/dbot_custom_msgs:/home/dbot2/dbot_remote/install/pointcloud_saver:/home/dbot2/circus_demo/install/pcl_localization_ros2:/home/dbot2/circus_demo/install/ndt_omp_ros2:/home/dbot2/ros2_ws/install/rslidar_frame_publish:/home/dbot2/ros2_ws/install/pointcloud_to_laserscan:/home/dbot2/ros2_ws/install/pointcloud_merge:/home/dbot2/ros2_ws/install/odometry_estimator:/home/dbot2/ros2_ws/install/dbot_nav_slam:/home/dbot2/ros2_ws/install/dbot_custom_msgs:/home/dbot2/ros2_ws/install/ament_lint_common:/home/dbot2/ros2_ws/install/ament_cmake_xmllint:/home/dbot2/ros2_ws/install/ament_cmake_uncrustify:/home/dbot2/ros2_ws/install/ament_cmake_pyflakes:/home/dbot2/ros2_ws/install/ament_cmake_pycodestyle:/home/dbot2/ros2_ws/install/ament_cmake_pep257:/home/dbot2/ros2_ws/install/ament_cmake_pclint:/home/dbot2/ros2_ws/install/ament_cmake_mypy:/home/dbot2/ros2_ws/install/ament_cmake_lint_cmake:/home/dbot2/ros2_ws/install/ament_lint_auto:/home/dbot2/ros2_ws/install/ament_cmake_flake8:/home/dbot2/ros2_ws/install/ament_cmake_copyright:/home/dbot2/ros2_ws/install/ament_cmake_cpplint:/home/dbot2/ros2_ws/install/ament_cmake_cppcheck:/home/dbot2/ros2_ws/install/ament_cmake_clang_tidy:/home/dbot2/ros2_ws/install/ament_cmake_clang_format LD_LIBRARY_PATH=/home/dbot2/dbot_vda5050_ilmatar/install/dbot_custom_msgs/lib:/home/dbot2/dbot_vda5050_ilmatar/install/vda5050_connector/lib:/home/dbot2/dbot_vda5050_ilmatar/install/vda5050_msgs/lib:/home/dbot2/dbot_src/install/dbot_custom_msgs/lib:/home/dbot2/circus_demo/install/pcl_localization_ros2/lib:/home/dbot2/ros2_ws/install/pointcloud_to_laserscan/lib:/home/dbot2/ros2_ws/install/dbot_custom_msgs/lib:/opt/ros/humble/opt/rviz_ogre_vendor/lib:/opt/ros/humble/lib/x86_64-linux-gnu:/opt/ros/humble/lib PYTHONPATH=/home/dbot2/dbot_vda5050_ilmatar/build/odom_motion_model/prefix_override:/usr/lib/python3/dist-packages/colcon_core/task/python/colcon_distutils_commands:/home/dbot2/dbot_vda5050_ilmatar/install/odom_motion_model/lib/python3.10/site-packages:${PYTHONPATH} /usr/bin/python3 -W ignore:setup.py install is deprecated -W ignore:easy_install command is deprecated setup.py egg_info --egg-base ../../build/odom_motion_model build --build-base /home/dbot2/dbot_vda5050_ilmatar/build/odom_motion_model/build install --record /home/dbot2/dbot_vda5050_ilmatar/build/odom_motion_model/install.log --install-scripts $base/lib/odom_motion_model --single-version-externally-managed install_data
[1.200s] /home/dbot2/.local/lib/python3.10/site-packages/setuptools/dist.py:452: SetuptoolsDeprecationWarning: Invalid dash-separated options
[1.200s] !!
[1.200s] 
[1.200s]         ********************************************************************************
[1.200s]         Usage of dash-separated 'script-dir' will not be supported in future
[1.200s]         versions. Please use the underscore name 'script_dir' instead.
[1.200s] 
[1.200s]         This deprecation is overdue, please update your project and remove deprecated
[1.201s]         calls to avoid build errors in the future.
[1.201s] 
[1.201s]         See https://setuptools.pypa.io/en/latest/userguide/declarative_config.html for details.
[1.201s]         ********************************************************************************
[1.201s] 
[1.201s] !!
[1.201s]   opt = self.warn_dash_deprecation(opt, section)
[1.215s] /home/dbot2/.local/lib/python3.10/site-packages/setuptools/_distutils/dist.py:261: UserWarning: Unknown distribution option: 'tests_require'
[1.215s]   warnings.warn(msg)
[1.315s] running egg_info
[1.329s] writing ../../build/odom_motion_model/odom_motion_model.egg-info/PKG-INFO
[1.338s] writing dependency_links to ../../build/odom_motion_model/odom_motion_model.egg-info/dependency_links.txt
[1.338s] writing entry points to ../../build/odom_motion_model/odom_motion_model.egg-info/entry_points.txt
[1.338s] writing requirements to ../../build/odom_motion_model/odom_motion_model.egg-info/requires.txt
[1.338s] writing top-level names to ../../build/odom_motion_model/odom_motion_model.egg-info/top_level.txt
[1.459s] reading manifest file '../../build/odom_motion_model/odom_motion_model.egg-info/SOURCES.txt'
[1.460s] writing manifest file '../../build/odom_motion_model/odom_motion_model.egg-info/SOURCES.txt'
[1.460s] running build
[1.460s] running build_py
[1.460s] running install
[1.464s] running install_lib
[1.479s] running install_data
[1.480s] running install_egg_info
[1.495s] removing '/home/dbot2/dbot_vda5050_ilmatar/install/odom_motion_model/lib/python3.10/site-packages/odom_motion_model-0.0.0-py3.10.egg-info' (and everything under it)
[1.496s] Copying ../../build/odom_motion_model/odom_motion_model.egg-info to /home/dbot2/dbot_vda5050_ilmatar/install/odom_motion_model/lib/python3.10/site-packages/odom_motion_model-0.0.0-py3.10.egg-info
[1.496s] running install_scripts
[1.531s] Installing odom_motion_model script to /home/dbot2/dbot_vda5050_ilmatar/install/odom_motion_model/lib/odom_motion_model
[1.531s] writing list of installed files to '/home/dbot2/dbot_vda5050_ilmatar/build/odom_motion_model/install.log'
[1.553s] Invoked command in '/home/dbot2/dbot_vda5050_ilmatar/src/odom_motion_model' returned '0': CMAKE_PREFIX_PATH=/home/dbot2/dbot_vda5050_ilmatar/install/odometry_estimator:/home/dbot2/dbot_vda5050_ilmatar/install/dbot_custom_msgs:/home/dbot2/dbot_vda5050_ilmatar/install/vda_dbot_nav_slam:/home/dbot2/dbot_vda5050_ilmatar/install/vda5050_connector:/home/dbot2/dbot_vda5050_ilmatar/install/vda5050_msgs:/home/dbot2/dbot_vda5050_ilmatar/install/dbot_nav_slam:/home/dbot2/dbot_src/install/odometry_estimator:/home/dbot2/dbot_src/install/dbot_custom_msgs:/home/dbot2/dbot_remote/install/pointcloud_saver:/home/dbot2/circus_demo/install/pcl_localization_ros2:/home/dbot2/circus_demo/install/ndt_omp_ros2:/home/dbot2/ros2_ws/install/rslidar_frame_publish:/home/dbot2/ros2_ws/install/pointcloud_to_laserscan:/home/dbot2/ros2_ws/install/pointcloud_merge:/home/dbot2/ros2_ws/install/odometry_estimator:/home/dbot2/ros2_ws/install/dbot_nav_slam:/home/dbot2/ros2_ws/install/dbot_custom_msgs:/home/dbot2/ros2_ws/install/ament_lint_common:/home/dbot2/ros2_ws/install/ament_cmake_xmllint:/home/dbot2/ros2_ws/install/ament_cmake_uncrustify:/home/dbot2/ros2_ws/install/ament_cmake_pyflakes:/home/dbot2/ros2_ws/install/ament_cmake_pycodestyle:/home/dbot2/ros2_ws/install/ament_cmake_pep257:/home/dbot2/ros2_ws/install/ament_cmake_pclint:/home/dbot2/ros2_ws/install/ament_cmake_mypy:/home/dbot2/ros2_ws/install/ament_cmake_lint_cmake:/home/dbot2/ros2_ws/install/ament_lint_auto:/home/dbot2/ros2_ws/install/ament_cmake_flake8:/home/dbot2/ros2_ws/install/ament_cmake_copyright:/home/dbot2/ros2_ws/install/ament_cmake_cpplint:/home/dbot2/ros2_ws/install/ament_cmake_cppcheck:/home/dbot2/ros2_ws/install/ament_cmake_clang_tidy:/home/dbot2/ros2_ws/install/ament_cmake_clang_format LD_LIBRARY_PATH=/home/dbot2/dbot_vda5050_ilmatar/install/dbot_custom_msgs/lib:/home/dbot2/dbot_vda5050_ilmatar/install/vda5050_connector/lib:/home/dbot2/dbot_vda5050_ilmatar/install/vda5050_msgs/lib:/home/dbot2/dbot_src/install/dbot_custom_msgs/lib:/home/dbot2/circus_demo/install/pcl_localization_ros2/lib:/home/dbot2/ros2_ws/install/pointcloud_to_laserscan/lib:/home/dbot2/ros2_ws/install/dbot_custom_msgs/lib:/opt/ros/humble/opt/rviz_ogre_vendor/lib:/opt/ros/humble/lib/x86_64-linux-gnu:/opt/ros/humble/lib PYTHONPATH=/home/dbot2/dbot_vda5050_ilmatar/build/odom_motion_model/prefix_override:/usr/lib/python3/dist-packages/colcon_core/task/python/colcon_distutils_commands:/home/dbot2/dbot_vda5050_ilmatar/install/odom_motion_model/lib/python3.10/site-packages:${PYTHONPATH} /usr/bin/python3 -W ignore:setup.py install is deprecated -W ignore:easy_install command is deprecated setup.py egg_info --egg-base ../../build/odom_motion_model build --build-base /home/dbot2/dbot_vda5050_ilmatar/build/odom_motion_model/build install --record /home/dbot2/dbot_vda5050_ilmatar/build/odom_motion_model/install.log --install-scripts $base/lib/odom_motion_model --single-version-externally-managed install_data
