[0.009s] Invoking command in '/home/dbot2/ros2_ws/src/build/odometry_estimator': AMENT_PREFIX_PATH=/home/dbot2/ros2_ws/src/install/dbot_custom_msgs:${AMENT_PREFIX_PATH} CMAKE_PREFIX_PATH=/home/dbot2/ros2_ws/src/install/dbot_custom_msgs:/home/dbot2/ros2_ws/install/odometry_estimator:/home/dbot2/ros2_ws/install/my_bot:/home/dbot2/ros2_ws/install/joy:/home/dbot2/ros2_ws/install/dbot_nav_slam:/home/dbot2/ros2_ws/install/dbot_custom_msgs:/home/dbot2/ros2_ws/install/dbot:/home/dbot2/dbot_src/install/odometry_estimator:/home/dbot2/dbot_src/install/dbot_custom_msgs:/home/dbot2/dbot_remote/install/pointcloud_saver:/home/dbot2/circus_demo/install/pcl_localization_ros2:/home/dbot2/circus_demo/install/ndt_omp_ros2:/home/dbot2/ros2_ws/install/tf2_dbot:/home/dbot2/ros2_ws/install/odom_motion_model:/home/dbot2/ros2_ws/install/motor_driver:/home/dbot2/ros2_ws/install/joycontrol:/home/dbot2/ros2_ws/install/gesturecontrol:/home/dbot2/dbot_src/install/tf2_dbot:/home/dbot2/dbot_src/install/odom_motion_model:/home/dbot2/dbot_src/install/motor_driver:/home/dbot2/dbot_src/install/joycontrol:/home/dbot2/dbot_src/install/dbot:/home/dbot2/dbot_remote/install/pcd_joy_trigger:/home/dbot2/circus_demo/install/circus_demo:/opt/ros/humble LD_LIBRARY_PATH=/home/dbot2/ros2_ws/src/install/dbot_custom_msgs/lib:${LD_LIBRARY_PATH} PYTHONPATH=/home/dbot2/ros2_ws/src/install/dbot_custom_msgs/local/lib/python3.10/dist-packages:${PYTHONPATH} /usr/bin/cmake /home/dbot2/ros2_ws/src/ros2_odometry_estimation -DAMENT_CMAKE_SYMLINK_INSTALL=1 -DCMAKE_INSTALL_PREFIX=/home/dbot2/ros2_ws/src/install/odometry_estimator
[0.046s] -- The C compiler identification is GNU 11.4.0
[0.083s] -- The CXX compiler identification is GNU 11.4.0
[0.088s] -- Detecting C compiler ABI info
[0.134s] -- Detecting C compiler ABI info - done
[0.142s] -- Check for working C compiler: /usr/bin/cc - skipped
[0.142s] -- Detecting C compile features
[0.142s] -- Detecting C compile features - done
[0.145s] -- Detecting CXX compiler ABI info
[0.199s] -- Detecting CXX compiler ABI info - done
[0.204s] -- Check for working CXX compiler: /usr/bin/c++ - skipped
[0.204s] -- Detecting CXX compile features
[0.204s] -- Detecting CXX compile features - done
[0.207s] -- Found ament_cmake: 1.3.10 (/opt/ros/humble/share/ament_cmake/cmake)
[0.339s] -- Found Python3: /usr/bin/python3 (found version "3.10.12") found components: Interpreter 
[0.394s] -- Override CMake install command with custom implementation using symlinks instead of copying resources
[0.428s] -- Found rclcpp: 16.0.10 (/opt/ros/humble/share/rclcpp/cmake)
[0.467s] -- Found rosidl_generator_c: 3.1.5 (/opt/ros/humble/share/rosidl_generator_c/cmake)
[0.472s] -- Found rosidl_adapter: 3.1.5 (/opt/ros/humble/share/rosidl_adapter/cmake)
[0.480s] -- Found rosidl_generator_cpp: 3.1.5 (/opt/ros/humble/share/rosidl_generator_cpp/cmake)
[0.492s] -- Using all available rosidl_typesupport_c: rosidl_typesupport_fastrtps_c;rosidl_typesupport_introspection_c
[0.507s] -- Using all available rosidl_typesupport_cpp: rosidl_typesupport_fastrtps_cpp;rosidl_typesupport_introspection_cpp
[0.549s] -- Found rmw_implementation_cmake: 6.1.2 (/opt/ros/humble/share/rmw_implementation_cmake/cmake)
[0.553s] -- Found rmw_fastrtps_cpp: 6.2.7 (/opt/ros/humble/share/rmw_fastrtps_cpp/cmake)
[0.615s] -- Found OpenSSL: /usr/lib/x86_64-linux-gnu/libcrypto.so (found version "3.0.2")  
[0.636s] -- Found FastRTPS: /opt/ros/humble/include  
[0.666s] -- Using RMW implementation 'rmw_fastrtps_cpp' as default
[0.675s] -- Looking for pthread.h
[0.723s] -- Looking for pthread.h - found
[0.723s] -- Performing Test CMAKE_HAVE_LIBC_PTHREAD
[0.771s] -- Performing Test CMAKE_HAVE_LIBC_PTHREAD - Success
[0.772s] -- Found Threads: TRUE  
[0.814s] -- Found nav_msgs: 4.2.4 (/opt/ros/humble/share/nav_msgs/cmake)
[0.838s] -- Found dbot_custom_msgs: 0.0.0 (/home/dbot2/ros2_ws/src/install/dbot_custom_msgs/share/dbot_custom_msgs/cmake)
[0.851s] -- Found ament_cmake_gtest: 1.3.10 (/opt/ros/humble/share/ament_cmake_gtest/cmake)
[0.854s] -- Found gtest sources under '/opt/ros/humble/src/gtest_vendor': C++ tests using 'Google Test' will be built
[0.908s] -- Configuring done
[0.918s] -- Generating done
[0.919s] -- Build files have been written to: /home/dbot2/ros2_ws/src/build/odometry_estimator
[0.927s] Invoked command in '/home/dbot2/ros2_ws/src/build/odometry_estimator' returned '0': AMENT_PREFIX_PATH=/home/dbot2/ros2_ws/src/install/dbot_custom_msgs:${AMENT_PREFIX_PATH} CMAKE_PREFIX_PATH=/home/dbot2/ros2_ws/src/install/dbot_custom_msgs:/home/dbot2/ros2_ws/install/odometry_estimator:/home/dbot2/ros2_ws/install/my_bot:/home/dbot2/ros2_ws/install/joy:/home/dbot2/ros2_ws/install/dbot_nav_slam:/home/dbot2/ros2_ws/install/dbot_custom_msgs:/home/dbot2/ros2_ws/install/dbot:/home/dbot2/dbot_src/install/odometry_estimator:/home/dbot2/dbot_src/install/dbot_custom_msgs:/home/dbot2/dbot_remote/install/pointcloud_saver:/home/dbot2/circus_demo/install/pcl_localization_ros2:/home/dbot2/circus_demo/install/ndt_omp_ros2:/home/dbot2/ros2_ws/install/tf2_dbot:/home/dbot2/ros2_ws/install/odom_motion_model:/home/dbot2/ros2_ws/install/motor_driver:/home/dbot2/ros2_ws/install/joycontrol:/home/dbot2/ros2_ws/install/gesturecontrol:/home/dbot2/dbot_src/install/tf2_dbot:/home/dbot2/dbot_src/install/odom_motion_model:/home/dbot2/dbot_src/install/motor_driver:/home/dbot2/dbot_src/install/joycontrol:/home/dbot2/dbot_src/install/dbot:/home/dbot2/dbot_remote/install/pcd_joy_trigger:/home/dbot2/circus_demo/install/circus_demo:/opt/ros/humble LD_LIBRARY_PATH=/home/dbot2/ros2_ws/src/install/dbot_custom_msgs/lib:${LD_LIBRARY_PATH} PYTHONPATH=/home/dbot2/ros2_ws/src/install/dbot_custom_msgs/local/lib/python3.10/dist-packages:${PYTHONPATH} /usr/bin/cmake /home/dbot2/ros2_ws/src/ros2_odometry_estimation -DAMENT_CMAKE_SYMLINK_INSTALL=1 -DCMAKE_INSTALL_PREFIX=/home/dbot2/ros2_ws/src/install/odometry_estimator
[0.928s] Invoking command in '/home/dbot2/ros2_ws/src/build/odometry_estimator': AMENT_PREFIX_PATH=/home/dbot2/ros2_ws/src/install/dbot_custom_msgs:${AMENT_PREFIX_PATH} CMAKE_PREFIX_PATH=/home/dbot2/ros2_ws/src/install/dbot_custom_msgs:/home/dbot2/ros2_ws/install/odometry_estimator:/home/dbot2/ros2_ws/install/my_bot:/home/dbot2/ros2_ws/install/joy:/home/dbot2/ros2_ws/install/dbot_nav_slam:/home/dbot2/ros2_ws/install/dbot_custom_msgs:/home/dbot2/ros2_ws/install/dbot:/home/dbot2/dbot_src/install/odometry_estimator:/home/dbot2/dbot_src/install/dbot_custom_msgs:/home/dbot2/dbot_remote/install/pointcloud_saver:/home/dbot2/circus_demo/install/pcl_localization_ros2:/home/dbot2/circus_demo/install/ndt_omp_ros2:/home/dbot2/ros2_ws/install/tf2_dbot:/home/dbot2/ros2_ws/install/odom_motion_model:/home/dbot2/ros2_ws/install/motor_driver:/home/dbot2/ros2_ws/install/joycontrol:/home/dbot2/ros2_ws/install/gesturecontrol:/home/dbot2/dbot_src/install/tf2_dbot:/home/dbot2/dbot_src/install/odom_motion_model:/home/dbot2/dbot_src/install/motor_driver:/home/dbot2/dbot_src/install/joycontrol:/home/dbot2/dbot_src/install/dbot:/home/dbot2/dbot_remote/install/pcd_joy_trigger:/home/dbot2/circus_demo/install/circus_demo:/opt/ros/humble LD_LIBRARY_PATH=/home/dbot2/ros2_ws/src/install/dbot_custom_msgs/lib:${LD_LIBRARY_PATH} PYTHONPATH=/home/dbot2/ros2_ws/src/install/dbot_custom_msgs/local/lib/python3.10/dist-packages:${PYTHONPATH} /usr/bin/cmake --build /home/dbot2/ros2_ws/src/build/odometry_estimator -- -j8 -l8
[0.961s] [ 30%] [32mBuilding CXX object CMakeFiles/vehicle_models.dir/src/vehicle_models/vehicle_models.cpp.o[0m
[0.961s] [ 30%] [32mBuilding CXX object gtest/CMakeFiles/gtest.dir/src/gtest-all.cc.o[0m
[0.962s] [ 30%] [32mBuilding CXX object gtest/CMakeFiles/gtest_main.dir/src/gtest_main.cc.o[0m
[1.108s] [01m[K/home/dbot2/ros2_ws/src/ros2_odometry_estimation/src/vehicle_models/vehicle_models.cpp:[m[K In member function ‘[01m[Kvirtual VehicleState DifferentialDriveModel::calculateNextState(double, double, VehicleState, double)[m[K’:
[1.108s] [01m[K/home/dbot2/ros2_ws/src/ros2_odometry_estimation/src/vehicle_models/vehicle_models.cpp:44:10:[m[K [01;35m[Kwarning: [m[Kunused variable ‘[01m[Klinear_vel[m[K’ [[01;35m[K]8;;https://gcc.gnu.org/onlinedocs/gcc/Warning-Options.html#index-Wunused-variable-Wunused-variable]8;;[m[K]
[1.108s]    44 |   double [01;35m[Klinear_vel[m[K =  (v_r + v_l) / 2;
[1.108s]       |          [01;35m[K^~~~~~~~~~[m[K
[1.149s] [ 40%] [32m[1mLinking CXX static library libvehicle_models.a[0m
[1.171s] [ 40%] Built target vehicle_models
[1.185s] [ 50%] [32mBuilding CXX object CMakeFiles/odometry_estimator.dir/src/node/odometry_estimation_node.cpp.o[0m
[1.389s] [ 60%] [32m[1mLinking CXX static library libgtest_main.a[0m
[1.392s] In file included from [01m[K/home/dbot2/ros2_ws/src/ros2_odometry_estimation/src/node/odometry_estimation_node.cpp:3[m[K:
[1.392s] [01m[K/opt/ros/humble/include/tf2_geometry_msgs/tf2_geometry_msgs/tf2_geometry_msgs.h:35:2:[m[K [01;35m[Kwarning: [m[K#warning is a GCC extension
[1.392s]    35 | #[01;35m[Kwarning[m[K This header is obsolete, please include tf2_geometry_msgs/tf2_geometry_msgs.hpp instead
[1.392s]       |  [01;35m[K^~~~~~~[m[K
[1.392s] [01m[K/opt/ros/humble/include/tf2_geometry_msgs/tf2_geometry_msgs/tf2_geometry_msgs.h:35:2:[m[K [01;35m[Kwarning: [m[K#warning This header is obsolete, please include tf2_geometry_msgs/tf2_geometry_msgs.hpp instead [[01;35m[K]8;;https://gcc.gnu.org/onlinedocs/gcc/Warning-Options.html#index-Wcpp-Wcpp]8;;[m[K]
[1.410s] [ 60%] Built target gtest_main
[2.992s] [ 70%] [32m[1mLinking CXX static library libgtest.a[0m
[3.033s] [ 70%] Built target gtest
[3.047s] [ 80%] [32mBuilding CXX object test/CMakeFiles/vehicle_models_test.dir/vehicle_models_test.cpp.o[0m
[3.569s] [ 90%] [32m[1mLinking CXX executable vehicle_models_test[0m
[3.669s] [ 90%] Built target vehicle_models_test
[7.245s] [100%] [32m[1mLinking CXX executable odometry_estimator[0m
[7.554s] [100%] Built target odometry_estimator
[7.564s] Invoked command in '/home/dbot2/ros2_ws/src/build/odometry_estimator' returned '0': AMENT_PREFIX_PATH=/home/dbot2/ros2_ws/src/install/dbot_custom_msgs:${AMENT_PREFIX_PATH} CMAKE_PREFIX_PATH=/home/dbot2/ros2_ws/src/install/dbot_custom_msgs:/home/dbot2/ros2_ws/install/odometry_estimator:/home/dbot2/ros2_ws/install/my_bot:/home/dbot2/ros2_ws/install/joy:/home/dbot2/ros2_ws/install/dbot_nav_slam:/home/dbot2/ros2_ws/install/dbot_custom_msgs:/home/dbot2/ros2_ws/install/dbot:/home/dbot2/dbot_src/install/odometry_estimator:/home/dbot2/dbot_src/install/dbot_custom_msgs:/home/dbot2/dbot_remote/install/pointcloud_saver:/home/dbot2/circus_demo/install/pcl_localization_ros2:/home/dbot2/circus_demo/install/ndt_omp_ros2:/home/dbot2/ros2_ws/install/tf2_dbot:/home/dbot2/ros2_ws/install/odom_motion_model:/home/dbot2/ros2_ws/install/motor_driver:/home/dbot2/ros2_ws/install/joycontrol:/home/dbot2/ros2_ws/install/gesturecontrol:/home/dbot2/dbot_src/install/tf2_dbot:/home/dbot2/dbot_src/install/odom_motion_model:/home/dbot2/dbot_src/install/motor_driver:/home/dbot2/dbot_src/install/joycontrol:/home/dbot2/dbot_src/install/dbot:/home/dbot2/dbot_remote/install/pcd_joy_trigger:/home/dbot2/circus_demo/install/circus_demo:/opt/ros/humble LD_LIBRARY_PATH=/home/dbot2/ros2_ws/src/install/dbot_custom_msgs/lib:${LD_LIBRARY_PATH} PYTHONPATH=/home/dbot2/ros2_ws/src/install/dbot_custom_msgs/local/lib/python3.10/dist-packages:${PYTHONPATH} /usr/bin/cmake --build /home/dbot2/ros2_ws/src/build/odometry_estimator -- -j8 -l8
[7.584s] Invoking command in '/home/dbot2/ros2_ws/src/build/odometry_estimator': AMENT_PREFIX_PATH=/home/dbot2/ros2_ws/src/install/dbot_custom_msgs:${AMENT_PREFIX_PATH} CMAKE_PREFIX_PATH=/home/dbot2/ros2_ws/src/install/dbot_custom_msgs:/home/dbot2/ros2_ws/install/odometry_estimator:/home/dbot2/ros2_ws/install/my_bot:/home/dbot2/ros2_ws/install/joy:/home/dbot2/ros2_ws/install/dbot_nav_slam:/home/dbot2/ros2_ws/install/dbot_custom_msgs:/home/dbot2/ros2_ws/install/dbot:/home/dbot2/dbot_src/install/odometry_estimator:/home/dbot2/dbot_src/install/dbot_custom_msgs:/home/dbot2/dbot_remote/install/pointcloud_saver:/home/dbot2/circus_demo/install/pcl_localization_ros2:/home/dbot2/circus_demo/install/ndt_omp_ros2:/home/dbot2/ros2_ws/install/tf2_dbot:/home/dbot2/ros2_ws/install/odom_motion_model:/home/dbot2/ros2_ws/install/motor_driver:/home/dbot2/ros2_ws/install/joycontrol:/home/dbot2/ros2_ws/install/gesturecontrol:/home/dbot2/dbot_src/install/tf2_dbot:/home/dbot2/dbot_src/install/odom_motion_model:/home/dbot2/dbot_src/install/motor_driver:/home/dbot2/dbot_src/install/joycontrol:/home/dbot2/dbot_src/install/dbot:/home/dbot2/dbot_remote/install/pcd_joy_trigger:/home/dbot2/circus_demo/install/circus_demo:/opt/ros/humble LD_LIBRARY_PATH=/home/dbot2/ros2_ws/src/install/dbot_custom_msgs/lib:${LD_LIBRARY_PATH} PYTHONPATH=/home/dbot2/ros2_ws/src/install/dbot_custom_msgs/local/lib/python3.10/dist-packages:${PYTHONPATH} /usr/bin/cmake --install /home/dbot2/ros2_ws/src/build/odometry_estimator
[7.589s] -- Install configuration: ""
[7.589s] -- Execute custom install script
[7.589s] -- Symlinking: /home/dbot2/ros2_ws/src/install/odometry_estimator/lib/odometry_estimator/odometry_estimator
[7.595s] -- Symlinking: /home/dbot2/ros2_ws/src/install/odometry_estimator/share/ament_index/resource_index/package_run_dependencies/odometry_estimator
[7.601s] -- Symlinking: /home/dbot2/ros2_ws/src/install/odometry_estimator/share/ament_index/resource_index/parent_prefix_path/odometry_estimator
[7.606s] -- Symlinking: /home/dbot2/ros2_ws/src/install/odometry_estimator/share/odometry_estimator/environment/ament_prefix_path.sh
[7.612s] -- Symlinking: /home/dbot2/ros2_ws/src/install/odometry_estimator/share/odometry_estimator/environment/ament_prefix_path.dsv
[7.617s] -- Symlinking: /home/dbot2/ros2_ws/src/install/odometry_estimator/share/odometry_estimator/environment/path.sh
[7.622s] -- Symlinking: /home/dbot2/ros2_ws/src/install/odometry_estimator/share/odometry_estimator/environment/path.dsv
[7.628s] -- Symlinking: /home/dbot2/ros2_ws/src/install/odometry_estimator/share/odometry_estimator/local_setup.bash
[7.633s] -- Symlinking: /home/dbot2/ros2_ws/src/install/odometry_estimator/share/odometry_estimator/local_setup.sh
[7.639s] -- Symlinking: /home/dbot2/ros2_ws/src/install/odometry_estimator/share/odometry_estimator/local_setup.zsh
[7.644s] -- Symlinking: /home/dbot2/ros2_ws/src/install/odometry_estimator/share/odometry_estimator/local_setup.dsv
[7.650s] -- Symlinking: /home/dbot2/ros2_ws/src/install/odometry_estimator/share/odometry_estimator/package.dsv
[7.655s] -- Symlinking: /home/dbot2/ros2_ws/src/install/odometry_estimator/share/ament_index/resource_index/packages/odometry_estimator
[7.660s] -- Symlinking: /home/dbot2/ros2_ws/src/install/odometry_estimator/share/odometry_estimator/cmake/odometry_estimatorConfig.cmake
[7.666s] -- Symlinking: /home/dbot2/ros2_ws/src/install/odometry_estimator/share/odometry_estimator/cmake/odometry_estimatorConfig-version.cmake
[7.671s] -- Symlinking: /home/dbot2/ros2_ws/src/install/odometry_estimator/share/odometry_estimator/package.xml
[7.678s] Invoked command in '/home/dbot2/ros2_ws/src/build/odometry_estimator' returned '0': AMENT_PREFIX_PATH=/home/dbot2/ros2_ws/src/install/dbot_custom_msgs:${AMENT_PREFIX_PATH} CMAKE_PREFIX_PATH=/home/dbot2/ros2_ws/src/install/dbot_custom_msgs:/home/dbot2/ros2_ws/install/odometry_estimator:/home/dbot2/ros2_ws/install/my_bot:/home/dbot2/ros2_ws/install/joy:/home/dbot2/ros2_ws/install/dbot_nav_slam:/home/dbot2/ros2_ws/install/dbot_custom_msgs:/home/dbot2/ros2_ws/install/dbot:/home/dbot2/dbot_src/install/odometry_estimator:/home/dbot2/dbot_src/install/dbot_custom_msgs:/home/dbot2/dbot_remote/install/pointcloud_saver:/home/dbot2/circus_demo/install/pcl_localization_ros2:/home/dbot2/circus_demo/install/ndt_omp_ros2:/home/dbot2/ros2_ws/install/tf2_dbot:/home/dbot2/ros2_ws/install/odom_motion_model:/home/dbot2/ros2_ws/install/motor_driver:/home/dbot2/ros2_ws/install/joycontrol:/home/dbot2/ros2_ws/install/gesturecontrol:/home/dbot2/dbot_src/install/tf2_dbot:/home/dbot2/dbot_src/install/odom_motion_model:/home/dbot2/dbot_src/install/motor_driver:/home/dbot2/dbot_src/install/joycontrol:/home/dbot2/dbot_src/install/dbot:/home/dbot2/dbot_remote/install/pcd_joy_trigger:/home/dbot2/circus_demo/install/circus_demo:/opt/ros/humble LD_LIBRARY_PATH=/home/dbot2/ros2_ws/src/install/dbot_custom_msgs/lib:${LD_LIBRARY_PATH} PYTHONPATH=/home/dbot2/ros2_ws/src/install/dbot_custom_msgs/local/lib/python3.10/dist-packages:${PYTHONPATH} /usr/bin/cmake --install /home/dbot2/ros2_ws/src/build/odometry_estimator
