[0.061s] Invoking command in '/home/dbot2/dbot_vda5050_ilmatar/build/dbot_custom_msgs': CMAKE_PREFIX_PATH=${CMAKE_PREFIX_PATH}:/home/dbot2/dbot_src/src/point_cloud_merger/install/point_cloud_merger:/home/dbot2/dbot_vda5050_ilmatar/install/vda5050_tb3_adapter:/home/dbot2/dbot_vda5050_ilmatar/install/tf2_dbot:/home/dbot2/dbot_vda5050_ilmatar/install/odom_motion_model:/home/dbot2/dbot_vda5050_ilmatar/install/motor_driver:/home/dbot2/dbot_vda5050_ilmatar/install/joycontrol:/home/dbot2/dbot_vda5050_ilmatar/install/gesturecontrol:/home/dbot2/dbot_vda5050_ilmatar/install/dbot_bridge:/home/dbot2/dbot_vda5050_ilmatar/install/dbot:/home/dbot2/dbot_src/install/tf2_dbot:/home/dbot2/dbot_src/install/point_cloud_merger:/home/dbot2/dbot_src/install/odom_motion_model:/home/dbot2/dbot_src/install/motor_driver:/home/dbot2/dbot_src/install/joycontrol:/home/dbot2/dbot_src/install/dbot:/home/dbot2/dbot_remote/install/pcd_joy_trigger:/home/dbot2/circus_demo/install/circus_demo:/home/dbot2/ros2_ws/install/tf2_dbot:/home/dbot2/ros2_ws/install/odom_motion_model:/home/dbot2/ros2_ws/install/motor_driver:/home/dbot2/ros2_ws/install/m2m_bringup:/home/dbot2/ros2_ws/install/joycontrol:/home/dbot2/ros2_ws/install/gesturecontrol:/home/dbot2/ros2_ws/install/dbot_opcua:/home/dbot2/ros2_ws/install/dbot_middle_frame:/home/dbot2/ros2_ws/install/dbot_bridge:/home/dbot2/ros2_ws/install/dbot:/home/dbot2/ros2_ws/install/ament_xmllint:/home/dbot2/ros2_ws/install/ament_uncrustify:/home/dbot2/ros2_ws/install/ament_pyflakes:/home/dbot2/ros2_ws/install/ament_pycodestyle:/home/dbot2/ros2_ws/install/ament_pep257:/home/dbot2/ros2_ws/install/ament_pclint:/home/dbot2/ros2_ws/install/ament_mypy:/home/dbot2/ros2_ws/install/ament_lint_cmake:/home/dbot2/ros2_ws/install/ament_flake8:/home/dbot2/ros2_ws/install/ament_copyright:/home/dbot2/ros2_ws/install/ament_lint:/home/dbot2/ros2_ws/install/ament_cpplint:/home/dbot2/ros2_ws/install/ament_cppcheck:/home/dbot2/ros2_ws/install/ament_clang_tidy:/home/dbot2/ros2_ws/install/ament_clang_format:/opt/ros/humble /usr/bin/cmake --build /home/dbot2/dbot_vda5050_ilmatar/build/dbot_custom_msgs -- -j8 -l8
[0.999s] -- Found ament_cmake: 1.3.14 (/opt/ros/humble/share/ament_cmake/cmake)
[1.000s] -- Override CMake install command with custom implementation using symlinks instead of copying resources
[1.000s] -- Found rosidl_default_generators: 1.2.1 (/opt/ros/humble/share/rosidl_default_generators/cmake)
[1.000s] -- Using all available rosidl_typesupport_c: rosidl_typesupport_fastrtps_c;rosidl_typesupport_introspection_c
[1.000s] -- Found rosidl_adapter: 3.1.8 (/opt/ros/humble/share/rosidl_adapter/cmake)
[1.000s] -- Using all available rosidl_typesupport_cpp: rosidl_typesupport_fastrtps_cpp;rosidl_typesupport_introspection_cpp
[1.000s] -- Found std_msgs: 4.9.1 (/opt/ros/humble/share/std_msgs/cmake)
[1.000s] -- Found ament_cmake_ros: 0.10.0 (/opt/ros/humble/share/ament_cmake_ros/cmake)
[1.000s] -- Using all available rosidl_typesupport_c: rosidl_typesupport_fastrtps_c;rosidl_typesupport_introspection_c
[1.330s] -- Using all available rosidl_typesupport_cpp: rosidl_typesupport_fastrtps_cpp;rosidl_typesupport_introspection_cpp
[1.400s] -- Found python_cmake_module: 0.10.0 (/opt/ros/humble/share/python_cmake_module/cmake)
[1.475s] -- Using PYTHON_EXECUTABLE: /usr/bin/python3
[1.475s] -- Using PYTHON_INCLUDE_DIRS: /usr/include/python3.10
[1.478s] -- Using PYTHON_LIBRARIES: /usr/lib/x86_64-linux-gnu/libpython3.10.so
[1.728s] -- Found ament_lint_auto: 0.20.1 (/home/dbot2/ros2_ws/install/ament_lint_auto/share/ament_lint_auto/cmake)
[1.750s] -- Added test 'copyright' to check source files copyright and LICENSE
[1.751s] -- Added test 'lint_cmake' to check CMake code style
[1.751s] -- Added test 'xmllint' to check XML markup files
[1.757s] -- Configuring done
[1.818s] -- Generating done
[1.852s] -- Build files have been written to: /home/dbot2/dbot_vda5050_ilmatar/build/dbot_custom_msgs
[1.907s] [  3%] [34m[1mGenerating C code for ROS interfaces[0m
[1.925s] [  6%] [34m[1mGenerating Rust code for ROS interfaces[0m
[1.931s] [  9%] [34m[1mGenerating C++ code for ROS interfaces[0m
[1.958s] [  9%] Built target ament_cmake_python_symlink_dbot_custom_msgs
[2.539s] [  9%] Built target dbot_custom_msgs__cpp
[2.567s] [ 12%] [34m[1mGenerating C++ introspection for ROS interfaces[0m
[2.578s] [ 15%] [34m[1mGenerating C++ type support dispatch for ROS interfaces[0m
[2.588s] [ 18%] [34m[1mGenerating C++ type support for eProsima Fast-RTPS[0m
[2.697s] [ 18%] Built target dbot_custom_msgs__rs
[2.770s] [35m[1mConsolidate compiler generated dependencies of target dbot_custom_msgs__rosidl_generator_c[0m
[2.783s] running egg_info
[2.820s] [ 21%] [32mBuilding C object CMakeFiles/dbot_custom_msgs__rosidl_generator_c.dir/rosidl_generator_c/dbot_custom_msgs/msg/detail/wheel_encoder__functions.c.o[0m
[2.839s] writing dbot_custom_msgs.egg-info/PKG-INFO
[2.847s] writing dependency_links to dbot_custom_msgs.egg-info/dependency_links.txt
[2.847s] writing top-level names to dbot_custom_msgs.egg-info/top_level.txt
[3.003s] [ 25%] [32m[1mLinking C shared library libdbot_custom_msgs__rosidl_generator_c.so[0m
[3.105s] [ 25%] Built target dbot_custom_msgs__rosidl_generator_c
[3.136s] [ 28%] [34m[1mGenerating C type support for eProsima Fast-RTPS[0m
[3.136s] [ 31%] [34m[1mGenerating C type support dispatch for ROS interfaces[0m
[3.146s] [ 34%] [34m[1mGenerating C introspection for ROS interfaces[0m
[3.232s] [35m[1mConsolidate compiler generated dependencies of target dbot_custom_msgs__rosidl_typesupport_introspection_cpp[0m
[3.320s] [ 37%] [32mBuilding CXX object CMakeFiles/dbot_custom_msgs__rosidl_typesupport_introspection_cpp.dir/rosidl_typesupport_introspection_cpp/dbot_custom_msgs/msg/detail/wheel_encoder__type_support.cpp.o[0m
[3.488s] [35m[1mConsolidate compiler generated dependencies of target dbot_custom_msgs__rosidl_typesupport_cpp[0m
[3.529s] [ 40%] [32mBuilding CXX object CMakeFiles/dbot_custom_msgs__rosidl_typesupport_cpp.dir/rosidl_typesupport_cpp/dbot_custom_msgs/msg/wheel_encoder__type_support.cpp.o[0m
[3.551s] reading manifest file 'dbot_custom_msgs.egg-info/SOURCES.txt'
[3.551s] writing manifest file 'dbot_custom_msgs.egg-info/SOURCES.txt'
[3.554s] [35m[1mConsolidate compiler generated dependencies of target dbot_custom_msgs__rosidl_typesupport_fastrtps_cpp[0m
[3.606s] [ 43%] [32mBuilding CXX object CMakeFiles/dbot_custom_msgs__rosidl_typesupport_fastrtps_cpp.dir/rosidl_typesupport_fastrtps_cpp/dbot_custom_msgs/msg/detail/dds_fastrtps/wheel_encoder__type_support.cpp.o[0m
[3.699s] [ 43%] Built target ament_cmake_python_build_dbot_custom_msgs_egg
[3.820s] [35m[1mConsolidate compiler generated dependencies of target dbot_custom_msgs__rosidl_typesupport_introspection_c[0m
[3.861s] [ 46%] [32mBuilding C object CMakeFiles/dbot_custom_msgs__rosidl_typesupport_introspection_c.dir/rosidl_typesupport_introspection_c/dbot_custom_msgs/msg/detail/wheel_encoder__type_support.c.o[0m
[3.993s] [ 50%] [32m[1mLinking C shared library libdbot_custom_msgs__rosidl_typesupport_introspection_c.so[0m
[4.007s] [35m[1mConsolidate compiler generated dependencies of target dbot_custom_msgs__rosidl_typesupport_c[0m
[4.014s] [35m[1mConsolidate compiler generated dependencies of target dbot_custom_msgs__rosidl_typesupport_fastrtps_c[0m
[4.052s] [ 53%] [32mBuilding CXX object CMakeFiles/dbot_custom_msgs__rosidl_typesupport_c.dir/rosidl_typesupport_c/dbot_custom_msgs/msg/wheel_encoder__type_support.cpp.o[0m
[4.054s] [ 56%] [32mBuilding CXX object CMakeFiles/dbot_custom_msgs__rosidl_typesupport_fastrtps_c.dir/rosidl_typesupport_fastrtps_c/dbot_custom_msgs/msg/detail/wheel_encoder__type_support_c.cpp.o[0m
[4.072s] [ 56%] Built target dbot_custom_msgs__rosidl_typesupport_introspection_c
[4.137s] [ 59%] [32m[1mLinking CXX shared library libdbot_custom_msgs__rosidl_typesupport_c.so[0m
[4.182s] [ 62%] [32m[1mLinking CXX shared library libdbot_custom_msgs__rosidl_typesupport_cpp.so[0m
[4.250s] [ 62%] Built target dbot_custom_msgs__rosidl_typesupport_c
[4.280s] [ 62%] Built target dbot_custom_msgs__rosidl_typesupport_cpp
[4.300s] [ 65%] [32m[1mLinking CXX shared library libdbot_custom_msgs__rosidl_typesupport_introspection_cpp.so[0m
[4.383s] [ 65%] Built target dbot_custom_msgs__rosidl_typesupport_introspection_cpp
[4.490s] [ 68%] [32m[1mLinking CXX shared library libdbot_custom_msgs__rosidl_typesupport_fastrtps_cpp.so[0m
[4.529s] [ 71%] [32m[1mLinking CXX shared library libdbot_custom_msgs__rosidl_typesupport_fastrtps_c.so[0m
[4.567s] [ 71%] Built target dbot_custom_msgs__rosidl_typesupport_fastrtps_cpp
[4.604s] [ 71%] Built target dbot_custom_msgs__rosidl_typesupport_fastrtps_c
[4.619s] [ 71%] Built target dbot_custom_msgs
[4.639s] [ 75%] [34m[1mGenerating Python code for ROS interfaces[0m
[4.917s] [ 75%] Built target dbot_custom_msgs__py
[4.925s] [35m[1mConsolidate compiler generated dependencies of target dbot_custom_msgs__rosidl_generator_py[0m
[4.937s] [ 78%] [32mBuilding C object CMakeFiles/dbot_custom_msgs__rosidl_generator_py.dir/rosidl_generator_py/dbot_custom_msgs/msg/_wheel_encoder_s.c.o[0m
[5.038s] [ 81%] [32m[1mLinking C shared library rosidl_generator_py/dbot_custom_msgs/libdbot_custom_msgs__rosidl_generator_py.so[0m
[5.072s] [ 81%] Built target dbot_custom_msgs__rosidl_generator_py
[5.084s] [35m[1mConsolidate compiler generated dependencies of target dbot_custom_msgs__rosidl_typesupport_c__pyext[0m
[5.084s] [35m[1mConsolidate compiler generated dependencies of target dbot_custom_msgs__rosidl_typesupport_fastrtps_c__pyext[0m
[5.085s] [35m[1mConsolidate compiler generated dependencies of target dbot_custom_msgs__rosidl_typesupport_introspection_c__pyext[0m
[5.098s] [ 84%] [32mBuilding C object CMakeFiles/dbot_custom_msgs__rosidl_typesupport_c__pyext.dir/rosidl_generator_py/dbot_custom_msgs/_dbot_custom_msgs_s.ep.rosidl_typesupport_c.c.o[0m
[5.098s] [ 87%] [32mBuilding C object CMakeFiles/dbot_custom_msgs__rosidl_typesupport_fastrtps_c__pyext.dir/rosidl_generator_py/dbot_custom_msgs/_dbot_custom_msgs_s.ep.rosidl_typesupport_fastrtps_c.c.o[0m
[5.099s] [ 90%] [32mBuilding C object CMakeFiles/dbot_custom_msgs__rosidl_typesupport_introspection_c__pyext.dir/rosidl_generator_py/dbot_custom_msgs/_dbot_custom_msgs_s.ep.rosidl_typesupport_introspection_c.c.o[0m
[5.172s] [ 93%] [32m[1mLinking C shared library rosidl_generator_py/dbot_custom_msgs/dbot_custom_msgs_s__rosidl_typesupport_c.cpython-310-x86_64-linux-gnu.so[0m
[5.202s] [ 93%] Built target dbot_custom_msgs__rosidl_typesupport_c__pyext
[5.216s] [ 96%] [32m[1mLinking C shared library rosidl_generator_py/dbot_custom_msgs/dbot_custom_msgs_s__rosidl_typesupport_introspection_c.cpython-310-x86_64-linux-gnu.so[0m
[5.226s] [100%] [32m[1mLinking C shared library rosidl_generator_py/dbot_custom_msgs/dbot_custom_msgs_s__rosidl_typesupport_fastrtps_c.cpython-310-x86_64-linux-gnu.so[0m
[5.257s] [100%] Built target dbot_custom_msgs__rosidl_typesupport_introspection_c__pyext
[5.257s] [100%] Built target dbot_custom_msgs__rosidl_typesupport_fastrtps_c__pyext
[5.267s] Invoked command in '/home/dbot2/dbot_vda5050_ilmatar/build/dbot_custom_msgs' returned '0': CMAKE_PREFIX_PATH=${CMAKE_PREFIX_PATH}:/home/dbot2/dbot_src/src/point_cloud_merger/install/point_cloud_merger:/home/dbot2/dbot_vda5050_ilmatar/install/vda5050_tb3_adapter:/home/dbot2/dbot_vda5050_ilmatar/install/tf2_dbot:/home/dbot2/dbot_vda5050_ilmatar/install/odom_motion_model:/home/dbot2/dbot_vda5050_ilmatar/install/motor_driver:/home/dbot2/dbot_vda5050_ilmatar/install/joycontrol:/home/dbot2/dbot_vda5050_ilmatar/install/gesturecontrol:/home/dbot2/dbot_vda5050_ilmatar/install/dbot_bridge:/home/dbot2/dbot_vda5050_ilmatar/install/dbot:/home/dbot2/dbot_src/install/tf2_dbot:/home/dbot2/dbot_src/install/point_cloud_merger:/home/dbot2/dbot_src/install/odom_motion_model:/home/dbot2/dbot_src/install/motor_driver:/home/dbot2/dbot_src/install/joycontrol:/home/dbot2/dbot_src/install/dbot:/home/dbot2/dbot_remote/install/pcd_joy_trigger:/home/dbot2/circus_demo/install/circus_demo:/home/dbot2/ros2_ws/install/tf2_dbot:/home/dbot2/ros2_ws/install/odom_motion_model:/home/dbot2/ros2_ws/install/motor_driver:/home/dbot2/ros2_ws/install/m2m_bringup:/home/dbot2/ros2_ws/install/joycontrol:/home/dbot2/ros2_ws/install/gesturecontrol:/home/dbot2/ros2_ws/install/dbot_opcua:/home/dbot2/ros2_ws/install/dbot_middle_frame:/home/dbot2/ros2_ws/install/dbot_bridge:/home/dbot2/ros2_ws/install/dbot:/home/dbot2/ros2_ws/install/ament_xmllint:/home/dbot2/ros2_ws/install/ament_uncrustify:/home/dbot2/ros2_ws/install/ament_pyflakes:/home/dbot2/ros2_ws/install/ament_pycodestyle:/home/dbot2/ros2_ws/install/ament_pep257:/home/dbot2/ros2_ws/install/ament_pclint:/home/dbot2/ros2_ws/install/ament_mypy:/home/dbot2/ros2_ws/install/ament_lint_cmake:/home/dbot2/ros2_ws/install/ament_flake8:/home/dbot2/ros2_ws/install/ament_copyright:/home/dbot2/ros2_ws/install/ament_lint:/home/dbot2/ros2_ws/install/ament_cpplint:/home/dbot2/ros2_ws/install/ament_cppcheck:/home/dbot2/ros2_ws/install/ament_clang_tidy:/home/dbot2/ros2_ws/install/ament_clang_format:/opt/ros/humble /usr/bin/cmake --build /home/dbot2/dbot_vda5050_ilmatar/build/dbot_custom_msgs -- -j8 -l8
[5.268s] Invoking command in '/home/dbot2/dbot_vda5050_ilmatar/build/dbot_custom_msgs': CMAKE_PREFIX_PATH=${CMAKE_PREFIX_PATH}:/home/dbot2/dbot_src/src/point_cloud_merger/install/point_cloud_merger:/home/dbot2/dbot_vda5050_ilmatar/install/vda5050_tb3_adapter:/home/dbot2/dbot_vda5050_ilmatar/install/tf2_dbot:/home/dbot2/dbot_vda5050_ilmatar/install/odom_motion_model:/home/dbot2/dbot_vda5050_ilmatar/install/motor_driver:/home/dbot2/dbot_vda5050_ilmatar/install/joycontrol:/home/dbot2/dbot_vda5050_ilmatar/install/gesturecontrol:/home/dbot2/dbot_vda5050_ilmatar/install/dbot_bridge:/home/dbot2/dbot_vda5050_ilmatar/install/dbot:/home/dbot2/dbot_src/install/tf2_dbot:/home/dbot2/dbot_src/install/point_cloud_merger:/home/dbot2/dbot_src/install/odom_motion_model:/home/dbot2/dbot_src/install/motor_driver:/home/dbot2/dbot_src/install/joycontrol:/home/dbot2/dbot_src/install/dbot:/home/dbot2/dbot_remote/install/pcd_joy_trigger:/home/dbot2/circus_demo/install/circus_demo:/home/dbot2/ros2_ws/install/tf2_dbot:/home/dbot2/ros2_ws/install/odom_motion_model:/home/dbot2/ros2_ws/install/motor_driver:/home/dbot2/ros2_ws/install/m2m_bringup:/home/dbot2/ros2_ws/install/joycontrol:/home/dbot2/ros2_ws/install/gesturecontrol:/home/dbot2/ros2_ws/install/dbot_opcua:/home/dbot2/ros2_ws/install/dbot_middle_frame:/home/dbot2/ros2_ws/install/dbot_bridge:/home/dbot2/ros2_ws/install/dbot:/home/dbot2/ros2_ws/install/ament_xmllint:/home/dbot2/ros2_ws/install/ament_uncrustify:/home/dbot2/ros2_ws/install/ament_pyflakes:/home/dbot2/ros2_ws/install/ament_pycodestyle:/home/dbot2/ros2_ws/install/ament_pep257:/home/dbot2/ros2_ws/install/ament_pclint:/home/dbot2/ros2_ws/install/ament_mypy:/home/dbot2/ros2_ws/install/ament_lint_cmake:/home/dbot2/ros2_ws/install/ament_flake8:/home/dbot2/ros2_ws/install/ament_copyright:/home/dbot2/ros2_ws/install/ament_lint:/home/dbot2/ros2_ws/install/ament_cpplint:/home/dbot2/ros2_ws/install/ament_cppcheck:/home/dbot2/ros2_ws/install/ament_clang_tidy:/home/dbot2/ros2_ws/install/ament_clang_format:/opt/ros/humble /usr/bin/cmake --install /home/dbot2/dbot_vda5050_ilmatar/build/dbot_custom_msgs
[5.273s] -- Install configuration: ""
[5.274s] -- Execute custom install script
[5.274s] -- Up-to-date symlink: /home/dbot2/dbot_vda5050_ilmatar/install/dbot_custom_msgs/share/ament_index/resource_index/rosidl_interfaces/dbot_custom_msgs
[5.274s] -- Up-to-date symlink: /home/dbot2/dbot_vda5050_ilmatar/install/dbot_custom_msgs/include/dbot_custom_msgs/dbot_custom_msgs/msg/detail/wheel_encoder__functions.h
[5.274s] -- Up-to-date symlink: /home/dbot2/dbot_vda5050_ilmatar/install/dbot_custom_msgs/include/dbot_custom_msgs/dbot_custom_msgs/msg/detail/wheel_encoder__struct.h
[5.274s] -- Up-to-date symlink: /home/dbot2/dbot_vda5050_ilmatar/install/dbot_custom_msgs/include/dbot_custom_msgs/dbot_custom_msgs/msg/detail/wheel_encoder__type_support.h
[5.274s] -- Up-to-date symlink: /home/dbot2/dbot_vda5050_ilmatar/install/dbot_custom_msgs/include/dbot_custom_msgs/dbot_custom_msgs/msg/rosidl_generator_c__visibility_control.h
[5.274s] -- Up-to-date symlink: /home/dbot2/dbot_vda5050_ilmatar/install/dbot_custom_msgs/include/dbot_custom_msgs/dbot_custom_msgs/msg/wheel_encoder.h
[5.275s] -- Up-to-date symlink: /home/dbot2/dbot_vda5050_ilmatar/install/dbot_custom_msgs/share/dbot_custom_msgs/environment/library_path.sh
[5.275s] -- Up-to-date symlink: /home/dbot2/dbot_vda5050_ilmatar/install/dbot_custom_msgs/share/dbot_custom_msgs/environment/library_path.dsv
[5.275s] -- Up-to-date symlink: /home/dbot2/dbot_vda5050_ilmatar/install/dbot_custom_msgs/include/dbot_custom_msgs/dbot_custom_msgs/msg/detail/wheel_encoder__rosidl_typesupport_fastrtps_c.h
[5.275s] -- Up-to-date symlink: /home/dbot2/dbot_vda5050_ilmatar/install/dbot_custom_msgs/include/dbot_custom_msgs/dbot_custom_msgs/msg/rosidl_typesupport_fastrtps_c__visibility_control.h
[5.275s] -- Up-to-date symlink: /home/dbot2/dbot_vda5050_ilmatar/install/dbot_custom_msgs/include/dbot_custom_msgs/dbot_custom_msgs/msg/detail/wheel_encoder__rosidl_typesupport_introspection_c.h
[5.275s] -- Up-to-date symlink: /home/dbot2/dbot_vda5050_ilmatar/install/dbot_custom_msgs/include/dbot_custom_msgs/dbot_custom_msgs/msg/rosidl_typesupport_introspection_c__visibility_control.h
[5.275s] -- Up-to-date symlink: /home/dbot2/dbot_vda5050_ilmatar/install/dbot_custom_msgs/include/dbot_custom_msgs/dbot_custom_msgs/msg/detail/wheel_encoder__builder.hpp
[5.275s] -- Up-to-date symlink: /home/dbot2/dbot_vda5050_ilmatar/install/dbot_custom_msgs/include/dbot_custom_msgs/dbot_custom_msgs/msg/detail/wheel_encoder__struct.hpp
[5.276s] -- Up-to-date symlink: /home/dbot2/dbot_vda5050_ilmatar/install/dbot_custom_msgs/include/dbot_custom_msgs/dbot_custom_msgs/msg/detail/wheel_encoder__traits.hpp
[5.276s] -- Up-to-date symlink: /home/dbot2/dbot_vda5050_ilmatar/install/dbot_custom_msgs/include/dbot_custom_msgs/dbot_custom_msgs/msg/detail/wheel_encoder__type_support.hpp
[5.276s] -- Up-to-date symlink: /home/dbot2/dbot_vda5050_ilmatar/install/dbot_custom_msgs/include/dbot_custom_msgs/dbot_custom_msgs/msg/rosidl_generator_cpp__visibility_control.hpp
[5.276s] -- Up-to-date symlink: /home/dbot2/dbot_vda5050_ilmatar/install/dbot_custom_msgs/include/dbot_custom_msgs/dbot_custom_msgs/msg/wheel_encoder.hpp
[5.276s] -- Up-to-date symlink: /home/dbot2/dbot_vda5050_ilmatar/install/dbot_custom_msgs/include/dbot_custom_msgs/dbot_custom_msgs/msg/detail/wheel_encoder__rosidl_typesupport_fastrtps_cpp.hpp
[5.276s] -- Up-to-date symlink: /home/dbot2/dbot_vda5050_ilmatar/install/dbot_custom_msgs/include/dbot_custom_msgs/dbot_custom_msgs/msg/rosidl_typesupport_fastrtps_cpp__visibility_control.h
[5.276s] -- Up-to-date symlink: /home/dbot2/dbot_vda5050_ilmatar/install/dbot_custom_msgs/include/dbot_custom_msgs/dbot_custom_msgs/msg/detail/wheel_encoder__rosidl_typesupport_introspection_cpp.hpp
[5.276s] -- Up-to-date symlink: /home/dbot2/dbot_vda5050_ilmatar/install/dbot_custom_msgs/share/dbot_custom_msgs/environment/pythonpath.sh
[5.276s] -- Up-to-date symlink: /home/dbot2/dbot_vda5050_ilmatar/install/dbot_custom_msgs/share/dbot_custom_msgs/environment/pythonpath.dsv
[5.277s] -- Up-to-date symlink: /home/dbot2/dbot_vda5050_ilmatar/install/dbot_custom_msgs/local/lib/python3.10/dist-packages/dbot_custom_msgs-0.0.0-py3.10.egg-info/PKG-INFO
[5.277s] -- Up-to-date symlink: /home/dbot2/dbot_vda5050_ilmatar/install/dbot_custom_msgs/local/lib/python3.10/dist-packages/dbot_custom_msgs-0.0.0-py3.10.egg-info/SOURCES.txt
[5.277s] -- Up-to-date symlink: /home/dbot2/dbot_vda5050_ilmatar/install/dbot_custom_msgs/local/lib/python3.10/dist-packages/dbot_custom_msgs-0.0.0-py3.10.egg-info/dependency_links.txt
[5.277s] -- Up-to-date symlink: /home/dbot2/dbot_vda5050_ilmatar/install/dbot_custom_msgs/local/lib/python3.10/dist-packages/dbot_custom_msgs-0.0.0-py3.10.egg-info/top_level.txt
[5.277s] -- Up-to-date symlink: /home/dbot2/dbot_vda5050_ilmatar/install/dbot_custom_msgs/local/lib/python3.10/dist-packages/dbot_custom_msgs/__init__.py
[5.277s] -- Up-to-date symlink: /home/dbot2/dbot_vda5050_ilmatar/install/dbot_custom_msgs/local/lib/python3.10/dist-packages/dbot_custom_msgs/_dbot_custom_msgs_s.ep.rosidl_typesupport_c.c
[5.277s] -- Up-to-date symlink: /home/dbot2/dbot_vda5050_ilmatar/install/dbot_custom_msgs/local/lib/python3.10/dist-packages/dbot_custom_msgs/_dbot_custom_msgs_s.ep.rosidl_typesupport_fastrtps_c.c
[5.277s] -- Up-to-date symlink: /home/dbot2/dbot_vda5050_ilmatar/install/dbot_custom_msgs/local/lib/python3.10/dist-packages/dbot_custom_msgs/_dbot_custom_msgs_s.ep.rosidl_typesupport_introspection_c.c
[5.277s] -- Up-to-date symlink: /home/dbot2/dbot_vda5050_ilmatar/install/dbot_custom_msgs/local/lib/python3.10/dist-packages/dbot_custom_msgs/dbot_custom_msgs_s__rosidl_typesupport_c.cpython-310-x86_64-linux-gnu.so
[5.277s] -- Up-to-date symlink: /home/dbot2/dbot_vda5050_ilmatar/install/dbot_custom_msgs/local/lib/python3.10/dist-packages/dbot_custom_msgs/dbot_custom_msgs_s__rosidl_typesupport_fastrtps_c.cpython-310-x86_64-linux-gnu.so
[5.278s] -- Up-to-date symlink: /home/dbot2/dbot_vda5050_ilmatar/install/dbot_custom_msgs/local/lib/python3.10/dist-packages/dbot_custom_msgs/dbot_custom_msgs_s__rosidl_typesupport_introspection_c.cpython-310-x86_64-linux-gnu.so
[5.278s] -- Up-to-date symlink: /home/dbot2/dbot_vda5050_ilmatar/install/dbot_custom_msgs/local/lib/python3.10/dist-packages/dbot_custom_msgs/libdbot_custom_msgs__rosidl_generator_py.so
[5.278s] -- Up-to-date symlink: /home/dbot2/dbot_vda5050_ilmatar/install/dbot_custom_msgs/local/lib/python3.10/dist-packages/dbot_custom_msgs/msg/__init__.py
[5.278s] -- Up-to-date symlink: /home/dbot2/dbot_vda5050_ilmatar/install/dbot_custom_msgs/local/lib/python3.10/dist-packages/dbot_custom_msgs/msg/_wheel_encoder.py
[5.278s] -- Up-to-date symlink: /home/dbot2/dbot_vda5050_ilmatar/install/dbot_custom_msgs/local/lib/python3.10/dist-packages/dbot_custom_msgs/msg/_wheel_encoder_s.c
[5.278s] -- Up-to-date symlink: /home/dbot2/dbot_vda5050_ilmatar/install/dbot_custom_msgs/local/lib/python3.10/dist-packages/dbot_custom_msgs/dbot_custom_msgs_s__rosidl_typesupport_fastrtps_c.cpython-310-x86_64-linux-gnu.so
[5.278s] -- Up-to-date symlink: /home/dbot2/dbot_vda5050_ilmatar/install/dbot_custom_msgs/local/lib/python3.10/dist-packages/dbot_custom_msgs/dbot_custom_msgs_s__rosidl_typesupport_introspection_c.cpython-310-x86_64-linux-gnu.so
[5.278s] -- Up-to-date symlink: /home/dbot2/dbot_vda5050_ilmatar/install/dbot_custom_msgs/local/lib/python3.10/dist-packages/dbot_custom_msgs/dbot_custom_msgs_s__rosidl_typesupport_c.cpython-310-x86_64-linux-gnu.so
[5.278s] -- Symlinking: /home/dbot2/dbot_vda5050_ilmatar/install/dbot_custom_msgs/share/ament_index/resource_index/rust_packages/dbot_custom_msgs
[5.285s] -- Symlinking: /home/dbot2/dbot_vda5050_ilmatar/install/dbot_custom_msgs/share/dbot_custom_msgs/rust/Cargo.toml
[5.291s] -- Symlinking: /home/dbot2/dbot_vda5050_ilmatar/install/dbot_custom_msgs/share/dbot_custom_msgs/rust/build.rs
[5.300s] -- Symlinking: /home/dbot2/dbot_vda5050_ilmatar/install/dbot_custom_msgs/share/dbot_custom_msgs/rust/src/lib.rs
[5.307s] -- Symlinking: /home/dbot2/dbot_vda5050_ilmatar/install/dbot_custom_msgs/share/dbot_custom_msgs/rust/src/msg.rs
[5.313s] -- Symlinking: /home/dbot2/dbot_vda5050_ilmatar/install/dbot_custom_msgs/share/dbot_custom_msgs/rust/src/msg/rmw.rs
[5.320s] -- Up-to-date symlink: /home/dbot2/dbot_vda5050_ilmatar/install/dbot_custom_msgs/share/dbot_custom_msgs/msg/WheelEncoder.idl
[5.320s] -- Up-to-date symlink: /home/dbot2/dbot_vda5050_ilmatar/install/dbot_custom_msgs/share/dbot_custom_msgs/msg/WheelEncoder.msg
[5.320s] -- Up-to-date symlink: /home/dbot2/dbot_vda5050_ilmatar/install/dbot_custom_msgs/share/ament_index/resource_index/package_run_dependencies/dbot_custom_msgs
[5.320s] -- Up-to-date symlink: /home/dbot2/dbot_vda5050_ilmatar/install/dbot_custom_msgs/share/ament_index/resource_index/parent_prefix_path/dbot_custom_msgs
[5.320s] -- Up-to-date symlink: /home/dbot2/dbot_vda5050_ilmatar/install/dbot_custom_msgs/share/dbot_custom_msgs/environment/ament_prefix_path.sh
[5.320s] -- Up-to-date symlink: /home/dbot2/dbot_vda5050_ilmatar/install/dbot_custom_msgs/share/dbot_custom_msgs/environment/ament_prefix_path.dsv
[5.320s] -- Up-to-date symlink: /home/dbot2/dbot_vda5050_ilmatar/install/dbot_custom_msgs/share/dbot_custom_msgs/environment/path.sh
[5.321s] -- Up-to-date symlink: /home/dbot2/dbot_vda5050_ilmatar/install/dbot_custom_msgs/share/dbot_custom_msgs/environment/path.dsv
[5.321s] -- Up-to-date symlink: /home/dbot2/dbot_vda5050_ilmatar/install/dbot_custom_msgs/share/dbot_custom_msgs/local_setup.bash
[5.321s] -- Up-to-date symlink: /home/dbot2/dbot_vda5050_ilmatar/install/dbot_custom_msgs/share/dbot_custom_msgs/local_setup.sh
[5.321s] -- Up-to-date symlink: /home/dbot2/dbot_vda5050_ilmatar/install/dbot_custom_msgs/share/dbot_custom_msgs/local_setup.zsh
[5.321s] -- Up-to-date symlink: /home/dbot2/dbot_vda5050_ilmatar/install/dbot_custom_msgs/share/dbot_custom_msgs/local_setup.dsv
[5.321s] -- Symlinking: /home/dbot2/dbot_vda5050_ilmatar/install/dbot_custom_msgs/share/dbot_custom_msgs/package.dsv
[5.328s] -- Up-to-date symlink: /home/dbot2/dbot_vda5050_ilmatar/install/dbot_custom_msgs/share/ament_index/resource_index/packages/dbot_custom_msgs
[5.328s] -- Up-to-date symlink: /home/dbot2/dbot_vda5050_ilmatar/install/dbot_custom_msgs/share/dbot_custom_msgs/cmake/rosidl_cmake-extras.cmake
[5.328s] -- Up-to-date symlink: /home/dbot2/dbot_vda5050_ilmatar/install/dbot_custom_msgs/share/dbot_custom_msgs/cmake/ament_cmake_export_dependencies-extras.cmake
[5.328s] -- Up-to-date symlink: /home/dbot2/dbot_vda5050_ilmatar/install/dbot_custom_msgs/share/dbot_custom_msgs/cmake/ament_cmake_export_include_directories-extras.cmake
[5.329s] -- Up-to-date symlink: /home/dbot2/dbot_vda5050_ilmatar/install/dbot_custom_msgs/share/dbot_custom_msgs/cmake/ament_cmake_export_libraries-extras.cmake
[5.329s] -- Up-to-date symlink: /home/dbot2/dbot_vda5050_ilmatar/install/dbot_custom_msgs/share/dbot_custom_msgs/cmake/ament_cmake_export_targets-extras.cmake
[5.329s] -- Up-to-date symlink: /home/dbot2/dbot_vda5050_ilmatar/install/dbot_custom_msgs/share/dbot_custom_msgs/cmake/rosidl_cmake_export_typesupport_targets-extras.cmake
[5.329s] -- Up-to-date symlink: /home/dbot2/dbot_vda5050_ilmatar/install/dbot_custom_msgs/share/dbot_custom_msgs/cmake/rosidl_cmake_export_typesupport_libraries-extras.cmake
[5.329s] -- Up-to-date symlink: /home/dbot2/dbot_vda5050_ilmatar/install/dbot_custom_msgs/share/dbot_custom_msgs/cmake/dbot_custom_msgsConfig.cmake
[5.329s] -- Up-to-date symlink: /home/dbot2/dbot_vda5050_ilmatar/install/dbot_custom_msgs/share/dbot_custom_msgs/cmake/dbot_custom_msgsConfig-version.cmake
[5.329s] -- Up-to-date symlink: /home/dbot2/dbot_vda5050_ilmatar/install/dbot_custom_msgs/share/dbot_custom_msgs/package.xml
[5.330s] -- Installing: /home/dbot2/dbot_vda5050_ilmatar/install/dbot_custom_msgs/lib/libdbot_custom_msgs__rosidl_generator_c.so
[5.330s] -- Set runtime path of "/home/dbot2/dbot_vda5050_ilmatar/install/dbot_custom_msgs/lib/libdbot_custom_msgs__rosidl_generator_c.so" to ""
[5.330s] -- Installing: /home/dbot2/dbot_vda5050_ilmatar/install/dbot_custom_msgs/lib/libdbot_custom_msgs__rosidl_typesupport_fastrtps_c.so
[5.331s] -- Set runtime path of "/home/dbot2/dbot_vda5050_ilmatar/install/dbot_custom_msgs/lib/libdbot_custom_msgs__rosidl_typesupport_fastrtps_c.so" to ""
[5.331s] -- Installing: /home/dbot2/dbot_vda5050_ilmatar/install/dbot_custom_msgs/lib/libdbot_custom_msgs__rosidl_typesupport_introspection_c.so
[5.331s] -- Set runtime path of "/home/dbot2/dbot_vda5050_ilmatar/install/dbot_custom_msgs/lib/libdbot_custom_msgs__rosidl_typesupport_introspection_c.so" to ""
[5.331s] -- Installing: /home/dbot2/dbot_vda5050_ilmatar/install/dbot_custom_msgs/lib/libdbot_custom_msgs__rosidl_typesupport_c.so
[5.331s] -- Set runtime path of "/home/dbot2/dbot_vda5050_ilmatar/install/dbot_custom_msgs/lib/libdbot_custom_msgs__rosidl_typesupport_c.so" to ""
[5.332s] -- Installing: /home/dbot2/dbot_vda5050_ilmatar/install/dbot_custom_msgs/lib/libdbot_custom_msgs__rosidl_typesupport_fastrtps_cpp.so
[5.332s] -- Set runtime path of "/home/dbot2/dbot_vda5050_ilmatar/install/dbot_custom_msgs/lib/libdbot_custom_msgs__rosidl_typesupport_fastrtps_cpp.so" to ""
[5.332s] -- Installing: /home/dbot2/dbot_vda5050_ilmatar/install/dbot_custom_msgs/lib/libdbot_custom_msgs__rosidl_typesupport_introspection_cpp.so
[5.332s] -- Set runtime path of "/home/dbot2/dbot_vda5050_ilmatar/install/dbot_custom_msgs/lib/libdbot_custom_msgs__rosidl_typesupport_introspection_cpp.so" to ""
[5.332s] -- Installing: /home/dbot2/dbot_vda5050_ilmatar/install/dbot_custom_msgs/lib/libdbot_custom_msgs__rosidl_typesupport_cpp.so
[5.333s] -- Set runtime path of "/home/dbot2/dbot_vda5050_ilmatar/install/dbot_custom_msgs/lib/libdbot_custom_msgs__rosidl_typesupport_cpp.so" to ""
[5.378s] Listing '/home/dbot2/dbot_vda5050_ilmatar/install/dbot_custom_msgs/local/lib/python3.10/dist-packages/dbot_custom_msgs'...
[5.378s] Compiling '/home/dbot2/dbot_vda5050_ilmatar/install/dbot_custom_msgs/local/lib/python3.10/dist-packages/dbot_custom_msgs/__init__.py'...
[5.378s] Listing '/home/dbot2/dbot_vda5050_ilmatar/install/dbot_custom_msgs/local/lib/python3.10/dist-packages/dbot_custom_msgs/msg'...
[5.378s] Compiling '/home/dbot2/dbot_vda5050_ilmatar/install/dbot_custom_msgs/local/lib/python3.10/dist-packages/dbot_custom_msgs/msg/__init__.py'...
[5.378s] Compiling '/home/dbot2/dbot_vda5050_ilmatar/install/dbot_custom_msgs/local/lib/python3.10/dist-packages/dbot_custom_msgs/msg/_wheel_encoder.py'...
[5.381s] -- Installing: /home/dbot2/dbot_vda5050_ilmatar/install/dbot_custom_msgs/lib/libdbot_custom_msgs__rosidl_generator_py.so
[5.382s] -- Set runtime path of "/home/dbot2/dbot_vda5050_ilmatar/install/dbot_custom_msgs/lib/libdbot_custom_msgs__rosidl_generator_py.so" to ""
[5.382s] -- Up-to-date: /home/dbot2/dbot_vda5050_ilmatar/install/dbot_custom_msgs/share/dbot_custom_msgs/cmake/export_dbot_custom_msgs__rosidl_generator_cExport.cmake
[5.382s] -- Up-to-date: /home/dbot2/dbot_vda5050_ilmatar/install/dbot_custom_msgs/share/dbot_custom_msgs/cmake/export_dbot_custom_msgs__rosidl_generator_cExport-noconfig.cmake
[5.383s] -- Up-to-date: /home/dbot2/dbot_vda5050_ilmatar/install/dbot_custom_msgs/share/dbot_custom_msgs/cmake/export_dbot_custom_msgs__rosidl_typesupport_fastrtps_cExport.cmake
[5.383s] -- Up-to-date: /home/dbot2/dbot_vda5050_ilmatar/install/dbot_custom_msgs/share/dbot_custom_msgs/cmake/export_dbot_custom_msgs__rosidl_typesupport_fastrtps_cExport-noconfig.cmake
[5.383s] -- Up-to-date: /home/dbot2/dbot_vda5050_ilmatar/install/dbot_custom_msgs/share/dbot_custom_msgs/cmake/dbot_custom_msgs__rosidl_typesupport_introspection_cExport.cmake
[5.384s] -- Up-to-date: /home/dbot2/dbot_vda5050_ilmatar/install/dbot_custom_msgs/share/dbot_custom_msgs/cmake/dbot_custom_msgs__rosidl_typesupport_introspection_cExport-noconfig.cmake
[5.384s] -- Up-to-date: /home/dbot2/dbot_vda5050_ilmatar/install/dbot_custom_msgs/share/dbot_custom_msgs/cmake/dbot_custom_msgs__rosidl_typesupport_cExport.cmake
[5.384s] -- Up-to-date: /home/dbot2/dbot_vda5050_ilmatar/install/dbot_custom_msgs/share/dbot_custom_msgs/cmake/dbot_custom_msgs__rosidl_typesupport_cExport-noconfig.cmake
[5.384s] -- Up-to-date: /home/dbot2/dbot_vda5050_ilmatar/install/dbot_custom_msgs/share/dbot_custom_msgs/cmake/export_dbot_custom_msgs__rosidl_generator_cppExport.cmake
[5.384s] -- Up-to-date: /home/dbot2/dbot_vda5050_ilmatar/install/dbot_custom_msgs/share/dbot_custom_msgs/cmake/export_dbot_custom_msgs__rosidl_typesupport_fastrtps_cppExport.cmake
[5.384s] -- Up-to-date: /home/dbot2/dbot_vda5050_ilmatar/install/dbot_custom_msgs/share/dbot_custom_msgs/cmake/export_dbot_custom_msgs__rosidl_typesupport_fastrtps_cppExport-noconfig.cmake
[5.384s] -- Up-to-date: /home/dbot2/dbot_vda5050_ilmatar/install/dbot_custom_msgs/share/dbot_custom_msgs/cmake/dbot_custom_msgs__rosidl_typesupport_introspection_cppExport.cmake
[5.384s] -- Up-to-date: /home/dbot2/dbot_vda5050_ilmatar/install/dbot_custom_msgs/share/dbot_custom_msgs/cmake/dbot_custom_msgs__rosidl_typesupport_introspection_cppExport-noconfig.cmake
[5.384s] -- Up-to-date: /home/dbot2/dbot_vda5050_ilmatar/install/dbot_custom_msgs/share/dbot_custom_msgs/cmake/dbot_custom_msgs__rosidl_typesupport_cppExport.cmake
[5.384s] -- Up-to-date: /home/dbot2/dbot_vda5050_ilmatar/install/dbot_custom_msgs/share/dbot_custom_msgs/cmake/dbot_custom_msgs__rosidl_typesupport_cppExport-noconfig.cmake
[5.384s] -- Up-to-date: /home/dbot2/dbot_vda5050_ilmatar/install/dbot_custom_msgs/share/dbot_custom_msgs/cmake/export_dbot_custom_msgs__rosidl_generator_pyExport.cmake
[5.384s] -- Up-to-date: /home/dbot2/dbot_vda5050_ilmatar/install/dbot_custom_msgs/share/dbot_custom_msgs/cmake/export_dbot_custom_msgs__rosidl_generator_pyExport-noconfig.cmake
[5.386s] Invoked command in '/home/dbot2/dbot_vda5050_ilmatar/build/dbot_custom_msgs' returned '0': CMAKE_PREFIX_PATH=${CMAKE_PREFIX_PATH}:/home/dbot2/dbot_src/src/point_cloud_merger/install/point_cloud_merger:/home/dbot2/dbot_vda5050_ilmatar/install/vda5050_tb3_adapter:/home/dbot2/dbot_vda5050_ilmatar/install/tf2_dbot:/home/dbot2/dbot_vda5050_ilmatar/install/odom_motion_model:/home/dbot2/dbot_vda5050_ilmatar/install/motor_driver:/home/dbot2/dbot_vda5050_ilmatar/install/joycontrol:/home/dbot2/dbot_vda5050_ilmatar/install/gesturecontrol:/home/dbot2/dbot_vda5050_ilmatar/install/dbot_bridge:/home/dbot2/dbot_vda5050_ilmatar/install/dbot:/home/dbot2/dbot_src/install/tf2_dbot:/home/dbot2/dbot_src/install/point_cloud_merger:/home/dbot2/dbot_src/install/odom_motion_model:/home/dbot2/dbot_src/install/motor_driver:/home/dbot2/dbot_src/install/joycontrol:/home/dbot2/dbot_src/install/dbot:/home/dbot2/dbot_remote/install/pcd_joy_trigger:/home/dbot2/circus_demo/install/circus_demo:/home/dbot2/ros2_ws/install/tf2_dbot:/home/dbot2/ros2_ws/install/odom_motion_model:/home/dbot2/ros2_ws/install/motor_driver:/home/dbot2/ros2_ws/install/m2m_bringup:/home/dbot2/ros2_ws/install/joycontrol:/home/dbot2/ros2_ws/install/gesturecontrol:/home/dbot2/ros2_ws/install/dbot_opcua:/home/dbot2/ros2_ws/install/dbot_middle_frame:/home/dbot2/ros2_ws/install/dbot_bridge:/home/dbot2/ros2_ws/install/dbot:/home/dbot2/ros2_ws/install/ament_xmllint:/home/dbot2/ros2_ws/install/ament_uncrustify:/home/dbot2/ros2_ws/install/ament_pyflakes:/home/dbot2/ros2_ws/install/ament_pycodestyle:/home/dbot2/ros2_ws/install/ament_pep257:/home/dbot2/ros2_ws/install/ament_pclint:/home/dbot2/ros2_ws/install/ament_mypy:/home/dbot2/ros2_ws/install/ament_lint_cmake:/home/dbot2/ros2_ws/install/ament_flake8:/home/dbot2/ros2_ws/install/ament_copyright:/home/dbot2/ros2_ws/install/ament_lint:/home/dbot2/ros2_ws/install/ament_cpplint:/home/dbot2/ros2_ws/install/ament_cppcheck:/home/dbot2/ros2_ws/install/ament_clang_tidy:/home/dbot2/ros2_ws/install/ament_clang_format:/opt/ros/humble /usr/bin/cmake --install /home/dbot2/dbot_vda5050_ilmatar/build/dbot_custom_msgs
