[2.066s] Invoking command in '/home/dbot2/dbot_vda5050_ilmatar/build/gesturecontrol': PYTHONPATH=/home/dbot2/dbot_vda5050_ilmatar/build/gesturecontrol/prefix_override:/usr/lib/python3/dist-packages/colcon_core/task/python/colcon_distutils_commands:/home/dbot2/dbot_vda5050_ilmatar/install/gesturecontrol/lib/python3.10/site-packages:${PYTHONPATH} /usr/bin/python3 -W ignore:setup.py install is deprecated -W ignore:easy_install command is deprecated setup.py develop --editable --build-directory /home/dbot2/dbot_vda5050_ilmatar/build/gesturecontrol/build --no-deps symlink_data
[2.563s] running develop
[2.906s] running egg_info
[2.906s] creating gesturecontrol.egg-info
[2.907s] writing gesturecontrol.egg-info/PKG-INFO
[2.907s] writing dependency_links to gesturecontrol.egg-info/dependency_links.txt
[2.907s] writing entry points to gesturecontrol.egg-info/entry_points.txt
[2.907s] writing requirements to gesturecontrol.egg-info/requires.txt
[2.907s] writing top-level names to gesturecontrol.egg-info/top_level.txt
[2.910s] writing manifest file 'gesturecontrol.egg-info/SOURCES.txt'
[2.912s] reading manifest file 'gesturecontrol.egg-info/SOURCES.txt'
[2.913s] writing manifest file 'gesturecontrol.egg-info/SOURCES.txt'
[2.921s] running build_ext
[2.921s] Creating /home/dbot2/dbot_vda5050_ilmatar/install/gesturecontrol/lib/python3.10/site-packages/gesturecontrol.egg-link (link to .)
[2.921s] Installing gesturecontrol script to /home/dbot2/dbot_vda5050_ilmatar/install/gesturecontrol/lib/gesturecontrol
[2.921s] 
[2.921s] Installed /home/dbot2/dbot_vda5050_ilmatar/build/gesturecontrol
[2.921s] running symlink_data
[2.921s] creating /home/dbot2/dbot_vda5050_ilmatar/install/gesturecontrol/share/ament_index
[2.921s] creating /home/dbot2/dbot_vda5050_ilmatar/install/gesturecontrol/share/ament_index/resource_index
[2.921s] creating /home/dbot2/dbot_vda5050_ilmatar/install/gesturecontrol/share/ament_index/resource_index/packages
[2.921s] symbolically linking /home/dbot2/dbot_vda5050_ilmatar/build/gesturecontrol/resource/gesturecontrol -> /home/dbot2/dbot_vda5050_ilmatar/install/gesturecontrol/share/ament_index/resource_index/packages
[2.921s] symbolically linking /home/dbot2/dbot_vda5050_ilmatar/build/gesturecontrol/package.xml -> /home/dbot2/dbot_vda5050_ilmatar/install/gesturecontrol/share/gesturecontrol
[3.009s] Invoked command in '/home/dbot2/dbot_vda5050_ilmatar/build/gesturecontrol' returned '0': PYTHONPATH=/home/dbot2/dbot_vda5050_ilmatar/build/gesturecontrol/prefix_override:/usr/lib/python3/dist-packages/colcon_core/task/python/colcon_distutils_commands:/home/dbot2/dbot_vda5050_ilmatar/install/gesturecontrol/lib/python3.10/site-packages:${PYTHONPATH} /usr/bin/python3 -W ignore:setup.py install is deprecated -W ignore:easy_install command is deprecated setup.py develop --editable --build-directory /home/dbot2/dbot_vda5050_ilmatar/build/gesturecontrol/build --no-deps symlink_data
