[4.565s] Invoking command in '/home/dbot2/dbot_vda5050_ilmatar/src/dbot_bridge': PYTHONPATH=/home/dbot2/dbot_vda5050_ilmatar/build/dbot_bridge/prefix_override:/usr/lib/python3/dist-packages/colcon_core/task/python/colcon_distutils_commands:/home/dbot2/dbot_vda5050_ilmatar/install/dbot_bridge/lib/python3.10/site-packages:${PYTHONPATH} /usr/bin/python3 -W ignore:setup.py install is deprecated -W ignore:easy_install command is deprecated setup.py egg_info --egg-base ../../build/dbot_bridge build --build-base /home/dbot2/dbot_vda5050_ilmatar/build/dbot_bridge/build install --record /home/dbot2/dbot_vda5050_ilmatar/build/dbot_bridge/install.log --single-version-externally-managed install_data
[5.502s] running egg_info
[5.503s] writing ../../build/dbot_bridge/dbot_bridge.egg-info/PKG-INFO
[5.504s] writing dependency_links to ../../build/dbot_bridge/dbot_bridge.egg-info/dependency_links.txt
[5.504s] writing entry points to ../../build/dbot_bridge/dbot_bridge.egg-info/entry_points.txt
[5.504s] writing requirements to ../../build/dbot_bridge/dbot_bridge.egg-info/requires.txt
[5.504s] writing top-level names to ../../build/dbot_bridge/dbot_bridge.egg-info/top_level.txt
[5.512s] reading manifest file '../../build/dbot_bridge/dbot_bridge.egg-info/SOURCES.txt'
[5.519s] writing manifest file '../../build/dbot_bridge/dbot_bridge.egg-info/SOURCES.txt'
[5.519s] running build
[5.520s] running build_py
[5.520s] running install
[5.520s] running install_lib
[5.521s] running install_data
[5.521s] running install_egg_info
[5.528s] removing '/home/dbot2/dbot_vda5050_ilmatar/install/dbot_bridge/lib/python3.10/site-packages/dbot_bridge-0.0.0-py3.10.egg-info' (and everything under it)
[5.528s] Copying ../../build/dbot_bridge/dbot_bridge.egg-info to /home/dbot2/dbot_vda5050_ilmatar/install/dbot_bridge/lib/python3.10/site-packages/dbot_bridge-0.0.0-py3.10.egg-info
[5.533s] running install_scripts
[5.602s] Installing dbot_bridge_node script to /home/dbot2/dbot_vda5050_ilmatar/install/dbot_bridge/lib/dbot_bridge
[5.610s] writing list of installed files to '/home/dbot2/dbot_vda5050_ilmatar/build/dbot_bridge/install.log'
[6.101s] Invoked command in '/home/dbot2/dbot_vda5050_ilmatar/src/dbot_bridge' returned '0': PYTHONPATH=/home/dbot2/dbot_vda5050_ilmatar/build/dbot_bridge/prefix_override:/usr/lib/python3/dist-packages/colcon_core/task/python/colcon_distutils_commands:/home/dbot2/dbot_vda5050_ilmatar/install/dbot_bridge/lib/python3.10/site-packages:${PYTHONPATH} /usr/bin/python3 -W ignore:setup.py install is deprecated -W ignore:easy_install command is deprecated setup.py egg_info --egg-base ../../build/dbot_bridge build --build-base /home/dbot2/dbot_vda5050_ilmatar/build/dbot_bridge/build install --record /home/dbot2/dbot_vda5050_ilmatar/build/dbot_bridge/install.log --single-version-externally-managed install_data
