[2.230s] Invoking command in '/home/dbot2/dbot_vda5050_ilmatar/src/dbot': PYTHONPATH=/home/dbot2/dbot_vda5050_ilmatar/build/dbot/prefix_override:/usr/lib/python3/dist-packages/colcon_core/task/python/colcon_distutils_commands:/home/dbot2/dbot_vda5050_ilmatar/install/dbot/lib/python3.10/site-packages:${PYTHONPATH} /usr/bin/python3 -W ignore:setup.py install is deprecated -W ignore:easy_install command is deprecated setup.py egg_info --egg-base ../../build/dbot build --build-base /home/dbot2/dbot_vda5050_ilmatar/build/dbot/build install --record /home/dbot2/dbot_vda5050_ilmatar/build/dbot/install.log --single-version-externally-managed install_data
[2.634s] running egg_info
[2.635s] writing ../../build/dbot/dbot.egg-info/PKG-INFO
[2.636s] writing dependency_links to ../../build/dbot/dbot.egg-info/dependency_links.txt
[2.636s] writing entry points to ../../build/dbot/dbot.egg-info/entry_points.txt
[2.636s] writing requirements to ../../build/dbot/dbot.egg-info/requires.txt
[2.636s] writing top-level names to ../../build/dbot/dbot.egg-info/top_level.txt
[2.641s] reading manifest file '../../build/dbot/dbot.egg-info/SOURCES.txt'
[2.641s] adding license file 'LICENSE'
[2.642s] writing manifest file '../../build/dbot/dbot.egg-info/SOURCES.txt'
[2.642s] running build
[2.642s] running build_py
[2.642s] running install
[2.643s] running install_lib
[2.645s] running install_data
[2.645s] running install_egg_info
[2.648s] removing '/home/dbot2/dbot_vda5050_ilmatar/install/dbot/lib/python3.10/site-packages/dbot-0.0.0-py3.10.egg-info' (and everything under it)
[2.649s] Copying ../../build/dbot/dbot.egg-info to /home/dbot2/dbot_vda5050_ilmatar/install/dbot/lib/python3.10/site-packages/dbot-0.0.0-py3.10.egg-info
[2.649s] running install_scripts
[2.681s] writing list of installed files to '/home/dbot2/dbot_vda5050_ilmatar/build/dbot/install.log'
[2.803s] Invoked command in '/home/dbot2/dbot_vda5050_ilmatar/src/dbot' returned '0': PYTHONPATH=/home/dbot2/dbot_vda5050_ilmatar/build/dbot/prefix_override:/usr/lib/python3/dist-packages/colcon_core/task/python/colcon_distutils_commands:/home/dbot2/dbot_vda5050_ilmatar/install/dbot/lib/python3.10/site-packages:${PYTHONPATH} /usr/bin/python3 -W ignore:setup.py install is deprecated -W ignore:easy_install command is deprecated setup.py egg_info --egg-base ../../build/dbot build --build-base /home/dbot2/dbot_vda5050_ilmatar/build/dbot/build install --record /home/dbot2/dbot_vda5050_ilmatar/build/dbot/install.log --single-version-externally-managed install_data
