/home/dbot2/.local/lib/python3.10/site-packages/setuptools/_distutils/dist.py:261: UserWarning: Unknown distribution option: 'tests_require'
  warnings.warn(msg)
running egg_info
writing ../../build/dbot/dbot.egg-info/PKG-INFO
writing dependency_links to ../../build/dbot/dbot.egg-info/dependency_links.txt
deleting ../../build/dbot/dbot.egg-info/entry_points.txt
writing requirements to ../../build/dbot/dbot.egg-info/requires.txt
writing top-level names to ../../build/dbot/dbot.egg-info/top_level.txt
reading manifest file '../../build/dbot/dbot.egg-info/SOURCES.txt'
adding license file 'LICENSE'
writing manifest file '../../build/dbot/dbot.egg-info/SOURCES.txt'
running build
running build_py
running install
running install_lib
running install_data
running install_egg_info
removing '/home/dbot2/dbot_vda5050_ilmatar/install/dbot/lib/python3.10/site-packages/dbot-0.0.0-py3.10.egg-info' (and everything under it)
Copying ../../build/dbot/dbot.egg-info to /home/dbot2/dbot_vda5050_ilmatar/install/dbot/lib/python3.10/site-packages/dbot-0.0.0-py3.10.egg-info
running install_scripts
writing list of installed files to '/home/dbot2/dbot_vda5050_ilmatar/build/dbot/install.log'
