[2.027s] Invoking command in '/home/dbot2/dbot_vda5050_ilmatar/build/dbot_bridge': PYTHONPATH=/home/dbot2/dbot_vda5050_ilmatar/build/dbot_bridge/prefix_override:/usr/lib/python3/dist-packages/colcon_core/task/python/colcon_distutils_commands:/home/dbot2/dbot_vda5050_ilmatar/install/dbot_bridge/lib/python3.10/site-packages:${PYTHONPATH} /usr/bin/python3 -W ignore:setup.py install is deprecated -W ignore:easy_install command is deprecated setup.py develop --editable --build-directory /home/dbot2/dbot_vda5050_ilmatar/build/dbot_bridge/build --no-deps symlink_data
[2.475s] running develop
[2.788s] running egg_info
[2.788s] creating dbot_bridge.egg-info
[2.788s] writing dbot_bridge.egg-info/PKG-INFO
[2.788s] writing dependency_links to dbot_bridge.egg-info/dependency_links.txt
[2.789s] writing entry points to dbot_bridge.egg-info/entry_points.txt
[2.789s] writing requirements to dbot_bridge.egg-info/requires.txt
[2.789s] writing top-level names to dbot_bridge.egg-info/top_level.txt
[2.792s] writing manifest file 'dbot_bridge.egg-info/SOURCES.txt'
[2.794s] reading manifest file 'dbot_bridge.egg-info/SOURCES.txt'
[2.795s] writing manifest file 'dbot_bridge.egg-info/SOURCES.txt'
[2.802s] running build_ext
[2.802s] Creating /home/dbot2/dbot_vda5050_ilmatar/install/dbot_bridge/lib/python3.10/site-packages/dbot-bridge.egg-link (link to .)
[2.803s] Installing dbot_bridge_node script to /home/dbot2/dbot_vda5050_ilmatar/install/dbot_bridge/lib/dbot_bridge
[2.803s] 
[2.803s] Installed /home/dbot2/dbot_vda5050_ilmatar/build/dbot_bridge
[2.803s] running symlink_data
[2.813s] creating /home/dbot2/dbot_vda5050_ilmatar/install/dbot_bridge/share/ament_index
[2.813s] creating /home/dbot2/dbot_vda5050_ilmatar/install/dbot_bridge/share/ament_index/resource_index
[2.813s] creating /home/dbot2/dbot_vda5050_ilmatar/install/dbot_bridge/share/ament_index/resource_index/packages
[2.813s] symbolically linking /home/dbot2/dbot_vda5050_ilmatar/build/dbot_bridge/resource/dbot_bridge -> /home/dbot2/dbot_vda5050_ilmatar/install/dbot_bridge/share/ament_index/resource_index/packages
[2.813s] symbolically linking /home/dbot2/dbot_vda5050_ilmatar/build/dbot_bridge/package.xml -> /home/dbot2/dbot_vda5050_ilmatar/install/dbot_bridge/share/dbot_bridge
[2.855s] Invoked command in '/home/dbot2/dbot_vda5050_ilmatar/build/dbot_bridge' returned '0': PYTHONPATH=/home/dbot2/dbot_vda5050_ilmatar/build/dbot_bridge/prefix_override:/usr/lib/python3/dist-packages/colcon_core/task/python/colcon_distutils_commands:/home/dbot2/dbot_vda5050_ilmatar/install/dbot_bridge/lib/python3.10/site-packages:${PYTHONPATH} /usr/bin/python3 -W ignore:setup.py install is deprecated -W ignore:easy_install command is deprecated setup.py develop --editable --build-directory /home/dbot2/dbot_vda5050_ilmatar/build/dbot_bridge/build --no-deps symlink_data
