[2.221s] Invoking command in '/home/dbot2/dbot_vda5050_ilmatar/src/dbot_bridge': PYTHONPATH=/home/dbot2/dbot_vda5050_ilmatar/build/dbot_bridge/prefix_override:/usr/lib/python3/dist-packages/colcon_core/task/python/colcon_distutils_commands:/home/dbot2/dbot_vda5050_ilmatar/install/dbot_bridge/lib/python3.10/site-packages:${PYTHONPATH} /usr/bin/python3 -W ignore:setup.py install is deprecated -W ignore:easy_install command is deprecated setup.py egg_info --egg-base ../../build/dbot_bridge build --build-base /home/dbot2/dbot_vda5050_ilmatar/build/dbot_bridge/build install --record /home/dbot2/dbot_vda5050_ilmatar/build/dbot_bridge/install.log --single-version-externally-managed install_data
[2.640s] running egg_info
[2.641s] writing ../../build/dbot_bridge/dbot_bridge.egg-info/PKG-INFO
[2.641s] writing dependency_links to ../../build/dbot_bridge/dbot_bridge.egg-info/dependency_links.txt
[2.641s] writing entry points to ../../build/dbot_bridge/dbot_bridge.egg-info/entry_points.txt
[2.642s] writing requirements to ../../build/dbot_bridge/dbot_bridge.egg-info/requires.txt
[2.642s] writing top-level names to ../../build/dbot_bridge/dbot_bridge.egg-info/top_level.txt
[2.647s] reading manifest file '../../build/dbot_bridge/dbot_bridge.egg-info/SOURCES.txt'
[2.648s] writing manifest file '../../build/dbot_bridge/dbot_bridge.egg-info/SOURCES.txt'
[2.648s] running build
[2.648s] running build_py
[2.649s] running install
[2.649s] running install_lib
[2.651s] running install_data
[2.652s] running install_egg_info
[2.655s] removing '/home/dbot2/dbot_vda5050_ilmatar/install/dbot_bridge/lib/python3.10/site-packages/dbot_bridge-0.0.0-py3.10.egg-info' (and everything under it)
[2.655s] Copying ../../build/dbot_bridge/dbot_bridge.egg-info to /home/dbot2/dbot_vda5050_ilmatar/install/dbot_bridge/lib/python3.10/site-packages/dbot_bridge-0.0.0-py3.10.egg-info
[2.656s] running install_scripts
[2.688s] Installing dbot_bridge_node script to /home/dbot2/dbot_vda5050_ilmatar/install/dbot_bridge/lib/dbot_bridge
[2.689s] writing list of installed files to '/home/dbot2/dbot_vda5050_ilmatar/build/dbot_bridge/install.log'
[2.819s] Invoked command in '/home/dbot2/dbot_vda5050_ilmatar/src/dbot_bridge' returned '0': PYTHONPATH=/home/dbot2/dbot_vda5050_ilmatar/build/dbot_bridge/prefix_override:/usr/lib/python3/dist-packages/colcon_core/task/python/colcon_distutils_commands:/home/dbot2/dbot_vda5050_ilmatar/install/dbot_bridge/lib/python3.10/site-packages:${PYTHONPATH} /usr/bin/python3 -W ignore:setup.py install is deprecated -W ignore:easy_install command is deprecated setup.py egg_info --egg-base ../../build/dbot_bridge build --build-base /home/dbot2/dbot_vda5050_ilmatar/build/dbot_bridge/build install --record /home/dbot2/dbot_vda5050_ilmatar/build/dbot_bridge/install.log --single-version-externally-managed install_data
