[0.050s] Invoking command in '/home/dbot2/dbot_vda5050_ilmatar/build/dbot_custom_msgs': CMAKE_PREFIX_PATH=${CMAKE_PREFIX_PATH}:/home/dbot2/dbot_vda5050_ilmatar/install/vda5050_tb3_adapter:/home/dbot2/dbot_vda5050_ilmatar/install/tf2_dbot:/home/dbot2/dbot_vda5050_ilmatar/install/odom_motion_model:/home/dbot2/dbot_vda5050_ilmatar/install/motor_driver:/home/dbot2/dbot_vda5050_ilmatar/install/joycontrol:/home/dbot2/dbot_vda5050_ilmatar/install/gesturecontrol:/home/dbot2/dbot_vda5050_ilmatar/install/dbot_bridge:/home/dbot2/dbot_vda5050_ilmatar/install/dbot:/home/dbot2/dbot_src/install/tf2_dbot:/home/dbot2/dbot_src/install/odom_motion_model:/home/dbot2/dbot_src/install/motor_driver:/home/dbot2/dbot_src/install/joycontrol:/home/dbot2/dbot_src/install/dbot:/home/dbot2/dbot_remote/install/pcd_joy_trigger:/home/dbot2/circus_demo/install/circus_demo:/home/dbot2/ros2_ws/install/tf2_dbot:/home/dbot2/ros2_ws/install/odom_motion_model:/home/dbot2/ros2_ws/install/motor_driver:/home/dbot2/ros2_ws/install/joycontrol:/home/dbot2/ros2_ws/install/gesturecontrol:/home/dbot2/ros2_ws/install/dbot_bridge:/home/dbot2/ros2_ws/install/dbot:/home/dbot2/ros2_ws/install/ament_xmllint:/home/dbot2/ros2_ws/install/ament_uncrustify:/home/dbot2/ros2_ws/install/ament_pyflakes:/home/dbot2/ros2_ws/install/ament_pycodestyle:/home/dbot2/ros2_ws/install/ament_pep257:/home/dbot2/ros2_ws/install/ament_pclint:/home/dbot2/ros2_ws/install/ament_mypy:/home/dbot2/ros2_ws/install/ament_lint_cmake:/home/dbot2/ros2_ws/install/ament_flake8:/home/dbot2/ros2_ws/install/ament_copyright:/home/dbot2/ros2_ws/install/ament_lint:/home/dbot2/ros2_ws/install/ament_cpplint:/home/dbot2/ros2_ws/install/ament_cppcheck:/home/dbot2/ros2_ws/install/ament_clang_tidy:/home/dbot2/ros2_ws/install/ament_clang_format:/opt/ros/humble /usr/bin/cmake /home/dbot2/dbot_vda5050_ilmatar/src/dbot_custom_msgs -DAMENT_CMAKE_SYMLINK_INSTALL=1 -DCMAKE_INSTALL_PREFIX=/home/dbot2/dbot_vda5050_ilmatar/install/dbot_custom_msgs
[1.261s] -- Found ament_cmake: 1.3.11 (/opt/ros/humble/share/ament_cmake/cmake)
[1.261s] -- Override CMake install command with custom implementation using symlinks instead of copying resources
[1.261s] -- Found rosidl_default_generators: 1.2.0 (/opt/ros/humble/share/rosidl_default_generators/cmake)
[1.261s] -- Using all available rosidl_typesupport_c: rosidl_typesupport_fastrtps_c;rosidl_typesupport_introspection_c
[1.261s] -- Found rosidl_adapter: 3.1.6 (/opt/ros/humble/share/rosidl_adapter/cmake)
[1.261s] -- Using all available rosidl_typesupport_cpp: rosidl_typesupport_fastrtps_cpp;rosidl_typesupport_introspection_cpp
[1.261s] -- Found std_msgs: 4.9.0 (/opt/ros/humble/share/std_msgs/cmake)
[1.261s] -- Found ament_cmake_ros: 0.10.0 (/opt/ros/humble/share/ament_cmake_ros/cmake)
[1.261s] -- Using all available rosidl_typesupport_c: rosidl_typesupport_fastrtps_c;rosidl_typesupport_introspection_c
[1.261s] -- Using all available rosidl_typesupport_cpp: rosidl_typesupport_fastrtps_cpp;rosidl_typesupport_introspection_cpp
[1.261s] -- Found python_cmake_module: 0.10.0 (/opt/ros/humble/share/python_cmake_module/cmake)
[1.261s] -- Using PYTHON_EXECUTABLE: /usr/bin/python3
[1.261s] -- Using PYTHON_INCLUDE_DIRS: /usr/include/python3.10
[1.261s] -- Using PYTHON_LIBRARIES: /usr/lib/x86_64-linux-gnu/libpython3.10.so
[1.278s] -- Found ament_lint_auto: 0.20.1 (/home/dbot2/ros2_ws/install/ament_lint_auto/share/ament_lint_auto/cmake)
[1.285s] -- Added test 'copyright' to check source files copyright and LICENSE
[1.285s] -- Added test 'lint_cmake' to check CMake code style
[1.286s] -- Added test 'xmllint' to check XML markup files
[1.287s] -- Configuring done
[1.306s] -- Generating done
[1.313s] -- Build files have been written to: /home/dbot2/dbot_vda5050_ilmatar/build/dbot_custom_msgs
[1.538s] Invoked command in '/home/dbot2/dbot_vda5050_ilmatar/build/dbot_custom_msgs' returned '0': CMAKE_PREFIX_PATH=${CMAKE_PREFIX_PATH}:/home/dbot2/dbot_vda5050_ilmatar/install/vda5050_tb3_adapter:/home/dbot2/dbot_vda5050_ilmatar/install/tf2_dbot:/home/dbot2/dbot_vda5050_ilmatar/install/odom_motion_model:/home/dbot2/dbot_vda5050_ilmatar/install/motor_driver:/home/dbot2/dbot_vda5050_ilmatar/install/joycontrol:/home/dbot2/dbot_vda5050_ilmatar/install/gesturecontrol:/home/dbot2/dbot_vda5050_ilmatar/install/dbot_bridge:/home/dbot2/dbot_vda5050_ilmatar/install/dbot:/home/dbot2/dbot_src/install/tf2_dbot:/home/dbot2/dbot_src/install/odom_motion_model:/home/dbot2/dbot_src/install/motor_driver:/home/dbot2/dbot_src/install/joycontrol:/home/dbot2/dbot_src/install/dbot:/home/dbot2/dbot_remote/install/pcd_joy_trigger:/home/dbot2/circus_demo/install/circus_demo:/home/dbot2/ros2_ws/install/tf2_dbot:/home/dbot2/ros2_ws/install/odom_motion_model:/home/dbot2/ros2_ws/install/motor_driver:/home/dbot2/ros2_ws/install/joycontrol:/home/dbot2/ros2_ws/install/gesturecontrol:/home/dbot2/ros2_ws/install/dbot_bridge:/home/dbot2/ros2_ws/install/dbot:/home/dbot2/ros2_ws/install/ament_xmllint:/home/dbot2/ros2_ws/install/ament_uncrustify:/home/dbot2/ros2_ws/install/ament_pyflakes:/home/dbot2/ros2_ws/install/ament_pycodestyle:/home/dbot2/ros2_ws/install/ament_pep257:/home/dbot2/ros2_ws/install/ament_pclint:/home/dbot2/ros2_ws/install/ament_mypy:/home/dbot2/ros2_ws/install/ament_lint_cmake:/home/dbot2/ros2_ws/install/ament_flake8:/home/dbot2/ros2_ws/install/ament_copyright:/home/dbot2/ros2_ws/install/ament_lint:/home/dbot2/ros2_ws/install/ament_cpplint:/home/dbot2/ros2_ws/install/ament_cppcheck:/home/dbot2/ros2_ws/install/ament_clang_tidy:/home/dbot2/ros2_ws/install/ament_clang_format:/opt/ros/humble /usr/bin/cmake /home/dbot2/dbot_vda5050_ilmatar/src/dbot_custom_msgs -DAMENT_CMAKE_SYMLINK_INSTALL=1 -DCMAKE_INSTALL_PREFIX=/home/dbot2/dbot_vda5050_ilmatar/install/dbot_custom_msgs
[1.540s] Invoking command in '/home/dbot2/dbot_vda5050_ilmatar/build/dbot_custom_msgs': CMAKE_PREFIX_PATH=${CMAKE_PREFIX_PATH}:/home/dbot2/dbot_vda5050_ilmatar/install/vda5050_tb3_adapter:/home/dbot2/dbot_vda5050_ilmatar/install/tf2_dbot:/home/dbot2/dbot_vda5050_ilmatar/install/odom_motion_model:/home/dbot2/dbot_vda5050_ilmatar/install/motor_driver:/home/dbot2/dbot_vda5050_ilmatar/install/joycontrol:/home/dbot2/dbot_vda5050_ilmatar/install/gesturecontrol:/home/dbot2/dbot_vda5050_ilmatar/install/dbot_bridge:/home/dbot2/dbot_vda5050_ilmatar/install/dbot:/home/dbot2/dbot_src/install/tf2_dbot:/home/dbot2/dbot_src/install/odom_motion_model:/home/dbot2/dbot_src/install/motor_driver:/home/dbot2/dbot_src/install/joycontrol:/home/dbot2/dbot_src/install/dbot:/home/dbot2/dbot_remote/install/pcd_joy_trigger:/home/dbot2/circus_demo/install/circus_demo:/home/dbot2/ros2_ws/install/tf2_dbot:/home/dbot2/ros2_ws/install/odom_motion_model:/home/dbot2/ros2_ws/install/motor_driver:/home/dbot2/ros2_ws/install/joycontrol:/home/dbot2/ros2_ws/install/gesturecontrol:/home/dbot2/ros2_ws/install/dbot_bridge:/home/dbot2/ros2_ws/install/dbot:/home/dbot2/ros2_ws/install/ament_xmllint:/home/dbot2/ros2_ws/install/ament_uncrustify:/home/dbot2/ros2_ws/install/ament_pyflakes:/home/dbot2/ros2_ws/install/ament_pycodestyle:/home/dbot2/ros2_ws/install/ament_pep257:/home/dbot2/ros2_ws/install/ament_pclint:/home/dbot2/ros2_ws/install/ament_mypy:/home/dbot2/ros2_ws/install/ament_lint_cmake:/home/dbot2/ros2_ws/install/ament_flake8:/home/dbot2/ros2_ws/install/ament_copyright:/home/dbot2/ros2_ws/install/ament_lint:/home/dbot2/ros2_ws/install/ament_cpplint:/home/dbot2/ros2_ws/install/ament_cppcheck:/home/dbot2/ros2_ws/install/ament_clang_tidy:/home/dbot2/ros2_ws/install/ament_clang_format:/opt/ros/humble /usr/bin/cmake --build /home/dbot2/dbot_vda5050_ilmatar/build/dbot_custom_msgs -- -j8 -l8
[1.603s] [35m[1mConsolidate compiler generated dependencies of target dbot_custom_msgs__rosidl_generator_c[0m
[1.624s] [  9%] Built target dbot_custom_msgs__rosidl_generator_c
[1.628s] [ 12%] Built target dbot_custom_msgs__cpp
[1.640s] [35m[1mConsolidate compiler generated dependencies of target dbot_custom_msgs__rosidl_typesupport_introspection_c[0m
[1.650s] [35m[1mConsolidate compiler generated dependencies of target dbot_custom_msgs__rosidl_typesupport_fastrtps_c[0m
[1.650s] [ 12%] Built target ament_cmake_python_symlink_dbot_custom_msgs
[1.655s] [35m[1mConsolidate compiler generated dependencies of target dbot_custom_msgs__rosidl_typesupport_c[0m
[1.659s] [35m[1mConsolidate compiler generated dependencies of target dbot_custom_msgs__rosidl_typesupport_cpp[0m
[1.660s] [35m[1mConsolidate compiler generated dependencies of target dbot_custom_msgs__rosidl_typesupport_fastrtps_cpp[0m
[1.662s] [35m[1mConsolidate compiler generated dependencies of target dbot_custom_msgs__rosidl_typesupport_introspection_cpp[0m
[1.663s] [ 22%] Built target dbot_custom_msgs__rosidl_typesupport_introspection_c
[1.686s] [ 35%] Built target dbot_custom_msgs__rosidl_typesupport_fastrtps_c
[1.688s] [ 41%] Built target dbot_custom_msgs__rosidl_typesupport_c
[1.693s] [ 51%] Built target dbot_custom_msgs__rosidl_typesupport_fastrtps_cpp
[1.694s] [ 61%] Built target dbot_custom_msgs__rosidl_typesupport_introspection_cpp
[1.703s] [ 70%] Built target dbot_custom_msgs__rosidl_typesupport_cpp
[1.744s] [ 70%] Built target dbot_custom_msgs
[1.784s] [ 74%] Built target dbot_custom_msgs__py
[1.805s] [35m[1mConsolidate compiler generated dependencies of target dbot_custom_msgs__rosidl_generator_py[0m
[1.840s] [ 80%] Built target dbot_custom_msgs__rosidl_generator_py
[1.862s] [35m[1mConsolidate compiler generated dependencies of target dbot_custom_msgs__rosidl_typesupport_fastrtps_c__pyext[0m
[1.862s] [35m[1mConsolidate compiler generated dependencies of target dbot_custom_msgs__rosidl_typesupport_introspection_c__pyext[0m
[1.863s] [35m[1mConsolidate compiler generated dependencies of target dbot_custom_msgs__rosidl_typesupport_c__pyext[0m
[1.890s] [ 87%] Built target dbot_custom_msgs__rosidl_typesupport_c__pyext
[1.890s] [ 93%] Built target dbot_custom_msgs__rosidl_typesupport_fastrtps_c__pyext
[1.891s] [100%] Built target dbot_custom_msgs__rosidl_typesupport_introspection_c__pyext
[2.150s] running egg_info
[2.151s] writing dbot_custom_msgs.egg-info/PKG-INFO
[2.152s] writing dependency_links to dbot_custom_msgs.egg-info/dependency_links.txt
[2.152s] writing top-level names to dbot_custom_msgs.egg-info/top_level.txt
[2.158s] reading manifest file 'dbot_custom_msgs.egg-info/SOURCES.txt'
[2.159s] writing manifest file 'dbot_custom_msgs.egg-info/SOURCES.txt'
[2.205s] [100%] Built target ament_cmake_python_build_dbot_custom_msgs_egg
[2.258s] Invoked command in '/home/dbot2/dbot_vda5050_ilmatar/build/dbot_custom_msgs' returned '0': CMAKE_PREFIX_PATH=${CMAKE_PREFIX_PATH}:/home/dbot2/dbot_vda5050_ilmatar/install/vda5050_tb3_adapter:/home/dbot2/dbot_vda5050_ilmatar/install/tf2_dbot:/home/dbot2/dbot_vda5050_ilmatar/install/odom_motion_model:/home/dbot2/dbot_vda5050_ilmatar/install/motor_driver:/home/dbot2/dbot_vda5050_ilmatar/install/joycontrol:/home/dbot2/dbot_vda5050_ilmatar/install/gesturecontrol:/home/dbot2/dbot_vda5050_ilmatar/install/dbot_bridge:/home/dbot2/dbot_vda5050_ilmatar/install/dbot:/home/dbot2/dbot_src/install/tf2_dbot:/home/dbot2/dbot_src/install/odom_motion_model:/home/dbot2/dbot_src/install/motor_driver:/home/dbot2/dbot_src/install/joycontrol:/home/dbot2/dbot_src/install/dbot:/home/dbot2/dbot_remote/install/pcd_joy_trigger:/home/dbot2/circus_demo/install/circus_demo:/home/dbot2/ros2_ws/install/tf2_dbot:/home/dbot2/ros2_ws/install/odom_motion_model:/home/dbot2/ros2_ws/install/motor_driver:/home/dbot2/ros2_ws/install/joycontrol:/home/dbot2/ros2_ws/install/gesturecontrol:/home/dbot2/ros2_ws/install/dbot_bridge:/home/dbot2/ros2_ws/install/dbot:/home/dbot2/ros2_ws/install/ament_xmllint:/home/dbot2/ros2_ws/install/ament_uncrustify:/home/dbot2/ros2_ws/install/ament_pyflakes:/home/dbot2/ros2_ws/install/ament_pycodestyle:/home/dbot2/ros2_ws/install/ament_pep257:/home/dbot2/ros2_ws/install/ament_pclint:/home/dbot2/ros2_ws/install/ament_mypy:/home/dbot2/ros2_ws/install/ament_lint_cmake:/home/dbot2/ros2_ws/install/ament_flake8:/home/dbot2/ros2_ws/install/ament_copyright:/home/dbot2/ros2_ws/install/ament_lint:/home/dbot2/ros2_ws/install/ament_cpplint:/home/dbot2/ros2_ws/install/ament_cppcheck:/home/dbot2/ros2_ws/install/ament_clang_tidy:/home/dbot2/ros2_ws/install/ament_clang_format:/opt/ros/humble /usr/bin/cmake --build /home/dbot2/dbot_vda5050_ilmatar/build/dbot_custom_msgs -- -j8 -l8
[2.266s] Invoking command in '/home/dbot2/dbot_vda5050_ilmatar/build/dbot_custom_msgs': CMAKE_PREFIX_PATH=${CMAKE_PREFIX_PATH}:/home/dbot2/dbot_vda5050_ilmatar/install/vda5050_tb3_adapter:/home/dbot2/dbot_vda5050_ilmatar/install/tf2_dbot:/home/dbot2/dbot_vda5050_ilmatar/install/odom_motion_model:/home/dbot2/dbot_vda5050_ilmatar/install/motor_driver:/home/dbot2/dbot_vda5050_ilmatar/install/joycontrol:/home/dbot2/dbot_vda5050_ilmatar/install/gesturecontrol:/home/dbot2/dbot_vda5050_ilmatar/install/dbot_bridge:/home/dbot2/dbot_vda5050_ilmatar/install/dbot:/home/dbot2/dbot_src/install/tf2_dbot:/home/dbot2/dbot_src/install/odom_motion_model:/home/dbot2/dbot_src/install/motor_driver:/home/dbot2/dbot_src/install/joycontrol:/home/dbot2/dbot_src/install/dbot:/home/dbot2/dbot_remote/install/pcd_joy_trigger:/home/dbot2/circus_demo/install/circus_demo:/home/dbot2/ros2_ws/install/tf2_dbot:/home/dbot2/ros2_ws/install/odom_motion_model:/home/dbot2/ros2_ws/install/motor_driver:/home/dbot2/ros2_ws/install/joycontrol:/home/dbot2/ros2_ws/install/gesturecontrol:/home/dbot2/ros2_ws/install/dbot_bridge:/home/dbot2/ros2_ws/install/dbot:/home/dbot2/ros2_ws/install/ament_xmllint:/home/dbot2/ros2_ws/install/ament_uncrustify:/home/dbot2/ros2_ws/install/ament_pyflakes:/home/dbot2/ros2_ws/install/ament_pycodestyle:/home/dbot2/ros2_ws/install/ament_pep257:/home/dbot2/ros2_ws/install/ament_pclint:/home/dbot2/ros2_ws/install/ament_mypy:/home/dbot2/ros2_ws/install/ament_lint_cmake:/home/dbot2/ros2_ws/install/ament_flake8:/home/dbot2/ros2_ws/install/ament_copyright:/home/dbot2/ros2_ws/install/ament_lint:/home/dbot2/ros2_ws/install/ament_cpplint:/home/dbot2/ros2_ws/install/ament_cppcheck:/home/dbot2/ros2_ws/install/ament_clang_tidy:/home/dbot2/ros2_ws/install/ament_clang_format:/opt/ros/humble /usr/bin/cmake --install /home/dbot2/dbot_vda5050_ilmatar/build/dbot_custom_msgs
[2.280s] -- Install configuration: ""
[2.283s] -- Execute custom install script
[2.283s] -- Up-to-date symlink: /home/dbot2/dbot_vda5050_ilmatar/install/dbot_custom_msgs/share/ament_index/resource_index/rosidl_interfaces/dbot_custom_msgs
[2.284s] -- Up-to-date symlink: /home/dbot2/dbot_vda5050_ilmatar/install/dbot_custom_msgs/include/dbot_custom_msgs/dbot_custom_msgs/msg/detail/wheel_encoder__functions.h
[2.284s] -- Up-to-date symlink: /home/dbot2/dbot_vda5050_ilmatar/install/dbot_custom_msgs/include/dbot_custom_msgs/dbot_custom_msgs/msg/detail/wheel_encoder__struct.h
[2.284s] -- Up-to-date symlink: /home/dbot2/dbot_vda5050_ilmatar/install/dbot_custom_msgs/include/dbot_custom_msgs/dbot_custom_msgs/msg/detail/wheel_encoder__type_support.h
[2.284s] -- Up-to-date symlink: /home/dbot2/dbot_vda5050_ilmatar/install/dbot_custom_msgs/include/dbot_custom_msgs/dbot_custom_msgs/msg/rosidl_generator_c__visibility_control.h
[2.284s] -- Up-to-date symlink: /home/dbot2/dbot_vda5050_ilmatar/install/dbot_custom_msgs/include/dbot_custom_msgs/dbot_custom_msgs/msg/wheel_encoder.h
[2.284s] -- Up-to-date symlink: /home/dbot2/dbot_vda5050_ilmatar/install/dbot_custom_msgs/share/dbot_custom_msgs/environment/library_path.sh
[2.284s] -- Up-to-date symlink: /home/dbot2/dbot_vda5050_ilmatar/install/dbot_custom_msgs/share/dbot_custom_msgs/environment/library_path.dsv
[2.284s] -- Up-to-date symlink: /home/dbot2/dbot_vda5050_ilmatar/install/dbot_custom_msgs/include/dbot_custom_msgs/dbot_custom_msgs/msg/detail/wheel_encoder__rosidl_typesupport_fastrtps_c.h
[2.289s] -- Up-to-date symlink: /home/dbot2/dbot_vda5050_ilmatar/install/dbot_custom_msgs/include/dbot_custom_msgs/dbot_custom_msgs/msg/rosidl_typesupport_fastrtps_c__visibility_control.h
[2.290s] -- Up-to-date symlink: /home/dbot2/dbot_vda5050_ilmatar/install/dbot_custom_msgs/include/dbot_custom_msgs/dbot_custom_msgs/msg/detail/wheel_encoder__rosidl_typesupport_introspection_c.h
[2.290s] -- Up-to-date symlink: /home/dbot2/dbot_vda5050_ilmatar/install/dbot_custom_msgs/include/dbot_custom_msgs/dbot_custom_msgs/msg/rosidl_typesupport_introspection_c__visibility_control.h
[2.290s] -- Up-to-date symlink: /home/dbot2/dbot_vda5050_ilmatar/install/dbot_custom_msgs/include/dbot_custom_msgs/dbot_custom_msgs/msg/detail/wheel_encoder__builder.hpp
[2.295s] -- Up-to-date symlink: /home/dbot2/dbot_vda5050_ilmatar/install/dbot_custom_msgs/include/dbot_custom_msgs/dbot_custom_msgs/msg/detail/wheel_encoder__struct.hpp
[2.295s] -- Up-to-date symlink: /home/dbot2/dbot_vda5050_ilmatar/install/dbot_custom_msgs/include/dbot_custom_msgs/dbot_custom_msgs/msg/detail/wheel_encoder__traits.hpp
[2.295s] -- Up-to-date symlink: /home/dbot2/dbot_vda5050_ilmatar/install/dbot_custom_msgs/include/dbot_custom_msgs/dbot_custom_msgs/msg/detail/wheel_encoder__type_support.hpp
[2.295s] -- Up-to-date symlink: /home/dbot2/dbot_vda5050_ilmatar/install/dbot_custom_msgs/include/dbot_custom_msgs/dbot_custom_msgs/msg/rosidl_generator_cpp__visibility_control.hpp
[2.295s] -- Up-to-date symlink: /home/dbot2/dbot_vda5050_ilmatar/install/dbot_custom_msgs/include/dbot_custom_msgs/dbot_custom_msgs/msg/wheel_encoder.hpp
[2.296s] -- Up-to-date symlink: /home/dbot2/dbot_vda5050_ilmatar/install/dbot_custom_msgs/include/dbot_custom_msgs/dbot_custom_msgs/msg/detail/wheel_encoder__rosidl_typesupport_fastrtps_cpp.hpp
[2.296s] -- Up-to-date symlink: /home/dbot2/dbot_vda5050_ilmatar/install/dbot_custom_msgs/include/dbot_custom_msgs/dbot_custom_msgs/msg/rosidl_typesupport_fastrtps_cpp__visibility_control.h
[2.296s] -- Up-to-date symlink: /home/dbot2/dbot_vda5050_ilmatar/install/dbot_custom_msgs/include/dbot_custom_msgs/dbot_custom_msgs/msg/detail/wheel_encoder__rosidl_typesupport_introspection_cpp.hpp
[2.296s] -- Up-to-date symlink: /home/dbot2/dbot_vda5050_ilmatar/install/dbot_custom_msgs/share/dbot_custom_msgs/environment/pythonpath.sh
[2.296s] -- Up-to-date symlink: /home/dbot2/dbot_vda5050_ilmatar/install/dbot_custom_msgs/share/dbot_custom_msgs/environment/pythonpath.dsv
[2.296s] -- Up-to-date symlink: /home/dbot2/dbot_vda5050_ilmatar/install/dbot_custom_msgs/local/lib/python3.10/dist-packages/dbot_custom_msgs-0.0.0-py3.10.egg-info/PKG-INFO
[2.296s] -- Up-to-date symlink: /home/dbot2/dbot_vda5050_ilmatar/install/dbot_custom_msgs/local/lib/python3.10/dist-packages/dbot_custom_msgs-0.0.0-py3.10.egg-info/SOURCES.txt
[2.296s] -- Up-to-date symlink: /home/dbot2/dbot_vda5050_ilmatar/install/dbot_custom_msgs/local/lib/python3.10/dist-packages/dbot_custom_msgs-0.0.0-py3.10.egg-info/dependency_links.txt
[2.297s] -- Up-to-date symlink: /home/dbot2/dbot_vda5050_ilmatar/install/dbot_custom_msgs/local/lib/python3.10/dist-packages/dbot_custom_msgs-0.0.0-py3.10.egg-info/top_level.txt
[2.297s] -- Up-to-date symlink: /home/dbot2/dbot_vda5050_ilmatar/install/dbot_custom_msgs/local/lib/python3.10/dist-packages/dbot_custom_msgs/__init__.py
[2.297s] -- Up-to-date symlink: /home/dbot2/dbot_vda5050_ilmatar/install/dbot_custom_msgs/local/lib/python3.10/dist-packages/dbot_custom_msgs/_dbot_custom_msgs_s.ep.rosidl_typesupport_c.c
[2.297s] -- Up-to-date symlink: /home/dbot2/dbot_vda5050_ilmatar/install/dbot_custom_msgs/local/lib/python3.10/dist-packages/dbot_custom_msgs/_dbot_custom_msgs_s.ep.rosidl_typesupport_fastrtps_c.c
[2.297s] -- Up-to-date symlink: /home/dbot2/dbot_vda5050_ilmatar/install/dbot_custom_msgs/local/lib/python3.10/dist-packages/dbot_custom_msgs/_dbot_custom_msgs_s.ep.rosidl_typesupport_introspection_c.c
[2.297s] -- Up-to-date symlink: /home/dbot2/dbot_vda5050_ilmatar/install/dbot_custom_msgs/local/lib/python3.10/dist-packages/dbot_custom_msgs/dbot_custom_msgs_s__rosidl_typesupport_c.cpython-310-x86_64-linux-gnu.so
[2.297s] -- Up-to-date symlink: /home/dbot2/dbot_vda5050_ilmatar/install/dbot_custom_msgs/local/lib/python3.10/dist-packages/dbot_custom_msgs/dbot_custom_msgs_s__rosidl_typesupport_fastrtps_c.cpython-310-x86_64-linux-gnu.so
[2.297s] -- Up-to-date symlink: /home/dbot2/dbot_vda5050_ilmatar/install/dbot_custom_msgs/local/lib/python3.10/dist-packages/dbot_custom_msgs/dbot_custom_msgs_s__rosidl_typesupport_introspection_c.cpython-310-x86_64-linux-gnu.so
[2.297s] -- Up-to-date symlink: /home/dbot2/dbot_vda5050_ilmatar/install/dbot_custom_msgs/local/lib/python3.10/dist-packages/dbot_custom_msgs/libdbot_custom_msgs__rosidl_generator_py.so
[2.297s] -- Up-to-date symlink: /home/dbot2/dbot_vda5050_ilmatar/install/dbot_custom_msgs/local/lib/python3.10/dist-packages/dbot_custom_msgs/msg/__init__.py
[2.297s] -- Up-to-date symlink: /home/dbot2/dbot_vda5050_ilmatar/install/dbot_custom_msgs/local/lib/python3.10/dist-packages/dbot_custom_msgs/msg/_wheel_encoder.py
[2.297s] -- Up-to-date symlink: /home/dbot2/dbot_vda5050_ilmatar/install/dbot_custom_msgs/local/lib/python3.10/dist-packages/dbot_custom_msgs/msg/_wheel_encoder_s.c
[2.297s] -- Up-to-date symlink: /home/dbot2/dbot_vda5050_ilmatar/install/dbot_custom_msgs/local/lib/python3.10/dist-packages/dbot_custom_msgs/dbot_custom_msgs_s__rosidl_typesupport_fastrtps_c.cpython-310-x86_64-linux-gnu.so
[2.297s] -- Up-to-date symlink: /home/dbot2/dbot_vda5050_ilmatar/install/dbot_custom_msgs/local/lib/python3.10/dist-packages/dbot_custom_msgs/dbot_custom_msgs_s__rosidl_typesupport_introspection_c.cpython-310-x86_64-linux-gnu.so
[2.297s] -- Up-to-date symlink: /home/dbot2/dbot_vda5050_ilmatar/install/dbot_custom_msgs/local/lib/python3.10/dist-packages/dbot_custom_msgs/dbot_custom_msgs_s__rosidl_typesupport_c.cpython-310-x86_64-linux-gnu.so
[2.298s] -- Up-to-date symlink: /home/dbot2/dbot_vda5050_ilmatar/install/dbot_custom_msgs/share/dbot_custom_msgs/msg/WheelEncoder.idl
[2.298s] -- Up-to-date symlink: /home/dbot2/dbot_vda5050_ilmatar/install/dbot_custom_msgs/share/dbot_custom_msgs/msg/WheelEncoder.msg
[2.298s] -- Up-to-date symlink: /home/dbot2/dbot_vda5050_ilmatar/install/dbot_custom_msgs/share/ament_index/resource_index/package_run_dependencies/dbot_custom_msgs
[2.298s] -- Up-to-date symlink: /home/dbot2/dbot_vda5050_ilmatar/install/dbot_custom_msgs/share/ament_index/resource_index/parent_prefix_path/dbot_custom_msgs
[2.298s] -- Up-to-date symlink: /home/dbot2/dbot_vda5050_ilmatar/install/dbot_custom_msgs/share/dbot_custom_msgs/environment/ament_prefix_path.sh
[2.298s] -- Up-to-date symlink: /home/dbot2/dbot_vda5050_ilmatar/install/dbot_custom_msgs/share/dbot_custom_msgs/environment/ament_prefix_path.dsv
[2.298s] -- Up-to-date symlink: /home/dbot2/dbot_vda5050_ilmatar/install/dbot_custom_msgs/share/dbot_custom_msgs/environment/path.sh
[2.299s] -- Up-to-date symlink: /home/dbot2/dbot_vda5050_ilmatar/install/dbot_custom_msgs/share/dbot_custom_msgs/environment/path.dsv
[2.299s] -- Up-to-date symlink: /home/dbot2/dbot_vda5050_ilmatar/install/dbot_custom_msgs/share/dbot_custom_msgs/local_setup.bash
[2.305s] -- Up-to-date symlink: /home/dbot2/dbot_vda5050_ilmatar/install/dbot_custom_msgs/share/dbot_custom_msgs/local_setup.sh
[2.305s] -- Up-to-date symlink: /home/dbot2/dbot_vda5050_ilmatar/install/dbot_custom_msgs/share/dbot_custom_msgs/local_setup.zsh
[2.305s] -- Up-to-date symlink: /home/dbot2/dbot_vda5050_ilmatar/install/dbot_custom_msgs/share/dbot_custom_msgs/local_setup.dsv
[2.306s] -- Symlinking: /home/dbot2/dbot_vda5050_ilmatar/install/dbot_custom_msgs/share/dbot_custom_msgs/package.dsv
[2.322s] -- Up-to-date symlink: /home/dbot2/dbot_vda5050_ilmatar/install/dbot_custom_msgs/share/ament_index/resource_index/packages/dbot_custom_msgs
[2.322s] -- Up-to-date symlink: /home/dbot2/dbot_vda5050_ilmatar/install/dbot_custom_msgs/share/dbot_custom_msgs/cmake/rosidl_cmake-extras.cmake
[2.322s] -- Up-to-date symlink: /home/dbot2/dbot_vda5050_ilmatar/install/dbot_custom_msgs/share/dbot_custom_msgs/cmake/ament_cmake_export_dependencies-extras.cmake
[2.322s] -- Up-to-date symlink: /home/dbot2/dbot_vda5050_ilmatar/install/dbot_custom_msgs/share/dbot_custom_msgs/cmake/ament_cmake_export_include_directories-extras.cmake
[2.322s] -- Up-to-date symlink: /home/dbot2/dbot_vda5050_ilmatar/install/dbot_custom_msgs/share/dbot_custom_msgs/cmake/ament_cmake_export_libraries-extras.cmake
[2.322s] -- Up-to-date symlink: /home/dbot2/dbot_vda5050_ilmatar/install/dbot_custom_msgs/share/dbot_custom_msgs/cmake/ament_cmake_export_targets-extras.cmake
[2.322s] -- Up-to-date symlink: /home/dbot2/dbot_vda5050_ilmatar/install/dbot_custom_msgs/share/dbot_custom_msgs/cmake/rosidl_cmake_export_typesupport_targets-extras.cmake
[2.322s] -- Up-to-date symlink: /home/dbot2/dbot_vda5050_ilmatar/install/dbot_custom_msgs/share/dbot_custom_msgs/cmake/rosidl_cmake_export_typesupport_libraries-extras.cmake
[2.323s] -- Up-to-date symlink: /home/dbot2/dbot_vda5050_ilmatar/install/dbot_custom_msgs/share/dbot_custom_msgs/cmake/dbot_custom_msgsConfig.cmake
[2.323s] -- Up-to-date symlink: /home/dbot2/dbot_vda5050_ilmatar/install/dbot_custom_msgs/share/dbot_custom_msgs/cmake/dbot_custom_msgsConfig-version.cmake
[2.323s] -- Up-to-date symlink: /home/dbot2/dbot_vda5050_ilmatar/install/dbot_custom_msgs/share/dbot_custom_msgs/package.xml
[2.323s] -- Up-to-date: /home/dbot2/dbot_vda5050_ilmatar/install/dbot_custom_msgs/lib/libdbot_custom_msgs__rosidl_generator_c.so
[2.323s] -- Up-to-date: /home/dbot2/dbot_vda5050_ilmatar/install/dbot_custom_msgs/lib/libdbot_custom_msgs__rosidl_typesupport_fastrtps_c.so
[2.323s] -- Up-to-date: /home/dbot2/dbot_vda5050_ilmatar/install/dbot_custom_msgs/lib/libdbot_custom_msgs__rosidl_typesupport_introspection_c.so
[2.323s] -- Up-to-date: /home/dbot2/dbot_vda5050_ilmatar/install/dbot_custom_msgs/lib/libdbot_custom_msgs__rosidl_typesupport_c.so
[2.323s] -- Up-to-date: /home/dbot2/dbot_vda5050_ilmatar/install/dbot_custom_msgs/lib/libdbot_custom_msgs__rosidl_typesupport_fastrtps_cpp.so
[2.323s] -- Up-to-date: /home/dbot2/dbot_vda5050_ilmatar/install/dbot_custom_msgs/lib/libdbot_custom_msgs__rosidl_typesupport_introspection_cpp.so
[2.324s] -- Up-to-date: /home/dbot2/dbot_vda5050_ilmatar/install/dbot_custom_msgs/lib/libdbot_custom_msgs__rosidl_typesupport_cpp.so
[2.404s] Listing '/home/dbot2/dbot_vda5050_ilmatar/install/dbot_custom_msgs/local/lib/python3.10/dist-packages/dbot_custom_msgs'...
[2.404s] Compiling '/home/dbot2/dbot_vda5050_ilmatar/install/dbot_custom_msgs/local/lib/python3.10/dist-packages/dbot_custom_msgs/__init__.py'...
[2.404s] Listing '/home/dbot2/dbot_vda5050_ilmatar/install/dbot_custom_msgs/local/lib/python3.10/dist-packages/dbot_custom_msgs/msg'...
[2.411s] -- Up-to-date: /home/dbot2/dbot_vda5050_ilmatar/install/dbot_custom_msgs/lib/libdbot_custom_msgs__rosidl_generator_py.so
[2.411s] -- Up-to-date: /home/dbot2/dbot_vda5050_ilmatar/install/dbot_custom_msgs/share/dbot_custom_msgs/cmake/export_dbot_custom_msgs__rosidl_generator_cExport.cmake
[2.411s] -- Up-to-date: /home/dbot2/dbot_vda5050_ilmatar/install/dbot_custom_msgs/share/dbot_custom_msgs/cmake/export_dbot_custom_msgs__rosidl_generator_cExport-noconfig.cmake
[2.411s] -- Up-to-date: /home/dbot2/dbot_vda5050_ilmatar/install/dbot_custom_msgs/share/dbot_custom_msgs/cmake/export_dbot_custom_msgs__rosidl_typesupport_fastrtps_cExport.cmake
[2.412s] -- Up-to-date: /home/dbot2/dbot_vda5050_ilmatar/install/dbot_custom_msgs/share/dbot_custom_msgs/cmake/export_dbot_custom_msgs__rosidl_typesupport_fastrtps_cExport-noconfig.cmake
[2.414s] -- Up-to-date: /home/dbot2/dbot_vda5050_ilmatar/install/dbot_custom_msgs/share/dbot_custom_msgs/cmake/dbot_custom_msgs__rosidl_typesupport_introspection_cExport.cmake
[2.414s] -- Up-to-date: /home/dbot2/dbot_vda5050_ilmatar/install/dbot_custom_msgs/share/dbot_custom_msgs/cmake/dbot_custom_msgs__rosidl_typesupport_introspection_cExport-noconfig.cmake
[2.414s] -- Up-to-date: /home/dbot2/dbot_vda5050_ilmatar/install/dbot_custom_msgs/share/dbot_custom_msgs/cmake/dbot_custom_msgs__rosidl_typesupport_cExport.cmake
[2.414s] -- Up-to-date: /home/dbot2/dbot_vda5050_ilmatar/install/dbot_custom_msgs/share/dbot_custom_msgs/cmake/dbot_custom_msgs__rosidl_typesupport_cExport-noconfig.cmake
[2.414s] -- Up-to-date: /home/dbot2/dbot_vda5050_ilmatar/install/dbot_custom_msgs/share/dbot_custom_msgs/cmake/export_dbot_custom_msgs__rosidl_generator_cppExport.cmake
[2.414s] -- Up-to-date: /home/dbot2/dbot_vda5050_ilmatar/install/dbot_custom_msgs/share/dbot_custom_msgs/cmake/export_dbot_custom_msgs__rosidl_typesupport_fastrtps_cppExport.cmake
[2.414s] -- Up-to-date: /home/dbot2/dbot_vda5050_ilmatar/install/dbot_custom_msgs/share/dbot_custom_msgs/cmake/export_dbot_custom_msgs__rosidl_typesupport_fastrtps_cppExport-noconfig.cmake
[2.414s] -- Up-to-date: /home/dbot2/dbot_vda5050_ilmatar/install/dbot_custom_msgs/share/dbot_custom_msgs/cmake/dbot_custom_msgs__rosidl_typesupport_introspection_cppExport.cmake
[2.414s] -- Up-to-date: /home/dbot2/dbot_vda5050_ilmatar/install/dbot_custom_msgs/share/dbot_custom_msgs/cmake/dbot_custom_msgs__rosidl_typesupport_introspection_cppExport-noconfig.cmake
[2.415s] -- Up-to-date: /home/dbot2/dbot_vda5050_ilmatar/install/dbot_custom_msgs/share/dbot_custom_msgs/cmake/dbot_custom_msgs__rosidl_typesupport_cppExport.cmake
[2.415s] -- Up-to-date: /home/dbot2/dbot_vda5050_ilmatar/install/dbot_custom_msgs/share/dbot_custom_msgs/cmake/dbot_custom_msgs__rosidl_typesupport_cppExport-noconfig.cmake
[2.415s] -- Up-to-date: /home/dbot2/dbot_vda5050_ilmatar/install/dbot_custom_msgs/share/dbot_custom_msgs/cmake/export_dbot_custom_msgs__rosidl_generator_pyExport.cmake
[2.415s] -- Up-to-date: /home/dbot2/dbot_vda5050_ilmatar/install/dbot_custom_msgs/share/dbot_custom_msgs/cmake/export_dbot_custom_msgs__rosidl_generator_pyExport-noconfig.cmake
[2.446s] Invoked command in '/home/dbot2/dbot_vda5050_ilmatar/build/dbot_custom_msgs' returned '0': CMAKE_PREFIX_PATH=${CMAKE_PREFIX_PATH}:/home/dbot2/dbot_vda5050_ilmatar/install/vda5050_tb3_adapter:/home/dbot2/dbot_vda5050_ilmatar/install/tf2_dbot:/home/dbot2/dbot_vda5050_ilmatar/install/odom_motion_model:/home/dbot2/dbot_vda5050_ilmatar/install/motor_driver:/home/dbot2/dbot_vda5050_ilmatar/install/joycontrol:/home/dbot2/dbot_vda5050_ilmatar/install/gesturecontrol:/home/dbot2/dbot_vda5050_ilmatar/install/dbot_bridge:/home/dbot2/dbot_vda5050_ilmatar/install/dbot:/home/dbot2/dbot_src/install/tf2_dbot:/home/dbot2/dbot_src/install/odom_motion_model:/home/dbot2/dbot_src/install/motor_driver:/home/dbot2/dbot_src/install/joycontrol:/home/dbot2/dbot_src/install/dbot:/home/dbot2/dbot_remote/install/pcd_joy_trigger:/home/dbot2/circus_demo/install/circus_demo:/home/dbot2/ros2_ws/install/tf2_dbot:/home/dbot2/ros2_ws/install/odom_motion_model:/home/dbot2/ros2_ws/install/motor_driver:/home/dbot2/ros2_ws/install/joycontrol:/home/dbot2/ros2_ws/install/gesturecontrol:/home/dbot2/ros2_ws/install/dbot_bridge:/home/dbot2/ros2_ws/install/dbot:/home/dbot2/ros2_ws/install/ament_xmllint:/home/dbot2/ros2_ws/install/ament_uncrustify:/home/dbot2/ros2_ws/install/ament_pyflakes:/home/dbot2/ros2_ws/install/ament_pycodestyle:/home/dbot2/ros2_ws/install/ament_pep257:/home/dbot2/ros2_ws/install/ament_pclint:/home/dbot2/ros2_ws/install/ament_mypy:/home/dbot2/ros2_ws/install/ament_lint_cmake:/home/dbot2/ros2_ws/install/ament_flake8:/home/dbot2/ros2_ws/install/ament_copyright:/home/dbot2/ros2_ws/install/ament_lint:/home/dbot2/ros2_ws/install/ament_cpplint:/home/dbot2/ros2_ws/install/ament_cppcheck:/home/dbot2/ros2_ws/install/ament_clang_tidy:/home/dbot2/ros2_ws/install/ament_clang_format:/opt/ros/humble /usr/bin/cmake --install /home/dbot2/dbot_vda5050_ilmatar/build/dbot_custom_msgs
