[0.485s] Invoking command in '/home/dbot2/ros2_ws/src/build/motor_driver': AMENT_PREFIX_PATH=/home/dbot2/ros2_ws/src/install/dbot_custom_msgs:${AMENT_PREFIX_PATH} CMAKE_PREFIX_PATH=/home/dbot2/ros2_ws/src/install/dbot_custom_msgs:${CMAKE_PREFIX_PATH} LD_LIBRARY_PATH=/home/dbot2/ros2_ws/src/install/dbot_custom_msgs/lib:${LD_LIBRARY_PATH} PYTHONPATH=/home/dbot2/ros2_ws/src/build/motor_driver/prefix_override:/usr/lib/python3/dist-packages/colcon_core/task/python/colcon_distutils_commands:/home/dbot2/ros2_ws/src/install/motor_driver/lib/python3.10/site-packages:/home/dbot2/ros2_ws/src/install/dbot_custom_msgs/local/lib/python3.10/dist-packages:${PYTHONPATH} /usr/bin/python3 -W ignore:setup.py install is deprecated setup.py develop --editable --build-directory /home/dbot2/ros2_ws/src/build/motor_driver/build --no-deps symlink_data
[0.689s] running develop
[0.689s] /usr/lib/python3/dist-packages/setuptools/command/easy_install.py:158: EasyInstallDeprecationWarning: easy_install command is deprecated. Use build and pip and other standards-based tools.
[0.689s]   warnings.warn(
[0.808s] running egg_info
[0.808s] creating motor_driver.egg-info
[0.808s] writing motor_driver.egg-info/PKG-INFO
[0.808s] writing dependency_links to motor_driver.egg-info/dependency_links.txt
[0.808s] writing entry points to motor_driver.egg-info/entry_points.txt
[0.808s] writing requirements to motor_driver.egg-info/requires.txt
[0.809s] writing top-level names to motor_driver.egg-info/top_level.txt
[0.809s] writing manifest file 'motor_driver.egg-info/SOURCES.txt'
[0.810s] reading manifest file 'motor_driver.egg-info/SOURCES.txt'
[0.810s] writing manifest file 'motor_driver.egg-info/SOURCES.txt'
[0.811s] running build_ext
[0.811s] Creating /home/dbot2/ros2_ws/src/install/motor_driver/lib/python3.10/site-packages/motor-driver.egg-link (link to .)
[0.812s] Installing motor_bringup script to /home/dbot2/ros2_ws/src/install/motor_driver/lib/motor_driver
[0.812s] 
[0.812s] Installed /home/dbot2/ros2_ws/src/build/motor_driver
[0.812s] running symlink_data
[0.812s] creating /home/dbot2/ros2_ws/src/install/motor_driver/share/ament_index
[0.812s] creating /home/dbot2/ros2_ws/src/install/motor_driver/share/ament_index/resource_index
[0.812s] creating /home/dbot2/ros2_ws/src/install/motor_driver/share/ament_index/resource_index/packages
[0.813s] symbolically linking /home/dbot2/ros2_ws/src/build/motor_driver/resource/motor_driver -> /home/dbot2/ros2_ws/src/install/motor_driver/share/ament_index/resource_index/packages
[0.813s] symbolically linking /home/dbot2/ros2_ws/src/build/motor_driver/package.xml -> /home/dbot2/ros2_ws/src/install/motor_driver/share/motor_driver
[0.833s] Invoked command in '/home/dbot2/ros2_ws/src/build/motor_driver' returned '0': AMENT_PREFIX_PATH=/home/dbot2/ros2_ws/src/install/dbot_custom_msgs:${AMENT_PREFIX_PATH} CMAKE_PREFIX_PATH=/home/dbot2/ros2_ws/src/install/dbot_custom_msgs:${CMAKE_PREFIX_PATH} LD_LIBRARY_PATH=/home/dbot2/ros2_ws/src/install/dbot_custom_msgs/lib:${LD_LIBRARY_PATH} PYTHONPATH=/home/dbot2/ros2_ws/src/build/motor_driver/prefix_override:/usr/lib/python3/dist-packages/colcon_core/task/python/colcon_distutils_commands:/home/dbot2/ros2_ws/src/install/motor_driver/lib/python3.10/site-packages:/home/dbot2/ros2_ws/src/install/dbot_custom_msgs/local/lib/python3.10/dist-packages:${PYTHONPATH} /usr/bin/python3 -W ignore:setup.py install is deprecated setup.py develop --editable --build-directory /home/dbot2/ros2_ws/src/build/motor_driver/build --no-deps symlink_data
