[2.282s] Invoking command in '/home/dbot2/dbot_vda5050_ilmatar/src/dbot_bridge': PYTHONPATH=/home/dbot2/dbot_vda5050_ilmatar/build/dbot_bridge/prefix_override:/usr/lib/python3/dist-packages/colcon_core/task/python/colcon_distutils_commands:/home/dbot2/dbot_vda5050_ilmatar/install/dbot_bridge/lib/python3.10/site-packages:${PYTHONPATH} /usr/bin/python3 -W ignore:setup.py install is deprecated -W ignore:easy_install command is deprecated setup.py egg_info --egg-base ../../build/dbot_bridge build --build-base /home/dbot2/dbot_vda5050_ilmatar/build/dbot_bridge/build install --record /home/dbot2/dbot_vda5050_ilmatar/build/dbot_bridge/install.log --single-version-externally-managed install_data
[2.848s] /home/dbot2/.local/lib/python3.10/site-packages/setuptools/_distutils/dist.py:261: UserWarning: Unknown distribution option: 'tests_require'
[2.848s]   warnings.warn(msg)
[3.238s] running egg_info
[3.298s] writing ../../build/dbot_bridge/dbot_bridge.egg-info/PKG-INFO
[3.307s] writing dependency_links to ../../build/dbot_bridge/dbot_bridge.egg-info/dependency_links.txt
[3.307s] writing entry points to ../../build/dbot_bridge/dbot_bridge.egg-info/entry_points.txt
[3.307s] writing requirements to ../../build/dbot_bridge/dbot_bridge.egg-info/requires.txt
[3.307s] writing top-level names to ../../build/dbot_bridge/dbot_bridge.egg-info/top_level.txt
[3.821s] reading manifest file '../../build/dbot_bridge/dbot_bridge.egg-info/SOURCES.txt'
[3.824s] writing manifest file '../../build/dbot_bridge/dbot_bridge.egg-info/SOURCES.txt'
[3.825s] running build
[3.825s] running build_py
[3.825s] running install
[3.844s] running install_lib
[3.907s] running install_data
[3.907s] running install_egg_info
[4.014s] removing '/home/dbot2/dbot_vda5050_ilmatar/install/dbot_bridge/lib/python3.10/site-packages/dbot_bridge-0.0.0-py3.10.egg-info' (and everything under it)
[4.014s] Copying ../../build/dbot_bridge/dbot_bridge.egg-info to /home/dbot2/dbot_vda5050_ilmatar/install/dbot_bridge/lib/python3.10/site-packages/dbot_bridge-0.0.0-py3.10.egg-info
[4.015s] running install_scripts
[4.129s] Installing dbot_bridge_node script to /home/dbot2/dbot_vda5050_ilmatar/install/dbot_bridge/lib/dbot_bridge
[4.129s] writing list of installed files to '/home/dbot2/dbot_vda5050_ilmatar/build/dbot_bridge/install.log'
[4.233s] Invoked command in '/home/dbot2/dbot_vda5050_ilmatar/src/dbot_bridge' returned '0': PYTHONPATH=/home/dbot2/dbot_vda5050_ilmatar/build/dbot_bridge/prefix_override:/usr/lib/python3/dist-packages/colcon_core/task/python/colcon_distutils_commands:/home/dbot2/dbot_vda5050_ilmatar/install/dbot_bridge/lib/python3.10/site-packages:${PYTHONPATH} /usr/bin/python3 -W ignore:setup.py install is deprecated -W ignore:easy_install command is deprecated setup.py egg_info --egg-base ../../build/dbot_bridge build --build-base /home/dbot2/dbot_vda5050_ilmatar/build/dbot_bridge/build install --record /home/dbot2/dbot_vda5050_ilmatar/build/dbot_bridge/install.log --single-version-externally-managed install_data
