[0.080s] DEBUG:colcon:Command line arguments: ['/usr/bin/colcon', 'build', '--packages-select', 'dbot_nav_slam']
[0.080s] DEBUG:colcon:Parsed command line arguments: Namespace(log_base=None, log_level=None, verb_name='build', build_base='build', install_base='install', merge_install=False, symlink_install=False, test_result_base=None, continue_on_error=False, executor='parallel', parallel_workers=8, event_handlers=None, ignore_user_meta=False, metas=['./colcon.meta'], base_paths=['.'], packages_ignore=None, packages_ignore_regex=None, paths=None, packages_up_to=None, packages_up_to_regex=None, packages_above=None, packages_above_and_dependencies=None, packages_above_depth=None, packages_select_by_dep=None, packages_skip_by_dep=None, packages_skip_up_to=None, packages_select_build_failed=False, packages_skip_build_finished=False, packages_select_test_failures=False, packages_skip_test_passed=False, packages_select=['dbot_nav_slam'], packages_skip=None, packages_select_regex=None, packages_skip_regex=None, packages_start=None, packages_end=None, allow_overriding=[], cmake_args=None, cmake_target=None, cmake_target_skip_unavailable=False, cmake_clean_cache=False, cmake_clean_first=False, cmake_force_configure=False, ament_cmake_args=None, catkin_cmake_args=None, catkin_skip_building_tests=False, mixin_files=None, mixin=None, verb_parser=<colcon_mixin.mixin.mixin_argument.MixinArgumentDecorator object at 0x7e7a35284fd0>, verb_extension=<colcon_core.verb.build.BuildVerb object at 0x7e7a35284a30>, main=<bound method BuildVerb.main of <colcon_core.verb.build.BuildVerb object at 0x7e7a35284a30>>, mixin_verb=('build',))
[0.203s] Level 1:colcon.colcon_core.package_discovery:discover_packages(colcon_meta) check parameters
[0.203s] Level 1:colcon.colcon_core.package_discovery:discover_packages(recursive) check parameters
[0.203s] Level 1:colcon.colcon_core.package_discovery:discover_packages(ignore) check parameters
[0.203s] Level 1:colcon.colcon_core.package_discovery:discover_packages(path) check parameters
[0.203s] Level 1:colcon.colcon_core.package_discovery:discover_packages(colcon_meta) discover
[0.203s] Level 1:colcon.colcon_core.package_discovery:discover_packages(recursive) discover
[0.203s] INFO:colcon.colcon_core.package_discovery:Crawling recursively for packages in '/home/dbot2/ros2_ws/src'
[0.203s] Level 1:colcon.colcon_core.package_identification:_identify(.) by extensions ['ignore', 'ignore_ament_install']
[0.203s] Level 1:colcon.colcon_core.package_identification:_identify(.) by extension 'ignore'
[0.203s] Level 1:colcon.colcon_core.package_identification:_identify(.) by extension 'ignore_ament_install'
[0.203s] Level 1:colcon.colcon_core.package_identification:_identify(.) by extensions ['colcon_pkg']
[0.203s] Level 1:colcon.colcon_core.package_identification:_identify(.) by extension 'colcon_pkg'
[0.203s] Level 1:colcon.colcon_core.package_identification:_identify(.) by extensions ['colcon_meta']
[0.203s] Level 1:colcon.colcon_core.package_identification:_identify(.) by extension 'colcon_meta'
[0.203s] Level 1:colcon.colcon_core.package_identification:_identify(.) by extensions ['ros']
[0.203s] Level 1:colcon.colcon_core.package_identification:_identify(.) by extension 'ros'
[0.210s] Level 1:colcon.colcon_core.package_identification:_identify(.) by extensions ['cmake', 'python']
[0.210s] Level 1:colcon.colcon_core.package_identification:_identify(.) by extension 'cmake'
[0.211s] Level 1:colcon.colcon_core.package_identification:_identify(.) by extension 'python'
[0.211s] Level 1:colcon.colcon_core.package_identification:_identify(.) by extensions ['python_setup_py']
[0.211s] Level 1:colcon.colcon_core.package_identification:_identify(.) by extension 'python_setup_py'
[0.211s] Level 1:colcon.colcon_core.package_identification:_identify(build) by extensions ['ignore', 'ignore_ament_install']
[0.211s] Level 1:colcon.colcon_core.package_identification:_identify(build) by extension 'ignore'
[0.211s] Level 1:colcon.colcon_core.package_identification:_identify(build) ignored
[0.211s] Level 1:colcon.colcon_core.package_identification:_identify(crane_dbot) by extensions ['ignore', 'ignore_ament_install']
[0.211s] Level 1:colcon.colcon_core.package_identification:_identify(crane_dbot) by extension 'ignore'
[0.211s] Level 1:colcon.colcon_core.package_identification:_identify(crane_dbot) by extension 'ignore_ament_install'
[0.211s] Level 1:colcon.colcon_core.package_identification:_identify(crane_dbot) by extensions ['colcon_pkg']
[0.211s] Level 1:colcon.colcon_core.package_identification:_identify(crane_dbot) by extension 'colcon_pkg'
[0.211s] Level 1:colcon.colcon_core.package_identification:_identify(crane_dbot) by extensions ['colcon_meta']
[0.211s] Level 1:colcon.colcon_core.package_identification:_identify(crane_dbot) by extension 'colcon_meta'
[0.211s] Level 1:colcon.colcon_core.package_identification:_identify(crane_dbot) by extensions ['ros']
[0.211s] Level 1:colcon.colcon_core.package_identification:_identify(crane_dbot) by extension 'ros'
[0.213s] DEBUG:colcon.colcon_core.package_identification:Package 'crane_dbot' with type 'ros.ament_cmake' and name 'crane_dbot'
[0.213s] Level 1:colcon.colcon_core.package_identification:_identify(dbot) by extensions ['ignore', 'ignore_ament_install']
[0.213s] Level 1:colcon.colcon_core.package_identification:_identify(dbot) by extension 'ignore'
[0.213s] Level 1:colcon.colcon_core.package_identification:_identify(dbot) by extension 'ignore_ament_install'
[0.213s] Level 1:colcon.colcon_core.package_identification:_identify(dbot) by extensions ['colcon_pkg']
[0.213s] Level 1:colcon.colcon_core.package_identification:_identify(dbot) by extension 'colcon_pkg'
[0.213s] Level 1:colcon.colcon_core.package_identification:_identify(dbot) by extensions ['colcon_meta']
[0.213s] Level 1:colcon.colcon_core.package_identification:_identify(dbot) by extension 'colcon_meta'
[0.213s] Level 1:colcon.colcon_core.package_identification:_identify(dbot) by extensions ['ros']
[0.213s] Level 1:colcon.colcon_core.package_identification:_identify(dbot) by extension 'ros'
[0.213s] DEBUG:colcon.colcon_core.package_identification:Package 'dbot' with type 'ros.ament_python' and name 'dbot'
[0.213s] Level 1:colcon.colcon_core.package_identification:_identify(dbot_custom_msgs) by extensions ['ignore', 'ignore_ament_install']
[0.213s] Level 1:colcon.colcon_core.package_identification:_identify(dbot_custom_msgs) by extension 'ignore'
[0.213s] Level 1:colcon.colcon_core.package_identification:_identify(dbot_custom_msgs) by extension 'ignore_ament_install'
[0.214s] Level 1:colcon.colcon_core.package_identification:_identify(dbot_custom_msgs) by extensions ['colcon_pkg']
[0.214s] Level 1:colcon.colcon_core.package_identification:_identify(dbot_custom_msgs) by extension 'colcon_pkg'
[0.214s] Level 1:colcon.colcon_core.package_identification:_identify(dbot_custom_msgs) by extensions ['colcon_meta']
[0.214s] Level 1:colcon.colcon_core.package_identification:_identify(dbot_custom_msgs) by extension 'colcon_meta'
[0.214s] Level 1:colcon.colcon_core.package_identification:_identify(dbot_custom_msgs) by extensions ['ros']
[0.214s] Level 1:colcon.colcon_core.package_identification:_identify(dbot_custom_msgs) by extension 'ros'
[0.214s] DEBUG:colcon.colcon_core.package_identification:Package 'dbot_custom_msgs' with type 'ros.ament_cmake' and name 'dbot_custom_msgs'
[0.214s] Level 1:colcon.colcon_core.package_identification:_identify(dbot_nav_slam) by extensions ['ignore', 'ignore_ament_install']
[0.214s] Level 1:colcon.colcon_core.package_identification:_identify(dbot_nav_slam) by extension 'ignore'
[0.214s] Level 1:colcon.colcon_core.package_identification:_identify(dbot_nav_slam) by extension 'ignore_ament_install'
[0.214s] Level 1:colcon.colcon_core.package_identification:_identify(dbot_nav_slam) by extensions ['colcon_pkg']
[0.214s] Level 1:colcon.colcon_core.package_identification:_identify(dbot_nav_slam) by extension 'colcon_pkg'
[0.214s] Level 1:colcon.colcon_core.package_identification:_identify(dbot_nav_slam) by extensions ['colcon_meta']
[0.214s] Level 1:colcon.colcon_core.package_identification:_identify(dbot_nav_slam) by extension 'colcon_meta'
[0.214s] Level 1:colcon.colcon_core.package_identification:_identify(dbot_nav_slam) by extensions ['ros']
[0.214s] Level 1:colcon.colcon_core.package_identification:_identify(dbot_nav_slam) by extension 'ros'
[0.215s] DEBUG:colcon.colcon_core.package_identification:Package 'dbot_nav_slam' with type 'ros.ament_cmake' and name 'dbot_nav_slam'
[0.215s] Level 1:colcon.colcon_core.package_identification:_identify(gesturecontrol) by extensions ['ignore', 'ignore_ament_install']
[0.215s] Level 1:colcon.colcon_core.package_identification:_identify(gesturecontrol) by extension 'ignore'
[0.215s] Level 1:colcon.colcon_core.package_identification:_identify(gesturecontrol) by extension 'ignore_ament_install'
[0.215s] Level 1:colcon.colcon_core.package_identification:_identify(gesturecontrol) by extensions ['colcon_pkg']
[0.215s] Level 1:colcon.colcon_core.package_identification:_identify(gesturecontrol) by extension 'colcon_pkg'
[0.215s] Level 1:colcon.colcon_core.package_identification:_identify(gesturecontrol) by extensions ['colcon_meta']
[0.215s] Level 1:colcon.colcon_core.package_identification:_identify(gesturecontrol) by extension 'colcon_meta'
[0.215s] Level 1:colcon.colcon_core.package_identification:_identify(gesturecontrol) by extensions ['ros']
[0.215s] Level 1:colcon.colcon_core.package_identification:_identify(gesturecontrol) by extension 'ros'
[0.215s] DEBUG:colcon.colcon_core.package_identification:Package 'gesturecontrol' with type 'ros.ament_python' and name 'gesturecontrol'
[0.215s] Level 1:colcon.colcon_core.package_identification:_identify(install) by extensions ['ignore', 'ignore_ament_install']
[0.216s] Level 1:colcon.colcon_core.package_identification:_identify(install) by extension 'ignore'
[0.216s] Level 1:colcon.colcon_core.package_identification:_identify(install) ignored
[0.216s] Level 1:colcon.colcon_core.package_identification:_identify(joycontrol) by extensions ['ignore', 'ignore_ament_install']
[0.216s] Level 1:colcon.colcon_core.package_identification:_identify(joycontrol) by extension 'ignore'
[0.216s] Level 1:colcon.colcon_core.package_identification:_identify(joycontrol) by extension 'ignore_ament_install'
[0.216s] Level 1:colcon.colcon_core.package_identification:_identify(joycontrol) by extensions ['colcon_pkg']
[0.216s] Level 1:colcon.colcon_core.package_identification:_identify(joycontrol) by extension 'colcon_pkg'
[0.216s] Level 1:colcon.colcon_core.package_identification:_identify(joycontrol) by extensions ['colcon_meta']
[0.216s] Level 1:colcon.colcon_core.package_identification:_identify(joycontrol) by extension 'colcon_meta'
[0.216s] Level 1:colcon.colcon_core.package_identification:_identify(joycontrol) by extensions ['ros']
[0.216s] Level 1:colcon.colcon_core.package_identification:_identify(joycontrol) by extension 'ros'
[0.216s] DEBUG:colcon.colcon_core.package_identification:Package 'joycontrol' with type 'ros.ament_python' and name 'joycontrol'
[0.216s] Level 1:colcon.colcon_core.package_identification:_identify(log) by extensions ['ignore', 'ignore_ament_install']
[0.216s] Level 1:colcon.colcon_core.package_identification:_identify(log) by extension 'ignore'
[0.216s] Level 1:colcon.colcon_core.package_identification:_identify(log) ignored
[0.216s] Level 1:colcon.colcon_core.package_identification:_identify(motor_driver) by extensions ['ignore', 'ignore_ament_install']
[0.216s] Level 1:colcon.colcon_core.package_identification:_identify(motor_driver) by extension 'ignore'
[0.216s] Level 1:colcon.colcon_core.package_identification:_identify(motor_driver) by extension 'ignore_ament_install'
[0.216s] Level 1:colcon.colcon_core.package_identification:_identify(motor_driver) by extensions ['colcon_pkg']
[0.216s] Level 1:colcon.colcon_core.package_identification:_identify(motor_driver) by extension 'colcon_pkg'
[0.217s] Level 1:colcon.colcon_core.package_identification:_identify(motor_driver) by extensions ['colcon_meta']
[0.217s] Level 1:colcon.colcon_core.package_identification:_identify(motor_driver) by extension 'colcon_meta'
[0.217s] Level 1:colcon.colcon_core.package_identification:_identify(motor_driver) by extensions ['ros']
[0.217s] Level 1:colcon.colcon_core.package_identification:_identify(motor_driver) by extension 'ros'
[0.217s] DEBUG:colcon.colcon_core.package_identification:Package 'motor_driver' with type 'ros.ament_python' and name 'motor_driver'
[0.217s] Level 1:colcon.colcon_core.package_identification:_identify(odom_motion_model) by extensions ['ignore', 'ignore_ament_install']
[0.217s] Level 1:colcon.colcon_core.package_identification:_identify(odom_motion_model) by extension 'ignore'
[0.217s] Level 1:colcon.colcon_core.package_identification:_identify(odom_motion_model) by extension 'ignore_ament_install'
[0.217s] Level 1:colcon.colcon_core.package_identification:_identify(odom_motion_model) by extensions ['colcon_pkg']
[0.217s] Level 1:colcon.colcon_core.package_identification:_identify(odom_motion_model) by extension 'colcon_pkg'
[0.217s] Level 1:colcon.colcon_core.package_identification:_identify(odom_motion_model) by extensions ['colcon_meta']
[0.217s] Level 1:colcon.colcon_core.package_identification:_identify(odom_motion_model) by extension 'colcon_meta'
[0.217s] Level 1:colcon.colcon_core.package_identification:_identify(odom_motion_model) by extensions ['ros']
[0.217s] Level 1:colcon.colcon_core.package_identification:_identify(odom_motion_model) by extension 'ros'
[0.218s] DEBUG:colcon.colcon_core.package_identification:Package 'odom_motion_model' with type 'ros.ament_python' and name 'odom_motion_model'
[0.218s] Level 1:colcon.colcon_core.package_identification:_identify(ros2_odometry_estimation) by extensions ['ignore', 'ignore_ament_install']
[0.218s] Level 1:colcon.colcon_core.package_identification:_identify(ros2_odometry_estimation) by extension 'ignore'
[0.218s] Level 1:colcon.colcon_core.package_identification:_identify(ros2_odometry_estimation) by extension 'ignore_ament_install'
[0.218s] Level 1:colcon.colcon_core.package_identification:_identify(ros2_odometry_estimation) by extensions ['colcon_pkg']
[0.218s] Level 1:colcon.colcon_core.package_identification:_identify(ros2_odometry_estimation) by extension 'colcon_pkg'
[0.218s] Level 1:colcon.colcon_core.package_identification:_identify(ros2_odometry_estimation) by extensions ['colcon_meta']
[0.218s] Level 1:colcon.colcon_core.package_identification:_identify(ros2_odometry_estimation) by extension 'colcon_meta'
[0.218s] Level 1:colcon.colcon_core.package_identification:_identify(ros2_odometry_estimation) by extensions ['ros']
[0.218s] Level 1:colcon.colcon_core.package_identification:_identify(ros2_odometry_estimation) by extension 'ros'
[0.218s] DEBUG:colcon.colcon_core.package_identification:Package 'ros2_odometry_estimation' with type 'ros.ament_cmake' and name 'odometry_estimator'
[0.219s] Level 1:colcon.colcon_core.package_identification:_identify(tf2_dbot) by extensions ['ignore', 'ignore_ament_install']
[0.219s] Level 1:colcon.colcon_core.package_identification:_identify(tf2_dbot) by extension 'ignore'
[0.219s] Level 1:colcon.colcon_core.package_identification:_identify(tf2_dbot) by extension 'ignore_ament_install'
[0.219s] Level 1:colcon.colcon_core.package_identification:_identify(tf2_dbot) by extensions ['colcon_pkg']
[0.219s] Level 1:colcon.colcon_core.package_identification:_identify(tf2_dbot) by extension 'colcon_pkg'
[0.219s] Level 1:colcon.colcon_core.package_identification:_identify(tf2_dbot) by extensions ['colcon_meta']
[0.219s] Level 1:colcon.colcon_core.package_identification:_identify(tf2_dbot) by extension 'colcon_meta'
[0.219s] Level 1:colcon.colcon_core.package_identification:_identify(tf2_dbot) by extensions ['ros']
[0.219s] Level 1:colcon.colcon_core.package_identification:_identify(tf2_dbot) by extension 'ros'
[0.219s] DEBUG:colcon.colcon_core.package_identification:Package 'tf2_dbot' with type 'ros.ament_python' and name 'tf2_dbot'
[0.219s] Level 1:colcon.colcon_core.package_discovery:discover_packages(recursive) using defaults
[0.219s] Level 1:colcon.colcon_core.package_discovery:discover_packages(ignore) discover
[0.219s] Level 1:colcon.colcon_core.package_discovery:discover_packages(ignore) using defaults
[0.219s] Level 1:colcon.colcon_core.package_discovery:discover_packages(path) discover
[0.219s] Level 1:colcon.colcon_core.package_discovery:discover_packages(path) using defaults
[0.242s] INFO:colcon.colcon_core.package_selection:Skipping not selected package 'crane_dbot' in 'crane_dbot'
[0.242s] INFO:colcon.colcon_core.package_selection:Skipping not selected package 'dbot' in 'dbot'
[0.242s] INFO:colcon.colcon_core.package_selection:Skipping not selected package 'dbot_custom_msgs' in 'dbot_custom_msgs'
[0.242s] INFO:colcon.colcon_core.package_selection:Skipping not selected package 'gesturecontrol' in 'gesturecontrol'
[0.242s] INFO:colcon.colcon_core.package_selection:Skipping not selected package 'joycontrol' in 'joycontrol'
[0.242s] INFO:colcon.colcon_core.package_selection:Skipping not selected package 'tf2_dbot' in 'tf2_dbot'
[0.242s] INFO:colcon.colcon_core.package_selection:Skipping not selected package 'motor_driver' in 'motor_driver'
[0.242s] INFO:colcon.colcon_core.package_selection:Skipping not selected package 'odometry_estimator' in 'ros2_odometry_estimation'
[0.242s] INFO:colcon.colcon_core.package_selection:Skipping not selected package 'odom_motion_model' in 'odom_motion_model'
[0.243s] Level 1:colcon.colcon_core.package_discovery:discover_packages(prefix_path) check parameters
[0.243s] Level 1:colcon.colcon_core.package_discovery:discover_packages(prefix_path) discover
[0.244s] DEBUG:colcon.colcon_installed_package_information.package_discovery:Found 7 installed packages in /home/dbot2/dbot_src/install
[0.245s] DEBUG:colcon.colcon_installed_package_information.package_discovery:Found 2 installed packages in /home/dbot2/dbot_remote/install
[0.245s] DEBUG:colcon.colcon_installed_package_information.package_discovery:Found 3 installed packages in /home/dbot2/circus_demo/install
[0.245s] DEBUG:colcon.colcon_installed_package_information.package_discovery:Found 12 installed packages in /home/dbot2/ros2_ws/install
[0.246s] DEBUG:colcon.colcon_installed_package_information.package_discovery:Found 364 installed packages in /opt/ros/humble
[0.248s] Level 1:colcon.colcon_core.package_discovery:discover_packages(prefix_path) using defaults
[0.277s] Level 5:colcon.colcon_core.verb:set package 'dbot_nav_slam' build argument 'cmake_args' from command line to 'None'
[0.277s] Level 5:colcon.colcon_core.verb:set package 'dbot_nav_slam' build argument 'cmake_target' from command line to 'None'
[0.277s] Level 5:colcon.colcon_core.verb:set package 'dbot_nav_slam' build argument 'cmake_target_skip_unavailable' from command line to 'False'
[0.277s] Level 5:colcon.colcon_core.verb:set package 'dbot_nav_slam' build argument 'cmake_clean_cache' from command line to 'False'
[0.277s] Level 5:colcon.colcon_core.verb:set package 'dbot_nav_slam' build argument 'cmake_clean_first' from command line to 'False'
[0.277s] Level 5:colcon.colcon_core.verb:set package 'dbot_nav_slam' build argument 'cmake_force_configure' from command line to 'False'
[0.277s] Level 5:colcon.colcon_core.verb:set package 'dbot_nav_slam' build argument 'ament_cmake_args' from command line to 'None'
[0.277s] Level 5:colcon.colcon_core.verb:set package 'dbot_nav_slam' build argument 'catkin_cmake_args' from command line to 'None'
[0.277s] Level 5:colcon.colcon_core.verb:set package 'dbot_nav_slam' build argument 'catkin_skip_building_tests' from command line to 'False'
[0.277s] DEBUG:colcon.colcon_core.verb:Building package 'dbot_nav_slam' with the following arguments: {'ament_cmake_args': None, 'build_base': '/home/dbot2/ros2_ws/src/build/dbot_nav_slam', 'catkin_cmake_args': None, 'catkin_skip_building_tests': False, 'cmake_args': None, 'cmake_clean_cache': False, 'cmake_clean_first': False, 'cmake_force_configure': False, 'cmake_target': None, 'cmake_target_skip_unavailable': False, 'install_base': '/home/dbot2/ros2_ws/src/install/dbot_nav_slam', 'merge_install': False, 'path': '/home/dbot2/ros2_ws/src/dbot_nav_slam', 'symlink_install': False, 'test_result_base': None}
[0.277s] INFO:colcon.colcon_core.executor:Executing jobs using 'parallel' executor
[0.278s] DEBUG:colcon.colcon_parallel_executor.executor.parallel:run_until_complete
[0.278s] INFO:colcon.colcon_ros.task.ament_cmake.build:Building ROS package in '/home/dbot2/ros2_ws/src/dbot_nav_slam' with build type 'ament_cmake'
[0.279s] INFO:colcon.colcon_cmake.task.cmake.build:Building CMake package in '/home/dbot2/ros2_ws/src/dbot_nav_slam'
[0.280s] INFO:colcon.colcon_core.plugin_system:Skipping extension 'colcon_core.shell.bat': Not used on non-Windows systems
[0.280s] INFO:colcon.colcon_core.shell:Skip shell extension 'powershell' for command environment: Not usable outside of PowerShell
[0.280s] DEBUG:colcon.colcon_core.shell:Skip shell extension 'dsv' for command environment
[0.294s] DEBUG:colcon.colcon_core.event_handler.log_command:Invoking command in '/home/dbot2/ros2_ws/src/build/dbot_nav_slam': CMAKE_PREFIX_PATH=${CMAKE_PREFIX_PATH}:/home/dbot2/ros2_ws/install/tf2_dbot:/home/dbot2/ros2_ws/install/odom_motion_model:/home/dbot2/ros2_ws/install/motor_driver:/home/dbot2/ros2_ws/install/joycontrol:/home/dbot2/ros2_ws/install/gesturecontrol:/home/dbot2/dbot_src/install/tf2_dbot:/home/dbot2/dbot_src/install/odom_motion_model:/home/dbot2/dbot_src/install/motor_driver:/home/dbot2/dbot_src/install/joycontrol:/home/dbot2/dbot_src/install/dbot:/home/dbot2/dbot_remote/install/pcd_joy_trigger:/home/dbot2/circus_demo/install/circus_demo:/opt/ros/humble /usr/bin/cmake --build /home/dbot2/ros2_ws/src/build/dbot_nav_slam -- -j8 -l8
[0.529s] DEBUG:colcon.colcon_core.event_handler.log_command:Invoked command in '/home/dbot2/ros2_ws/src/build/dbot_nav_slam' returned '0': CMAKE_PREFIX_PATH=${CMAKE_PREFIX_PATH}:/home/dbot2/ros2_ws/install/tf2_dbot:/home/dbot2/ros2_ws/install/odom_motion_model:/home/dbot2/ros2_ws/install/motor_driver:/home/dbot2/ros2_ws/install/joycontrol:/home/dbot2/ros2_ws/install/gesturecontrol:/home/dbot2/dbot_src/install/tf2_dbot:/home/dbot2/dbot_src/install/odom_motion_model:/home/dbot2/dbot_src/install/motor_driver:/home/dbot2/dbot_src/install/joycontrol:/home/dbot2/dbot_src/install/dbot:/home/dbot2/dbot_remote/install/pcd_joy_trigger:/home/dbot2/circus_demo/install/circus_demo:/opt/ros/humble /usr/bin/cmake --build /home/dbot2/ros2_ws/src/build/dbot_nav_slam -- -j8 -l8
[0.549s] DEBUG:colcon.colcon_core.event_handler.log_command:Invoking command in '/home/dbot2/ros2_ws/src/build/dbot_nav_slam': CMAKE_PREFIX_PATH=${CMAKE_PREFIX_PATH}:/home/dbot2/ros2_ws/install/tf2_dbot:/home/dbot2/ros2_ws/install/odom_motion_model:/home/dbot2/ros2_ws/install/motor_driver:/home/dbot2/ros2_ws/install/joycontrol:/home/dbot2/ros2_ws/install/gesturecontrol:/home/dbot2/dbot_src/install/tf2_dbot:/home/dbot2/dbot_src/install/odom_motion_model:/home/dbot2/dbot_src/install/motor_driver:/home/dbot2/dbot_src/install/joycontrol:/home/dbot2/dbot_src/install/dbot:/home/dbot2/dbot_remote/install/pcd_joy_trigger:/home/dbot2/circus_demo/install/circus_demo:/opt/ros/humble /usr/bin/cmake --install /home/dbot2/ros2_ws/src/build/dbot_nav_slam
[0.604s] Level 1:colcon.colcon_core.environment:create_environment_scripts_only(dbot_nav_slam)
[0.604s] DEBUG:colcon.colcon_core.event_handler.log_command:Invoked command in '/home/dbot2/ros2_ws/src/build/dbot_nav_slam' returned '0': CMAKE_PREFIX_PATH=${CMAKE_PREFIX_PATH}:/home/dbot2/ros2_ws/install/tf2_dbot:/home/dbot2/ros2_ws/install/odom_motion_model:/home/dbot2/ros2_ws/install/motor_driver:/home/dbot2/ros2_ws/install/joycontrol:/home/dbot2/ros2_ws/install/gesturecontrol:/home/dbot2/dbot_src/install/tf2_dbot:/home/dbot2/dbot_src/install/odom_motion_model:/home/dbot2/dbot_src/install/motor_driver:/home/dbot2/dbot_src/install/joycontrol:/home/dbot2/dbot_src/install/dbot:/home/dbot2/dbot_remote/install/pcd_joy_trigger:/home/dbot2/circus_demo/install/circus_demo:/opt/ros/humble /usr/bin/cmake --install /home/dbot2/ros2_ws/src/build/dbot_nav_slam
[0.606s] Level 1:colcon.colcon_core.environment:checking '/home/dbot2/ros2_ws/src/install/dbot_nav_slam' for CMake module files
[0.607s] Level 1:colcon.colcon_core.environment:checking '/home/dbot2/ros2_ws/src/install/dbot_nav_slam' for CMake config files
[0.607s] Level 1:colcon.colcon_core.shell:create_environment_hook('dbot_nav_slam', 'cmake_prefix_path')
[0.607s] INFO:colcon.colcon_core.shell:Creating environment hook '/home/dbot2/ros2_ws/src/install/dbot_nav_slam/share/dbot_nav_slam/hook/cmake_prefix_path.ps1'
[0.608s] INFO:colcon.colcon_core.shell:Creating environment descriptor '/home/dbot2/ros2_ws/src/install/dbot_nav_slam/share/dbot_nav_slam/hook/cmake_prefix_path.dsv'
[0.608s] INFO:colcon.colcon_core.shell:Creating environment hook '/home/dbot2/ros2_ws/src/install/dbot_nav_slam/share/dbot_nav_slam/hook/cmake_prefix_path.sh'
[0.609s] Level 1:colcon.colcon_core.environment:checking '/home/dbot2/ros2_ws/src/install/dbot_nav_slam/lib'
[0.609s] Level 1:colcon.colcon_core.environment:checking '/home/dbot2/ros2_ws/src/install/dbot_nav_slam/bin'
[0.609s] Level 1:colcon.colcon_core.environment:checking '/home/dbot2/ros2_ws/src/install/dbot_nav_slam/lib/pkgconfig/dbot_nav_slam.pc'
[0.609s] Level 1:colcon.colcon_core.environment:checking '/home/dbot2/ros2_ws/src/install/dbot_nav_slam/lib/python3.10/site-packages'
[0.609s] Level 1:colcon.colcon_core.environment:checking '/home/dbot2/ros2_ws/src/install/dbot_nav_slam/bin'
[0.609s] INFO:colcon.colcon_core.shell:Creating package script '/home/dbot2/ros2_ws/src/install/dbot_nav_slam/share/dbot_nav_slam/package.ps1'
[0.610s] INFO:colcon.colcon_core.shell:Creating package descriptor '/home/dbot2/ros2_ws/src/install/dbot_nav_slam/share/dbot_nav_slam/package.dsv'
[0.610s] INFO:colcon.colcon_core.shell:Creating package script '/home/dbot2/ros2_ws/src/install/dbot_nav_slam/share/dbot_nav_slam/package.sh'
[0.610s] INFO:colcon.colcon_core.shell:Creating package script '/home/dbot2/ros2_ws/src/install/dbot_nav_slam/share/dbot_nav_slam/package.bash'
[0.611s] INFO:colcon.colcon_core.shell:Creating package script '/home/dbot2/ros2_ws/src/install/dbot_nav_slam/share/dbot_nav_slam/package.zsh'
[0.611s] Level 1:colcon.colcon_core.environment:create_file_with_runtime_dependencies(/home/dbot2/ros2_ws/src/install/dbot_nav_slam/share/colcon-core/packages/dbot_nav_slam)
[0.627s] Level 1:colcon.colcon_core.environment:create_environment_scripts_only(dbot_nav_slam)
[0.627s] Level 1:colcon.colcon_core.environment:checking '/home/dbot2/ros2_ws/src/install/dbot_nav_slam' for CMake module files
[0.627s] Level 1:colcon.colcon_core.environment:checking '/home/dbot2/ros2_ws/src/install/dbot_nav_slam' for CMake config files
[0.628s] Level 1:colcon.colcon_core.shell:create_environment_hook('dbot_nav_slam', 'cmake_prefix_path')
[0.628s] INFO:colcon.colcon_core.shell:Creating environment hook '/home/dbot2/ros2_ws/src/install/dbot_nav_slam/share/dbot_nav_slam/hook/cmake_prefix_path.ps1'
[0.628s] INFO:colcon.colcon_core.shell:Creating environment descriptor '/home/dbot2/ros2_ws/src/install/dbot_nav_slam/share/dbot_nav_slam/hook/cmake_prefix_path.dsv'
[0.628s] INFO:colcon.colcon_core.shell:Creating environment hook '/home/dbot2/ros2_ws/src/install/dbot_nav_slam/share/dbot_nav_slam/hook/cmake_prefix_path.sh'
[0.629s] Level 1:colcon.colcon_core.environment:checking '/home/dbot2/ros2_ws/src/install/dbot_nav_slam/lib'
[0.629s] Level 1:colcon.colcon_core.environment:checking '/home/dbot2/ros2_ws/src/install/dbot_nav_slam/bin'
[0.629s] Level 1:colcon.colcon_core.environment:checking '/home/dbot2/ros2_ws/src/install/dbot_nav_slam/lib/pkgconfig/dbot_nav_slam.pc'
[0.629s] Level 1:colcon.colcon_core.environment:checking '/home/dbot2/ros2_ws/src/install/dbot_nav_slam/lib/python3.10/site-packages'
[0.629s] Level 1:colcon.colcon_core.environment:checking '/home/dbot2/ros2_ws/src/install/dbot_nav_slam/bin'
[0.629s] INFO:colcon.colcon_core.shell:Creating package script '/home/dbot2/ros2_ws/src/install/dbot_nav_slam/share/dbot_nav_slam/package.ps1'
[0.630s] INFO:colcon.colcon_core.shell:Creating package descriptor '/home/dbot2/ros2_ws/src/install/dbot_nav_slam/share/dbot_nav_slam/package.dsv'
[0.630s] INFO:colcon.colcon_core.shell:Creating package script '/home/dbot2/ros2_ws/src/install/dbot_nav_slam/share/dbot_nav_slam/package.sh'
[0.630s] INFO:colcon.colcon_core.shell:Creating package script '/home/dbot2/ros2_ws/src/install/dbot_nav_slam/share/dbot_nav_slam/package.bash'
[0.630s] INFO:colcon.colcon_core.shell:Creating package script '/home/dbot2/ros2_ws/src/install/dbot_nav_slam/share/dbot_nav_slam/package.zsh'
[0.631s] Level 1:colcon.colcon_core.environment:create_file_with_runtime_dependencies(/home/dbot2/ros2_ws/src/install/dbot_nav_slam/share/colcon-core/packages/dbot_nav_slam)
[0.631s] DEBUG:colcon.colcon_parallel_executor.executor.parallel:closing loop
[0.631s] DEBUG:colcon.colcon_parallel_executor.executor.parallel:loop closed
[0.631s] DEBUG:colcon.colcon_parallel_executor.executor.parallel:run_until_complete finished with '0'
[0.631s] DEBUG:colcon.colcon_core.event_reactor:joining thread
[0.635s] INFO:colcon.colcon_core.plugin_system:Skipping extension 'colcon_notification.desktop_notification.terminal_notifier': Not used on non-Darwin systems
[0.635s] INFO:colcon.colcon_core.plugin_system:Skipping extension 'colcon_notification.desktop_notification.win32': Not used on non-Windows systems
[0.635s] INFO:colcon.colcon_notification.desktop_notification:Sending desktop notification using 'notify2'
[0.635s] DEBUG:colcon.colcon_notification.desktop_notification.notify2:Failed to initialize notify2: org.freedesktop.DBus.Error.ServiceUnknown: The name org.freedesktop.Notifications was not provided by any .service files
[0.635s] DEBUG:colcon.colcon_core.event_reactor:joined thread
[0.636s] INFO:colcon.colcon_core.shell:Creating prefix script '/home/dbot2/ros2_ws/src/install/local_setup.ps1'
[0.636s] INFO:colcon.colcon_core.shell:Creating prefix util module '/home/dbot2/ros2_ws/src/install/_local_setup_util_ps1.py'
[0.637s] INFO:colcon.colcon_core.shell:Creating prefix chain script '/home/dbot2/ros2_ws/src/install/setup.ps1'
[0.638s] INFO:colcon.colcon_core.shell:Creating prefix script '/home/dbot2/ros2_ws/src/install/local_setup.sh'
[0.638s] INFO:colcon.colcon_core.shell:Creating prefix util module '/home/dbot2/ros2_ws/src/install/_local_setup_util_sh.py'
[0.639s] INFO:colcon.colcon_core.shell:Creating prefix chain script '/home/dbot2/ros2_ws/src/install/setup.sh'
[0.640s] INFO:colcon.colcon_core.shell:Creating prefix script '/home/dbot2/ros2_ws/src/install/local_setup.bash'
[0.640s] INFO:colcon.colcon_core.shell:Creating prefix chain script '/home/dbot2/ros2_ws/src/install/setup.bash'
[0.641s] INFO:colcon.colcon_core.shell:Creating prefix script '/home/dbot2/ros2_ws/src/install/local_setup.zsh'
[0.641s] INFO:colcon.colcon_core.shell:Creating prefix chain script '/home/dbot2/ros2_ws/src/install/setup.zsh'
