-- The C compiler identification is GNU 11.4.0
-- The CXX compiler identification is GNU 11.4.0
-- Detecting C compiler ABI info
-- Detecting C compiler ABI info - done
-- Check for working C compiler: /usr/bin/cc - skipped
-- Detecting C compile features
-- Detecting C compile features - done
-- Detecting CXX compiler ABI info
-- Detecting CXX compiler ABI info - done
-- Check for working CXX compiler: /usr/bin/c++ - skipped
-- Detecting CXX compile features
-- Detecting CXX compile features - done
-- Found ament_cmake: 1.3.11 (/opt/ros/humble/share/ament_cmake/cmake)
-- Found Python3: /usr/bin/python3 (found version "3.10.12") found components: Interpreter 
-- Found rclcpp: 16.0.12 (/opt/ros/humble/share/rclcpp/cmake)
-- Found rosidl_generator_c: 3.1.6 (/opt/ros/humble/share/rosidl_generator_c/cmake)
-- Found rosidl_adapter: 3.1.6 (/opt/ros/humble/share/rosidl_adapter/cmake)
-- Found rosidl_generator_cpp: 3.1.6 (/opt/ros/humble/share/rosidl_generator_cpp/cmake)
-- Using all available rosidl_typesupport_c: rosidl_typesupport_fastrtps_c;rosidl_typesupport_introspection_c
-- Using all available rosidl_typesupport_cpp: rosidl_typesupport_fastrtps_cpp;rosidl_typesupport_introspection_cpp
-- Found rmw_implementation_cmake: 6.1.2 (/opt/ros/humble/share/rmw_implementation_cmake/cmake)
-- Found rmw_fastrtps_cpp: 6.2.7 (/opt/ros/humble/share/rmw_fastrtps_cpp/cmake)
-- Found OpenSSL: /usr/lib/x86_64-linux-gnu/libcrypto.so (found version "3.0.2")  
-- Found FastRTPS: /opt/ros/humble/include  
-- Using RMW implementation 'rmw_fastrtps_cpp' as default
-- Looking for pthread.h
-- Looking for pthread.h - found
-- Performing Test CMAKE_HAVE_LIBC_PTHREAD
-- Performing Test CMAKE_HAVE_LIBC_PTHREAD - Success
-- Found Threads: TRUE  
-- Found rclpy: 3.3.16 (/opt/ros/humble/share/rclpy/cmake)
-- Found ament_lint_auto: 0.20.1 (/home/dbot2/ros2_ws/install/ament_lint_auto/share/ament_lint_auto/cmake)
-- Added test 'copyright' to check source files copyright and LICENSE
-- Added test 'cppcheck' to perform static code analysis on C / C++ code
-- Configured cppcheck include dirs: 
-- Configured cppcheck exclude dirs and/or files: 
-- Added test 'cpplint' to check C / C++ code against the Google style
-- Configured cpplint exclude dirs and/or files: 
-- Added test 'flake8' to check Python code syntax and style conventions
-- Configured 'flake8' exclude dirs and/or files: 
-- Added test 'lint_cmake' to check CMake code style
-- Added test 'pep257' to check Python code against some of the docstring style conventions in PEP 257
-- Added test 'uncrustify' to check C / C++ code style
-- Configured uncrustify additional arguments: 
-- Added test 'xmllint' to check XML markup files
-- Configuring done
-- Generating done
-- Build files have been written to: /home/dbot2/dbot_vda5050_ilmatar/src/vda_dbot_nav_slam/build/vda_dbot_nav_slam
Built target ament_cmake_python_copy_vda_dbot_nav_slam_setup
Built target ament_cmake_python_copy_vda_dbot_nav_slam
running egg_info
creating vda_dbot_nav_slam.egg-info
writing vda_dbot_nav_slam.egg-info/PKG-INFO
writing dependency_links to vda_dbot_nav_slam.egg-info/dependency_links.txt
writing top-level names to vda_dbot_nav_slam.egg-info/top_level.txt
writing manifest file 'vda_dbot_nav_slam.egg-info/SOURCES.txt'
reading manifest file 'vda_dbot_nav_slam.egg-info/SOURCES.txt'
writing manifest file 'vda_dbot_nav_slam.egg-info/SOURCES.txt'
Built target ament_cmake_python_build_vda_dbot_nav_slam_egg
-- Install configuration: ""
-- Installing: /home/dbot2/dbot_vda5050_ilmatar/src/vda_dbot_nav_slam/install/vda_dbot_nav_slam/share/vda_dbot_nav_slam/environment/pythonpath.sh
-- Installing: /home/dbot2/dbot_vda5050_ilmatar/src/vda_dbot_nav_slam/install/vda_dbot_nav_slam/share/vda_dbot_nav_slam/environment/pythonpath.dsv
-- Installing: /home/dbot2/dbot_vda5050_ilmatar/src/vda_dbot_nav_slam/install/vda_dbot_nav_slam/local/lib/python3.10/dist-packages/vda_dbot_nav_slam-0.0.0-py3.10.egg-info
-- Installing: /home/dbot2/dbot_vda5050_ilmatar/src/vda_dbot_nav_slam/install/vda_dbot_nav_slam/local/lib/python3.10/dist-packages/vda_dbot_nav_slam-0.0.0-py3.10.egg-info/SOURCES.txt
-- Installing: /home/dbot2/dbot_vda5050_ilmatar/src/vda_dbot_nav_slam/install/vda_dbot_nav_slam/local/lib/python3.10/dist-packages/vda_dbot_nav_slam-0.0.0-py3.10.egg-info/PKG-INFO
-- Installing: /home/dbot2/dbot_vda5050_ilmatar/src/vda_dbot_nav_slam/install/vda_dbot_nav_slam/local/lib/python3.10/dist-packages/vda_dbot_nav_slam-0.0.0-py3.10.egg-info/dependency_links.txt
-- Installing: /home/dbot2/dbot_vda5050_ilmatar/src/vda_dbot_nav_slam/install/vda_dbot_nav_slam/local/lib/python3.10/dist-packages/vda_dbot_nav_slam-0.0.0-py3.10.egg-info/top_level.txt
-- Installing: /home/dbot2/dbot_vda5050_ilmatar/src/vda_dbot_nav_slam/install/vda_dbot_nav_slam/local/lib/python3.10/dist-packages/vda_dbot_nav_slam
-- Installing: /home/dbot2/dbot_vda5050_ilmatar/src/vda_dbot_nav_slam/install/vda_dbot_nav_slam/local/lib/python3.10/dist-packages/vda_dbot_nav_slam/__init__.py
-- Installing: /home/dbot2/dbot_vda5050_ilmatar/src/vda_dbot_nav_slam/install/vda_dbot_nav_slam/local/lib/python3.10/dist-packages/vda_dbot_nav_slam/modules_import.py
Listing '/home/dbot2/dbot_vda5050_ilmatar/src/vda_dbot_nav_slam/install/vda_dbot_nav_slam/local/lib/python3.10/dist-packages/vda_dbot_nav_slam'...
Compiling '/home/dbot2/dbot_vda5050_ilmatar/src/vda_dbot_nav_slam/install/vda_dbot_nav_slam/local/lib/python3.10/dist-packages/vda_dbot_nav_slam/__init__.py'...
Compiling '/home/dbot2/dbot_vda5050_ilmatar/src/vda_dbot_nav_slam/install/vda_dbot_nav_slam/local/lib/python3.10/dist-packages/vda_dbot_nav_slam/modules_import.py'...
-- Installing: /home/dbot2/dbot_vda5050_ilmatar/src/vda_dbot_nav_slam/install/vda_dbot_nav_slam/share/vda_dbot_nav_slam/config
-- Installing: /home/dbot2/dbot_vda5050_ilmatar/src/vda_dbot_nav_slam/install/vda_dbot_nav_slam/share/vda_dbot_nav_slam/config/joystick.yaml
-- Installing: /home/dbot2/dbot_vda5050_ilmatar/src/vda_dbot_nav_slam/install/vda_dbot_nav_slam/share/vda_dbot_nav_slam/config/mqtt_bridge.yaml
-- Installing: /home/dbot2/dbot_vda5050_ilmatar/src/vda_dbot_nav_slam/install/vda_dbot_nav_slam/share/vda_dbot_nav_slam/config/diff_drive_controller.yaml
-- Installing: /home/dbot2/dbot_vda5050_ilmatar/src/vda_dbot_nav_slam/install/vda_dbot_nav_slam/share/vda_dbot_nav_slam/config/mapper_params_online_async.yaml
-- Installing: /home/dbot2/dbot_vda5050_ilmatar/src/vda_dbot_nav_slam/install/vda_dbot_nav_slam/share/vda_dbot_nav_slam/config/my_controllers.yaml
-- Installing: /home/dbot2/dbot_vda5050_ilmatar/src/vda_dbot_nav_slam/install/vda_dbot_nav_slam/share/vda_dbot_nav_slam/config/twist_mux.yaml
-- Installing: /home/dbot2/dbot_vda5050_ilmatar/src/vda_dbot_nav_slam/install/vda_dbot_nav_slam/share/vda_dbot_nav_slam/config/nav2_params.yaml
-- Installing: /home/dbot2/dbot_vda5050_ilmatar/src/vda_dbot_nav_slam/install/vda_dbot_nav_slam/share/vda_dbot_nav_slam/description
-- Installing: /home/dbot2/dbot_vda5050_ilmatar/src/vda_dbot_nav_slam/install/vda_dbot_nav_slam/share/vda_dbot_nav_slam/description/ros2_control.xacro
-- Installing: /home/dbot2/dbot_vda5050_ilmatar/src/vda_dbot_nav_slam/install/vda_dbot_nav_slam/share/vda_dbot_nav_slam/description/robot_core.xacro
-- Installing: /home/dbot2/dbot_vda5050_ilmatar/src/vda_dbot_nav_slam/install/vda_dbot_nav_slam/share/vda_dbot_nav_slam/description/robot.urdf.xacro
-- Installing: /home/dbot2/dbot_vda5050_ilmatar/src/vda_dbot_nav_slam/install/vda_dbot_nav_slam/share/vda_dbot_nav_slam/description/inertial_macros.xacro
-- Installing: /home/dbot2/dbot_vda5050_ilmatar/src/vda_dbot_nav_slam/install/vda_dbot_nav_slam/share/vda_dbot_nav_slam/launch
-- Installing: /home/dbot2/dbot_vda5050_ilmatar/src/vda_dbot_nav_slam/install/vda_dbot_nav_slam/share/vda_dbot_nav_slam/launch/navigation_launch.py
-- Installing: /home/dbot2/dbot_vda5050_ilmatar/src/vda_dbot_nav_slam/install/vda_dbot_nav_slam/share/vda_dbot_nav_slam/launch/auto_nav_dbot_launch.py
-- Installing: /home/dbot2/dbot_vda5050_ilmatar/src/vda_dbot_nav_slam/install/vda_dbot_nav_slam/share/vda_dbot_nav_slam/launch/launch_robot.launch.py
-- Installing: /home/dbot2/dbot_vda5050_ilmatar/src/vda_dbot_nav_slam/install/vda_dbot_nav_slam/share/vda_dbot_nav_slam/launch/emq_mqtt_auto_launch.py
-- Installing: /home/dbot2/dbot_vda5050_ilmatar/src/vda_dbot_nav_slam/install/vda_dbot_nav_slam/share/vda_dbot_nav_slam/launch/localization_launch.py
-- Installing: /home/dbot2/dbot_vda5050_ilmatar/src/vda_dbot_nav_slam/install/vda_dbot_nav_slam/share/vda_dbot_nav_slam/launch/rsp.launch.py
-- Installing: /home/dbot2/dbot_vda5050_ilmatar/src/vda_dbot_nav_slam/install/vda_dbot_nav_slam/share/vda_dbot_nav_slam/launch/online_async_launch.py
-- Installing: /home/dbot2/dbot_vda5050_ilmatar/src/vda_dbot_nav_slam/install/vda_dbot_nav_slam/share/vda_dbot_nav_slam/maps
-- Installing: /home/dbot2/dbot_vda5050_ilmatar/src/vda_dbot_nav_slam/install/vda_dbot_nav_slam/share/vda_dbot_nav_slam/maps/clean_df_map.yaml
-- Installing: /home/dbot2/dbot_vda5050_ilmatar/src/vda_dbot_nav_slam/install/vda_dbot_nav_slam/share/vda_dbot_nav_slam/maps/office_map_localize.data
-- Installing: /home/dbot2/dbot_vda5050_ilmatar/src/vda_dbot_nav_slam/install/vda_dbot_nav_slam/share/vda_dbot_nav_slam/maps/office_map_serial.posegraph
-- Installing: /home/dbot2/dbot_vda5050_ilmatar/src/vda_dbot_nav_slam/install/vda_dbot_nav_slam/share/vda_dbot_nav_slam/maps/office_map_serial.data
-- Installing: /home/dbot2/dbot_vda5050_ilmatar/src/vda_dbot_nav_slam/install/vda_dbot_nav_slam/share/vda_dbot_nav_slam/maps/clean_df_map.pgm
-- Installing: /home/dbot2/dbot_vda5050_ilmatar/src/vda_dbot_nav_slam/install/vda_dbot_nav_slam/share/vda_dbot_nav_slam/maps/office_map_localize.posegraph
-- Installing: /home/dbot2/dbot_vda5050_ilmatar/src/vda_dbot_nav_slam/install/vda_dbot_nav_slam/share/vda_dbot_nav_slam/maps/cage.pgm
-- Installing: /home/dbot2/dbot_vda5050_ilmatar/src/vda_dbot_nav_slam/install/vda_dbot_nav_slam/share/vda_dbot_nav_slam/maps/office_map.pgm
-- Installing: /home/dbot2/dbot_vda5050_ilmatar/src/vda_dbot_nav_slam/install/vda_dbot_nav_slam/share/vda_dbot_nav_slam/maps/cage.yaml
-- Installing: /home/dbot2/dbot_vda5050_ilmatar/src/vda_dbot_nav_slam/install/vda_dbot_nav_slam/share/vda_dbot_nav_slam/maps/office_map.yaml
-- Installing: /home/dbot2/dbot_vda5050_ilmatar/src/vda_dbot_nav_slam/install/vda_dbot_nav_slam/share/vda_dbot_nav_slam/maps/DF_map.pgm
-- Installing: /home/dbot2/dbot_vda5050_ilmatar/src/vda_dbot_nav_slam/install/vda_dbot_nav_slam/share/vda_dbot_nav_slam/maps/DF_map.yaml
-- Installing: /home/dbot2/dbot_vda5050_ilmatar/src/vda_dbot_nav_slam/install/vda_dbot_nav_slam/share/vda_dbot_nav_slam/scripts
-- Installing: /home/dbot2/dbot_vda5050_ilmatar/src/vda_dbot_nav_slam/install/vda_dbot_nav_slam/share/vda_dbot_nav_slam/scripts/emq_mqtt_inspection.py
-- Installing: /home/dbot2/dbot_vda5050_ilmatar/src/vda_dbot_nav_slam/install/vda_dbot_nav_slam/share/vda_dbot_nav_slam/scripts/mqtt_inspection.py
-- Installing: /home/dbot2/dbot_vda5050_ilmatar/src/vda_dbot_nav_slam/install/vda_dbot_nav_slam/share/vda_dbot_nav_slam/scripts/remote_control.py
-- Installing: /home/dbot2/dbot_vda5050_ilmatar/src/vda_dbot_nav_slam/install/vda_dbot_nav_slam/share/vda_dbot_nav_slam/scripts/test_full.py
-- Installing: /home/dbot2/dbot_vda5050_ilmatar/src/vda_dbot_nav_slam/install/vda_dbot_nav_slam/share/vda_dbot_nav_slam/scripts/DF_inspection_route.py
-- Installing: /home/dbot2/dbot_vda5050_ilmatar/src/vda_dbot_nav_slam/install/vda_dbot_nav_slam/share/vda_dbot_nav_slam/scripts/emca.crt
-- Installing: /home/dbot2/dbot_vda5050_ilmatar/src/vda_dbot_nav_slam/install/vda_dbot_nav_slam/share/vda_dbot_nav_slam/scripts/single_goalpose.py
-- Installing: /home/dbot2/dbot_vda5050_ilmatar/src/vda_dbot_nav_slam/install/vda_dbot_nav_slam/share/vda_dbot_nav_slam/scripts/nav_through_poses.py
-- Installing: /home/dbot2/dbot_vda5050_ilmatar/src/vda_dbot_nav_slam/install/vda_dbot_nav_slam/share/vda_dbot_nav_slam/scripts/emq_mqtt_vel_msg_sub.py
-- Installing: /home/dbot2/dbot_vda5050_ilmatar/src/vda_dbot_nav_slam/install/vda_dbot_nav_slam/share/vda_dbot_nav_slam/scripts/emqxsl-ca.crt
-- Installing: /home/dbot2/dbot_vda5050_ilmatar/src/vda_dbot_nav_slam/install/vda_dbot_nav_slam/share/vda_dbot_nav_slam/scripts/vel_msg_sub.py
-- Installing: /home/dbot2/dbot_vda5050_ilmatar/src/vda_dbot_nav_slam/install/vda_dbot_nav_slam/share/vda_dbot_nav_slam/scripts/pose_subscriber.py
-- Installing: /home/dbot2/dbot_vda5050_ilmatar/src/vda_dbot_nav_slam/install/vda_dbot_nav_slam/share/vda_dbot_nav_slam/scripts/mqtt.py
-- Installing: /home/dbot2/dbot_vda5050_ilmatar/src/vda_dbot_nav_slam/install/vda_dbot_nav_slam/share/vda_dbot_nav_slam/scripts/.mqtt_dbot.py.swp
-- Installing: /home/dbot2/dbot_vda5050_ilmatar/src/vda_dbot_nav_slam/install/vda_dbot_nav_slam/share/vda_dbot_nav_slam/scripts/mqtt_original.py
-- Installing: /home/dbot2/dbot_vda5050_ilmatar/src/vda_dbot_nav_slam/install/vda_dbot_nav_slam/share/vda_dbot_nav_slam/scripts/mqtt_dbot.py
-- Up-to-date: /home/dbot2/dbot_vda5050_ilmatar/src/vda_dbot_nav_slam/install/vda_dbot_nav_slam/share/vda_dbot_nav_slam//launch
-- Up-to-date: /home/dbot2/dbot_vda5050_ilmatar/src/vda_dbot_nav_slam/install/vda_dbot_nav_slam/share/vda_dbot_nav_slam//launch/navigation_launch.py
-- Up-to-date: /home/dbot2/dbot_vda5050_ilmatar/src/vda_dbot_nav_slam/install/vda_dbot_nav_slam/share/vda_dbot_nav_slam//launch/auto_nav_dbot_launch.py
-- Up-to-date: /home/dbot2/dbot_vda5050_ilmatar/src/vda_dbot_nav_slam/install/vda_dbot_nav_slam/share/vda_dbot_nav_slam//launch/launch_robot.launch.py
-- Up-to-date: /home/dbot2/dbot_vda5050_ilmatar/src/vda_dbot_nav_slam/install/vda_dbot_nav_slam/share/vda_dbot_nav_slam//launch/emq_mqtt_auto_launch.py
-- Up-to-date: /home/dbot2/dbot_vda5050_ilmatar/src/vda_dbot_nav_slam/install/vda_dbot_nav_slam/share/vda_dbot_nav_slam//launch/localization_launch.py
-- Up-to-date: /home/dbot2/dbot_vda5050_ilmatar/src/vda_dbot_nav_slam/install/vda_dbot_nav_slam/share/vda_dbot_nav_slam//launch/rsp.launch.py
-- Up-to-date: /home/dbot2/dbot_vda5050_ilmatar/src/vda_dbot_nav_slam/install/vda_dbot_nav_slam/share/vda_dbot_nav_slam//launch/online_async_launch.py
-- Installing: /home/dbot2/dbot_vda5050_ilmatar/src/vda_dbot_nav_slam/install/vda_dbot_nav_slam/lib/vda_dbot_nav_slam/nav_through_poses.py
-- Installing: /home/dbot2/dbot_vda5050_ilmatar/src/vda_dbot_nav_slam/install/vda_dbot_nav_slam/lib/vda_dbot_nav_slam/emq_mqtt_inspection.py
-- Installing: /home/dbot2/dbot_vda5050_ilmatar/src/vda_dbot_nav_slam/install/vda_dbot_nav_slam/lib/vda_dbot_nav_slam/emq_mqtt_vel_msg_sub.py
-- Installing: /home/dbot2/dbot_vda5050_ilmatar/src/vda_dbot_nav_slam/install/vda_dbot_nav_slam/share/ament_index/resource_index/package_run_dependencies/vda_dbot_nav_slam
-- Installing: /home/dbot2/dbot_vda5050_ilmatar/src/vda_dbot_nav_slam/install/vda_dbot_nav_slam/share/ament_index/resource_index/parent_prefix_path/vda_dbot_nav_slam
-- Installing: /home/dbot2/dbot_vda5050_ilmatar/src/vda_dbot_nav_slam/install/vda_dbot_nav_slam/share/vda_dbot_nav_slam/environment/ament_prefix_path.sh
-- Installing: /home/dbot2/dbot_vda5050_ilmatar/src/vda_dbot_nav_slam/install/vda_dbot_nav_slam/share/vda_dbot_nav_slam/environment/ament_prefix_path.dsv
-- Installing: /home/dbot2/dbot_vda5050_ilmatar/src/vda_dbot_nav_slam/install/vda_dbot_nav_slam/share/vda_dbot_nav_slam/environment/path.sh
-- Installing: /home/dbot2/dbot_vda5050_ilmatar/src/vda_dbot_nav_slam/install/vda_dbot_nav_slam/share/vda_dbot_nav_slam/environment/path.dsv
-- Installing: /home/dbot2/dbot_vda5050_ilmatar/src/vda_dbot_nav_slam/install/vda_dbot_nav_slam/share/vda_dbot_nav_slam/local_setup.bash
-- Installing: /home/dbot2/dbot_vda5050_ilmatar/src/vda_dbot_nav_slam/install/vda_dbot_nav_slam/share/vda_dbot_nav_slam/local_setup.sh
-- Installing: /home/dbot2/dbot_vda5050_ilmatar/src/vda_dbot_nav_slam/install/vda_dbot_nav_slam/share/vda_dbot_nav_slam/local_setup.zsh
-- Installing: /home/dbot2/dbot_vda5050_ilmatar/src/vda_dbot_nav_slam/install/vda_dbot_nav_slam/share/vda_dbot_nav_slam/local_setup.dsv
-- Installing: /home/dbot2/dbot_vda5050_ilmatar/src/vda_dbot_nav_slam/install/vda_dbot_nav_slam/share/vda_dbot_nav_slam/package.dsv
-- Installing: /home/dbot2/dbot_vda5050_ilmatar/src/vda_dbot_nav_slam/install/vda_dbot_nav_slam/share/ament_index/resource_index/packages/vda_dbot_nav_slam
-- Installing: /home/dbot2/dbot_vda5050_ilmatar/src/vda_dbot_nav_slam/install/vda_dbot_nav_slam/share/vda_dbot_nav_slam/cmake/vda_dbot_nav_slamConfig.cmake
-- Installing: /home/dbot2/dbot_vda5050_ilmatar/src/vda_dbot_nav_slam/install/vda_dbot_nav_slam/share/vda_dbot_nav_slam/cmake/vda_dbot_nav_slamConfig-version.cmake
-- Installing: /home/dbot2/dbot_vda5050_ilmatar/src/vda_dbot_nav_slam/install/vda_dbot_nav_slam/share/vda_dbot_nav_slam/package.xml
