[5.074s] Invoking command in '/home/dbot2/dbot_vda5050_ilmatar/src/tf2_dbot': PYTHONPATH=/home/dbot2/dbot_vda5050_ilmatar/build/tf2_dbot/prefix_override:/usr/lib/python3/dist-packages/colcon_core/task/python/colcon_distutils_commands:/home/dbot2/dbot_vda5050_ilmatar/install/tf2_dbot/lib/python3.10/site-packages:${PYTHONPATH} /usr/bin/python3 -W ignore:setup.py install is deprecated -W ignore:easy_install command is deprecated setup.py egg_info --egg-base ../../build/tf2_dbot build --build-base /home/dbot2/dbot_vda5050_ilmatar/build/tf2_dbot/build install --record /home/dbot2/dbot_vda5050_ilmatar/build/tf2_dbot/install.log --single-version-externally-managed install_data
[6.089s] running egg_info
[6.090s] writing ../../build/tf2_dbot/tf2_dbot.egg-info/PKG-INFO
[6.090s] writing dependency_links to ../../build/tf2_dbot/tf2_dbot.egg-info/dependency_links.txt
[6.096s] writing entry points to ../../build/tf2_dbot/tf2_dbot.egg-info/entry_points.txt
[6.096s] writing requirements to ../../build/tf2_dbot/tf2_dbot.egg-info/requires.txt
[6.096s] writing top-level names to ../../build/tf2_dbot/tf2_dbot.egg-info/top_level.txt
[6.097s] reading manifest file '../../build/tf2_dbot/tf2_dbot.egg-info/SOURCES.txt'
[6.097s] adding license file 'LICENSE'
[6.097s] writing manifest file '../../build/tf2_dbot/tf2_dbot.egg-info/SOURCES.txt'
[6.097s] running build
[6.097s] running build_py
[6.097s] running install
[6.097s] running install_lib
[6.097s] running install_data
[6.097s] running install_egg_info
[6.097s] removing '/home/dbot2/dbot_vda5050_ilmatar/install/tf2_dbot/lib/python3.10/site-packages/tf2_dbot-0.0.0-py3.10.egg-info' (and everything under it)
[6.097s] Copying ../../build/tf2_dbot/tf2_dbot.egg-info to /home/dbot2/dbot_vda5050_ilmatar/install/tf2_dbot/lib/python3.10/site-packages/tf2_dbot-0.0.0-py3.10.egg-info
[6.097s] running install_scripts
[6.097s] Installing odom_baselink_broadcaster script to /home/dbot2/dbot_vda5050_ilmatar/install/tf2_dbot/lib/tf2_dbot
[6.097s] writing list of installed files to '/home/dbot2/dbot_vda5050_ilmatar/build/tf2_dbot/install.log'
[6.105s] Invoked command in '/home/dbot2/dbot_vda5050_ilmatar/src/tf2_dbot' returned '0': PYTHONPATH=/home/dbot2/dbot_vda5050_ilmatar/build/tf2_dbot/prefix_override:/usr/lib/python3/dist-packages/colcon_core/task/python/colcon_distutils_commands:/home/dbot2/dbot_vda5050_ilmatar/install/tf2_dbot/lib/python3.10/site-packages:${PYTHONPATH} /usr/bin/python3 -W ignore:setup.py install is deprecated -W ignore:easy_install command is deprecated setup.py egg_info --egg-base ../../build/tf2_dbot build --build-base /home/dbot2/dbot_vda5050_ilmatar/build/tf2_dbot/build install --record /home/dbot2/dbot_vda5050_ilmatar/build/tf2_dbot/install.log --single-version-externally-managed install_data
