[4.812s] Invoking command in '/home/dbot2/dbot_vda5050_ilmatar/src/dbot': PYTHONPATH=/home/dbot2/dbot_vda5050_ilmatar/build/dbot/prefix_override:/usr/lib/python3/dist-packages/colcon_core/task/python/colcon_distutils_commands:/home/dbot2/dbot_vda5050_ilmatar/install/dbot/lib/python3.10/site-packages:${PYTHONPATH} /usr/bin/python3 -W ignore:setup.py install is deprecated -W ignore:easy_install command is deprecated setup.py egg_info --egg-base ../../build/dbot build --build-base /home/dbot2/dbot_vda5050_ilmatar/build/dbot/build install --record /home/dbot2/dbot_vda5050_ilmatar/build/dbot/install.log --single-version-externally-managed install_data
[6.031s] running egg_info
[6.032s] writing ../../build/dbot/dbot.egg-info/PKG-INFO
[6.034s] writing dependency_links to ../../build/dbot/dbot.egg-info/dependency_links.txt
[6.034s] writing entry points to ../../build/dbot/dbot.egg-info/entry_points.txt
[6.035s] writing requirements to ../../build/dbot/dbot.egg-info/requires.txt
[6.035s] writing top-level names to ../../build/dbot/dbot.egg-info/top_level.txt
[6.058s] reading manifest file '../../build/dbot/dbot.egg-info/SOURCES.txt'
[6.060s] adding license file 'LICENSE'
[6.060s] writing manifest file '../../build/dbot/dbot.egg-info/SOURCES.txt'
[6.060s] running build
[6.061s] running build_py
[6.062s] running install
[6.062s] running install_lib
[6.070s] running install_data
[6.071s] running install_egg_info
[6.084s] removing '/home/dbot2/dbot_vda5050_ilmatar/install/dbot/lib/python3.10/site-packages/dbot-0.0.0-py3.10.egg-info' (and everything under it)
[6.084s] Copying ../../build/dbot/dbot.egg-info to /home/dbot2/dbot_vda5050_ilmatar/install/dbot/lib/python3.10/site-packages/dbot-0.0.0-py3.10.egg-info
[6.086s] running install_scripts
[6.162s] writing list of installed files to '/home/dbot2/dbot_vda5050_ilmatar/build/dbot/install.log'
[7.043s] Invoked command in '/home/dbot2/dbot_vda5050_ilmatar/src/dbot' returned '0': PYTHONPATH=/home/dbot2/dbot_vda5050_ilmatar/build/dbot/prefix_override:/usr/lib/python3/dist-packages/colcon_core/task/python/colcon_distutils_commands:/home/dbot2/dbot_vda5050_ilmatar/install/dbot/lib/python3.10/site-packages:${PYTHONPATH} /usr/bin/python3 -W ignore:setup.py install is deprecated -W ignore:easy_install command is deprecated setup.py egg_info --egg-base ../../build/dbot build --build-base /home/dbot2/dbot_vda5050_ilmatar/build/dbot/build install --record /home/dbot2/dbot_vda5050_ilmatar/build/dbot/install.log --single-version-externally-managed install_data
