[0.010s] Invoking command in '/home/dbot2/dbot_vda5050_ilmatar/build/vda5050_connector': CMAKE_PREFIX_PATH=/home/dbot2/dbot_vda5050_ilmatar/install/vda5050_msgs:/home/dbot2/dbot_vda5050_ilmatar/install/vda_dbot_nav_slam:/home/dbot2/dbot_vda5050_ilmatar/install/vda5050_connector:/home/dbot2/dbot_vda5050_ilmatar/install/odometry_estimator:/home/dbot2/dbot_vda5050_ilmatar/install/dbot_nav_slam:/home/dbot2/dbot_vda5050_ilmatar/install/dbot_custom_msgs:/home/dbot2/dbot_vda5050_ilmatar/install/crane_dbot:/home/dbot2/dbot_src/install/odometry_estimator:/home/dbot2/dbot_src/install/dbot_custom_msgs:/home/dbot2/dbot_remote/install/pointcloud_saver:/home/dbot2/circus_demo/install/pcl_localization_ros2:/home/dbot2/circus_demo/install/ndt_omp_ros2:/home/dbot2/ros2_ws/install/odometry_estimator:/home/dbot2/ros2_ws/install/dbot_nav_slam:/home/dbot2/ros2_ws/install/dbot_custom_msgs:/home/dbot2/ros2_ws/install/ament_lint_common:/home/dbot2/ros2_ws/install/ament_cmake_xmllint:/home/dbot2/ros2_ws/install/ament_cmake_uncrustify:/home/dbot2/ros2_ws/install/ament_cmake_pyflakes:/home/dbot2/ros2_ws/install/ament_cmake_pycodestyle:/home/dbot2/ros2_ws/install/ament_cmake_pep257:/home/dbot2/ros2_ws/install/ament_cmake_pclint:/home/dbot2/ros2_ws/install/ament_cmake_mypy:/home/dbot2/ros2_ws/install/ament_cmake_lint_cmake:/home/dbot2/ros2_ws/install/ament_lint_auto:/home/dbot2/ros2_ws/install/ament_cmake_flake8:/home/dbot2/ros2_ws/install/ament_cmake_copyright:/home/dbot2/ros2_ws/install/ament_cmake_cpplint:/home/dbot2/ros2_ws/install/ament_cmake_cppcheck:/home/dbot2/ros2_ws/install/ament_cmake_clang_tidy:/home/dbot2/ros2_ws/install/ament_cmake_clang_format:/home/dbot2/dbot_vda5050_ilmatar/install/vda5050_tb3_adapter:/home/dbot2/dbot_vda5050_ilmatar/install/vda5050_adapter:/home/dbot2/dbot_vda5050_ilmatar/install/tf2_dbot:/home/dbot2/dbot_vda5050_ilmatar/install/odom_motion_model:/home/dbot2/dbot_vda5050_ilmatar/install/motor_driver:/home/dbot2/dbot_vda5050_ilmatar/install/joycontrol:/home/dbot2/dbot_vda5050_ilmatar/install/gesturecontrol:/home/dbot2/dbot_vda5050_ilmatar/install/dbot_bridge:/home/dbot2/dbot_vda5050_ilmatar/install/dbot:/home/dbot2/dbot_src/install/tf2_dbot:/home/dbot2/dbot_src/install/odom_motion_model:/home/dbot2/dbot_src/install/motor_driver:/home/dbot2/dbot_src/install/joycontrol:/home/dbot2/dbot_src/install/dbot:/home/dbot2/dbot_remote/install/pcd_joy_trigger:/home/dbot2/circus_demo/install/circus_demo:/home/dbot2/ros2_ws/install/tf2_dbot:/home/dbot2/ros2_ws/install/odom_motion_model:/home/dbot2/ros2_ws/install/motor_driver:/home/dbot2/ros2_ws/install/joycontrol:/home/dbot2/ros2_ws/install/gesturecontrol:/home/dbot2/ros2_ws/install/dbot_bridge:/home/dbot2/ros2_ws/install/dbot:/home/dbot2/ros2_ws/install/ament_xmllint:/home/dbot2/ros2_ws/install/ament_uncrustify:/home/dbot2/ros2_ws/install/ament_pyflakes:/home/dbot2/ros2_ws/install/ament_pycodestyle:/home/dbot2/ros2_ws/install/ament_pep257:/home/dbot2/ros2_ws/install/ament_pclint:/home/dbot2/ros2_ws/install/ament_mypy:/home/dbot2/ros2_ws/install/ament_lint_cmake:/home/dbot2/ros2_ws/install/ament_flake8:/home/dbot2/ros2_ws/install/ament_copyright:/home/dbot2/ros2_ws/install/ament_lint:/home/dbot2/ros2_ws/install/ament_cpplint:/home/dbot2/ros2_ws/install/ament_cppcheck:/home/dbot2/ros2_ws/install/ament_clang_tidy:/home/dbot2/ros2_ws/install/ament_clang_format:/opt/ros/humble LD_LIBRARY_PATH=/home/dbot2/dbot_vda5050_ilmatar/install/vda5050_msgs/lib:/home/dbot2/dbot_vda5050_ilmatar/install/vda5050_connector/lib:/home/dbot2/dbot_vda5050_ilmatar/install/dbot_custom_msgs/lib:/home/dbot2/dbot_src/install/dbot_custom_msgs/lib:/home/dbot2/circus_demo/install/pcl_localization_ros2/lib:/home/dbot2/ros2_ws/install/dbot_custom_msgs/lib:/opt/ros/humble/opt/rviz_ogre_vendor/lib:/opt/ros/humble/lib/x86_64-linux-gnu:/opt/ros/humble/lib /usr/bin/cmake /home/dbot2/dbot_vda5050_ilmatar/src/vda5050_connector -DAMENT_CMAKE_SYMLINK_INSTALL=1 -DCMAKE_INSTALL_PREFIX=/home/dbot2/dbot_vda5050_ilmatar/install/vda5050_connector
[0.046s] -- The C compiler identification is GNU 11.4.0
[0.083s] -- The CXX compiler identification is GNU 11.4.0
[0.087s] -- Detecting C compiler ABI info
[0.131s] -- Detecting C compiler ABI info - done
[0.135s] -- Check for working C compiler: /usr/bin/cc - skipped
[0.136s] -- Detecting C compile features
[0.136s] -- Detecting C compile features - done
[0.138s] -- Detecting CXX compiler ABI info
[0.197s] -- Detecting CXX compiler ABI info - done
[0.202s] -- Check for working CXX compiler: /usr/bin/c++ - skipped
[0.202s] -- Detecting CXX compile features
[0.203s] -- Detecting CXX compile features - done
[0.208s] -- Found ament_cmake: 1.3.11 (/opt/ros/humble/share/ament_cmake/cmake)
[0.378s] -- Found Python3: /usr/bin/python3 (found version "3.10.12") found components: Interpreter 
[0.442s] -- Override CMake install command with custom implementation using symlinks instead of copying resources
[0.497s] -- Found ament_cmake_ros: 0.10.0 (/opt/ros/humble/share/ament_cmake_ros/cmake)
[0.522s] -- Found pluginlib: 5.1.0 (/opt/ros/humble/share/pluginlib/cmake)
[0.574s] -- Found rclcpp_action: 16.0.12 (/opt/ros/humble/share/rclcpp_action/cmake)
[0.618s] -- Found rosidl_generator_c: 3.1.6 (/opt/ros/humble/share/rosidl_generator_c/cmake)
[0.627s] -- Found rosidl_adapter: 3.1.6 (/opt/ros/humble/share/rosidl_adapter/cmake)
[0.638s] -- Found rosidl_generator_cpp: 3.1.6 (/opt/ros/humble/share/rosidl_generator_cpp/cmake)
[0.652s] -- Using all available rosidl_typesupport_c: rosidl_typesupport_fastrtps_c;rosidl_typesupport_introspection_c
[0.667s] -- Using all available rosidl_typesupport_cpp: rosidl_typesupport_fastrtps_cpp;rosidl_typesupport_introspection_cpp
[0.760s] -- Found rmw_implementation_cmake: 6.1.2 (/opt/ros/humble/share/rmw_implementation_cmake/cmake)
[0.766s] -- Found rmw_fastrtps_cpp: 6.2.7 (/opt/ros/humble/share/rmw_fastrtps_cpp/cmake)
[0.796s] -- Found TinyXML2 via Config file: TinyXML2_DIR-NOTFOUND
[0.833s] -- Found OpenSSL: /usr/lib/x86_64-linux-gnu/libcrypto.so (found version "3.0.2")  
[0.835s] -- Found TinyXML2 via Config file: TinyXML2_DIR-NOTFOUND
[0.846s] -- Found FastRTPS: /opt/ros/humble/include  
[0.848s] -- Found TinyXML2 via Config file: TinyXML2_DIR-NOTFOUND
[0.854s] -- Found TinyXML2 via Config file: TinyXML2_DIR-NOTFOUND
[0.862s] -- Using RMW implementation 'rmw_fastrtps_cpp' as default
[0.875s] -- Looking for pthread.h
[0.922s] -- Looking for pthread.h - found
[0.923s] -- Performing Test CMAKE_HAVE_LIBC_PTHREAD
[0.974s] -- Performing Test CMAKE_HAVE_LIBC_PTHREAD - Success
[0.975s] -- Found Threads: TRUE  
[1.032s] -- Found rclpy: 3.3.16 (/opt/ros/humble/share/rclpy/cmake)
[1.036s] -- Found rosidl_default_generators: 1.2.0 (/opt/ros/humble/share/rosidl_default_generators/cmake)
[1.052s] -- Found tf2: 0.25.13 (/opt/ros/humble/share/tf2/cmake)
[1.066s] -- Found vda5050_msgs: 1.1.1 (/home/dbot2/dbot_vda5050_ilmatar/install/vda5050_msgs/share/vda5050_msgs/cmake)
[1.401s] -- Found ament_cmake_cppcheck: 0.20.1 (/home/dbot2/ros2_ws/install/ament_cmake_cppcheck/share/ament_cmake_cppcheck/cmake)
[1.403s] -- Found ament_cmake_cpplint: 0.20.1 (/home/dbot2/ros2_ws/install/ament_cmake_cpplint/share/ament_cmake_cpplint/cmake)
[1.405s] -- Found ament_cmake_uncrustify: 0.20.1 (/home/dbot2/ros2_ws/install/ament_cmake_uncrustify/share/ament_cmake_uncrustify/cmake)
[1.855s] -- Using all available rosidl_typesupport_c: rosidl_typesupport_fastrtps_c;rosidl_typesupport_introspection_c
[2.033s] -- Using all available rosidl_typesupport_cpp: rosidl_typesupport_fastrtps_cpp;rosidl_typesupport_introspection_cpp
[2.058s] -- Found PythonInterp: /usr/bin/python3 (found suitable version "3.10.12", minimum required is "3.6") 
[2.062s] -- Found python_cmake_module: 0.10.0 (/opt/ros/humble/share/python_cmake_module/cmake)
[2.091s] -- Found PythonLibs: /usr/lib/x86_64-linux-gnu/libpython3.10.so (found suitable version "3.10.12", minimum required is "3.5") 
[2.091s] -- Using PYTHON_EXECUTABLE: /usr/bin/python3
[2.091s] -- Using PYTHON_INCLUDE_DIRS: /usr/include/python3.10
[2.091s] -- Using PYTHON_LIBRARIES: /usr/lib/x86_64-linux-gnu/libpython3.10.so
[2.115s] -- Found PythonExtra: .so  
[2.225s] -- Found ament_cmake_flake8: 0.20.1 (/home/dbot2/ros2_ws/install/ament_cmake_flake8/share/ament_cmake_flake8/cmake)
[2.227s] -- Found ament_cmake_pep257: 0.20.1 (/home/dbot2/ros2_ws/install/ament_cmake_pep257/share/ament_cmake_pep257/cmake)
[2.247s] -- Found ament_cmake_clang_format: 0.20.1 (/home/dbot2/ros2_ws/install/ament_cmake_clang_format/share/ament_cmake_clang_format/cmake)
[2.249s] -- Found ament_cmake_copyright: 0.20.1 (/home/dbot2/ros2_ws/install/ament_cmake_copyright/share/ament_cmake_copyright/cmake)
[2.609s] -- Found gtest sources under '/opt/ros/humble/src/gtest_vendor': C++ tests using 'Google Test' will be built
[2.635s] -- Configuring done
[2.678s] -- Generating done
[2.694s] -- Build files have been written to: /home/dbot2/dbot_vda5050_ilmatar/build/vda5050_connector
[2.703s] Invoked command in '/home/dbot2/dbot_vda5050_ilmatar/build/vda5050_connector' returned '0': CMAKE_PREFIX_PATH=/home/dbot2/dbot_vda5050_ilmatar/install/vda5050_msgs:/home/dbot2/dbot_vda5050_ilmatar/install/vda_dbot_nav_slam:/home/dbot2/dbot_vda5050_ilmatar/install/vda5050_connector:/home/dbot2/dbot_vda5050_ilmatar/install/odometry_estimator:/home/dbot2/dbot_vda5050_ilmatar/install/dbot_nav_slam:/home/dbot2/dbot_vda5050_ilmatar/install/dbot_custom_msgs:/home/dbot2/dbot_vda5050_ilmatar/install/crane_dbot:/home/dbot2/dbot_src/install/odometry_estimator:/home/dbot2/dbot_src/install/dbot_custom_msgs:/home/dbot2/dbot_remote/install/pointcloud_saver:/home/dbot2/circus_demo/install/pcl_localization_ros2:/home/dbot2/circus_demo/install/ndt_omp_ros2:/home/dbot2/ros2_ws/install/odometry_estimator:/home/dbot2/ros2_ws/install/dbot_nav_slam:/home/dbot2/ros2_ws/install/dbot_custom_msgs:/home/dbot2/ros2_ws/install/ament_lint_common:/home/dbot2/ros2_ws/install/ament_cmake_xmllint:/home/dbot2/ros2_ws/install/ament_cmake_uncrustify:/home/dbot2/ros2_ws/install/ament_cmake_pyflakes:/home/dbot2/ros2_ws/install/ament_cmake_pycodestyle:/home/dbot2/ros2_ws/install/ament_cmake_pep257:/home/dbot2/ros2_ws/install/ament_cmake_pclint:/home/dbot2/ros2_ws/install/ament_cmake_mypy:/home/dbot2/ros2_ws/install/ament_cmake_lint_cmake:/home/dbot2/ros2_ws/install/ament_lint_auto:/home/dbot2/ros2_ws/install/ament_cmake_flake8:/home/dbot2/ros2_ws/install/ament_cmake_copyright:/home/dbot2/ros2_ws/install/ament_cmake_cpplint:/home/dbot2/ros2_ws/install/ament_cmake_cppcheck:/home/dbot2/ros2_ws/install/ament_cmake_clang_tidy:/home/dbot2/ros2_ws/install/ament_cmake_clang_format:/home/dbot2/dbot_vda5050_ilmatar/install/vda5050_tb3_adapter:/home/dbot2/dbot_vda5050_ilmatar/install/vda5050_adapter:/home/dbot2/dbot_vda5050_ilmatar/install/tf2_dbot:/home/dbot2/dbot_vda5050_ilmatar/install/odom_motion_model:/home/dbot2/dbot_vda5050_ilmatar/install/motor_driver:/home/dbot2/dbot_vda5050_ilmatar/install/joycontrol:/home/dbot2/dbot_vda5050_ilmatar/install/gesturecontrol:/home/dbot2/dbot_vda5050_ilmatar/install/dbot_bridge:/home/dbot2/dbot_vda5050_ilmatar/install/dbot:/home/dbot2/dbot_src/install/tf2_dbot:/home/dbot2/dbot_src/install/odom_motion_model:/home/dbot2/dbot_src/install/motor_driver:/home/dbot2/dbot_src/install/joycontrol:/home/dbot2/dbot_src/install/dbot:/home/dbot2/dbot_remote/install/pcd_joy_trigger:/home/dbot2/circus_demo/install/circus_demo:/home/dbot2/ros2_ws/install/tf2_dbot:/home/dbot2/ros2_ws/install/odom_motion_model:/home/dbot2/ros2_ws/install/motor_driver:/home/dbot2/ros2_ws/install/joycontrol:/home/dbot2/ros2_ws/install/gesturecontrol:/home/dbot2/ros2_ws/install/dbot_bridge:/home/dbot2/ros2_ws/install/dbot:/home/dbot2/ros2_ws/install/ament_xmllint:/home/dbot2/ros2_ws/install/ament_uncrustify:/home/dbot2/ros2_ws/install/ament_pyflakes:/home/dbot2/ros2_ws/install/ament_pycodestyle:/home/dbot2/ros2_ws/install/ament_pep257:/home/dbot2/ros2_ws/install/ament_pclint:/home/dbot2/ros2_ws/install/ament_mypy:/home/dbot2/ros2_ws/install/ament_lint_cmake:/home/dbot2/ros2_ws/install/ament_flake8:/home/dbot2/ros2_ws/install/ament_copyright:/home/dbot2/ros2_ws/install/ament_lint:/home/dbot2/ros2_ws/install/ament_cpplint:/home/dbot2/ros2_ws/install/ament_cppcheck:/home/dbot2/ros2_ws/install/ament_clang_tidy:/home/dbot2/ros2_ws/install/ament_clang_format:/opt/ros/humble LD_LIBRARY_PATH=/home/dbot2/dbot_vda5050_ilmatar/install/vda5050_msgs/lib:/home/dbot2/dbot_vda5050_ilmatar/install/vda5050_connector/lib:/home/dbot2/dbot_vda5050_ilmatar/install/dbot_custom_msgs/lib:/home/dbot2/dbot_src/install/dbot_custom_msgs/lib:/home/dbot2/circus_demo/install/pcl_localization_ros2/lib:/home/dbot2/ros2_ws/install/dbot_custom_msgs/lib:/opt/ros/humble/opt/rviz_ogre_vendor/lib:/opt/ros/humble/lib/x86_64-linux-gnu:/opt/ros/humble/lib /usr/bin/cmake /home/dbot2/dbot_vda5050_ilmatar/src/vda5050_connector -DAMENT_CMAKE_SYMLINK_INSTALL=1 -DCMAKE_INSTALL_PREFIX=/home/dbot2/dbot_vda5050_ilmatar/install/vda5050_connector
[2.704s] Invoking command in '/home/dbot2/dbot_vda5050_ilmatar/build/vda5050_connector': CMAKE_PREFIX_PATH=/home/dbot2/dbot_vda5050_ilmatar/install/vda5050_msgs:/home/dbot2/dbot_vda5050_ilmatar/install/vda_dbot_nav_slam:/home/dbot2/dbot_vda5050_ilmatar/install/vda5050_connector:/home/dbot2/dbot_vda5050_ilmatar/install/odometry_estimator:/home/dbot2/dbot_vda5050_ilmatar/install/dbot_nav_slam:/home/dbot2/dbot_vda5050_ilmatar/install/dbot_custom_msgs:/home/dbot2/dbot_vda5050_ilmatar/install/crane_dbot:/home/dbot2/dbot_src/install/odometry_estimator:/home/dbot2/dbot_src/install/dbot_custom_msgs:/home/dbot2/dbot_remote/install/pointcloud_saver:/home/dbot2/circus_demo/install/pcl_localization_ros2:/home/dbot2/circus_demo/install/ndt_omp_ros2:/home/dbot2/ros2_ws/install/odometry_estimator:/home/dbot2/ros2_ws/install/dbot_nav_slam:/home/dbot2/ros2_ws/install/dbot_custom_msgs:/home/dbot2/ros2_ws/install/ament_lint_common:/home/dbot2/ros2_ws/install/ament_cmake_xmllint:/home/dbot2/ros2_ws/install/ament_cmake_uncrustify:/home/dbot2/ros2_ws/install/ament_cmake_pyflakes:/home/dbot2/ros2_ws/install/ament_cmake_pycodestyle:/home/dbot2/ros2_ws/install/ament_cmake_pep257:/home/dbot2/ros2_ws/install/ament_cmake_pclint:/home/dbot2/ros2_ws/install/ament_cmake_mypy:/home/dbot2/ros2_ws/install/ament_cmake_lint_cmake:/home/dbot2/ros2_ws/install/ament_lint_auto:/home/dbot2/ros2_ws/install/ament_cmake_flake8:/home/dbot2/ros2_ws/install/ament_cmake_copyright:/home/dbot2/ros2_ws/install/ament_cmake_cpplint:/home/dbot2/ros2_ws/install/ament_cmake_cppcheck:/home/dbot2/ros2_ws/install/ament_cmake_clang_tidy:/home/dbot2/ros2_ws/install/ament_cmake_clang_format:/home/dbot2/dbot_vda5050_ilmatar/install/vda5050_tb3_adapter:/home/dbot2/dbot_vda5050_ilmatar/install/vda5050_adapter:/home/dbot2/dbot_vda5050_ilmatar/install/tf2_dbot:/home/dbot2/dbot_vda5050_ilmatar/install/odom_motion_model:/home/dbot2/dbot_vda5050_ilmatar/install/motor_driver:/home/dbot2/dbot_vda5050_ilmatar/install/joycontrol:/home/dbot2/dbot_vda5050_ilmatar/install/gesturecontrol:/home/dbot2/dbot_vda5050_ilmatar/install/dbot_bridge:/home/dbot2/dbot_vda5050_ilmatar/install/dbot:/home/dbot2/dbot_src/install/tf2_dbot:/home/dbot2/dbot_src/install/odom_motion_model:/home/dbot2/dbot_src/install/motor_driver:/home/dbot2/dbot_src/install/joycontrol:/home/dbot2/dbot_src/install/dbot:/home/dbot2/dbot_remote/install/pcd_joy_trigger:/home/dbot2/circus_demo/install/circus_demo:/home/dbot2/ros2_ws/install/tf2_dbot:/home/dbot2/ros2_ws/install/odom_motion_model:/home/dbot2/ros2_ws/install/motor_driver:/home/dbot2/ros2_ws/install/joycontrol:/home/dbot2/ros2_ws/install/gesturecontrol:/home/dbot2/ros2_ws/install/dbot_bridge:/home/dbot2/ros2_ws/install/dbot:/home/dbot2/ros2_ws/install/ament_xmllint:/home/dbot2/ros2_ws/install/ament_uncrustify:/home/dbot2/ros2_ws/install/ament_pyflakes:/home/dbot2/ros2_ws/install/ament_pycodestyle:/home/dbot2/ros2_ws/install/ament_pep257:/home/dbot2/ros2_ws/install/ament_pclint:/home/dbot2/ros2_ws/install/ament_mypy:/home/dbot2/ros2_ws/install/ament_lint_cmake:/home/dbot2/ros2_ws/install/ament_flake8:/home/dbot2/ros2_ws/install/ament_copyright:/home/dbot2/ros2_ws/install/ament_lint:/home/dbot2/ros2_ws/install/ament_cpplint:/home/dbot2/ros2_ws/install/ament_cppcheck:/home/dbot2/ros2_ws/install/ament_clang_tidy:/home/dbot2/ros2_ws/install/ament_clang_format:/opt/ros/humble LD_LIBRARY_PATH=/home/dbot2/dbot_vda5050_ilmatar/install/vda5050_msgs/lib:/home/dbot2/dbot_vda5050_ilmatar/install/vda5050_connector/lib:/home/dbot2/dbot_vda5050_ilmatar/install/dbot_custom_msgs/lib:/home/dbot2/dbot_src/install/dbot_custom_msgs/lib:/home/dbot2/circus_demo/install/pcl_localization_ros2/lib:/home/dbot2/ros2_ws/install/dbot_custom_msgs/lib:/opt/ros/humble/opt/rviz_ogre_vendor/lib:/opt/ros/humble/lib/x86_64-linux-gnu:/opt/ros/humble/lib /usr/bin/cmake --build /home/dbot2/dbot_vda5050_ilmatar/build/vda5050_connector -- -j8 -l8
[2.735s] [  1%] [34m[1mGenerating C code for ROS interfaces[0m
[2.743s] [  2%] [32mBuilding CXX object gtest/CMakeFiles/gtest.dir/src/gtest-all.cc.o[0m
[2.743s] [  4%] [32mBuilding CXX object gtest/CMakeFiles/gtest_main.dir/src/gtest_main.cc.o[0m
[2.744s] [  5%] [34m[1mGenerating C++ code for ROS interfaces[0m
[2.747s] [  5%] Built target ament_cmake_python_symlink_vda5050_connector_py
[2.747s] [  5%] Built target ament_cmake_python_symlink_vda5050_connector
[2.998s] running egg_info
[2.998s] creating vda5050_connector_py.egg-info
[2.998s] writing vda5050_connector_py.egg-info/PKG-INFO
[2.998s] writing dependency_links to vda5050_connector_py.egg-info/dependency_links.txt
[2.998s] writing top-level names to vda5050_connector_py.egg-info/top_level.txt
[3.001s] writing manifest file 'vda5050_connector_py.egg-info/SOURCES.txt'
[3.002s] reading manifest file 'vda5050_connector_py.egg-info/SOURCES.txt'
[3.003s] writing manifest file 'vda5050_connector_py.egg-info/SOURCES.txt'
[3.022s] [  5%] Built target ament_cmake_python_build_vda5050_connector_py_egg
[3.280s] running egg_info
[3.281s] creating vda5050_connector.egg-info
[3.281s] writing vda5050_connector.egg-info/PKG-INFO
[3.281s] writing dependency_links to vda5050_connector.egg-info/dependency_links.txt
[3.281s] writing top-level names to vda5050_connector.egg-info/top_level.txt
[3.283s] writing manifest file 'vda5050_connector.egg-info/SOURCES.txt'
[3.285s] reading manifest file 'vda5050_connector.egg-info/SOURCES.txt'
[3.285s] writing manifest file 'vda5050_connector.egg-info/SOURCES.txt'
[3.308s] [  5%] Built target ament_cmake_python_build_vda5050_connector_egg
[3.375s] [  6%] [32m[1mLinking CXX static library libgtest_main.a[0m
[3.426s] [  6%] Built target gtest_main
[3.440s] [  6%] Built target vda5050_connector__cpp
[3.447s] [  8%] [34m[1mGenerating C++ type support for eProsima Fast-RTPS[0m
[3.448s] [  9%] [34m[1mGenerating C++ introspection for ROS interfaces[0m
[3.450s] [ 11%] [34m[1mGenerating C++ type support dispatch for ROS interfaces[0m
[3.708s] [ 13%] [32mBuilding C object CMakeFiles/vda5050_connector__rosidl_generator_c.dir/rosidl_generator_c/vda5050_connector/srv/detail/supported_actions__functions.c.o[0m
[3.708s] [ 13%] [32mBuilding C object CMakeFiles/vda5050_connector__rosidl_generator_c.dir/rosidl_generator_c/vda5050_connector/action/detail/navigate_to_node__functions.c.o[0m
[3.708s] [ 15%] [32mBuilding C object CMakeFiles/vda5050_connector__rosidl_generator_c.dir/rosidl_generator_c/vda5050_connector/action/detail/process_vda_action__functions.c.o[0m
[3.708s] [ 16%] [32mBuilding C object CMakeFiles/vda5050_connector__rosidl_generator_c.dir/rosidl_generator_c/vda5050_connector/srv/detail/get_state__functions.c.o[0m
[3.846s] [ 18%] [32m[1mLinking C shared library libvda5050_connector__rosidl_generator_c.so[0m
[3.874s] [ 18%] Built target vda5050_connector__rosidl_generator_c
[3.883s] [ 19%] [34m[1mGenerating C type support for eProsima Fast-RTPS[0m
[3.884s] [ 20%] [34m[1mGenerating C type support dispatch for ROS interfaces[0m
[3.884s] [ 22%] [34m[1mGenerating C introspection for ROS interfaces[0m
[4.065s] [ 23%] [32mBuilding CXX object CMakeFiles/vda5050_connector__rosidl_typesupport_introspection_cpp.dir/rosidl_typesupport_introspection_cpp/vda5050_connector/action/detail/navigate_to_node__type_support.cpp.o[0m
[4.065s] [ 25%] [32mBuilding CXX object CMakeFiles/vda5050_connector__rosidl_typesupport_introspection_cpp.dir/rosidl_typesupport_introspection_cpp/vda5050_connector/action/detail/process_vda_action__type_support.cpp.o[0m
[4.173s] [ 26%] [32mBuilding CXX object CMakeFiles/vda5050_connector__rosidl_typesupport_cpp.dir/rosidl_typesupport_cpp/vda5050_connector/action/navigate_to_node__type_support.cpp.o[0m
[4.547s] [ 27%] [32mBuilding CXX object CMakeFiles/vda5050_connector__rosidl_typesupport_fastrtps_cpp.dir/rosidl_typesupport_fastrtps_cpp/vda5050_connector/action/detail/dds_fastrtps/navigate_to_node__type_support.cpp.o[0m
[4.642s] [ 29%] [32mBuilding CXX object CMakeFiles/vda5050_connector__rosidl_typesupport_c.dir/rosidl_typesupport_c/vda5050_connector/action/navigate_to_node__type_support.cpp.o[0m
[4.657s] [ 30%] [32mBuilding CXX object CMakeFiles/vda5050_connector__rosidl_typesupport_cpp.dir/rosidl_typesupport_cpp/vda5050_connector/action/process_vda_action__type_support.cpp.o[0m
[4.702s] [ 31%] [32mBuilding CXX object CMakeFiles/vda5050_connector__rosidl_typesupport_c.dir/rosidl_typesupport_c/vda5050_connector/action/process_vda_action__type_support.cpp.o[0m
[4.753s] [ 33%] [32mBuilding CXX object CMakeFiles/vda5050_connector__rosidl_typesupport_c.dir/rosidl_typesupport_c/vda5050_connector/srv/get_state__type_support.cpp.o[0m
[4.757s] [ 34%] [32mBuilding CXX object CMakeFiles/vda5050_connector__rosidl_typesupport_fastrtps_cpp.dir/rosidl_typesupport_fastrtps_cpp/vda5050_connector/action/detail/dds_fastrtps/process_vda_action__type_support.cpp.o[0m
[4.791s] [ 36%] [32mBuilding CXX object CMakeFiles/vda5050_connector__rosidl_typesupport_c.dir/rosidl_typesupport_c/vda5050_connector/srv/supported_actions__type_support.cpp.o[0m
[4.806s] [ 37%] [32mBuilding CXX object CMakeFiles/vda5050_connector__rosidl_typesupport_introspection_cpp.dir/rosidl_typesupport_introspection_cpp/vda5050_connector/srv/detail/get_state__type_support.cpp.o[0m
[4.828s] [ 38%] [32m[1mLinking CXX shared library libvda5050_connector__rosidl_typesupport_c.so[0m
[4.842s] [ 40%] [32mBuilding C object CMakeFiles/vda5050_connector__rosidl_typesupport_introspection_c.dir/rosidl_typesupport_introspection_c/vda5050_connector/action/detail/navigate_to_node__type_support.c.o[0m
[4.869s] [ 40%] Built target vda5050_connector__rosidl_typesupport_c
[4.874s] [ 41%] [32mBuilding CXX object CMakeFiles/vda5050_connector__rosidl_typesupport_fastrtps_c.dir/rosidl_typesupport_fastrtps_c/vda5050_connector/action/detail/navigate_to_node__type_support_c.cpp.o[0m
[4.879s] [ 43%] [32mBuilding CXX object CMakeFiles/vda5050_connector__rosidl_typesupport_introspection_cpp.dir/rosidl_typesupport_introspection_cpp/vda5050_connector/srv/detail/supported_actions__type_support.cpp.o[0m
[4.900s] [ 44%] [32mBuilding C object CMakeFiles/vda5050_connector__rosidl_typesupport_introspection_c.dir/rosidl_typesupport_introspection_c/vda5050_connector/action/detail/process_vda_action__type_support.c.o[0m
[4.952s] [ 45%] [32mBuilding C object CMakeFiles/vda5050_connector__rosidl_typesupport_introspection_c.dir/rosidl_typesupport_introspection_c/vda5050_connector/srv/detail/get_state__type_support.c.o[0m
[4.998s] [ 47%] [32mBuilding C object CMakeFiles/vda5050_connector__rosidl_typesupport_introspection_c.dir/rosidl_typesupport_introspection_c/vda5050_connector/srv/detail/supported_actions__type_support.c.o[0m
[5.045s] [ 48%] [32m[1mLinking C shared library libvda5050_connector__rosidl_typesupport_introspection_c.so[0m
[5.082s] [ 48%] Built target vda5050_connector__rosidl_typesupport_introspection_c
[5.091s] [ 50%] [32mBuilding CXX object CMakeFiles/vda5050_connector__rosidl_typesupport_cpp.dir/rosidl_typesupport_cpp/vda5050_connector/srv/get_state__type_support.cpp.o[0m
[5.159s] [ 51%] [32mBuilding CXX object CMakeFiles/vda5050_connector__rosidl_typesupport_fastrtps_c.dir/rosidl_typesupport_fastrtps_c/vda5050_connector/action/detail/process_vda_action__type_support_c.cpp.o[0m
[5.205s] [ 52%] [32mBuilding CXX object CMakeFiles/vda5050_connector__rosidl_typesupport_fastrtps_cpp.dir/rosidl_typesupport_fastrtps_cpp/vda5050_connector/srv/detail/dds_fastrtps/get_state__type_support.cpp.o[0m
[5.320s] [ 54%] [32mBuilding CXX object CMakeFiles/vda5050_connector__rosidl_typesupport_fastrtps_cpp.dir/rosidl_typesupport_fastrtps_cpp/vda5050_connector/srv/detail/dds_fastrtps/supported_actions__type_support.cpp.o[0m
[5.391s] [ 55%] [32mBuilding CXX object CMakeFiles/vda5050_connector__rosidl_typesupport_cpp.dir/rosidl_typesupport_cpp/vda5050_connector/srv/supported_actions__type_support.cpp.o[0m
[5.404s] [ 56%] [32mBuilding CXX object CMakeFiles/vda5050_connector__rosidl_typesupport_fastrtps_c.dir/rosidl_typesupport_fastrtps_c/vda5050_connector/srv/detail/get_state__type_support_c.cpp.o[0m
[5.412s] [ 58%] [32mBuilding CXX object CMakeFiles/vda5050_connector__rosidl_typesupport_fastrtps_c.dir/rosidl_typesupport_fastrtps_c/vda5050_connector/srv/detail/supported_actions__type_support_c.cpp.o[0m
[5.456s] [ 59%] [32m[1mLinking CXX shared library libvda5050_connector__rosidl_typesupport_introspection_cpp.so[0m
[5.579s] [ 59%] Built target vda5050_connector__rosidl_typesupport_introspection_cpp
[5.676s] [ 61%] [32m[1mLinking CXX shared library libvda5050_connector__rosidl_typesupport_cpp.so[0m
[5.707s] [ 61%] Built target vda5050_connector__rosidl_typesupport_cpp
[5.724s] [ 63%] [32mBuilding CXX object CMakeFiles/adapter.dir/src/utils.cpp.o[0m
[5.724s] [ 63%] [32mBuilding CXX object CMakeFiles/adapter.dir/src/adapter.cpp.o[0m
[5.774s] [ 65%] [32m[1mLinking CXX shared library libvda5050_connector__rosidl_typesupport_fastrtps_cpp.so[0m
[5.777s] [ 66%] [32m[1mLinking CXX shared library libvda5050_connector__rosidl_typesupport_fastrtps_c.so[0m
[5.846s] [ 66%] Built target vda5050_connector__rosidl_typesupport_fastrtps_cpp
[5.849s] [ 66%] Built target vda5050_connector__rosidl_typesupport_fastrtps_c
[5.863s] [ 66%] Built target vda5050_connector
[5.878s] [ 68%] [34m[1mGenerating Python code for ROS interfaces[0m
[5.880s] [ 69%] [32m[1mLinking CXX static library libgtest.a[0m
[5.939s] [ 69%] Built target gtest
[7.053s] [ 69%] Built target vda5050_connector__py
[7.067s] [ 70%] [32mBuilding C object CMakeFiles/vda5050_connector__rosidl_generator_py.dir/rosidl_generator_py/vda5050_connector/action/_process_vda_action_s.c.o[0m
[7.069s] [ 73%] [32mBuilding C object CMakeFiles/vda5050_connector__rosidl_generator_py.dir/rosidl_generator_py/vda5050_connector/srv/_get_state_s.c.o[0m
[7.069s] [ 73%] [32mBuilding C object CMakeFiles/vda5050_connector__rosidl_generator_py.dir/rosidl_generator_py/vda5050_connector/srv/_supported_actions_s.c.o[0m
[7.069s] [ 75%] [32mBuilding C object CMakeFiles/vda5050_connector__rosidl_generator_py.dir/rosidl_generator_py/vda5050_connector/action/_navigate_to_node_s.c.o[0m
[7.221s] [ 76%] [32m[1mLinking C shared library rosidl_generator_py/vda5050_connector/libvda5050_connector__rosidl_generator_py.so[0m
[7.254s] [ 76%] Built target vda5050_connector__rosidl_generator_py
[7.269s] [ 77%] [32mBuilding C object CMakeFiles/vda5050_connector__rosidl_typesupport_introspection_c__pyext.dir/rosidl_generator_py/vda5050_connector/_vda5050_connector_s.ep.rosidl_typesupport_introspection_c.c.o[0m
[7.273s] [ 80%] [32mBuilding C object CMakeFiles/vda5050_connector__rosidl_typesupport_c__pyext.dir/rosidl_generator_py/vda5050_connector/_vda5050_connector_s.ep.rosidl_typesupport_c.c.o[0m
[7.273s] [ 80%] [32mBuilding C object CMakeFiles/vda5050_connector__rosidl_typesupport_fastrtps_c__pyext.dir/rosidl_generator_py/vda5050_connector/_vda5050_connector_s.ep.rosidl_typesupport_fastrtps_c.c.o[0m
[7.384s] [ 81%] [32m[1mLinking C shared library rosidl_generator_py/vda5050_connector/vda5050_connector_s__rosidl_typesupport_introspection_c.cpython-310-x86_64-linux-gnu.so[0m
[7.385s] [ 83%] [32m[1mLinking C shared library rosidl_generator_py/vda5050_connector/vda5050_connector_s__rosidl_typesupport_c.cpython-310-x86_64-linux-gnu.so[0m
[7.420s] [ 83%] Built target vda5050_connector__rosidl_typesupport_introspection_c__pyext
[7.426s] [ 83%] Built target vda5050_connector__rosidl_typesupport_c__pyext
[7.439s] [ 84%] [32m[1mLinking C shared library rosidl_generator_py/vda5050_connector/vda5050_connector_s__rosidl_typesupport_fastrtps_c.cpython-310-x86_64-linux-gnu.so[0m
[7.474s] [ 84%] Built target vda5050_connector__rosidl_typesupport_fastrtps_c__pyext
[12.136s] [ 86%] [32m[1mLinking CXX shared library libadapter.so[0m
[12.420s] [ 86%] Built target adapter
[12.435s] [ 87%] [32mBuilding CXX object test/adapter/CMakeFiles/test_plugins.dir/common/stub_state_handlers.cpp.o[0m
[12.436s] [ 88%] [32mBuilding CXX object test/adapter/CMakeFiles/test_plugins.dir/common/stub_vda_actions.cpp.o[0m
[12.436s] [ 91%] [32mBuilding CXX object test/adapter/CMakeFiles/test_node_config.dir/node_config/node_config_test.cpp.o[0m
[12.436s] [ 93%] [32mBuilding CXX object test/adapter/CMakeFiles/test_plugin_load.dir/plugin_load/plugin_load_test.cpp.o[0m
[12.436s] [ 93%] [32mBuilding CXX object test/adapter/CMakeFiles/test_plugins.dir/common/stub_nav_to_node.cpp.o[0m
[12.436s] [ 94%] [32mBuilding CXX object test/adapter/CMakeFiles/test_handler_execution.dir/handler_execution/handler_execution_test.cpp.o[0m
[16.651s] [ 95%] [32m[1mLinking CXX executable test_node_config[0m
[16.932s] [ 95%] Built target test_node_config
[18.478s] [ 97%] [32m[1mLinking CXX executable test_handler_execution[0m
[18.700s] [ 97%] Built target test_handler_execution
[18.816s] [ 98%] [32m[1mLinking CXX executable test_plugin_load[0m
[19.055s] [ 98%] Built target test_plugin_load
[19.078s] [100%] [32m[1mLinking CXX shared library libtest_plugins.so[0m
[19.430s] [100%] Built target test_plugins
[19.440s] Invoked command in '/home/dbot2/dbot_vda5050_ilmatar/build/vda5050_connector' returned '0': CMAKE_PREFIX_PATH=/home/dbot2/dbot_vda5050_ilmatar/install/vda5050_msgs:/home/dbot2/dbot_vda5050_ilmatar/install/vda_dbot_nav_slam:/home/dbot2/dbot_vda5050_ilmatar/install/vda5050_connector:/home/dbot2/dbot_vda5050_ilmatar/install/odometry_estimator:/home/dbot2/dbot_vda5050_ilmatar/install/dbot_nav_slam:/home/dbot2/dbot_vda5050_ilmatar/install/dbot_custom_msgs:/home/dbot2/dbot_vda5050_ilmatar/install/crane_dbot:/home/dbot2/dbot_src/install/odometry_estimator:/home/dbot2/dbot_src/install/dbot_custom_msgs:/home/dbot2/dbot_remote/install/pointcloud_saver:/home/dbot2/circus_demo/install/pcl_localization_ros2:/home/dbot2/circus_demo/install/ndt_omp_ros2:/home/dbot2/ros2_ws/install/odometry_estimator:/home/dbot2/ros2_ws/install/dbot_nav_slam:/home/dbot2/ros2_ws/install/dbot_custom_msgs:/home/dbot2/ros2_ws/install/ament_lint_common:/home/dbot2/ros2_ws/install/ament_cmake_xmllint:/home/dbot2/ros2_ws/install/ament_cmake_uncrustify:/home/dbot2/ros2_ws/install/ament_cmake_pyflakes:/home/dbot2/ros2_ws/install/ament_cmake_pycodestyle:/home/dbot2/ros2_ws/install/ament_cmake_pep257:/home/dbot2/ros2_ws/install/ament_cmake_pclint:/home/dbot2/ros2_ws/install/ament_cmake_mypy:/home/dbot2/ros2_ws/install/ament_cmake_lint_cmake:/home/dbot2/ros2_ws/install/ament_lint_auto:/home/dbot2/ros2_ws/install/ament_cmake_flake8:/home/dbot2/ros2_ws/install/ament_cmake_copyright:/home/dbot2/ros2_ws/install/ament_cmake_cpplint:/home/dbot2/ros2_ws/install/ament_cmake_cppcheck:/home/dbot2/ros2_ws/install/ament_cmake_clang_tidy:/home/dbot2/ros2_ws/install/ament_cmake_clang_format:/home/dbot2/dbot_vda5050_ilmatar/install/vda5050_tb3_adapter:/home/dbot2/dbot_vda5050_ilmatar/install/vda5050_adapter:/home/dbot2/dbot_vda5050_ilmatar/install/tf2_dbot:/home/dbot2/dbot_vda5050_ilmatar/install/odom_motion_model:/home/dbot2/dbot_vda5050_ilmatar/install/motor_driver:/home/dbot2/dbot_vda5050_ilmatar/install/joycontrol:/home/dbot2/dbot_vda5050_ilmatar/install/gesturecontrol:/home/dbot2/dbot_vda5050_ilmatar/install/dbot_bridge:/home/dbot2/dbot_vda5050_ilmatar/install/dbot:/home/dbot2/dbot_src/install/tf2_dbot:/home/dbot2/dbot_src/install/odom_motion_model:/home/dbot2/dbot_src/install/motor_driver:/home/dbot2/dbot_src/install/joycontrol:/home/dbot2/dbot_src/install/dbot:/home/dbot2/dbot_remote/install/pcd_joy_trigger:/home/dbot2/circus_demo/install/circus_demo:/home/dbot2/ros2_ws/install/tf2_dbot:/home/dbot2/ros2_ws/install/odom_motion_model:/home/dbot2/ros2_ws/install/motor_driver:/home/dbot2/ros2_ws/install/joycontrol:/home/dbot2/ros2_ws/install/gesturecontrol:/home/dbot2/ros2_ws/install/dbot_bridge:/home/dbot2/ros2_ws/install/dbot:/home/dbot2/ros2_ws/install/ament_xmllint:/home/dbot2/ros2_ws/install/ament_uncrustify:/home/dbot2/ros2_ws/install/ament_pyflakes:/home/dbot2/ros2_ws/install/ament_pycodestyle:/home/dbot2/ros2_ws/install/ament_pep257:/home/dbot2/ros2_ws/install/ament_pclint:/home/dbot2/ros2_ws/install/ament_mypy:/home/dbot2/ros2_ws/install/ament_lint_cmake:/home/dbot2/ros2_ws/install/ament_flake8:/home/dbot2/ros2_ws/install/ament_copyright:/home/dbot2/ros2_ws/install/ament_lint:/home/dbot2/ros2_ws/install/ament_cpplint:/home/dbot2/ros2_ws/install/ament_cppcheck:/home/dbot2/ros2_ws/install/ament_clang_tidy:/home/dbot2/ros2_ws/install/ament_clang_format:/opt/ros/humble LD_LIBRARY_PATH=/home/dbot2/dbot_vda5050_ilmatar/install/vda5050_msgs/lib:/home/dbot2/dbot_vda5050_ilmatar/install/vda5050_connector/lib:/home/dbot2/dbot_vda5050_ilmatar/install/dbot_custom_msgs/lib:/home/dbot2/dbot_src/install/dbot_custom_msgs/lib:/home/dbot2/circus_demo/install/pcl_localization_ros2/lib:/home/dbot2/ros2_ws/install/dbot_custom_msgs/lib:/opt/ros/humble/opt/rviz_ogre_vendor/lib:/opt/ros/humble/lib/x86_64-linux-gnu:/opt/ros/humble/lib /usr/bin/cmake --build /home/dbot2/dbot_vda5050_ilmatar/build/vda5050_connector -- -j8 -l8
[19.442s] Invoking command in '/home/dbot2/dbot_vda5050_ilmatar/build/vda5050_connector': CMAKE_PREFIX_PATH=/home/dbot2/dbot_vda5050_ilmatar/install/vda5050_msgs:/home/dbot2/dbot_vda5050_ilmatar/install/vda_dbot_nav_slam:/home/dbot2/dbot_vda5050_ilmatar/install/vda5050_connector:/home/dbot2/dbot_vda5050_ilmatar/install/odometry_estimator:/home/dbot2/dbot_vda5050_ilmatar/install/dbot_nav_slam:/home/dbot2/dbot_vda5050_ilmatar/install/dbot_custom_msgs:/home/dbot2/dbot_vda5050_ilmatar/install/crane_dbot:/home/dbot2/dbot_src/install/odometry_estimator:/home/dbot2/dbot_src/install/dbot_custom_msgs:/home/dbot2/dbot_remote/install/pointcloud_saver:/home/dbot2/circus_demo/install/pcl_localization_ros2:/home/dbot2/circus_demo/install/ndt_omp_ros2:/home/dbot2/ros2_ws/install/odometry_estimator:/home/dbot2/ros2_ws/install/dbot_nav_slam:/home/dbot2/ros2_ws/install/dbot_custom_msgs:/home/dbot2/ros2_ws/install/ament_lint_common:/home/dbot2/ros2_ws/install/ament_cmake_xmllint:/home/dbot2/ros2_ws/install/ament_cmake_uncrustify:/home/dbot2/ros2_ws/install/ament_cmake_pyflakes:/home/dbot2/ros2_ws/install/ament_cmake_pycodestyle:/home/dbot2/ros2_ws/install/ament_cmake_pep257:/home/dbot2/ros2_ws/install/ament_cmake_pclint:/home/dbot2/ros2_ws/install/ament_cmake_mypy:/home/dbot2/ros2_ws/install/ament_cmake_lint_cmake:/home/dbot2/ros2_ws/install/ament_lint_auto:/home/dbot2/ros2_ws/install/ament_cmake_flake8:/home/dbot2/ros2_ws/install/ament_cmake_copyright:/home/dbot2/ros2_ws/install/ament_cmake_cpplint:/home/dbot2/ros2_ws/install/ament_cmake_cppcheck:/home/dbot2/ros2_ws/install/ament_cmake_clang_tidy:/home/dbot2/ros2_ws/install/ament_cmake_clang_format:/home/dbot2/dbot_vda5050_ilmatar/install/vda5050_tb3_adapter:/home/dbot2/dbot_vda5050_ilmatar/install/vda5050_adapter:/home/dbot2/dbot_vda5050_ilmatar/install/tf2_dbot:/home/dbot2/dbot_vda5050_ilmatar/install/odom_motion_model:/home/dbot2/dbot_vda5050_ilmatar/install/motor_driver:/home/dbot2/dbot_vda5050_ilmatar/install/joycontrol:/home/dbot2/dbot_vda5050_ilmatar/install/gesturecontrol:/home/dbot2/dbot_vda5050_ilmatar/install/dbot_bridge:/home/dbot2/dbot_vda5050_ilmatar/install/dbot:/home/dbot2/dbot_src/install/tf2_dbot:/home/dbot2/dbot_src/install/odom_motion_model:/home/dbot2/dbot_src/install/motor_driver:/home/dbot2/dbot_src/install/joycontrol:/home/dbot2/dbot_src/install/dbot:/home/dbot2/dbot_remote/install/pcd_joy_trigger:/home/dbot2/circus_demo/install/circus_demo:/home/dbot2/ros2_ws/install/tf2_dbot:/home/dbot2/ros2_ws/install/odom_motion_model:/home/dbot2/ros2_ws/install/motor_driver:/home/dbot2/ros2_ws/install/joycontrol:/home/dbot2/ros2_ws/install/gesturecontrol:/home/dbot2/ros2_ws/install/dbot_bridge:/home/dbot2/ros2_ws/install/dbot:/home/dbot2/ros2_ws/install/ament_xmllint:/home/dbot2/ros2_ws/install/ament_uncrustify:/home/dbot2/ros2_ws/install/ament_pyflakes:/home/dbot2/ros2_ws/install/ament_pycodestyle:/home/dbot2/ros2_ws/install/ament_pep257:/home/dbot2/ros2_ws/install/ament_pclint:/home/dbot2/ros2_ws/install/ament_mypy:/home/dbot2/ros2_ws/install/ament_lint_cmake:/home/dbot2/ros2_ws/install/ament_flake8:/home/dbot2/ros2_ws/install/ament_copyright:/home/dbot2/ros2_ws/install/ament_lint:/home/dbot2/ros2_ws/install/ament_cpplint:/home/dbot2/ros2_ws/install/ament_cppcheck:/home/dbot2/ros2_ws/install/ament_clang_tidy:/home/dbot2/ros2_ws/install/ament_clang_format:/opt/ros/humble LD_LIBRARY_PATH=/home/dbot2/dbot_vda5050_ilmatar/install/vda5050_msgs/lib:/home/dbot2/dbot_vda5050_ilmatar/install/vda5050_connector/lib:/home/dbot2/dbot_vda5050_ilmatar/install/dbot_custom_msgs/lib:/home/dbot2/dbot_src/install/dbot_custom_msgs/lib:/home/dbot2/circus_demo/install/pcl_localization_ros2/lib:/home/dbot2/ros2_ws/install/dbot_custom_msgs/lib:/opt/ros/humble/opt/rviz_ogre_vendor/lib:/opt/ros/humble/lib/x86_64-linux-gnu:/opt/ros/humble/lib /usr/bin/cmake --install /home/dbot2/dbot_vda5050_ilmatar/build/vda5050_connector
[19.447s] -- Install configuration: ""
[19.447s] -- Execute custom install script
[19.447s] -- Symlinking: /home/dbot2/dbot_vda5050_ilmatar/install/vda5050_connector/share/ament_index/resource_index/rosidl_interfaces/vda5050_connector
[19.455s] -- Symlinking: /home/dbot2/dbot_vda5050_ilmatar/install/vda5050_connector/include/vda5050_connector/vda5050_connector/action/detail/navigate_to_node__functions.h
[19.461s] -- Symlinking: /home/dbot2/dbot_vda5050_ilmatar/install/vda5050_connector/include/vda5050_connector/vda5050_connector/action/detail/navigate_to_node__struct.h
[19.466s] -- Symlinking: /home/dbot2/dbot_vda5050_ilmatar/install/vda5050_connector/include/vda5050_connector/vda5050_connector/action/detail/navigate_to_node__type_support.h
[19.472s] -- Symlinking: /home/dbot2/dbot_vda5050_ilmatar/install/vda5050_connector/include/vda5050_connector/vda5050_connector/action/detail/process_vda_action__functions.h
[19.476s] -- Symlinking: /home/dbot2/dbot_vda5050_ilmatar/install/vda5050_connector/include/vda5050_connector/vda5050_connector/action/detail/process_vda_action__struct.h
[19.482s] -- Symlinking: /home/dbot2/dbot_vda5050_ilmatar/install/vda5050_connector/include/vda5050_connector/vda5050_connector/action/detail/process_vda_action__type_support.h
[19.487s] -- Symlinking: /home/dbot2/dbot_vda5050_ilmatar/install/vda5050_connector/include/vda5050_connector/vda5050_connector/action/navigate_to_node.h
[19.492s] -- Symlinking: /home/dbot2/dbot_vda5050_ilmatar/install/vda5050_connector/include/vda5050_connector/vda5050_connector/action/process_vda_action.h
[19.497s] -- Symlinking: /home/dbot2/dbot_vda5050_ilmatar/install/vda5050_connector/include/vda5050_connector/vda5050_connector/msg/rosidl_generator_c__visibility_control.h
[19.502s] -- Symlinking: /home/dbot2/dbot_vda5050_ilmatar/install/vda5050_connector/include/vda5050_connector/vda5050_connector/srv/detail/get_state__functions.h
[19.510s] -- Symlinking: /home/dbot2/dbot_vda5050_ilmatar/install/vda5050_connector/include/vda5050_connector/vda5050_connector/srv/detail/get_state__struct.h
[19.518s] -- Symlinking: /home/dbot2/dbot_vda5050_ilmatar/install/vda5050_connector/include/vda5050_connector/vda5050_connector/srv/detail/get_state__type_support.h
[19.524s] -- Symlinking: /home/dbot2/dbot_vda5050_ilmatar/install/vda5050_connector/include/vda5050_connector/vda5050_connector/srv/detail/supported_actions__functions.h
[19.531s] -- Symlinking: /home/dbot2/dbot_vda5050_ilmatar/install/vda5050_connector/include/vda5050_connector/vda5050_connector/srv/detail/supported_actions__struct.h
[19.537s] -- Symlinking: /home/dbot2/dbot_vda5050_ilmatar/install/vda5050_connector/include/vda5050_connector/vda5050_connector/srv/detail/supported_actions__type_support.h
[19.543s] -- Symlinking: /home/dbot2/dbot_vda5050_ilmatar/install/vda5050_connector/include/vda5050_connector/vda5050_connector/srv/get_state.h
[19.549s] -- Symlinking: /home/dbot2/dbot_vda5050_ilmatar/install/vda5050_connector/include/vda5050_connector/vda5050_connector/srv/supported_actions.h
[19.554s] -- Symlinking: /home/dbot2/dbot_vda5050_ilmatar/install/vda5050_connector/share/vda5050_connector/environment/library_path.sh
[19.559s] -- Symlinking: /home/dbot2/dbot_vda5050_ilmatar/install/vda5050_connector/share/vda5050_connector/environment/library_path.dsv
[19.565s] -- Symlinking: /home/dbot2/dbot_vda5050_ilmatar/install/vda5050_connector/include/vda5050_connector/vda5050_connector/action/detail/navigate_to_node__rosidl_typesupport_fastrtps_c.h
[19.570s] -- Symlinking: /home/dbot2/dbot_vda5050_ilmatar/install/vda5050_connector/include/vda5050_connector/vda5050_connector/action/detail/process_vda_action__rosidl_typesupport_fastrtps_c.h
[19.575s] -- Symlinking: /home/dbot2/dbot_vda5050_ilmatar/install/vda5050_connector/include/vda5050_connector/vda5050_connector/msg/rosidl_typesupport_fastrtps_c__visibility_control.h
[19.580s] -- Symlinking: /home/dbot2/dbot_vda5050_ilmatar/install/vda5050_connector/include/vda5050_connector/vda5050_connector/srv/detail/get_state__rosidl_typesupport_fastrtps_c.h
[19.585s] -- Symlinking: /home/dbot2/dbot_vda5050_ilmatar/install/vda5050_connector/include/vda5050_connector/vda5050_connector/srv/detail/supported_actions__rosidl_typesupport_fastrtps_c.h
[19.591s] -- Symlinking: /home/dbot2/dbot_vda5050_ilmatar/install/vda5050_connector/include/vda5050_connector/vda5050_connector/action/detail/navigate_to_node__builder.hpp
[19.596s] -- Symlinking: /home/dbot2/dbot_vda5050_ilmatar/install/vda5050_connector/include/vda5050_connector/vda5050_connector/action/detail/navigate_to_node__struct.hpp
[19.601s] -- Symlinking: /home/dbot2/dbot_vda5050_ilmatar/install/vda5050_connector/include/vda5050_connector/vda5050_connector/action/detail/navigate_to_node__traits.hpp
[19.606s] -- Symlinking: /home/dbot2/dbot_vda5050_ilmatar/install/vda5050_connector/include/vda5050_connector/vda5050_connector/action/detail/navigate_to_node__type_support.hpp
[19.611s] -- Symlinking: /home/dbot2/dbot_vda5050_ilmatar/install/vda5050_connector/include/vda5050_connector/vda5050_connector/action/detail/process_vda_action__builder.hpp
[19.617s] -- Symlinking: /home/dbot2/dbot_vda5050_ilmatar/install/vda5050_connector/include/vda5050_connector/vda5050_connector/action/detail/process_vda_action__struct.hpp
[19.622s] -- Symlinking: /home/dbot2/dbot_vda5050_ilmatar/install/vda5050_connector/include/vda5050_connector/vda5050_connector/action/detail/process_vda_action__traits.hpp
[19.627s] -- Symlinking: /home/dbot2/dbot_vda5050_ilmatar/install/vda5050_connector/include/vda5050_connector/vda5050_connector/action/detail/process_vda_action__type_support.hpp
[19.632s] -- Symlinking: /home/dbot2/dbot_vda5050_ilmatar/install/vda5050_connector/include/vda5050_connector/vda5050_connector/action/navigate_to_node.hpp
[19.639s] -- Symlinking: /home/dbot2/dbot_vda5050_ilmatar/install/vda5050_connector/include/vda5050_connector/vda5050_connector/action/process_vda_action.hpp
[19.645s] -- Symlinking: /home/dbot2/dbot_vda5050_ilmatar/install/vda5050_connector/include/vda5050_connector/vda5050_connector/msg/rosidl_generator_cpp__visibility_control.hpp
[19.651s] -- Symlinking: /home/dbot2/dbot_vda5050_ilmatar/install/vda5050_connector/include/vda5050_connector/vda5050_connector/srv/detail/get_state__builder.hpp
[19.656s] -- Symlinking: /home/dbot2/dbot_vda5050_ilmatar/install/vda5050_connector/include/vda5050_connector/vda5050_connector/srv/detail/get_state__struct.hpp
[19.661s] -- Symlinking: /home/dbot2/dbot_vda5050_ilmatar/install/vda5050_connector/include/vda5050_connector/vda5050_connector/srv/detail/get_state__traits.hpp
[19.666s] -- Symlinking: /home/dbot2/dbot_vda5050_ilmatar/install/vda5050_connector/include/vda5050_connector/vda5050_connector/srv/detail/get_state__type_support.hpp
[19.672s] -- Symlinking: /home/dbot2/dbot_vda5050_ilmatar/install/vda5050_connector/include/vda5050_connector/vda5050_connector/srv/detail/supported_actions__builder.hpp
[19.677s] -- Symlinking: /home/dbot2/dbot_vda5050_ilmatar/install/vda5050_connector/include/vda5050_connector/vda5050_connector/srv/detail/supported_actions__struct.hpp
[19.682s] -- Symlinking: /home/dbot2/dbot_vda5050_ilmatar/install/vda5050_connector/include/vda5050_connector/vda5050_connector/srv/detail/supported_actions__traits.hpp
[19.687s] -- Symlinking: /home/dbot2/dbot_vda5050_ilmatar/install/vda5050_connector/include/vda5050_connector/vda5050_connector/srv/detail/supported_actions__type_support.hpp
[19.692s] -- Symlinking: /home/dbot2/dbot_vda5050_ilmatar/install/vda5050_connector/include/vda5050_connector/vda5050_connector/srv/get_state.hpp
[19.697s] -- Symlinking: /home/dbot2/dbot_vda5050_ilmatar/install/vda5050_connector/include/vda5050_connector/vda5050_connector/srv/supported_actions.hpp
[19.703s] -- Symlinking: /home/dbot2/dbot_vda5050_ilmatar/install/vda5050_connector/include/vda5050_connector/vda5050_connector/action/detail/navigate_to_node__rosidl_typesupport_fastrtps_cpp.hpp
[19.707s] -- Symlinking: /home/dbot2/dbot_vda5050_ilmatar/install/vda5050_connector/include/vda5050_connector/vda5050_connector/action/detail/process_vda_action__rosidl_typesupport_fastrtps_cpp.hpp
[19.712s] -- Symlinking: /home/dbot2/dbot_vda5050_ilmatar/install/vda5050_connector/include/vda5050_connector/vda5050_connector/msg/rosidl_typesupport_fastrtps_cpp__visibility_control.h
[19.717s] -- Symlinking: /home/dbot2/dbot_vda5050_ilmatar/install/vda5050_connector/include/vda5050_connector/vda5050_connector/srv/detail/get_state__rosidl_typesupport_fastrtps_cpp.hpp
[19.723s] -- Symlinking: /home/dbot2/dbot_vda5050_ilmatar/install/vda5050_connector/include/vda5050_connector/vda5050_connector/srv/detail/supported_actions__rosidl_typesupport_fastrtps_cpp.hpp
[19.728s] -- Symlinking: /home/dbot2/dbot_vda5050_ilmatar/install/vda5050_connector/include/vda5050_connector/vda5050_connector/action/detail/navigate_to_node__rosidl_typesupport_introspection_c.h
[19.734s] -- Symlinking: /home/dbot2/dbot_vda5050_ilmatar/install/vda5050_connector/include/vda5050_connector/vda5050_connector/action/detail/process_vda_action__rosidl_typesupport_introspection_c.h
[19.740s] -- Symlinking: /home/dbot2/dbot_vda5050_ilmatar/install/vda5050_connector/include/vda5050_connector/vda5050_connector/msg/rosidl_typesupport_introspection_c__visibility_control.h
[19.746s] -- Symlinking: /home/dbot2/dbot_vda5050_ilmatar/install/vda5050_connector/include/vda5050_connector/vda5050_connector/srv/detail/get_state__rosidl_typesupport_introspection_c.h
[19.751s] -- Symlinking: /home/dbot2/dbot_vda5050_ilmatar/install/vda5050_connector/include/vda5050_connector/vda5050_connector/srv/detail/supported_actions__rosidl_typesupport_introspection_c.h
[19.757s] -- Symlinking: /home/dbot2/dbot_vda5050_ilmatar/install/vda5050_connector/include/vda5050_connector/vda5050_connector/action/detail/navigate_to_node__rosidl_typesupport_introspection_cpp.hpp
[19.762s] -- Symlinking: /home/dbot2/dbot_vda5050_ilmatar/install/vda5050_connector/include/vda5050_connector/vda5050_connector/action/detail/process_vda_action__rosidl_typesupport_introspection_cpp.hpp
[19.767s] -- Symlinking: /home/dbot2/dbot_vda5050_ilmatar/install/vda5050_connector/include/vda5050_connector/vda5050_connector/srv/detail/get_state__rosidl_typesupport_introspection_cpp.hpp
[19.772s] -- Symlinking: /home/dbot2/dbot_vda5050_ilmatar/install/vda5050_connector/include/vda5050_connector/vda5050_connector/srv/detail/supported_actions__rosidl_typesupport_introspection_cpp.hpp
[19.777s] -- Symlinking: /home/dbot2/dbot_vda5050_ilmatar/install/vda5050_connector/share/vda5050_connector/environment/pythonpath.sh
[19.782s] -- Symlinking: /home/dbot2/dbot_vda5050_ilmatar/install/vda5050_connector/share/vda5050_connector/environment/pythonpath.dsv
[19.787s] -- Symlinking: /home/dbot2/dbot_vda5050_ilmatar/install/vda5050_connector/local/lib/python3.10/dist-packages/vda5050_connector-1.1.1-py3.10.egg-info/PKG-INFO
[19.793s] -- Symlinking: /home/dbot2/dbot_vda5050_ilmatar/install/vda5050_connector/local/lib/python3.10/dist-packages/vda5050_connector-1.1.1-py3.10.egg-info/SOURCES.txt
[19.798s] -- Symlinking: /home/dbot2/dbot_vda5050_ilmatar/install/vda5050_connector/local/lib/python3.10/dist-packages/vda5050_connector-1.1.1-py3.10.egg-info/dependency_links.txt
[19.803s] -- Symlinking: /home/dbot2/dbot_vda5050_ilmatar/install/vda5050_connector/local/lib/python3.10/dist-packages/vda5050_connector-1.1.1-py3.10.egg-info/top_level.txt
[19.808s] -- Symlinking: /home/dbot2/dbot_vda5050_ilmatar/install/vda5050_connector/local/lib/python3.10/dist-packages/vda5050_connector/__init__.py
[19.814s] -- Symlinking: /home/dbot2/dbot_vda5050_ilmatar/install/vda5050_connector/local/lib/python3.10/dist-packages/vda5050_connector/_vda5050_connector_s.ep.rosidl_typesupport_c.c
[19.818s] -- Symlinking: /home/dbot2/dbot_vda5050_ilmatar/install/vda5050_connector/local/lib/python3.10/dist-packages/vda5050_connector/_vda5050_connector_s.ep.rosidl_typesupport_fastrtps_c.c
[19.823s] -- Symlinking: /home/dbot2/dbot_vda5050_ilmatar/install/vda5050_connector/local/lib/python3.10/dist-packages/vda5050_connector/_vda5050_connector_s.ep.rosidl_typesupport_introspection_c.c
[19.828s] -- Symlinking: /home/dbot2/dbot_vda5050_ilmatar/install/vda5050_connector/local/lib/python3.10/dist-packages/vda5050_connector/action/__init__.py
[19.833s] -- Symlinking: /home/dbot2/dbot_vda5050_ilmatar/install/vda5050_connector/local/lib/python3.10/dist-packages/vda5050_connector/action/_navigate_to_node.py
[19.840s] -- Symlinking: /home/dbot2/dbot_vda5050_ilmatar/install/vda5050_connector/local/lib/python3.10/dist-packages/vda5050_connector/action/_navigate_to_node_s.c
[19.845s] -- Symlinking: /home/dbot2/dbot_vda5050_ilmatar/install/vda5050_connector/local/lib/python3.10/dist-packages/vda5050_connector/action/_process_vda_action.py
[19.850s] -- Symlinking: /home/dbot2/dbot_vda5050_ilmatar/install/vda5050_connector/local/lib/python3.10/dist-packages/vda5050_connector/action/_process_vda_action_s.c
[19.855s] -- Symlinking: /home/dbot2/dbot_vda5050_ilmatar/install/vda5050_connector/local/lib/python3.10/dist-packages/vda5050_connector/libvda5050_connector__rosidl_generator_py.so
[19.860s] -- Symlinking: /home/dbot2/dbot_vda5050_ilmatar/install/vda5050_connector/local/lib/python3.10/dist-packages/vda5050_connector/srv/__init__.py
[19.866s] -- Symlinking: /home/dbot2/dbot_vda5050_ilmatar/install/vda5050_connector/local/lib/python3.10/dist-packages/vda5050_connector/srv/_get_state.py
[19.871s] -- Symlinking: /home/dbot2/dbot_vda5050_ilmatar/install/vda5050_connector/local/lib/python3.10/dist-packages/vda5050_connector/srv/_get_state_s.c
[19.876s] -- Symlinking: /home/dbot2/dbot_vda5050_ilmatar/install/vda5050_connector/local/lib/python3.10/dist-packages/vda5050_connector/srv/_supported_actions.py
[19.881s] -- Symlinking: /home/dbot2/dbot_vda5050_ilmatar/install/vda5050_connector/local/lib/python3.10/dist-packages/vda5050_connector/srv/_supported_actions_s.c
[19.887s] -- Symlinking: /home/dbot2/dbot_vda5050_ilmatar/install/vda5050_connector/local/lib/python3.10/dist-packages/vda5050_connector/vda5050_connector_s__rosidl_typesupport_c.cpython-310-x86_64-linux-gnu.so
[19.892s] -- Symlinking: /home/dbot2/dbot_vda5050_ilmatar/install/vda5050_connector/local/lib/python3.10/dist-packages/vda5050_connector/vda5050_connector_s__rosidl_typesupport_fastrtps_c.cpython-310-x86_64-linux-gnu.so
[19.896s] -- Symlinking: /home/dbot2/dbot_vda5050_ilmatar/install/vda5050_connector/local/lib/python3.10/dist-packages/vda5050_connector/vda5050_connector_s__rosidl_typesupport_introspection_c.cpython-310-x86_64-linux-gnu.so
[19.902s] -- Up-to-date symlink: /home/dbot2/dbot_vda5050_ilmatar/install/vda5050_connector/local/lib/python3.10/dist-packages/vda5050_connector/vda5050_connector_s__rosidl_typesupport_fastrtps_c.cpython-310-x86_64-linux-gnu.so
[19.902s] -- Up-to-date symlink: /home/dbot2/dbot_vda5050_ilmatar/install/vda5050_connector/local/lib/python3.10/dist-packages/vda5050_connector/vda5050_connector_s__rosidl_typesupport_introspection_c.cpython-310-x86_64-linux-gnu.so
[19.902s] -- Up-to-date symlink: /home/dbot2/dbot_vda5050_ilmatar/install/vda5050_connector/local/lib/python3.10/dist-packages/vda5050_connector/vda5050_connector_s__rosidl_typesupport_c.cpython-310-x86_64-linux-gnu.so
[19.902s] -- Symlinking: /home/dbot2/dbot_vda5050_ilmatar/install/vda5050_connector/share/vda5050_connector/action/NavigateToNode.idl
[19.907s] -- Symlinking: /home/dbot2/dbot_vda5050_ilmatar/install/vda5050_connector/share/vda5050_connector/action/ProcessVDAAction.idl
[19.912s] -- Symlinking: /home/dbot2/dbot_vda5050_ilmatar/install/vda5050_connector/share/vda5050_connector/srv/GetState.idl
[19.917s] -- Symlinking: /home/dbot2/dbot_vda5050_ilmatar/install/vda5050_connector/share/vda5050_connector/srv/SupportedActions.idl
[19.923s] -- Symlinking: /home/dbot2/dbot_vda5050_ilmatar/install/vda5050_connector/share/vda5050_connector/action/NavigateToNode.action
[19.928s] -- Symlinking: /home/dbot2/dbot_vda5050_ilmatar/install/vda5050_connector/share/vda5050_connector/action/ProcessVDAAction.action
[19.933s] -- Symlinking: /home/dbot2/dbot_vda5050_ilmatar/install/vda5050_connector/share/vda5050_connector/srv/GetState.srv
[19.939s] -- Symlinking: /home/dbot2/dbot_vda5050_ilmatar/install/vda5050_connector/share/vda5050_connector/srv/GetState_Request.msg
[19.945s] -- Symlinking: /home/dbot2/dbot_vda5050_ilmatar/install/vda5050_connector/share/vda5050_connector/srv/GetState_Response.msg
[19.950s] -- Symlinking: /home/dbot2/dbot_vda5050_ilmatar/install/vda5050_connector/share/vda5050_connector/srv/SupportedActions.srv
[19.956s] -- Symlinking: /home/dbot2/dbot_vda5050_ilmatar/install/vda5050_connector/share/vda5050_connector/srv/SupportedActions_Request.msg
[19.961s] -- Symlinking: /home/dbot2/dbot_vda5050_ilmatar/install/vda5050_connector/share/vda5050_connector/srv/SupportedActions_Response.msg
[19.966s] -- Symlinking: /home/dbot2/dbot_vda5050_ilmatar/install/vda5050_connector/include/vda5050_connector/adapter.hpp
[19.971s] -- Symlinking: /home/dbot2/dbot_vda5050_ilmatar/install/vda5050_connector/include/vda5050_connector/handler.hpp
[19.976s] -- Symlinking: /home/dbot2/dbot_vda5050_ilmatar/install/vda5050_connector/include/vda5050_connector/nav_to_node.hpp
[19.981s] -- Symlinking: /home/dbot2/dbot_vda5050_ilmatar/install/vda5050_connector/include/vda5050_connector/state_handler.hpp
[19.986s] -- Symlinking: /home/dbot2/dbot_vda5050_ilmatar/install/vda5050_connector/include/vda5050_connector/utils.hpp
[19.991s] -- Symlinking: /home/dbot2/dbot_vda5050_ilmatar/install/vda5050_connector/include/vda5050_connector/vda_action.hpp
[19.995s] -- Symlinking: /home/dbot2/dbot_vda5050_ilmatar/install/vda5050_connector/include/vda5050_connector/visibility_control.h
[20.000s] -- Symlinking: /home/dbot2/dbot_vda5050_ilmatar/install/vda5050_connector/local/lib/python3.10/dist-packages/vda5050_connector_py-1.1.1-py3.10.egg-info/PKG-INFO
[20.005s] -- Symlinking: /home/dbot2/dbot_vda5050_ilmatar/install/vda5050_connector/local/lib/python3.10/dist-packages/vda5050_connector_py-1.1.1-py3.10.egg-info/SOURCES.txt
[20.009s] -- Symlinking: /home/dbot2/dbot_vda5050_ilmatar/install/vda5050_connector/local/lib/python3.10/dist-packages/vda5050_connector_py-1.1.1-py3.10.egg-info/dependency_links.txt
[20.014s] -- Symlinking: /home/dbot2/dbot_vda5050_ilmatar/install/vda5050_connector/local/lib/python3.10/dist-packages/vda5050_connector_py-1.1.1-py3.10.egg-info/top_level.txt
[20.019s] -- Symlinking: /home/dbot2/dbot_vda5050_ilmatar/install/vda5050_connector/local/lib/python3.10/dist-packages/vda5050_connector_py/__init__.py
[20.024s] -- Symlinking: /home/dbot2/dbot_vda5050_ilmatar/install/vda5050_connector/local/lib/python3.10/dist-packages/vda5050_connector_py/mqtt_bridge.py
[20.029s] -- Symlinking: /home/dbot2/dbot_vda5050_ilmatar/install/vda5050_connector/local/lib/python3.10/dist-packages/vda5050_connector_py/rewritten_yaml.py
[20.033s] -- Symlinking: /home/dbot2/dbot_vda5050_ilmatar/install/vda5050_connector/local/lib/python3.10/dist-packages/vda5050_connector_py/utils.py
[20.040s] -- Symlinking: /home/dbot2/dbot_vda5050_ilmatar/install/vda5050_connector/local/lib/python3.10/dist-packages/vda5050_connector_py/vda5050_controller.py
[20.053s] -- Symlinking: /home/dbot2/dbot_vda5050_ilmatar/install/vda5050_connector/lib/vda5050_connector/mqtt_bridge.py
[20.058s] -- Symlinking: /home/dbot2/dbot_vda5050_ilmatar/install/vda5050_connector/lib/vda5050_connector/vda5050_controller.py
[20.064s] -- Symlinking: /home/dbot2/dbot_vda5050_ilmatar/install/vda5050_connector/share/vda5050_connector//config/connector_example.yaml
[20.069s] -- Symlinking: /home/dbot2/dbot_vda5050_ilmatar/install/vda5050_connector/share/vda5050_connector//launch/controller.launch.py
[20.074s] -- Symlinking: /home/dbot2/dbot_vda5050_ilmatar/install/vda5050_connector/share/vda5050_connector//launch/mqtt_bridge.launch.py
[20.079s] -- Symlinking: /home/dbot2/dbot_vda5050_ilmatar/install/vda5050_connector/share/vda5050_connector/test/adapter/plugins_test.xml
[20.084s] -- Symlinking: /home/dbot2/dbot_vda5050_ilmatar/install/vda5050_connector/share/ament_index/resource_index/package_run_dependencies/vda5050_connector
[20.089s] -- Symlinking: /home/dbot2/dbot_vda5050_ilmatar/install/vda5050_connector/share/ament_index/resource_index/parent_prefix_path/vda5050_connector
[20.094s] -- Symlinking: /home/dbot2/dbot_vda5050_ilmatar/install/vda5050_connector/share/vda5050_connector/environment/ament_prefix_path.sh
[20.099s] -- Symlinking: /home/dbot2/dbot_vda5050_ilmatar/install/vda5050_connector/share/vda5050_connector/environment/ament_prefix_path.dsv
[20.103s] -- Symlinking: /home/dbot2/dbot_vda5050_ilmatar/install/vda5050_connector/share/vda5050_connector/environment/path.sh
[20.109s] -- Symlinking: /home/dbot2/dbot_vda5050_ilmatar/install/vda5050_connector/share/vda5050_connector/environment/path.dsv
[20.114s] -- Symlinking: /home/dbot2/dbot_vda5050_ilmatar/install/vda5050_connector/share/vda5050_connector/local_setup.bash
[20.119s] -- Symlinking: /home/dbot2/dbot_vda5050_ilmatar/install/vda5050_connector/share/vda5050_connector/local_setup.sh
[20.124s] -- Symlinking: /home/dbot2/dbot_vda5050_ilmatar/install/vda5050_connector/share/vda5050_connector/local_setup.zsh
[20.128s] -- Symlinking: /home/dbot2/dbot_vda5050_ilmatar/install/vda5050_connector/share/vda5050_connector/local_setup.dsv
[20.133s] -- Symlinking: /home/dbot2/dbot_vda5050_ilmatar/install/vda5050_connector/share/vda5050_connector/package.dsv
[20.139s] -- Symlinking: /home/dbot2/dbot_vda5050_ilmatar/install/vda5050_connector/share/ament_index/resource_index/packages/vda5050_connector
[20.144s] -- Symlinking: /home/dbot2/dbot_vda5050_ilmatar/install/vda5050_connector/share/ament_index/resource_index/vda5050_connector__pluginlib__plugin/vda5050_connector
[20.150s] -- Symlinking: /home/dbot2/dbot_vda5050_ilmatar/install/vda5050_connector/share/vda5050_connector/cmake/rosidl_cmake-extras.cmake
[20.155s] -- Symlinking: /home/dbot2/dbot_vda5050_ilmatar/install/vda5050_connector/share/vda5050_connector/cmake/ament_cmake_export_dependencies-extras.cmake
[20.160s] -- Symlinking: /home/dbot2/dbot_vda5050_ilmatar/install/vda5050_connector/share/vda5050_connector/cmake/ament_cmake_export_include_directories-extras.cmake
[20.165s] -- Symlinking: /home/dbot2/dbot_vda5050_ilmatar/install/vda5050_connector/share/vda5050_connector/cmake/ament_cmake_export_libraries-extras.cmake
[20.170s] -- Symlinking: /home/dbot2/dbot_vda5050_ilmatar/install/vda5050_connector/share/vda5050_connector/cmake/ament_cmake_export_targets-extras.cmake
[20.175s] -- Symlinking: /home/dbot2/dbot_vda5050_ilmatar/install/vda5050_connector/share/vda5050_connector/cmake/rosidl_cmake_export_typesupport_targets-extras.cmake
[20.180s] -- Symlinking: /home/dbot2/dbot_vda5050_ilmatar/install/vda5050_connector/share/vda5050_connector/cmake/rosidl_cmake_export_typesupport_libraries-extras.cmake
[20.185s] -- Symlinking: /home/dbot2/dbot_vda5050_ilmatar/install/vda5050_connector/share/vda5050_connector/cmake/vda5050_connectorConfig.cmake
[20.190s] -- Symlinking: /home/dbot2/dbot_vda5050_ilmatar/install/vda5050_connector/share/vda5050_connector/cmake/vda5050_connectorConfig-version.cmake
[20.195s] -- Symlinking: /home/dbot2/dbot_vda5050_ilmatar/install/vda5050_connector/share/vda5050_connector/package.xml
[20.200s] -- Installing: /home/dbot2/dbot_vda5050_ilmatar/install/vda5050_connector/lib/libvda5050_connector__rosidl_generator_c.so
[20.200s] -- Set runtime path of "/home/dbot2/dbot_vda5050_ilmatar/install/vda5050_connector/lib/libvda5050_connector__rosidl_generator_c.so" to ""
[20.200s] -- Installing: /home/dbot2/dbot_vda5050_ilmatar/install/vda5050_connector/lib/libvda5050_connector__rosidl_typesupport_fastrtps_c.so
[20.200s] -- Set runtime path of "/home/dbot2/dbot_vda5050_ilmatar/install/vda5050_connector/lib/libvda5050_connector__rosidl_typesupport_fastrtps_c.so" to ""
[20.200s] -- Installing: /home/dbot2/dbot_vda5050_ilmatar/install/vda5050_connector/lib/libvda5050_connector__rosidl_typesupport_fastrtps_cpp.so
[20.200s] -- Set runtime path of "/home/dbot2/dbot_vda5050_ilmatar/install/vda5050_connector/lib/libvda5050_connector__rosidl_typesupport_fastrtps_cpp.so" to ""
[20.201s] -- Installing: /home/dbot2/dbot_vda5050_ilmatar/install/vda5050_connector/lib/libvda5050_connector__rosidl_typesupport_introspection_c.so
[20.201s] -- Set runtime path of "/home/dbot2/dbot_vda5050_ilmatar/install/vda5050_connector/lib/libvda5050_connector__rosidl_typesupport_introspection_c.so" to ""
[20.201s] -- Installing: /home/dbot2/dbot_vda5050_ilmatar/install/vda5050_connector/lib/libvda5050_connector__rosidl_typesupport_c.so
[20.201s] -- Set runtime path of "/home/dbot2/dbot_vda5050_ilmatar/install/vda5050_connector/lib/libvda5050_connector__rosidl_typesupport_c.so" to ""
[20.201s] -- Installing: /home/dbot2/dbot_vda5050_ilmatar/install/vda5050_connector/lib/libvda5050_connector__rosidl_typesupport_introspection_cpp.so
[20.201s] -- Set runtime path of "/home/dbot2/dbot_vda5050_ilmatar/install/vda5050_connector/lib/libvda5050_connector__rosidl_typesupport_introspection_cpp.so" to ""
[20.201s] -- Installing: /home/dbot2/dbot_vda5050_ilmatar/install/vda5050_connector/lib/libvda5050_connector__rosidl_typesupport_cpp.so
[20.201s] -- Set runtime path of "/home/dbot2/dbot_vda5050_ilmatar/install/vda5050_connector/lib/libvda5050_connector__rosidl_typesupport_cpp.so" to ""
[20.250s] Listing '/home/dbot2/dbot_vda5050_ilmatar/install/vda5050_connector/local/lib/python3.10/dist-packages/vda5050_connector'...
[20.250s] Compiling '/home/dbot2/dbot_vda5050_ilmatar/install/vda5050_connector/local/lib/python3.10/dist-packages/vda5050_connector/__init__.py'...
[20.250s] Listing '/home/dbot2/dbot_vda5050_ilmatar/install/vda5050_connector/local/lib/python3.10/dist-packages/vda5050_connector/action'...
[20.250s] Compiling '/home/dbot2/dbot_vda5050_ilmatar/install/vda5050_connector/local/lib/python3.10/dist-packages/vda5050_connector/action/__init__.py'...
[20.250s] Compiling '/home/dbot2/dbot_vda5050_ilmatar/install/vda5050_connector/local/lib/python3.10/dist-packages/vda5050_connector/action/_navigate_to_node.py'...
[20.250s] Compiling '/home/dbot2/dbot_vda5050_ilmatar/install/vda5050_connector/local/lib/python3.10/dist-packages/vda5050_connector/action/_process_vda_action.py'...
[20.250s] Listing '/home/dbot2/dbot_vda5050_ilmatar/install/vda5050_connector/local/lib/python3.10/dist-packages/vda5050_connector/srv'...
[20.250s] Compiling '/home/dbot2/dbot_vda5050_ilmatar/install/vda5050_connector/local/lib/python3.10/dist-packages/vda5050_connector/srv/__init__.py'...
[20.250s] Compiling '/home/dbot2/dbot_vda5050_ilmatar/install/vda5050_connector/local/lib/python3.10/dist-packages/vda5050_connector/srv/_get_state.py'...
[20.250s] Compiling '/home/dbot2/dbot_vda5050_ilmatar/install/vda5050_connector/local/lib/python3.10/dist-packages/vda5050_connector/srv/_supported_actions.py'...
[20.253s] -- Installing: /home/dbot2/dbot_vda5050_ilmatar/install/vda5050_connector/lib/libvda5050_connector__rosidl_generator_py.so
[20.254s] -- Set runtime path of "/home/dbot2/dbot_vda5050_ilmatar/install/vda5050_connector/lib/libvda5050_connector__rosidl_generator_py.so" to ""
[20.254s] -- Installing: /home/dbot2/dbot_vda5050_ilmatar/install/vda5050_connector/lib/libadapter.so
[20.256s] -- Set runtime path of "/home/dbot2/dbot_vda5050_ilmatar/install/vda5050_connector/lib/libadapter.so" to ""
[20.312s] Listing '/home/dbot2/dbot_vda5050_ilmatar/install/vda5050_connector/local/lib/python3.10/dist-packages/vda5050_connector_py'...
[20.312s] Compiling '/home/dbot2/dbot_vda5050_ilmatar/install/vda5050_connector/local/lib/python3.10/dist-packages/vda5050_connector_py/__init__.py'...
[20.312s] Compiling '/home/dbot2/dbot_vda5050_ilmatar/install/vda5050_connector/local/lib/python3.10/dist-packages/vda5050_connector_py/mqtt_bridge.py'...
[20.312s] Compiling '/home/dbot2/dbot_vda5050_ilmatar/install/vda5050_connector/local/lib/python3.10/dist-packages/vda5050_connector_py/rewritten_yaml.py'...
[20.312s] Compiling '/home/dbot2/dbot_vda5050_ilmatar/install/vda5050_connector/local/lib/python3.10/dist-packages/vda5050_connector_py/utils.py'...
[20.312s] Compiling '/home/dbot2/dbot_vda5050_ilmatar/install/vda5050_connector/local/lib/python3.10/dist-packages/vda5050_connector_py/vda5050_controller.py'...
[20.315s] -- Installing: /home/dbot2/dbot_vda5050_ilmatar/install/vda5050_connector/share/vda5050_connector/cmake/export_vda5050_connector__rosidl_generator_cExport.cmake
[20.315s] -- Installing: /home/dbot2/dbot_vda5050_ilmatar/install/vda5050_connector/share/vda5050_connector/cmake/export_vda5050_connector__rosidl_generator_cExport-noconfig.cmake
[20.315s] -- Installing: /home/dbot2/dbot_vda5050_ilmatar/install/vda5050_connector/share/vda5050_connector/cmake/export_vda5050_connector__rosidl_typesupport_fastrtps_cExport.cmake
[20.315s] -- Installing: /home/dbot2/dbot_vda5050_ilmatar/install/vda5050_connector/share/vda5050_connector/cmake/export_vda5050_connector__rosidl_typesupport_fastrtps_cExport-noconfig.cmake
[20.315s] -- Installing: /home/dbot2/dbot_vda5050_ilmatar/install/vda5050_connector/share/vda5050_connector/cmake/export_vda5050_connector__rosidl_generator_cppExport.cmake
[20.315s] -- Installing: /home/dbot2/dbot_vda5050_ilmatar/install/vda5050_connector/share/vda5050_connector/cmake/export_vda5050_connector__rosidl_typesupport_fastrtps_cppExport.cmake
[20.316s] -- Installing: /home/dbot2/dbot_vda5050_ilmatar/install/vda5050_connector/share/vda5050_connector/cmake/export_vda5050_connector__rosidl_typesupport_fastrtps_cppExport-noconfig.cmake
[20.316s] -- Installing: /home/dbot2/dbot_vda5050_ilmatar/install/vda5050_connector/share/vda5050_connector/cmake/vda5050_connector__rosidl_typesupport_introspection_cExport.cmake
[20.316s] -- Installing: /home/dbot2/dbot_vda5050_ilmatar/install/vda5050_connector/share/vda5050_connector/cmake/vda5050_connector__rosidl_typesupport_introspection_cExport-noconfig.cmake
[20.316s] -- Installing: /home/dbot2/dbot_vda5050_ilmatar/install/vda5050_connector/share/vda5050_connector/cmake/vda5050_connector__rosidl_typesupport_cExport.cmake
[20.316s] -- Installing: /home/dbot2/dbot_vda5050_ilmatar/install/vda5050_connector/share/vda5050_connector/cmake/vda5050_connector__rosidl_typesupport_cExport-noconfig.cmake
[20.316s] -- Installing: /home/dbot2/dbot_vda5050_ilmatar/install/vda5050_connector/share/vda5050_connector/cmake/vda5050_connector__rosidl_typesupport_introspection_cppExport.cmake
[20.316s] -- Installing: /home/dbot2/dbot_vda5050_ilmatar/install/vda5050_connector/share/vda5050_connector/cmake/vda5050_connector__rosidl_typesupport_introspection_cppExport-noconfig.cmake
[20.316s] -- Installing: /home/dbot2/dbot_vda5050_ilmatar/install/vda5050_connector/share/vda5050_connector/cmake/vda5050_connector__rosidl_typesupport_cppExport.cmake
[20.316s] -- Installing: /home/dbot2/dbot_vda5050_ilmatar/install/vda5050_connector/share/vda5050_connector/cmake/vda5050_connector__rosidl_typesupport_cppExport-noconfig.cmake
[20.316s] -- Installing: /home/dbot2/dbot_vda5050_ilmatar/install/vda5050_connector/share/vda5050_connector/cmake/export_vda5050_connector__rosidl_generator_pyExport.cmake
[20.316s] -- Installing: /home/dbot2/dbot_vda5050_ilmatar/install/vda5050_connector/share/vda5050_connector/cmake/export_vda5050_connector__rosidl_generator_pyExport-noconfig.cmake
[20.316s] -- Installing: /home/dbot2/dbot_vda5050_ilmatar/install/vda5050_connector/share/vda5050_connector/cmake/export_vda5050_connectorExport.cmake
[20.316s] -- Installing: /home/dbot2/dbot_vda5050_ilmatar/install/vda5050_connector/share/vda5050_connector/cmake/export_vda5050_connectorExport-noconfig.cmake
[20.317s] -- Installing: /home/dbot2/dbot_vda5050_ilmatar/install/vda5050_connector/lib/libtest_plugins.so
[20.320s] -- Set runtime path of "/home/dbot2/dbot_vda5050_ilmatar/install/vda5050_connector/lib/libtest_plugins.so" to ""
[20.322s] Invoked command in '/home/dbot2/dbot_vda5050_ilmatar/build/vda5050_connector' returned '0': CMAKE_PREFIX_PATH=/home/dbot2/dbot_vda5050_ilmatar/install/vda5050_msgs:/home/dbot2/dbot_vda5050_ilmatar/install/vda_dbot_nav_slam:/home/dbot2/dbot_vda5050_ilmatar/install/vda5050_connector:/home/dbot2/dbot_vda5050_ilmatar/install/odometry_estimator:/home/dbot2/dbot_vda5050_ilmatar/install/dbot_nav_slam:/home/dbot2/dbot_vda5050_ilmatar/install/dbot_custom_msgs:/home/dbot2/dbot_vda5050_ilmatar/install/crane_dbot:/home/dbot2/dbot_src/install/odometry_estimator:/home/dbot2/dbot_src/install/dbot_custom_msgs:/home/dbot2/dbot_remote/install/pointcloud_saver:/home/dbot2/circus_demo/install/pcl_localization_ros2:/home/dbot2/circus_demo/install/ndt_omp_ros2:/home/dbot2/ros2_ws/install/odometry_estimator:/home/dbot2/ros2_ws/install/dbot_nav_slam:/home/dbot2/ros2_ws/install/dbot_custom_msgs:/home/dbot2/ros2_ws/install/ament_lint_common:/home/dbot2/ros2_ws/install/ament_cmake_xmllint:/home/dbot2/ros2_ws/install/ament_cmake_uncrustify:/home/dbot2/ros2_ws/install/ament_cmake_pyflakes:/home/dbot2/ros2_ws/install/ament_cmake_pycodestyle:/home/dbot2/ros2_ws/install/ament_cmake_pep257:/home/dbot2/ros2_ws/install/ament_cmake_pclint:/home/dbot2/ros2_ws/install/ament_cmake_mypy:/home/dbot2/ros2_ws/install/ament_cmake_lint_cmake:/home/dbot2/ros2_ws/install/ament_lint_auto:/home/dbot2/ros2_ws/install/ament_cmake_flake8:/home/dbot2/ros2_ws/install/ament_cmake_copyright:/home/dbot2/ros2_ws/install/ament_cmake_cpplint:/home/dbot2/ros2_ws/install/ament_cmake_cppcheck:/home/dbot2/ros2_ws/install/ament_cmake_clang_tidy:/home/dbot2/ros2_ws/install/ament_cmake_clang_format:/home/dbot2/dbot_vda5050_ilmatar/install/vda5050_tb3_adapter:/home/dbot2/dbot_vda5050_ilmatar/install/vda5050_adapter:/home/dbot2/dbot_vda5050_ilmatar/install/tf2_dbot:/home/dbot2/dbot_vda5050_ilmatar/install/odom_motion_model:/home/dbot2/dbot_vda5050_ilmatar/install/motor_driver:/home/dbot2/dbot_vda5050_ilmatar/install/joycontrol:/home/dbot2/dbot_vda5050_ilmatar/install/gesturecontrol:/home/dbot2/dbot_vda5050_ilmatar/install/dbot_bridge:/home/dbot2/dbot_vda5050_ilmatar/install/dbot:/home/dbot2/dbot_src/install/tf2_dbot:/home/dbot2/dbot_src/install/odom_motion_model:/home/dbot2/dbot_src/install/motor_driver:/home/dbot2/dbot_src/install/joycontrol:/home/dbot2/dbot_src/install/dbot:/home/dbot2/dbot_remote/install/pcd_joy_trigger:/home/dbot2/circus_demo/install/circus_demo:/home/dbot2/ros2_ws/install/tf2_dbot:/home/dbot2/ros2_ws/install/odom_motion_model:/home/dbot2/ros2_ws/install/motor_driver:/home/dbot2/ros2_ws/install/joycontrol:/home/dbot2/ros2_ws/install/gesturecontrol:/home/dbot2/ros2_ws/install/dbot_bridge:/home/dbot2/ros2_ws/install/dbot:/home/dbot2/ros2_ws/install/ament_xmllint:/home/dbot2/ros2_ws/install/ament_uncrustify:/home/dbot2/ros2_ws/install/ament_pyflakes:/home/dbot2/ros2_ws/install/ament_pycodestyle:/home/dbot2/ros2_ws/install/ament_pep257:/home/dbot2/ros2_ws/install/ament_pclint:/home/dbot2/ros2_ws/install/ament_mypy:/home/dbot2/ros2_ws/install/ament_lint_cmake:/home/dbot2/ros2_ws/install/ament_flake8:/home/dbot2/ros2_ws/install/ament_copyright:/home/dbot2/ros2_ws/install/ament_lint:/home/dbot2/ros2_ws/install/ament_cpplint:/home/dbot2/ros2_ws/install/ament_cppcheck:/home/dbot2/ros2_ws/install/ament_clang_tidy:/home/dbot2/ros2_ws/install/ament_clang_format:/opt/ros/humble LD_LIBRARY_PATH=/home/dbot2/dbot_vda5050_ilmatar/install/vda5050_msgs/lib:/home/dbot2/dbot_vda5050_ilmatar/install/vda5050_connector/lib:/home/dbot2/dbot_vda5050_ilmatar/install/dbot_custom_msgs/lib:/home/dbot2/dbot_src/install/dbot_custom_msgs/lib:/home/dbot2/circus_demo/install/pcl_localization_ros2/lib:/home/dbot2/ros2_ws/install/dbot_custom_msgs/lib:/opt/ros/humble/opt/rviz_ogre_vendor/lib:/opt/ros/humble/lib/x86_64-linux-gnu:/opt/ros/humble/lib /usr/bin/cmake --install /home/dbot2/dbot_vda5050_ilmatar/build/vda5050_connector
