[4.645s] Invoking command in '/home/dbot2/dbot_vda5050_ilmatar/src/dbot': PYTHONPATH=/home/dbot2/dbot_vda5050_ilmatar/build/dbot/prefix_override:/usr/lib/python3/dist-packages/colcon_core/task/python/colcon_distutils_commands:/home/dbot2/dbot_vda5050_ilmatar/install/dbot/lib/python3.10/site-packages:${PYTHONPATH} /usr/bin/python3 -W ignore:setup.py install is deprecated -W ignore:easy_install command is deprecated setup.py egg_info --egg-base ../../build/dbot build --build-base /home/dbot2/dbot_vda5050_ilmatar/build/dbot/build install --record /home/dbot2/dbot_vda5050_ilmatar/build/dbot/install.log --single-version-externally-managed install_data
[5.573s] running egg_info
[5.573s] writing ../../build/dbot/dbot.egg-info/PKG-INFO
[5.573s] writing dependency_links to ../../build/dbot/dbot.egg-info/dependency_links.txt
[5.573s] writing entry points to ../../build/dbot/dbot.egg-info/entry_points.txt
[5.573s] writing requirements to ../../build/dbot/dbot.egg-info/requires.txt
[5.573s] writing top-level names to ../../build/dbot/dbot.egg-info/top_level.txt
[5.584s] reading manifest file '../../build/dbot/dbot.egg-info/SOURCES.txt'
[5.584s] adding license file 'LICENSE'
[5.585s] writing manifest file '../../build/dbot/dbot.egg-info/SOURCES.txt'
[5.594s] running build
[5.594s] running build_py
[5.594s] running install
[5.594s] running install_lib
[5.598s] running install_data
[5.598s] running install_egg_info
[5.602s] removing '/home/dbot2/dbot_vda5050_ilmatar/install/dbot/lib/python3.10/site-packages/dbot-0.0.0-py3.10.egg-info' (and everything under it)
[5.603s] Copying ../../build/dbot/dbot.egg-info to /home/dbot2/dbot_vda5050_ilmatar/install/dbot/lib/python3.10/site-packages/dbot-0.0.0-py3.10.egg-info
[5.603s] running install_scripts
[5.676s] writing list of installed files to '/home/dbot2/dbot_vda5050_ilmatar/build/dbot/install.log'
[6.151s] Invoked command in '/home/dbot2/dbot_vda5050_ilmatar/src/dbot' returned '0': PYTHONPATH=/home/dbot2/dbot_vda5050_ilmatar/build/dbot/prefix_override:/usr/lib/python3/dist-packages/colcon_core/task/python/colcon_distutils_commands:/home/dbot2/dbot_vda5050_ilmatar/install/dbot/lib/python3.10/site-packages:${PYTHONPATH} /usr/bin/python3 -W ignore:setup.py install is deprecated -W ignore:easy_install command is deprecated setup.py egg_info --egg-base ../../build/dbot build --build-base /home/dbot2/dbot_vda5050_ilmatar/build/dbot/build install --record /home/dbot2/dbot_vda5050_ilmatar/build/dbot/install.log --single-version-externally-managed install_data
