[0.029s] Invoking command in '/home/dbot2/ros2_ws/src/build/crane_dbot': CMAKE_PREFIX_PATH=${CMAKE_PREFIX_PATH}:/home/dbot2/ros2_ws/install/tf2_dbot:/home/dbot2/ros2_ws/install/odom_motion_model:/home/dbot2/ros2_ws/install/motor_driver:/home/dbot2/ros2_ws/install/joycontrol:/home/dbot2/ros2_ws/install/gesturecontrol:/home/dbot2/dbot_src/install/tf2_dbot:/home/dbot2/dbot_src/install/odom_motion_model:/home/dbot2/dbot_src/install/motor_driver:/home/dbot2/dbot_src/install/joycontrol:/home/dbot2/dbot_src/install/dbot:/home/dbot2/dbot_remote/install/pcd_joy_trigger:/home/dbot2/circus_demo/install/circus_demo:/opt/ros/humble /usr/bin/cmake /home/dbot2/ros2_ws/src/crane_dbot -DAMENT_CMAKE_SYMLINK_INSTALL=1 -DCMAKE_INSTALL_PREFIX=/home/dbot2/ros2_ws/src/install/crane_dbot
[0.704s] -- The C compiler identification is GNU 11.4.0
[0.704s] -- The CXX compiler identification is GNU 11.4.0
[0.704s] -- Detecting C compiler ABI info
[0.704s] -- Detecting C compiler ABI info - done
[0.704s] -- Check for working C compiler: /usr/bin/cc - skipped
[0.704s] -- Detecting C compile features
[0.704s] -- Detecting C compile features - done
[0.704s] -- Detecting CXX compiler ABI info
[0.704s] -- Detecting CXX compiler ABI info - done
[0.704s] -- Check for working CXX compiler: /usr/bin/c++ - skipped
[0.704s] -- Detecting CXX compile features
[0.705s] -- Detecting CXX compile features - done
[0.705s] -- Found ament_cmake: 1.3.10 (/opt/ros/humble/share/ament_cmake/cmake)
[0.705s] -- Found Python3: /usr/bin/python3 (found version "3.10.12") found components: Interpreter 
[0.705s] -- Override CMake install command with custom implementation using symlinks instead of copying resources
[0.705s] -- Found rclcpp: 16.0.10 (/opt/ros/humble/share/rclcpp/cmake)
[0.715s] -- Found rosidl_generator_c: 3.1.5 (/opt/ros/humble/share/rosidl_generator_c/cmake)
[0.721s] -- Found rosidl_adapter: 3.1.5 (/opt/ros/humble/share/rosidl_adapter/cmake)
[0.729s] -- Found rosidl_generator_cpp: 3.1.5 (/opt/ros/humble/share/rosidl_generator_cpp/cmake)
[0.740s] -- Using all available rosidl_typesupport_c: rosidl_typesupport_fastrtps_c;rosidl_typesupport_introspection_c
[0.755s] -- Using all available rosidl_typesupport_cpp: rosidl_typesupport_fastrtps_cpp;rosidl_typesupport_introspection_cpp
[0.797s] -- Found rmw_implementation_cmake: 6.1.2 (/opt/ros/humble/share/rmw_implementation_cmake/cmake)
[0.800s] -- Found rmw_fastrtps_cpp: 6.2.7 (/opt/ros/humble/share/rmw_fastrtps_cpp/cmake)
[0.871s] -- Found OpenSSL: /usr/lib/x86_64-linux-gnu/libcrypto.so (found version "3.0.2")  
[0.898s] -- Found FastRTPS: /opt/ros/humble/include  
[0.951s] -- Using RMW implementation 'rmw_fastrtps_cpp' as default
[0.966s] -- Looking for pthread.h
[1.050s] -- Looking for pthread.h - found
[1.050s] -- Performing Test CMAKE_HAVE_LIBC_PTHREAD
[1.129s] -- Performing Test CMAKE_HAVE_LIBC_PTHREAD - Success
[1.130s] -- Found Threads: TRUE  
[1.193s] -- Found rclpy: 3.3.14 (/opt/ros/humble/share/rclpy/cmake)
[1.195s] -- Found ament_lint_auto: 0.12.11 (/opt/ros/humble/share/ament_lint_auto/cmake)
[1.373s] -- Added test 'copyright' to check source files copyright and LICENSE
[1.386s] -- Added test 'flake8' to check Python code syntax and style conventions
[1.386s] -- Added test 'lint_cmake' to check CMake code style
[1.386s] -- Added test 'pep257' to check Python code against some of the docstring style conventions in PEP 257
[1.389s] -- Added test 'xmllint' to check XML markup files
[1.395s] -- Configuring done
[1.399s] -- Generating done
[1.401s] -- Build files have been written to: /home/dbot2/ros2_ws/src/build/crane_dbot
[1.424s] Invoked command in '/home/dbot2/ros2_ws/src/build/crane_dbot' returned '0': CMAKE_PREFIX_PATH=${CMAKE_PREFIX_PATH}:/home/dbot2/ros2_ws/install/tf2_dbot:/home/dbot2/ros2_ws/install/odom_motion_model:/home/dbot2/ros2_ws/install/motor_driver:/home/dbot2/ros2_ws/install/joycontrol:/home/dbot2/ros2_ws/install/gesturecontrol:/home/dbot2/dbot_src/install/tf2_dbot:/home/dbot2/dbot_src/install/odom_motion_model:/home/dbot2/dbot_src/install/motor_driver:/home/dbot2/dbot_src/install/joycontrol:/home/dbot2/dbot_src/install/dbot:/home/dbot2/dbot_remote/install/pcd_joy_trigger:/home/dbot2/circus_demo/install/circus_demo:/opt/ros/humble /usr/bin/cmake /home/dbot2/ros2_ws/src/crane_dbot -DAMENT_CMAKE_SYMLINK_INSTALL=1 -DCMAKE_INSTALL_PREFIX=/home/dbot2/ros2_ws/src/install/crane_dbot
[1.425s] Invoking command in '/home/dbot2/ros2_ws/src/build/crane_dbot': CMAKE_PREFIX_PATH=${CMAKE_PREFIX_PATH}:/home/dbot2/ros2_ws/install/tf2_dbot:/home/dbot2/ros2_ws/install/odom_motion_model:/home/dbot2/ros2_ws/install/motor_driver:/home/dbot2/ros2_ws/install/joycontrol:/home/dbot2/ros2_ws/install/gesturecontrol:/home/dbot2/dbot_src/install/tf2_dbot:/home/dbot2/dbot_src/install/odom_motion_model:/home/dbot2/dbot_src/install/motor_driver:/home/dbot2/dbot_src/install/joycontrol:/home/dbot2/dbot_src/install/dbot:/home/dbot2/dbot_remote/install/pcd_joy_trigger:/home/dbot2/circus_demo/install/circus_demo:/opt/ros/humble /usr/bin/cmake --build /home/dbot2/ros2_ws/src/build/crane_dbot -- -j8 -l8
[1.810s] Built target ament_cmake_python_symlink_crane_dbot
[1.810s] Built target ament_cmake_python_symlink_crane_dbot_setup
[1.828s] running egg_info
[1.828s] creating crane_dbot.egg-info
[1.829s] writing crane_dbot.egg-info/PKG-INFO
[1.829s] writing dependency_links to crane_dbot.egg-info/dependency_links.txt
[1.829s] writing top-level names to crane_dbot.egg-info/top_level.txt
[1.829s] writing manifest file 'crane_dbot.egg-info/SOURCES.txt'
[1.832s] reading manifest file 'crane_dbot.egg-info/SOURCES.txt'
[1.833s] writing manifest file 'crane_dbot.egg-info/SOURCES.txt'
[1.864s] Built target ament_cmake_python_build_crane_dbot_egg
[1.875s] Invoked command in '/home/dbot2/ros2_ws/src/build/crane_dbot' returned '0': CMAKE_PREFIX_PATH=${CMAKE_PREFIX_PATH}:/home/dbot2/ros2_ws/install/tf2_dbot:/home/dbot2/ros2_ws/install/odom_motion_model:/home/dbot2/ros2_ws/install/motor_driver:/home/dbot2/ros2_ws/install/joycontrol:/home/dbot2/ros2_ws/install/gesturecontrol:/home/dbot2/dbot_src/install/tf2_dbot:/home/dbot2/dbot_src/install/odom_motion_model:/home/dbot2/dbot_src/install/motor_driver:/home/dbot2/dbot_src/install/joycontrol:/home/dbot2/dbot_src/install/dbot:/home/dbot2/dbot_remote/install/pcd_joy_trigger:/home/dbot2/circus_demo/install/circus_demo:/opt/ros/humble /usr/bin/cmake --build /home/dbot2/ros2_ws/src/build/crane_dbot -- -j8 -l8
[1.902s] Invoking command in '/home/dbot2/ros2_ws/src/build/crane_dbot': CMAKE_PREFIX_PATH=${CMAKE_PREFIX_PATH}:/home/dbot2/ros2_ws/install/tf2_dbot:/home/dbot2/ros2_ws/install/odom_motion_model:/home/dbot2/ros2_ws/install/motor_driver:/home/dbot2/ros2_ws/install/joycontrol:/home/dbot2/ros2_ws/install/gesturecontrol:/home/dbot2/dbot_src/install/tf2_dbot:/home/dbot2/dbot_src/install/odom_motion_model:/home/dbot2/dbot_src/install/motor_driver:/home/dbot2/dbot_src/install/joycontrol:/home/dbot2/dbot_src/install/dbot:/home/dbot2/dbot_remote/install/pcd_joy_trigger:/home/dbot2/circus_demo/install/circus_demo:/opt/ros/humble /usr/bin/cmake --install /home/dbot2/ros2_ws/src/build/crane_dbot
[1.972s] -- Install configuration: ""
[1.972s] -- Execute custom install script
[1.972s] -- Symlinking: /home/dbot2/ros2_ws/src/install/crane_dbot/share/crane_dbot/environment/pythonpath.sh
[1.972s] -- Symlinking: /home/dbot2/ros2_ws/src/install/crane_dbot/share/crane_dbot/environment/pythonpath.dsv
[1.972s] -- Symlinking: /home/dbot2/ros2_ws/src/install/crane_dbot/local/lib/python3.10/dist-packages/crane_dbot-0.0.0-py3.10.egg-info/PKG-INFO
[1.972s] -- Symlinking: /home/dbot2/ros2_ws/src/install/crane_dbot/local/lib/python3.10/dist-packages/crane_dbot-0.0.0-py3.10.egg-info/SOURCES.txt
[1.972s] -- Symlinking: /home/dbot2/ros2_ws/src/install/crane_dbot/local/lib/python3.10/dist-packages/crane_dbot-0.0.0-py3.10.egg-info/dependency_links.txt
[1.972s] -- Symlinking: /home/dbot2/ros2_ws/src/install/crane_dbot/local/lib/python3.10/dist-packages/crane_dbot-0.0.0-py3.10.egg-info/top_level.txt
[1.978s] -- Symlinking: /home/dbot2/ros2_ws/src/install/crane_dbot/local/lib/python3.10/dist-packages/crane_dbot/__init__.py
[1.984s] -- Symlinking: /home/dbot2/ros2_ws/src/install/crane_dbot/local/lib/python3.10/dist-packages/crane_dbot/modules_import.py
[1.992s] -- Symlinking: /home/dbot2/ros2_ws/src/install/crane_dbot/share/crane_dbot/config/diff_drive_controller.yaml
[1.997s] -- Symlinking: /home/dbot2/ros2_ws/src/install/crane_dbot/share/crane_dbot/config/joystick.yaml
[2.003s] -- Symlinking: /home/dbot2/ros2_ws/src/install/crane_dbot/share/crane_dbot/config/mapper_params_online_async.yaml
[2.010s] -- Symlinking: /home/dbot2/ros2_ws/src/install/crane_dbot/share/crane_dbot/config/mqtt_bridge.yaml
[2.016s] -- Symlinking: /home/dbot2/ros2_ws/src/install/crane_dbot/share/crane_dbot/config/my_controllers.yaml
[2.022s] -- Symlinking: /home/dbot2/ros2_ws/src/install/crane_dbot/share/crane_dbot/config/nav2_params.yaml
[2.028s] -- Symlinking: /home/dbot2/ros2_ws/src/install/crane_dbot/share/crane_dbot/config/twist_mux.yaml
[2.034s] -- Symlinking: /home/dbot2/ros2_ws/src/install/crane_dbot/share/crane_dbot/description/inertial_macros.xacro
[2.040s] -- Symlinking: /home/dbot2/ros2_ws/src/install/crane_dbot/share/crane_dbot/description/robot.urdf.xacro
[2.046s] -- Symlinking: /home/dbot2/ros2_ws/src/install/crane_dbot/share/crane_dbot/description/robot_core.xacro
[2.052s] -- Symlinking: /home/dbot2/ros2_ws/src/install/crane_dbot/share/crane_dbot/description/ros2_control.xacro
[2.059s] -- Symlinking: /home/dbot2/ros2_ws/src/install/crane_dbot/share/crane_dbot/launch/auto_nav_dbot_launch.py
[2.065s] -- Symlinking: /home/dbot2/ros2_ws/src/install/crane_dbot/share/crane_dbot/launch/launch_robot.launch.py
[2.070s] -- Symlinking: /home/dbot2/ros2_ws/src/install/crane_dbot/share/crane_dbot/launch/localization_launch.py
[2.077s] -- Symlinking: /home/dbot2/ros2_ws/src/install/crane_dbot/share/crane_dbot/launch/navigation_launch.py
[2.083s] -- Symlinking: /home/dbot2/ros2_ws/src/install/crane_dbot/share/crane_dbot/launch/online_async_launch.py
[2.090s] -- Symlinking: /home/dbot2/ros2_ws/src/install/crane_dbot/share/crane_dbot/launch/remote_auto_launch.py
[2.096s] -- Symlinking: /home/dbot2/ros2_ws/src/install/crane_dbot/share/crane_dbot/launch/rsp.launch.py
[2.102s] -- Symlinking: /home/dbot2/ros2_ws/src/install/crane_dbot/share/crane_dbot/maps/DF_map.pgm
[2.109s] -- Symlinking: /home/dbot2/ros2_ws/src/install/crane_dbot/share/crane_dbot/maps/DF_map.yaml
[2.115s] -- Symlinking: /home/dbot2/ros2_ws/src/install/crane_dbot/share/crane_dbot/maps/cage.pgm
[2.122s] -- Symlinking: /home/dbot2/ros2_ws/src/install/crane_dbot/share/crane_dbot/maps/cage.yaml
[2.129s] -- Symlinking: /home/dbot2/ros2_ws/src/install/crane_dbot/share/crane_dbot/maps/office_map.pgm
[2.136s] -- Symlinking: /home/dbot2/ros2_ws/src/install/crane_dbot/share/crane_dbot/maps/office_map.yaml
[2.142s] -- Symlinking: /home/dbot2/ros2_ws/src/install/crane_dbot/share/crane_dbot/maps/office_map_localize.data
[2.148s] -- Symlinking: /home/dbot2/ros2_ws/src/install/crane_dbot/share/crane_dbot/maps/office_map_localize.posegraph
[2.155s] -- Symlinking: /home/dbot2/ros2_ws/src/install/crane_dbot/share/crane_dbot/maps/office_map_serial.data
[2.161s] -- Symlinking: /home/dbot2/ros2_ws/src/install/crane_dbot/share/crane_dbot/maps/office_map_serial.posegraph
[2.167s] -- Symlinking: /home/dbot2/ros2_ws/src/install/crane_dbot/share/crane_dbot/scripts/.mqtt_dbot.py.swp
[2.173s] -- Symlinking: /home/dbot2/ros2_ws/src/install/crane_dbot/share/crane_dbot/scripts/DF_inspection_route.py
[2.179s] -- Symlinking: /home/dbot2/ros2_ws/src/install/crane_dbot/share/crane_dbot/scripts/demo_nav.py
[2.185s] -- Symlinking: /home/dbot2/ros2_ws/src/install/crane_dbot/share/crane_dbot/scripts/emca.crt
[2.191s] -- Symlinking: /home/dbot2/ros2_ws/src/install/crane_dbot/share/crane_dbot/scripts/emqxsl-ca.crt
[2.207s] -- Symlinking: /home/dbot2/ros2_ws/src/install/crane_dbot/share/crane_dbot/scripts/mqtt.py
[2.213s] -- Symlinking: /home/dbot2/ros2_ws/src/install/crane_dbot/share/crane_dbot/scripts/mqtt_dbot.py
[2.220s] -- Symlinking: /home/dbot2/ros2_ws/src/install/crane_dbot/share/crane_dbot/scripts/mqtt_inspection.py
[2.226s] -- Symlinking: /home/dbot2/ros2_ws/src/install/crane_dbot/share/crane_dbot/scripts/mqtt_original.py
[2.231s] -- Symlinking: /home/dbot2/ros2_ws/src/install/crane_dbot/share/crane_dbot/scripts/nav_through_poses.py
[2.238s] -- Symlinking: /home/dbot2/ros2_ws/src/install/crane_dbot/share/crane_dbot/scripts/pose_subscriber.py
[2.244s] -- Symlinking: /home/dbot2/ros2_ws/src/install/crane_dbot/share/crane_dbot/scripts/remote_control.py
[2.251s] -- Symlinking: /home/dbot2/ros2_ws/src/install/crane_dbot/share/crane_dbot/scripts/single_goalpose.py
[2.259s] -- Symlinking: /home/dbot2/ros2_ws/src/install/crane_dbot/share/crane_dbot/scripts/test_full.py
[2.267s] -- Symlinking: /home/dbot2/ros2_ws/src/install/crane_dbot/share/crane_dbot/scripts/vel_msg_sub.py
[2.275s] -- Up-to-date symlink: /home/dbot2/ros2_ws/src/install/crane_dbot/share/crane_dbot//launch/auto_nav_dbot_launch.py
[2.275s] -- Up-to-date symlink: /home/dbot2/ros2_ws/src/install/crane_dbot/share/crane_dbot//launch/launch_robot.launch.py
[2.275s] -- Up-to-date symlink: /home/dbot2/ros2_ws/src/install/crane_dbot/share/crane_dbot//launch/localization_launch.py
[2.276s] -- Up-to-date symlink: /home/dbot2/ros2_ws/src/install/crane_dbot/share/crane_dbot//launch/navigation_launch.py
[2.276s] -- Up-to-date symlink: /home/dbot2/ros2_ws/src/install/crane_dbot/share/crane_dbot//launch/online_async_launch.py
[2.276s] -- Up-to-date symlink: /home/dbot2/ros2_ws/src/install/crane_dbot/share/crane_dbot//launch/remote_auto_launch.py
[2.276s] -- Up-to-date symlink: /home/dbot2/ros2_ws/src/install/crane_dbot/share/crane_dbot//launch/rsp.launch.py
[2.276s] -- Symlinking: /home/dbot2/ros2_ws/src/install/crane_dbot/lib/crane_dbot/nav_through_poses.py
[2.285s] -- Symlinking: /home/dbot2/ros2_ws/src/install/crane_dbot/lib/crane_dbot/DF_inspection_route.py
[2.294s] -- Symlinking: /home/dbot2/ros2_ws/src/install/crane_dbot/lib/crane_dbot/mqtt.py
[2.303s] -- Symlinking: /home/dbot2/ros2_ws/src/install/crane_dbot/lib/crane_dbot/remote_control.py
[2.311s] -- Symlinking: /home/dbot2/ros2_ws/src/install/crane_dbot/share/ament_index/resource_index/package_run_dependencies/crane_dbot
[2.323s] -- Symlinking: /home/dbot2/ros2_ws/src/install/crane_dbot/share/ament_index/resource_index/parent_prefix_path/crane_dbot
[2.330s] -- Symlinking: /home/dbot2/ros2_ws/src/install/crane_dbot/share/crane_dbot/environment/ament_prefix_path.sh
[2.342s] -- Symlinking: /home/dbot2/ros2_ws/src/install/crane_dbot/share/crane_dbot/environment/ament_prefix_path.dsv
[2.352s] -- Symlinking: /home/dbot2/ros2_ws/src/install/crane_dbot/share/crane_dbot/environment/path.sh
[2.363s] -- Symlinking: /home/dbot2/ros2_ws/src/install/crane_dbot/share/crane_dbot/environment/path.dsv
[2.374s] -- Symlinking: /home/dbot2/ros2_ws/src/install/crane_dbot/share/crane_dbot/local_setup.bash
[2.384s] -- Symlinking: /home/dbot2/ros2_ws/src/install/crane_dbot/share/crane_dbot/local_setup.sh
[2.393s] -- Symlinking: /home/dbot2/ros2_ws/src/install/crane_dbot/share/crane_dbot/local_setup.zsh
[2.403s] -- Symlinking: /home/dbot2/ros2_ws/src/install/crane_dbot/share/crane_dbot/local_setup.dsv
[2.413s] -- Symlinking: /home/dbot2/ros2_ws/src/install/crane_dbot/share/crane_dbot/package.dsv
[2.421s] -- Symlinking: /home/dbot2/ros2_ws/src/install/crane_dbot/share/ament_index/resource_index/packages/crane_dbot
[2.430s] -- Symlinking: /home/dbot2/ros2_ws/src/install/crane_dbot/share/crane_dbot/cmake/crane_dbotConfig.cmake
[2.440s] -- Symlinking: /home/dbot2/ros2_ws/src/install/crane_dbot/share/crane_dbot/cmake/crane_dbotConfig-version.cmake
[2.448s] -- Symlinking: /home/dbot2/ros2_ws/src/install/crane_dbot/share/crane_dbot/package.xml
[2.497s] Listing '/home/dbot2/ros2_ws/src/install/crane_dbot/local/lib/python3.10/dist-packages/crane_dbot'...
[2.497s] Compiling '/home/dbot2/ros2_ws/src/install/crane_dbot/local/lib/python3.10/dist-packages/crane_dbot/__init__.py'...
[2.497s] Compiling '/home/dbot2/ros2_ws/src/install/crane_dbot/local/lib/python3.10/dist-packages/crane_dbot/modules_import.py'...
[2.505s] Invoked command in '/home/dbot2/ros2_ws/src/build/crane_dbot' returned '0': CMAKE_PREFIX_PATH=${CMAKE_PREFIX_PATH}:/home/dbot2/ros2_ws/install/tf2_dbot:/home/dbot2/ros2_ws/install/odom_motion_model:/home/dbot2/ros2_ws/install/motor_driver:/home/dbot2/ros2_ws/install/joycontrol:/home/dbot2/ros2_ws/install/gesturecontrol:/home/dbot2/dbot_src/install/tf2_dbot:/home/dbot2/dbot_src/install/odom_motion_model:/home/dbot2/dbot_src/install/motor_driver:/home/dbot2/dbot_src/install/joycontrol:/home/dbot2/dbot_src/install/dbot:/home/dbot2/dbot_remote/install/pcd_joy_trigger:/home/dbot2/circus_demo/install/circus_demo:/opt/ros/humble /usr/bin/cmake --install /home/dbot2/ros2_ws/src/build/crane_dbot
