[0.010s] Invoking command in '/home/dbot2/dbot_vda5050_ilmatar/src/vda_dbot_nav_slam/build/vda_dbot_nav_slam': CMAKE_PREFIX_PATH=${CMAKE_PREFIX_PATH}:/home/dbot2/ros2_ws/install/tf2_dbot:/home/dbot2/ros2_ws/install/odom_motion_model:/home/dbot2/ros2_ws/install/motor_driver:/home/dbot2/ros2_ws/install/joycontrol:/home/dbot2/ros2_ws/install/gesturecontrol:/home/dbot2/ros2_ws/install/dbot_bridge:/home/dbot2/ros2_ws/install/dbot:/home/dbot2/ros2_ws/install/ament_xmllint:/home/dbot2/ros2_ws/install/ament_uncrustify:/home/dbot2/ros2_ws/install/ament_pyflakes:/home/dbot2/ros2_ws/install/ament_pycodestyle:/home/dbot2/ros2_ws/install/ament_pep257:/home/dbot2/ros2_ws/install/ament_pclint:/home/dbot2/ros2_ws/install/ament_mypy:/home/dbot2/ros2_ws/install/ament_lint_cmake:/home/dbot2/ros2_ws/install/ament_flake8:/home/dbot2/ros2_ws/install/ament_copyright:/home/dbot2/ros2_ws/install/ament_lint:/home/dbot2/ros2_ws/install/ament_cpplint:/home/dbot2/ros2_ws/install/ament_cppcheck:/home/dbot2/ros2_ws/install/ament_clang_tidy:/home/dbot2/ros2_ws/install/ament_clang_format:/home/dbot2/dbot_src/install/tf2_dbot:/home/dbot2/dbot_src/install/odom_motion_model:/home/dbot2/dbot_src/install/motor_driver:/home/dbot2/dbot_src/install/joycontrol:/home/dbot2/dbot_src/install/dbot:/home/dbot2/dbot_remote/install/pcd_joy_trigger:/home/dbot2/circus_demo/install/circus_demo:/opt/ros/humble /usr/bin/cmake /home/dbot2/dbot_vda5050_ilmatar/src/vda_dbot_nav_slam -DCMAKE_INSTALL_PREFIX=/home/dbot2/dbot_vda5050_ilmatar/src/vda_dbot_nav_slam/install/vda_dbot_nav_slam
[0.049s] -- The C compiler identification is GNU 11.4.0
[0.085s] -- The CXX compiler identification is GNU 11.4.0
[0.090s] -- Detecting C compiler ABI info
[0.141s] -- Detecting C compiler ABI info - done
[0.146s] -- Check for working C compiler: /usr/bin/cc - skipped
[0.146s] -- Detecting C compile features
[0.146s] -- Detecting C compile features - done
[0.148s] -- Detecting CXX compiler ABI info
[0.199s] -- Detecting CXX compiler ABI info - done
[0.205s] -- Check for working CXX compiler: /usr/bin/c++ - skipped
[0.205s] -- Detecting CXX compile features
[0.206s] -- Detecting CXX compile features - done
[0.224s] -- Found ament_cmake: 1.3.11 (/opt/ros/humble/share/ament_cmake/cmake)
[0.383s] -- Found Python3: /usr/bin/python3 (found version "3.10.12") found components: Interpreter 
[0.508s] -- Found rclcpp: 16.0.12 (/opt/ros/humble/share/rclcpp/cmake)
[0.564s] -- Found rosidl_generator_c: 3.1.6 (/opt/ros/humble/share/rosidl_generator_c/cmake)
[0.571s] -- Found rosidl_adapter: 3.1.6 (/opt/ros/humble/share/rosidl_adapter/cmake)
[0.580s] -- Found rosidl_generator_cpp: 3.1.6 (/opt/ros/humble/share/rosidl_generator_cpp/cmake)
[0.593s] -- Using all available rosidl_typesupport_c: rosidl_typesupport_fastrtps_c;rosidl_typesupport_introspection_c
[0.611s] -- Using all available rosidl_typesupport_cpp: rosidl_typesupport_fastrtps_cpp;rosidl_typesupport_introspection_cpp
[0.666s] -- Found rmw_implementation_cmake: 6.1.2 (/opt/ros/humble/share/rmw_implementation_cmake/cmake)
[0.671s] -- Found rmw_fastrtps_cpp: 6.2.7 (/opt/ros/humble/share/rmw_fastrtps_cpp/cmake)
[0.740s] -- Found OpenSSL: /usr/lib/x86_64-linux-gnu/libcrypto.so (found version "3.0.2")  
[0.764s] -- Found FastRTPS: /opt/ros/humble/include  
[0.794s] -- Using RMW implementation 'rmw_fastrtps_cpp' as default
[0.806s] -- Looking for pthread.h
[0.855s] -- Looking for pthread.h - found
[0.855s] -- Performing Test CMAKE_HAVE_LIBC_PTHREAD
[0.909s] -- Performing Test CMAKE_HAVE_LIBC_PTHREAD - Success
[0.910s] -- Found Threads: TRUE  
[0.963s] -- Found rclpy: 3.3.16 (/opt/ros/humble/share/rclpy/cmake)
[0.964s] -- Found ament_lint_auto: 0.20.1 (/home/dbot2/ros2_ws/install/ament_lint_auto/share/ament_lint_auto/cmake)
[1.049s] -- Added test 'copyright' to check source files copyright and LICENSE
[1.053s] -- Added test 'cppcheck' to perform static code analysis on C / C++ code
[1.053s] -- Configured cppcheck include dirs: 
[1.053s] -- Configured cppcheck exclude dirs and/or files: 
[1.059s] -- Added test 'cpplint' to check C / C++ code against the Google style
[1.059s] -- Configured cpplint exclude dirs and/or files: 
[1.060s] -- Added test 'flake8' to check Python code syntax and style conventions
[1.060s] -- Configured 'flake8' exclude dirs and/or files: 
[1.062s] -- Added test 'lint_cmake' to check CMake code style
[1.063s] -- Added test 'pep257' to check Python code against some of the docstring style conventions in PEP 257
[1.066s] -- Added test 'uncrustify' to check C / C++ code style
[1.067s] -- Configured uncrustify additional arguments: 
[1.067s] -- Added test 'xmllint' to check XML markup files
[1.069s] -- Configuring done
[1.072s] -- Generating done
[1.074s] -- Build files have been written to: /home/dbot2/dbot_vda5050_ilmatar/src/vda_dbot_nav_slam/build/vda_dbot_nav_slam
[1.080s] Invoked command in '/home/dbot2/dbot_vda5050_ilmatar/src/vda_dbot_nav_slam/build/vda_dbot_nav_slam' returned '0': CMAKE_PREFIX_PATH=${CMAKE_PREFIX_PATH}:/home/dbot2/ros2_ws/install/tf2_dbot:/home/dbot2/ros2_ws/install/odom_motion_model:/home/dbot2/ros2_ws/install/motor_driver:/home/dbot2/ros2_ws/install/joycontrol:/home/dbot2/ros2_ws/install/gesturecontrol:/home/dbot2/ros2_ws/install/dbot_bridge:/home/dbot2/ros2_ws/install/dbot:/home/dbot2/ros2_ws/install/ament_xmllint:/home/dbot2/ros2_ws/install/ament_uncrustify:/home/dbot2/ros2_ws/install/ament_pyflakes:/home/dbot2/ros2_ws/install/ament_pycodestyle:/home/dbot2/ros2_ws/install/ament_pep257:/home/dbot2/ros2_ws/install/ament_pclint:/home/dbot2/ros2_ws/install/ament_mypy:/home/dbot2/ros2_ws/install/ament_lint_cmake:/home/dbot2/ros2_ws/install/ament_flake8:/home/dbot2/ros2_ws/install/ament_copyright:/home/dbot2/ros2_ws/install/ament_lint:/home/dbot2/ros2_ws/install/ament_cpplint:/home/dbot2/ros2_ws/install/ament_cppcheck:/home/dbot2/ros2_ws/install/ament_clang_tidy:/home/dbot2/ros2_ws/install/ament_clang_format:/home/dbot2/dbot_src/install/tf2_dbot:/home/dbot2/dbot_src/install/odom_motion_model:/home/dbot2/dbot_src/install/motor_driver:/home/dbot2/dbot_src/install/joycontrol:/home/dbot2/dbot_src/install/dbot:/home/dbot2/dbot_remote/install/pcd_joy_trigger:/home/dbot2/circus_demo/install/circus_demo:/opt/ros/humble /usr/bin/cmake /home/dbot2/dbot_vda5050_ilmatar/src/vda_dbot_nav_slam -DCMAKE_INSTALL_PREFIX=/home/dbot2/dbot_vda5050_ilmatar/src/vda_dbot_nav_slam/install/vda_dbot_nav_slam
[1.081s] Invoking command in '/home/dbot2/dbot_vda5050_ilmatar/src/vda_dbot_nav_slam/build/vda_dbot_nav_slam': CMAKE_PREFIX_PATH=${CMAKE_PREFIX_PATH}:/home/dbot2/ros2_ws/install/tf2_dbot:/home/dbot2/ros2_ws/install/odom_motion_model:/home/dbot2/ros2_ws/install/motor_driver:/home/dbot2/ros2_ws/install/joycontrol:/home/dbot2/ros2_ws/install/gesturecontrol:/home/dbot2/ros2_ws/install/dbot_bridge:/home/dbot2/ros2_ws/install/dbot:/home/dbot2/ros2_ws/install/ament_xmllint:/home/dbot2/ros2_ws/install/ament_uncrustify:/home/dbot2/ros2_ws/install/ament_pyflakes:/home/dbot2/ros2_ws/install/ament_pycodestyle:/home/dbot2/ros2_ws/install/ament_pep257:/home/dbot2/ros2_ws/install/ament_pclint:/home/dbot2/ros2_ws/install/ament_mypy:/home/dbot2/ros2_ws/install/ament_lint_cmake:/home/dbot2/ros2_ws/install/ament_flake8:/home/dbot2/ros2_ws/install/ament_copyright:/home/dbot2/ros2_ws/install/ament_lint:/home/dbot2/ros2_ws/install/ament_cpplint:/home/dbot2/ros2_ws/install/ament_cppcheck:/home/dbot2/ros2_ws/install/ament_clang_tidy:/home/dbot2/ros2_ws/install/ament_clang_format:/home/dbot2/dbot_src/install/tf2_dbot:/home/dbot2/dbot_src/install/odom_motion_model:/home/dbot2/dbot_src/install/motor_driver:/home/dbot2/dbot_src/install/joycontrol:/home/dbot2/dbot_src/install/dbot:/home/dbot2/dbot_remote/install/pcd_joy_trigger:/home/dbot2/circus_demo/install/circus_demo:/opt/ros/humble /usr/bin/cmake --build /home/dbot2/dbot_vda5050_ilmatar/src/vda_dbot_nav_slam/build/vda_dbot_nav_slam -- -j8 -l8
[1.117s] Built target ament_cmake_python_copy_vda_dbot_nav_slam_setup
[1.117s] Built target ament_cmake_python_copy_vda_dbot_nav_slam
[1.345s] running egg_info
[1.345s] creating vda_dbot_nav_slam.egg-info
[1.345s] writing vda_dbot_nav_slam.egg-info/PKG-INFO
[1.345s] writing dependency_links to vda_dbot_nav_slam.egg-info/dependency_links.txt
[1.346s] writing top-level names to vda_dbot_nav_slam.egg-info/top_level.txt
[1.347s] writing manifest file 'vda_dbot_nav_slam.egg-info/SOURCES.txt'
[1.348s] reading manifest file 'vda_dbot_nav_slam.egg-info/SOURCES.txt'
[1.349s] writing manifest file 'vda_dbot_nav_slam.egg-info/SOURCES.txt'
[1.368s] Built target ament_cmake_python_build_vda_dbot_nav_slam_egg
[1.375s] Invoked command in '/home/dbot2/dbot_vda5050_ilmatar/src/vda_dbot_nav_slam/build/vda_dbot_nav_slam' returned '0': CMAKE_PREFIX_PATH=${CMAKE_PREFIX_PATH}:/home/dbot2/ros2_ws/install/tf2_dbot:/home/dbot2/ros2_ws/install/odom_motion_model:/home/dbot2/ros2_ws/install/motor_driver:/home/dbot2/ros2_ws/install/joycontrol:/home/dbot2/ros2_ws/install/gesturecontrol:/home/dbot2/ros2_ws/install/dbot_bridge:/home/dbot2/ros2_ws/install/dbot:/home/dbot2/ros2_ws/install/ament_xmllint:/home/dbot2/ros2_ws/install/ament_uncrustify:/home/dbot2/ros2_ws/install/ament_pyflakes:/home/dbot2/ros2_ws/install/ament_pycodestyle:/home/dbot2/ros2_ws/install/ament_pep257:/home/dbot2/ros2_ws/install/ament_pclint:/home/dbot2/ros2_ws/install/ament_mypy:/home/dbot2/ros2_ws/install/ament_lint_cmake:/home/dbot2/ros2_ws/install/ament_flake8:/home/dbot2/ros2_ws/install/ament_copyright:/home/dbot2/ros2_ws/install/ament_lint:/home/dbot2/ros2_ws/install/ament_cpplint:/home/dbot2/ros2_ws/install/ament_cppcheck:/home/dbot2/ros2_ws/install/ament_clang_tidy:/home/dbot2/ros2_ws/install/ament_clang_format:/home/dbot2/dbot_src/install/tf2_dbot:/home/dbot2/dbot_src/install/odom_motion_model:/home/dbot2/dbot_src/install/motor_driver:/home/dbot2/dbot_src/install/joycontrol:/home/dbot2/dbot_src/install/dbot:/home/dbot2/dbot_remote/install/pcd_joy_trigger:/home/dbot2/circus_demo/install/circus_demo:/opt/ros/humble /usr/bin/cmake --build /home/dbot2/dbot_vda5050_ilmatar/src/vda_dbot_nav_slam/build/vda_dbot_nav_slam -- -j8 -l8
[1.381s] Invoking command in '/home/dbot2/dbot_vda5050_ilmatar/src/vda_dbot_nav_slam/build/vda_dbot_nav_slam': CMAKE_PREFIX_PATH=${CMAKE_PREFIX_PATH}:/home/dbot2/ros2_ws/install/tf2_dbot:/home/dbot2/ros2_ws/install/odom_motion_model:/home/dbot2/ros2_ws/install/motor_driver:/home/dbot2/ros2_ws/install/joycontrol:/home/dbot2/ros2_ws/install/gesturecontrol:/home/dbot2/ros2_ws/install/dbot_bridge:/home/dbot2/ros2_ws/install/dbot:/home/dbot2/ros2_ws/install/ament_xmllint:/home/dbot2/ros2_ws/install/ament_uncrustify:/home/dbot2/ros2_ws/install/ament_pyflakes:/home/dbot2/ros2_ws/install/ament_pycodestyle:/home/dbot2/ros2_ws/install/ament_pep257:/home/dbot2/ros2_ws/install/ament_pclint:/home/dbot2/ros2_ws/install/ament_mypy:/home/dbot2/ros2_ws/install/ament_lint_cmake:/home/dbot2/ros2_ws/install/ament_flake8:/home/dbot2/ros2_ws/install/ament_copyright:/home/dbot2/ros2_ws/install/ament_lint:/home/dbot2/ros2_ws/install/ament_cpplint:/home/dbot2/ros2_ws/install/ament_cppcheck:/home/dbot2/ros2_ws/install/ament_clang_tidy:/home/dbot2/ros2_ws/install/ament_clang_format:/home/dbot2/dbot_src/install/tf2_dbot:/home/dbot2/dbot_src/install/odom_motion_model:/home/dbot2/dbot_src/install/motor_driver:/home/dbot2/dbot_src/install/joycontrol:/home/dbot2/dbot_src/install/dbot:/home/dbot2/dbot_remote/install/pcd_joy_trigger:/home/dbot2/circus_demo/install/circus_demo:/opt/ros/humble /usr/bin/cmake --install /home/dbot2/dbot_vda5050_ilmatar/src/vda_dbot_nav_slam/build/vda_dbot_nav_slam
[1.385s] -- Install configuration: ""
[1.385s] -- Installing: /home/dbot2/dbot_vda5050_ilmatar/src/vda_dbot_nav_slam/install/vda_dbot_nav_slam/share/vda_dbot_nav_slam/environment/pythonpath.sh
[1.386s] -- Installing: /home/dbot2/dbot_vda5050_ilmatar/src/vda_dbot_nav_slam/install/vda_dbot_nav_slam/share/vda_dbot_nav_slam/environment/pythonpath.dsv
[1.386s] -- Installing: /home/dbot2/dbot_vda5050_ilmatar/src/vda_dbot_nav_slam/install/vda_dbot_nav_slam/local/lib/python3.10/dist-packages/vda_dbot_nav_slam-0.0.0-py3.10.egg-info
[1.386s] -- Installing: /home/dbot2/dbot_vda5050_ilmatar/src/vda_dbot_nav_slam/install/vda_dbot_nav_slam/local/lib/python3.10/dist-packages/vda_dbot_nav_slam-0.0.0-py3.10.egg-info/SOURCES.txt
[1.386s] -- Installing: /home/dbot2/dbot_vda5050_ilmatar/src/vda_dbot_nav_slam/install/vda_dbot_nav_slam/local/lib/python3.10/dist-packages/vda_dbot_nav_slam-0.0.0-py3.10.egg-info/PKG-INFO
[1.386s] -- Installing: /home/dbot2/dbot_vda5050_ilmatar/src/vda_dbot_nav_slam/install/vda_dbot_nav_slam/local/lib/python3.10/dist-packages/vda_dbot_nav_slam-0.0.0-py3.10.egg-info/dependency_links.txt
[1.386s] -- Installing: /home/dbot2/dbot_vda5050_ilmatar/src/vda_dbot_nav_slam/install/vda_dbot_nav_slam/local/lib/python3.10/dist-packages/vda_dbot_nav_slam-0.0.0-py3.10.egg-info/top_level.txt
[1.386s] -- Installing: /home/dbot2/dbot_vda5050_ilmatar/src/vda_dbot_nav_slam/install/vda_dbot_nav_slam/local/lib/python3.10/dist-packages/vda_dbot_nav_slam
[1.386s] -- Installing: /home/dbot2/dbot_vda5050_ilmatar/src/vda_dbot_nav_slam/install/vda_dbot_nav_slam/local/lib/python3.10/dist-packages/vda_dbot_nav_slam/__init__.py
[1.386s] -- Installing: /home/dbot2/dbot_vda5050_ilmatar/src/vda_dbot_nav_slam/install/vda_dbot_nav_slam/local/lib/python3.10/dist-packages/vda_dbot_nav_slam/modules_import.py
[1.423s] Listing '/home/dbot2/dbot_vda5050_ilmatar/src/vda_dbot_nav_slam/install/vda_dbot_nav_slam/local/lib/python3.10/dist-packages/vda_dbot_nav_slam'...
[1.423s] Compiling '/home/dbot2/dbot_vda5050_ilmatar/src/vda_dbot_nav_slam/install/vda_dbot_nav_slam/local/lib/python3.10/dist-packages/vda_dbot_nav_slam/__init__.py'...
[1.423s] Compiling '/home/dbot2/dbot_vda5050_ilmatar/src/vda_dbot_nav_slam/install/vda_dbot_nav_slam/local/lib/python3.10/dist-packages/vda_dbot_nav_slam/modules_import.py'...
[1.426s] -- Installing: /home/dbot2/dbot_vda5050_ilmatar/src/vda_dbot_nav_slam/install/vda_dbot_nav_slam/share/vda_dbot_nav_slam/config
[1.426s] -- Installing: /home/dbot2/dbot_vda5050_ilmatar/src/vda_dbot_nav_slam/install/vda_dbot_nav_slam/share/vda_dbot_nav_slam/config/joystick.yaml
[1.426s] -- Installing: /home/dbot2/dbot_vda5050_ilmatar/src/vda_dbot_nav_slam/install/vda_dbot_nav_slam/share/vda_dbot_nav_slam/config/mqtt_bridge.yaml
[1.426s] -- Installing: /home/dbot2/dbot_vda5050_ilmatar/src/vda_dbot_nav_slam/install/vda_dbot_nav_slam/share/vda_dbot_nav_slam/config/diff_drive_controller.yaml
[1.426s] -- Installing: /home/dbot2/dbot_vda5050_ilmatar/src/vda_dbot_nav_slam/install/vda_dbot_nav_slam/share/vda_dbot_nav_slam/config/mapper_params_online_async.yaml
[1.426s] -- Installing: /home/dbot2/dbot_vda5050_ilmatar/src/vda_dbot_nav_slam/install/vda_dbot_nav_slam/share/vda_dbot_nav_slam/config/my_controllers.yaml
[1.426s] -- Installing: /home/dbot2/dbot_vda5050_ilmatar/src/vda_dbot_nav_slam/install/vda_dbot_nav_slam/share/vda_dbot_nav_slam/config/twist_mux.yaml
[1.426s] -- Installing: /home/dbot2/dbot_vda5050_ilmatar/src/vda_dbot_nav_slam/install/vda_dbot_nav_slam/share/vda_dbot_nav_slam/config/nav2_params.yaml
[1.426s] -- Installing: /home/dbot2/dbot_vda5050_ilmatar/src/vda_dbot_nav_slam/install/vda_dbot_nav_slam/share/vda_dbot_nav_slam/description
[1.426s] -- Installing: /home/dbot2/dbot_vda5050_ilmatar/src/vda_dbot_nav_slam/install/vda_dbot_nav_slam/share/vda_dbot_nav_slam/description/ros2_control.xacro
[1.426s] -- Installing: /home/dbot2/dbot_vda5050_ilmatar/src/vda_dbot_nav_slam/install/vda_dbot_nav_slam/share/vda_dbot_nav_slam/description/robot_core.xacro
[1.427s] -- Installing: /home/dbot2/dbot_vda5050_ilmatar/src/vda_dbot_nav_slam/install/vda_dbot_nav_slam/share/vda_dbot_nav_slam/description/robot.urdf.xacro
[1.427s] -- Installing: /home/dbot2/dbot_vda5050_ilmatar/src/vda_dbot_nav_slam/install/vda_dbot_nav_slam/share/vda_dbot_nav_slam/description/inertial_macros.xacro
[1.427s] -- Installing: /home/dbot2/dbot_vda5050_ilmatar/src/vda_dbot_nav_slam/install/vda_dbot_nav_slam/share/vda_dbot_nav_slam/launch
[1.427s] -- Installing: /home/dbot2/dbot_vda5050_ilmatar/src/vda_dbot_nav_slam/install/vda_dbot_nav_slam/share/vda_dbot_nav_slam/launch/navigation_launch.py
[1.427s] -- Installing: /home/dbot2/dbot_vda5050_ilmatar/src/vda_dbot_nav_slam/install/vda_dbot_nav_slam/share/vda_dbot_nav_slam/launch/auto_nav_dbot_launch.py
[1.427s] -- Installing: /home/dbot2/dbot_vda5050_ilmatar/src/vda_dbot_nav_slam/install/vda_dbot_nav_slam/share/vda_dbot_nav_slam/launch/launch_robot.launch.py
[1.427s] -- Installing: /home/dbot2/dbot_vda5050_ilmatar/src/vda_dbot_nav_slam/install/vda_dbot_nav_slam/share/vda_dbot_nav_slam/launch/emq_mqtt_auto_launch.py
[1.427s] -- Installing: /home/dbot2/dbot_vda5050_ilmatar/src/vda_dbot_nav_slam/install/vda_dbot_nav_slam/share/vda_dbot_nav_slam/launch/localization_launch.py
[1.427s] -- Installing: /home/dbot2/dbot_vda5050_ilmatar/src/vda_dbot_nav_slam/install/vda_dbot_nav_slam/share/vda_dbot_nav_slam/launch/rsp.launch.py
[1.427s] -- Installing: /home/dbot2/dbot_vda5050_ilmatar/src/vda_dbot_nav_slam/install/vda_dbot_nav_slam/share/vda_dbot_nav_slam/launch/online_async_launch.py
[1.428s] -- Installing: /home/dbot2/dbot_vda5050_ilmatar/src/vda_dbot_nav_slam/install/vda_dbot_nav_slam/share/vda_dbot_nav_slam/maps
[1.428s] -- Installing: /home/dbot2/dbot_vda5050_ilmatar/src/vda_dbot_nav_slam/install/vda_dbot_nav_slam/share/vda_dbot_nav_slam/maps/clean_df_map.yaml
[1.428s] -- Installing: /home/dbot2/dbot_vda5050_ilmatar/src/vda_dbot_nav_slam/install/vda_dbot_nav_slam/share/vda_dbot_nav_slam/maps/office_map_localize.data
[1.430s] -- Installing: /home/dbot2/dbot_vda5050_ilmatar/src/vda_dbot_nav_slam/install/vda_dbot_nav_slam/share/vda_dbot_nav_slam/maps/office_map_serial.posegraph
[1.443s] -- Installing: /home/dbot2/dbot_vda5050_ilmatar/src/vda_dbot_nav_slam/install/vda_dbot_nav_slam/share/vda_dbot_nav_slam/maps/office_map_serial.data
[1.444s] -- Installing: /home/dbot2/dbot_vda5050_ilmatar/src/vda_dbot_nav_slam/install/vda_dbot_nav_slam/share/vda_dbot_nav_slam/maps/clean_df_map.pgm
[1.445s] -- Installing: /home/dbot2/dbot_vda5050_ilmatar/src/vda_dbot_nav_slam/install/vda_dbot_nav_slam/share/vda_dbot_nav_slam/maps/office_map_localize.posegraph
[1.457s] -- Installing: /home/dbot2/dbot_vda5050_ilmatar/src/vda_dbot_nav_slam/install/vda_dbot_nav_slam/share/vda_dbot_nav_slam/maps/cage.pgm
[1.458s] -- Installing: /home/dbot2/dbot_vda5050_ilmatar/src/vda_dbot_nav_slam/install/vda_dbot_nav_slam/share/vda_dbot_nav_slam/maps/office_map.pgm
[1.458s] -- Installing: /home/dbot2/dbot_vda5050_ilmatar/src/vda_dbot_nav_slam/install/vda_dbot_nav_slam/share/vda_dbot_nav_slam/maps/cage.yaml
[1.458s] -- Installing: /home/dbot2/dbot_vda5050_ilmatar/src/vda_dbot_nav_slam/install/vda_dbot_nav_slam/share/vda_dbot_nav_slam/maps/office_map.yaml
[1.458s] -- Installing: /home/dbot2/dbot_vda5050_ilmatar/src/vda_dbot_nav_slam/install/vda_dbot_nav_slam/share/vda_dbot_nav_slam/maps/DF_map.pgm
[1.459s] -- Installing: /home/dbot2/dbot_vda5050_ilmatar/src/vda_dbot_nav_slam/install/vda_dbot_nav_slam/share/vda_dbot_nav_slam/maps/DF_map.yaml
[1.459s] -- Installing: /home/dbot2/dbot_vda5050_ilmatar/src/vda_dbot_nav_slam/install/vda_dbot_nav_slam/share/vda_dbot_nav_slam/scripts
[1.459s] -- Installing: /home/dbot2/dbot_vda5050_ilmatar/src/vda_dbot_nav_slam/install/vda_dbot_nav_slam/share/vda_dbot_nav_slam/scripts/emq_mqtt_inspection.py
[1.459s] -- Installing: /home/dbot2/dbot_vda5050_ilmatar/src/vda_dbot_nav_slam/install/vda_dbot_nav_slam/share/vda_dbot_nav_slam/scripts/mqtt_inspection.py
[1.459s] -- Installing: /home/dbot2/dbot_vda5050_ilmatar/src/vda_dbot_nav_slam/install/vda_dbot_nav_slam/share/vda_dbot_nav_slam/scripts/remote_control.py
[1.459s] -- Installing: /home/dbot2/dbot_vda5050_ilmatar/src/vda_dbot_nav_slam/install/vda_dbot_nav_slam/share/vda_dbot_nav_slam/scripts/test_full.py
[1.459s] -- Installing: /home/dbot2/dbot_vda5050_ilmatar/src/vda_dbot_nav_slam/install/vda_dbot_nav_slam/share/vda_dbot_nav_slam/scripts/DF_inspection_route.py
[1.459s] -- Installing: /home/dbot2/dbot_vda5050_ilmatar/src/vda_dbot_nav_slam/install/vda_dbot_nav_slam/share/vda_dbot_nav_slam/scripts/emca.crt
[1.459s] -- Installing: /home/dbot2/dbot_vda5050_ilmatar/src/vda_dbot_nav_slam/install/vda_dbot_nav_slam/share/vda_dbot_nav_slam/scripts/single_goalpose.py
[1.459s] -- Installing: /home/dbot2/dbot_vda5050_ilmatar/src/vda_dbot_nav_slam/install/vda_dbot_nav_slam/share/vda_dbot_nav_slam/scripts/nav_through_poses.py
[1.459s] -- Installing: /home/dbot2/dbot_vda5050_ilmatar/src/vda_dbot_nav_slam/install/vda_dbot_nav_slam/share/vda_dbot_nav_slam/scripts/emq_mqtt_vel_msg_sub.py
[1.459s] -- Installing: /home/dbot2/dbot_vda5050_ilmatar/src/vda_dbot_nav_slam/install/vda_dbot_nav_slam/share/vda_dbot_nav_slam/scripts/emqxsl-ca.crt
[1.459s] -- Installing: /home/dbot2/dbot_vda5050_ilmatar/src/vda_dbot_nav_slam/install/vda_dbot_nav_slam/share/vda_dbot_nav_slam/scripts/vel_msg_sub.py
[1.460s] -- Installing: /home/dbot2/dbot_vda5050_ilmatar/src/vda_dbot_nav_slam/install/vda_dbot_nav_slam/share/vda_dbot_nav_slam/scripts/pose_subscriber.py
[1.460s] -- Installing: /home/dbot2/dbot_vda5050_ilmatar/src/vda_dbot_nav_slam/install/vda_dbot_nav_slam/share/vda_dbot_nav_slam/scripts/mqtt.py
[1.460s] -- Installing: /home/dbot2/dbot_vda5050_ilmatar/src/vda_dbot_nav_slam/install/vda_dbot_nav_slam/share/vda_dbot_nav_slam/scripts/.mqtt_dbot.py.swp
[1.460s] -- Installing: /home/dbot2/dbot_vda5050_ilmatar/src/vda_dbot_nav_slam/install/vda_dbot_nav_slam/share/vda_dbot_nav_slam/scripts/mqtt_original.py
[1.460s] -- Installing: /home/dbot2/dbot_vda5050_ilmatar/src/vda_dbot_nav_slam/install/vda_dbot_nav_slam/share/vda_dbot_nav_slam/scripts/mqtt_dbot.py
[1.460s] -- Up-to-date: /home/dbot2/dbot_vda5050_ilmatar/src/vda_dbot_nav_slam/install/vda_dbot_nav_slam/share/vda_dbot_nav_slam//launch
[1.460s] -- Up-to-date: /home/dbot2/dbot_vda5050_ilmatar/src/vda_dbot_nav_slam/install/vda_dbot_nav_slam/share/vda_dbot_nav_slam//launch/navigation_launch.py
[1.460s] -- Up-to-date: /home/dbot2/dbot_vda5050_ilmatar/src/vda_dbot_nav_slam/install/vda_dbot_nav_slam/share/vda_dbot_nav_slam//launch/auto_nav_dbot_launch.py
[1.460s] -- Up-to-date: /home/dbot2/dbot_vda5050_ilmatar/src/vda_dbot_nav_slam/install/vda_dbot_nav_slam/share/vda_dbot_nav_slam//launch/launch_robot.launch.py
[1.460s] -- Up-to-date: /home/dbot2/dbot_vda5050_ilmatar/src/vda_dbot_nav_slam/install/vda_dbot_nav_slam/share/vda_dbot_nav_slam//launch/emq_mqtt_auto_launch.py
[1.460s] -- Up-to-date: /home/dbot2/dbot_vda5050_ilmatar/src/vda_dbot_nav_slam/install/vda_dbot_nav_slam/share/vda_dbot_nav_slam//launch/localization_launch.py
[1.460s] -- Up-to-date: /home/dbot2/dbot_vda5050_ilmatar/src/vda_dbot_nav_slam/install/vda_dbot_nav_slam/share/vda_dbot_nav_slam//launch/rsp.launch.py
[1.460s] -- Up-to-date: /home/dbot2/dbot_vda5050_ilmatar/src/vda_dbot_nav_slam/install/vda_dbot_nav_slam/share/vda_dbot_nav_slam//launch/online_async_launch.py
[1.460s] -- Installing: /home/dbot2/dbot_vda5050_ilmatar/src/vda_dbot_nav_slam/install/vda_dbot_nav_slam/lib/vda_dbot_nav_slam/nav_through_poses.py
[1.460s] -- Installing: /home/dbot2/dbot_vda5050_ilmatar/src/vda_dbot_nav_slam/install/vda_dbot_nav_slam/lib/vda_dbot_nav_slam/emq_mqtt_inspection.py
[1.460s] -- Installing: /home/dbot2/dbot_vda5050_ilmatar/src/vda_dbot_nav_slam/install/vda_dbot_nav_slam/lib/vda_dbot_nav_slam/emq_mqtt_vel_msg_sub.py
[1.460s] -- Installing: /home/dbot2/dbot_vda5050_ilmatar/src/vda_dbot_nav_slam/install/vda_dbot_nav_slam/share/ament_index/resource_index/package_run_dependencies/vda_dbot_nav_slam
[1.460s] -- Installing: /home/dbot2/dbot_vda5050_ilmatar/src/vda_dbot_nav_slam/install/vda_dbot_nav_slam/share/ament_index/resource_index/parent_prefix_path/vda_dbot_nav_slam
[1.460s] -- Installing: /home/dbot2/dbot_vda5050_ilmatar/src/vda_dbot_nav_slam/install/vda_dbot_nav_slam/share/vda_dbot_nav_slam/environment/ament_prefix_path.sh
[1.460s] -- Installing: /home/dbot2/dbot_vda5050_ilmatar/src/vda_dbot_nav_slam/install/vda_dbot_nav_slam/share/vda_dbot_nav_slam/environment/ament_prefix_path.dsv
[1.460s] -- Installing: /home/dbot2/dbot_vda5050_ilmatar/src/vda_dbot_nav_slam/install/vda_dbot_nav_slam/share/vda_dbot_nav_slam/environment/path.sh
[1.460s] -- Installing: /home/dbot2/dbot_vda5050_ilmatar/src/vda_dbot_nav_slam/install/vda_dbot_nav_slam/share/vda_dbot_nav_slam/environment/path.dsv
[1.460s] -- Installing: /home/dbot2/dbot_vda5050_ilmatar/src/vda_dbot_nav_slam/install/vda_dbot_nav_slam/share/vda_dbot_nav_slam/local_setup.bash
[1.461s] -- Installing: /home/dbot2/dbot_vda5050_ilmatar/src/vda_dbot_nav_slam/install/vda_dbot_nav_slam/share/vda_dbot_nav_slam/local_setup.sh
[1.461s] -- Installing: /home/dbot2/dbot_vda5050_ilmatar/src/vda_dbot_nav_slam/install/vda_dbot_nav_slam/share/vda_dbot_nav_slam/local_setup.zsh
[1.461s] -- Installing: /home/dbot2/dbot_vda5050_ilmatar/src/vda_dbot_nav_slam/install/vda_dbot_nav_slam/share/vda_dbot_nav_slam/local_setup.dsv
[1.461s] -- Installing: /home/dbot2/dbot_vda5050_ilmatar/src/vda_dbot_nav_slam/install/vda_dbot_nav_slam/share/vda_dbot_nav_slam/package.dsv
[1.461s] -- Installing: /home/dbot2/dbot_vda5050_ilmatar/src/vda_dbot_nav_slam/install/vda_dbot_nav_slam/share/ament_index/resource_index/packages/vda_dbot_nav_slam
[1.461s] -- Installing: /home/dbot2/dbot_vda5050_ilmatar/src/vda_dbot_nav_slam/install/vda_dbot_nav_slam/share/vda_dbot_nav_slam/cmake/vda_dbot_nav_slamConfig.cmake
[1.461s] -- Installing: /home/dbot2/dbot_vda5050_ilmatar/src/vda_dbot_nav_slam/install/vda_dbot_nav_slam/share/vda_dbot_nav_slam/cmake/vda_dbot_nav_slamConfig-version.cmake
[1.461s] -- Installing: /home/dbot2/dbot_vda5050_ilmatar/src/vda_dbot_nav_slam/install/vda_dbot_nav_slam/share/vda_dbot_nav_slam/package.xml
[1.463s] Invoked command in '/home/dbot2/dbot_vda5050_ilmatar/src/vda_dbot_nav_slam/build/vda_dbot_nav_slam' returned '0': CMAKE_PREFIX_PATH=${CMAKE_PREFIX_PATH}:/home/dbot2/ros2_ws/install/tf2_dbot:/home/dbot2/ros2_ws/install/odom_motion_model:/home/dbot2/ros2_ws/install/motor_driver:/home/dbot2/ros2_ws/install/joycontrol:/home/dbot2/ros2_ws/install/gesturecontrol:/home/dbot2/ros2_ws/install/dbot_bridge:/home/dbot2/ros2_ws/install/dbot:/home/dbot2/ros2_ws/install/ament_xmllint:/home/dbot2/ros2_ws/install/ament_uncrustify:/home/dbot2/ros2_ws/install/ament_pyflakes:/home/dbot2/ros2_ws/install/ament_pycodestyle:/home/dbot2/ros2_ws/install/ament_pep257:/home/dbot2/ros2_ws/install/ament_pclint:/home/dbot2/ros2_ws/install/ament_mypy:/home/dbot2/ros2_ws/install/ament_lint_cmake:/home/dbot2/ros2_ws/install/ament_flake8:/home/dbot2/ros2_ws/install/ament_copyright:/home/dbot2/ros2_ws/install/ament_lint:/home/dbot2/ros2_ws/install/ament_cpplint:/home/dbot2/ros2_ws/install/ament_cppcheck:/home/dbot2/ros2_ws/install/ament_clang_tidy:/home/dbot2/ros2_ws/install/ament_clang_format:/home/dbot2/dbot_src/install/tf2_dbot:/home/dbot2/dbot_src/install/odom_motion_model:/home/dbot2/dbot_src/install/motor_driver:/home/dbot2/dbot_src/install/joycontrol:/home/dbot2/dbot_src/install/dbot:/home/dbot2/dbot_remote/install/pcd_joy_trigger:/home/dbot2/circus_demo/install/circus_demo:/opt/ros/humble /usr/bin/cmake --install /home/dbot2/dbot_vda5050_ilmatar/src/vda_dbot_nav_slam/build/vda_dbot_nav_slam
