[4.480s] Invoking command in '/home/dbot2/dbot_vda5050_ilmatar/src/gesturecontrol': PYTHONPATH=/home/dbot2/dbot_vda5050_ilmatar/build/gesturecontrol/prefix_override:/usr/lib/python3/dist-packages/colcon_core/task/python/colcon_distutils_commands:/home/dbot2/dbot_vda5050_ilmatar/install/gesturecontrol/lib/python3.10/site-packages:${PYTHONPATH} /usr/bin/python3 -W ignore:setup.py install is deprecated -W ignore:easy_install command is deprecated setup.py egg_info --egg-base ../../build/gesturecontrol build --build-base /home/dbot2/dbot_vda5050_ilmatar/build/gesturecontrol/build install --record /home/dbot2/dbot_vda5050_ilmatar/build/gesturecontrol/install.log --single-version-externally-managed install_data
[5.398s] running egg_info
[5.399s] writing ../../build/gesturecontrol/gesturecontrol.egg-info/PKG-INFO
[5.399s] writing dependency_links to ../../build/gesturecontrol/gesturecontrol.egg-info/dependency_links.txt
[5.400s] writing entry points to ../../build/gesturecontrol/gesturecontrol.egg-info/entry_points.txt
[5.400s] writing requirements to ../../build/gesturecontrol/gesturecontrol.egg-info/requires.txt
[5.400s] writing top-level names to ../../build/gesturecontrol/gesturecontrol.egg-info/top_level.txt
[5.409s] reading manifest file '../../build/gesturecontrol/gesturecontrol.egg-info/SOURCES.txt'
[5.418s] adding license file 'LICENSE'
[5.418s] writing manifest file '../../build/gesturecontrol/gesturecontrol.egg-info/SOURCES.txt'
[5.418s] running build
[5.418s] running build_py
[5.418s] running install
[5.418s] running install_lib
[5.425s] running install_data
[5.425s] running install_egg_info
[5.429s] removing '/home/dbot2/dbot_vda5050_ilmatar/install/gesturecontrol/lib/python3.10/site-packages/gesturecontrol-0.0.0-py3.10.egg-info' (and everything under it)
[5.429s] Copying ../../build/gesturecontrol/gesturecontrol.egg-info to /home/dbot2/dbot_vda5050_ilmatar/install/gesturecontrol/lib/python3.10/site-packages/gesturecontrol-0.0.0-py3.10.egg-info
[5.435s] running install_scripts
[5.496s] Installing gesturecontrol script to /home/dbot2/dbot_vda5050_ilmatar/install/gesturecontrol/lib/gesturecontrol
[5.497s] writing list of installed files to '/home/dbot2/dbot_vda5050_ilmatar/build/gesturecontrol/install.log'
[6.095s] Invoked command in '/home/dbot2/dbot_vda5050_ilmatar/src/gesturecontrol' returned '0': PYTHONPATH=/home/dbot2/dbot_vda5050_ilmatar/build/gesturecontrol/prefix_override:/usr/lib/python3/dist-packages/colcon_core/task/python/colcon_distutils_commands:/home/dbot2/dbot_vda5050_ilmatar/install/gesturecontrol/lib/python3.10/site-packages:${PYTHONPATH} /usr/bin/python3 -W ignore:setup.py install is deprecated -W ignore:easy_install command is deprecated setup.py egg_info --egg-base ../../build/gesturecontrol build --build-base /home/dbot2/dbot_vda5050_ilmatar/build/gesturecontrol/build install --record /home/dbot2/dbot_vda5050_ilmatar/build/gesturecontrol/install.log --single-version-externally-managed install_data
