[2.158s] Invoking command in '/home/dbot2/dbot_vda5050_ilmatar/build/joycontrol': PYTHONPATH=/home/dbot2/dbot_vda5050_ilmatar/build/joycontrol/prefix_override:/usr/lib/python3/dist-packages/colcon_core/task/python/colcon_distutils_commands:/home/dbot2/dbot_vda5050_ilmatar/install/joycontrol/lib/python3.10/site-packages:${PYTHONPATH} /usr/bin/python3 -W ignore:setup.py install is deprecated -W ignore:easy_install command is deprecated setup.py develop --uninstall --editable --build-directory /home/dbot2/dbot_vda5050_ilmatar/build/joycontrol/build
[2.615s] running develop
[2.791s] Removing /home/dbot2/dbot_vda5050_ilmatar/install/joycontrol/lib/python3.10/site-packages/joycontrol.egg-link (link to .)
[2.815s] Invoked command in '/home/dbot2/dbot_vda5050_ilmatar/build/joycontrol' returned '0': PYTHONPATH=/home/dbot2/dbot_vda5050_ilmatar/build/joycontrol/prefix_override:/usr/lib/python3/dist-packages/colcon_core/task/python/colcon_distutils_commands:/home/dbot2/dbot_vda5050_ilmatar/install/joycontrol/lib/python3.10/site-packages:${PYTHONPATH} /usr/bin/python3 -W ignore:setup.py install is deprecated -W ignore:easy_install command is deprecated setup.py develop --uninstall --editable --build-directory /home/dbot2/dbot_vda5050_ilmatar/build/joycontrol/build
[2.816s] Invoking command in '/home/dbot2/dbot_vda5050_ilmatar/src/joycontrol': PYTHONPATH=/home/dbot2/dbot_vda5050_ilmatar/build/joycontrol/prefix_override:/usr/lib/python3/dist-packages/colcon_core/task/python/colcon_distutils_commands:/home/dbot2/dbot_vda5050_ilmatar/install/joycontrol/lib/python3.10/site-packages:${PYTHONPATH} /usr/bin/python3 -W ignore:setup.py install is deprecated -W ignore:easy_install command is deprecated setup.py egg_info --egg-base ../../build/joycontrol build --build-base /home/dbot2/dbot_vda5050_ilmatar/build/joycontrol/build install --record /home/dbot2/dbot_vda5050_ilmatar/build/joycontrol/install.log --single-version-externally-managed install_data --force
[3.201s] running egg_info
[3.203s] writing ../../build/joycontrol/joycontrol.egg-info/PKG-INFO
[3.203s] writing dependency_links to ../../build/joycontrol/joycontrol.egg-info/dependency_links.txt
[3.203s] writing entry points to ../../build/joycontrol/joycontrol.egg-info/entry_points.txt
[3.203s] writing requirements to ../../build/joycontrol/joycontrol.egg-info/requires.txt
[3.203s] writing top-level names to ../../build/joycontrol/joycontrol.egg-info/top_level.txt
[3.211s] reading manifest file '../../build/joycontrol/joycontrol.egg-info/SOURCES.txt'
[3.211s] adding license file 'LICENSE'
[3.213s] writing manifest file '../../build/joycontrol/joycontrol.egg-info/SOURCES.txt'
[3.213s] running build
[3.213s] running build_py
[3.213s] running install
[3.214s] running install_lib
[3.215s] creating /home/dbot2/dbot_vda5050_ilmatar/install/joycontrol/lib/python3.10/site-packages/joycontrol
[3.215s] copying /home/dbot2/dbot_vda5050_ilmatar/build/joycontrol/build/lib/joycontrol/__init__.py -> /home/dbot2/dbot_vda5050_ilmatar/install/joycontrol/lib/python3.10/site-packages/joycontrol
[3.215s] copying /home/dbot2/dbot_vda5050_ilmatar/build/joycontrol/build/lib/joycontrol/Joy.py -> /home/dbot2/dbot_vda5050_ilmatar/install/joycontrol/lib/python3.10/site-packages/joycontrol
[3.216s] byte-compiling /home/dbot2/dbot_vda5050_ilmatar/install/joycontrol/lib/python3.10/site-packages/joycontrol/__init__.py to __init__.cpython-310.pyc
[3.216s] byte-compiling /home/dbot2/dbot_vda5050_ilmatar/install/joycontrol/lib/python3.10/site-packages/joycontrol/Joy.py to Joy.cpython-310.pyc
[3.217s] running install_data
[3.217s] copying resource/joycontrol -> /home/dbot2/dbot_vda5050_ilmatar/install/joycontrol/share/ament_index/resource_index/packages
[3.217s] copying package.xml -> /home/dbot2/dbot_vda5050_ilmatar/install/joycontrol/share/joycontrol
[3.218s] running install_egg_info
[3.221s] Copying ../../build/joycontrol/joycontrol.egg-info to /home/dbot2/dbot_vda5050_ilmatar/install/joycontrol/lib/python3.10/site-packages/joycontrol-0.0.0-py3.10.egg-info
[3.224s] running install_scripts
[3.254s] Installing joycontrol script to /home/dbot2/dbot_vda5050_ilmatar/install/joycontrol/lib/joycontrol
[3.255s] writing list of installed files to '/home/dbot2/dbot_vda5050_ilmatar/build/joycontrol/install.log'
[3.290s] Invoked command in '/home/dbot2/dbot_vda5050_ilmatar/src/joycontrol' returned '0': PYTHONPATH=/home/dbot2/dbot_vda5050_ilmatar/build/joycontrol/prefix_override:/usr/lib/python3/dist-packages/colcon_core/task/python/colcon_distutils_commands:/home/dbot2/dbot_vda5050_ilmatar/install/joycontrol/lib/python3.10/site-packages:${PYTHONPATH} /usr/bin/python3 -W ignore:setup.py install is deprecated -W ignore:easy_install command is deprecated setup.py egg_info --egg-base ../../build/joycontrol build --build-base /home/dbot2/dbot_vda5050_ilmatar/build/joycontrol/build install --record /home/dbot2/dbot_vda5050_ilmatar/build/joycontrol/install.log --single-version-externally-managed install_data --force
