[0.050s] Invoking command in '/home/dbot2/dbot_vda5050_ilmatar/build/dbot_custom_msgs': CMAKE_PREFIX_PATH=${CMAKE_PREFIX_PATH}:/home/dbot2/dbot_vda5050_ilmatar/install/vda5050_tb3_adapter:/home/dbot2/dbot_vda5050_ilmatar/install/tf2_dbot:/home/dbot2/dbot_vda5050_ilmatar/install/odom_motion_model:/home/dbot2/dbot_vda5050_ilmatar/install/motor_driver:/home/dbot2/dbot_vda5050_ilmatar/install/joycontrol:/home/dbot2/dbot_vda5050_ilmatar/install/gesturecontrol:/home/dbot2/dbot_vda5050_ilmatar/install/dbot_bridge:/home/dbot2/dbot_vda5050_ilmatar/install/dbot:/home/dbot2/dbot_src/install/tf2_dbot:/home/dbot2/dbot_src/install/odom_motion_model:/home/dbot2/dbot_src/install/motor_driver:/home/dbot2/dbot_src/install/joycontrol:/home/dbot2/dbot_src/install/dbot:/home/dbot2/dbot_remote/install/pcd_joy_trigger:/home/dbot2/circus_demo/install/circus_demo:/home/dbot2/ros2_ws/install/tf2_dbot:/home/dbot2/ros2_ws/install/odom_motion_model:/home/dbot2/ros2_ws/install/motor_driver:/home/dbot2/ros2_ws/install/joycontrol:/home/dbot2/ros2_ws/install/gesturecontrol:/home/dbot2/ros2_ws/install/dbot_bridge:/home/dbot2/ros2_ws/install/dbot:/home/dbot2/ros2_ws/install/ament_xmllint:/home/dbot2/ros2_ws/install/ament_uncrustify:/home/dbot2/ros2_ws/install/ament_pyflakes:/home/dbot2/ros2_ws/install/ament_pycodestyle:/home/dbot2/ros2_ws/install/ament_pep257:/home/dbot2/ros2_ws/install/ament_pclint:/home/dbot2/ros2_ws/install/ament_mypy:/home/dbot2/ros2_ws/install/ament_lint_cmake:/home/dbot2/ros2_ws/install/ament_flake8:/home/dbot2/ros2_ws/install/ament_copyright:/home/dbot2/ros2_ws/install/ament_lint:/home/dbot2/ros2_ws/install/ament_cpplint:/home/dbot2/ros2_ws/install/ament_cppcheck:/home/dbot2/ros2_ws/install/ament_clang_tidy:/home/dbot2/ros2_ws/install/ament_clang_format:/opt/ros/humble /usr/bin/cmake --build /home/dbot2/dbot_vda5050_ilmatar/build/dbot_custom_msgs -- -j8 -l8
[1.088s] [  3%] Built target dbot_custom_msgs__cpp
[1.088s] [  3%] Built target ament_cmake_python_symlink_dbot_custom_msgs
[1.088s] [ 12%] Built target dbot_custom_msgs__rosidl_generator_c
[1.088s] [ 22%] Built target dbot_custom_msgs__rosidl_typesupport_cpp
[1.088s] [ 32%] Built target dbot_custom_msgs__rosidl_typesupport_fastrtps_cpp
[1.088s] [ 51%] Built target dbot_custom_msgs__rosidl_typesupport_fastrtps_c
[1.088s] [ 51%] Built target dbot_custom_msgs__rosidl_typesupport_introspection_c
[1.088s] [ 61%] Built target dbot_custom_msgs__rosidl_typesupport_introspection_cpp
[1.088s] [ 70%] Built target dbot_custom_msgs__rosidl_typesupport_c
[1.088s] [ 70%] Built target dbot_custom_msgs
[1.088s] [ 74%] Built target dbot_custom_msgs__py
[1.088s] [ 80%] Built target dbot_custom_msgs__rosidl_generator_py
[1.088s] [ 87%] Built target dbot_custom_msgs__rosidl_typesupport_c__pyext
[1.088s] [ 93%] Built target dbot_custom_msgs__rosidl_typesupport_fastrtps_c__pyext
[1.088s] [100%] Built target dbot_custom_msgs__rosidl_typesupport_introspection_c__pyext
[1.088s] running egg_info
[1.088s] writing dbot_custom_msgs.egg-info/PKG-INFO
[1.089s] writing dependency_links to dbot_custom_msgs.egg-info/dependency_links.txt
[1.089s] writing top-level names to dbot_custom_msgs.egg-info/top_level.txt
[1.089s] reading manifest file 'dbot_custom_msgs.egg-info/SOURCES.txt'
[1.089s] writing manifest file 'dbot_custom_msgs.egg-info/SOURCES.txt'
[1.089s] [100%] Built target ament_cmake_python_build_dbot_custom_msgs_egg
[1.328s] Invoked command in '/home/dbot2/dbot_vda5050_ilmatar/build/dbot_custom_msgs' returned '0': CMAKE_PREFIX_PATH=${CMAKE_PREFIX_PATH}:/home/dbot2/dbot_vda5050_ilmatar/install/vda5050_tb3_adapter:/home/dbot2/dbot_vda5050_ilmatar/install/tf2_dbot:/home/dbot2/dbot_vda5050_ilmatar/install/odom_motion_model:/home/dbot2/dbot_vda5050_ilmatar/install/motor_driver:/home/dbot2/dbot_vda5050_ilmatar/install/joycontrol:/home/dbot2/dbot_vda5050_ilmatar/install/gesturecontrol:/home/dbot2/dbot_vda5050_ilmatar/install/dbot_bridge:/home/dbot2/dbot_vda5050_ilmatar/install/dbot:/home/dbot2/dbot_src/install/tf2_dbot:/home/dbot2/dbot_src/install/odom_motion_model:/home/dbot2/dbot_src/install/motor_driver:/home/dbot2/dbot_src/install/joycontrol:/home/dbot2/dbot_src/install/dbot:/home/dbot2/dbot_remote/install/pcd_joy_trigger:/home/dbot2/circus_demo/install/circus_demo:/home/dbot2/ros2_ws/install/tf2_dbot:/home/dbot2/ros2_ws/install/odom_motion_model:/home/dbot2/ros2_ws/install/motor_driver:/home/dbot2/ros2_ws/install/joycontrol:/home/dbot2/ros2_ws/install/gesturecontrol:/home/dbot2/ros2_ws/install/dbot_bridge:/home/dbot2/ros2_ws/install/dbot:/home/dbot2/ros2_ws/install/ament_xmllint:/home/dbot2/ros2_ws/install/ament_uncrustify:/home/dbot2/ros2_ws/install/ament_pyflakes:/home/dbot2/ros2_ws/install/ament_pycodestyle:/home/dbot2/ros2_ws/install/ament_pep257:/home/dbot2/ros2_ws/install/ament_pclint:/home/dbot2/ros2_ws/install/ament_mypy:/home/dbot2/ros2_ws/install/ament_lint_cmake:/home/dbot2/ros2_ws/install/ament_flake8:/home/dbot2/ros2_ws/install/ament_copyright:/home/dbot2/ros2_ws/install/ament_lint:/home/dbot2/ros2_ws/install/ament_cpplint:/home/dbot2/ros2_ws/install/ament_cppcheck:/home/dbot2/ros2_ws/install/ament_clang_tidy:/home/dbot2/ros2_ws/install/ament_clang_format:/opt/ros/humble /usr/bin/cmake --build /home/dbot2/dbot_vda5050_ilmatar/build/dbot_custom_msgs -- -j8 -l8
[1.330s] Invoking command in '/home/dbot2/dbot_vda5050_ilmatar/build/dbot_custom_msgs': CMAKE_PREFIX_PATH=${CMAKE_PREFIX_PATH}:/home/dbot2/dbot_vda5050_ilmatar/install/vda5050_tb3_adapter:/home/dbot2/dbot_vda5050_ilmatar/install/tf2_dbot:/home/dbot2/dbot_vda5050_ilmatar/install/odom_motion_model:/home/dbot2/dbot_vda5050_ilmatar/install/motor_driver:/home/dbot2/dbot_vda5050_ilmatar/install/joycontrol:/home/dbot2/dbot_vda5050_ilmatar/install/gesturecontrol:/home/dbot2/dbot_vda5050_ilmatar/install/dbot_bridge:/home/dbot2/dbot_vda5050_ilmatar/install/dbot:/home/dbot2/dbot_src/install/tf2_dbot:/home/dbot2/dbot_src/install/odom_motion_model:/home/dbot2/dbot_src/install/motor_driver:/home/dbot2/dbot_src/install/joycontrol:/home/dbot2/dbot_src/install/dbot:/home/dbot2/dbot_remote/install/pcd_joy_trigger:/home/dbot2/circus_demo/install/circus_demo:/home/dbot2/ros2_ws/install/tf2_dbot:/home/dbot2/ros2_ws/install/odom_motion_model:/home/dbot2/ros2_ws/install/motor_driver:/home/dbot2/ros2_ws/install/joycontrol:/home/dbot2/ros2_ws/install/gesturecontrol:/home/dbot2/ros2_ws/install/dbot_bridge:/home/dbot2/ros2_ws/install/dbot:/home/dbot2/ros2_ws/install/ament_xmllint:/home/dbot2/ros2_ws/install/ament_uncrustify:/home/dbot2/ros2_ws/install/ament_pyflakes:/home/dbot2/ros2_ws/install/ament_pycodestyle:/home/dbot2/ros2_ws/install/ament_pep257:/home/dbot2/ros2_ws/install/ament_pclint:/home/dbot2/ros2_ws/install/ament_mypy:/home/dbot2/ros2_ws/install/ament_lint_cmake:/home/dbot2/ros2_ws/install/ament_flake8:/home/dbot2/ros2_ws/install/ament_copyright:/home/dbot2/ros2_ws/install/ament_lint:/home/dbot2/ros2_ws/install/ament_cpplint:/home/dbot2/ros2_ws/install/ament_cppcheck:/home/dbot2/ros2_ws/install/ament_clang_tidy:/home/dbot2/ros2_ws/install/ament_clang_format:/opt/ros/humble /usr/bin/cmake --install /home/dbot2/dbot_vda5050_ilmatar/build/dbot_custom_msgs
[1.335s] -- Install configuration: ""
[1.335s] -- Execute custom install script
[1.335s] -- Up-to-date symlink: /home/dbot2/dbot_vda5050_ilmatar/install/dbot_custom_msgs/share/ament_index/resource_index/rosidl_interfaces/dbot_custom_msgs
[1.337s] -- Up-to-date symlink: /home/dbot2/dbot_vda5050_ilmatar/install/dbot_custom_msgs/include/dbot_custom_msgs/dbot_custom_msgs/msg/detail/wheel_encoder__functions.h
[1.337s] -- Up-to-date symlink: /home/dbot2/dbot_vda5050_ilmatar/install/dbot_custom_msgs/include/dbot_custom_msgs/dbot_custom_msgs/msg/detail/wheel_encoder__struct.h
[1.338s] -- Up-to-date symlink: /home/dbot2/dbot_vda5050_ilmatar/install/dbot_custom_msgs/include/dbot_custom_msgs/dbot_custom_msgs/msg/detail/wheel_encoder__type_support.h
[1.338s] -- Up-to-date symlink: /home/dbot2/dbot_vda5050_ilmatar/install/dbot_custom_msgs/include/dbot_custom_msgs/dbot_custom_msgs/msg/rosidl_generator_c__visibility_control.h
[1.338s] -- Up-to-date symlink: /home/dbot2/dbot_vda5050_ilmatar/install/dbot_custom_msgs/include/dbot_custom_msgs/dbot_custom_msgs/msg/wheel_encoder.h
[1.339s] -- Up-to-date symlink: /home/dbot2/dbot_vda5050_ilmatar/install/dbot_custom_msgs/share/dbot_custom_msgs/environment/library_path.sh
[1.339s] -- Up-to-date symlink: /home/dbot2/dbot_vda5050_ilmatar/install/dbot_custom_msgs/share/dbot_custom_msgs/environment/library_path.dsv
[1.340s] -- Up-to-date symlink: /home/dbot2/dbot_vda5050_ilmatar/install/dbot_custom_msgs/include/dbot_custom_msgs/dbot_custom_msgs/msg/detail/wheel_encoder__rosidl_typesupport_fastrtps_c.h
[1.340s] -- Up-to-date symlink: /home/dbot2/dbot_vda5050_ilmatar/install/dbot_custom_msgs/include/dbot_custom_msgs/dbot_custom_msgs/msg/rosidl_typesupport_fastrtps_c__visibility_control.h
[1.341s] -- Up-to-date symlink: /home/dbot2/dbot_vda5050_ilmatar/install/dbot_custom_msgs/include/dbot_custom_msgs/dbot_custom_msgs/msg/detail/wheel_encoder__rosidl_typesupport_introspection_c.h
[1.341s] -- Up-to-date symlink: /home/dbot2/dbot_vda5050_ilmatar/install/dbot_custom_msgs/include/dbot_custom_msgs/dbot_custom_msgs/msg/rosidl_typesupport_introspection_c__visibility_control.h
[1.342s] -- Up-to-date symlink: /home/dbot2/dbot_vda5050_ilmatar/install/dbot_custom_msgs/include/dbot_custom_msgs/dbot_custom_msgs/msg/detail/wheel_encoder__builder.hpp
[1.342s] -- Up-to-date symlink: /home/dbot2/dbot_vda5050_ilmatar/install/dbot_custom_msgs/include/dbot_custom_msgs/dbot_custom_msgs/msg/detail/wheel_encoder__struct.hpp
[1.342s] -- Up-to-date symlink: /home/dbot2/dbot_vda5050_ilmatar/install/dbot_custom_msgs/include/dbot_custom_msgs/dbot_custom_msgs/msg/detail/wheel_encoder__traits.hpp
[1.342s] -- Up-to-date symlink: /home/dbot2/dbot_vda5050_ilmatar/install/dbot_custom_msgs/include/dbot_custom_msgs/dbot_custom_msgs/msg/detail/wheel_encoder__type_support.hpp
[1.343s] -- Up-to-date symlink: /home/dbot2/dbot_vda5050_ilmatar/install/dbot_custom_msgs/include/dbot_custom_msgs/dbot_custom_msgs/msg/rosidl_generator_cpp__visibility_control.hpp
[1.344s] -- Up-to-date symlink: /home/dbot2/dbot_vda5050_ilmatar/install/dbot_custom_msgs/include/dbot_custom_msgs/dbot_custom_msgs/msg/wheel_encoder.hpp
[1.345s] -- Up-to-date symlink: /home/dbot2/dbot_vda5050_ilmatar/install/dbot_custom_msgs/include/dbot_custom_msgs/dbot_custom_msgs/msg/detail/wheel_encoder__rosidl_typesupport_fastrtps_cpp.hpp
[1.345s] -- Up-to-date symlink: /home/dbot2/dbot_vda5050_ilmatar/install/dbot_custom_msgs/include/dbot_custom_msgs/dbot_custom_msgs/msg/rosidl_typesupport_fastrtps_cpp__visibility_control.h
[1.347s] -- Up-to-date symlink: /home/dbot2/dbot_vda5050_ilmatar/install/dbot_custom_msgs/include/dbot_custom_msgs/dbot_custom_msgs/msg/detail/wheel_encoder__rosidl_typesupport_introspection_cpp.hpp
[1.348s] -- Up-to-date symlink: /home/dbot2/dbot_vda5050_ilmatar/install/dbot_custom_msgs/share/dbot_custom_msgs/environment/pythonpath.sh
[1.348s] -- Up-to-date symlink: /home/dbot2/dbot_vda5050_ilmatar/install/dbot_custom_msgs/share/dbot_custom_msgs/environment/pythonpath.dsv
[1.348s] -- Up-to-date symlink: /home/dbot2/dbot_vda5050_ilmatar/install/dbot_custom_msgs/local/lib/python3.10/dist-packages/dbot_custom_msgs-0.0.0-py3.10.egg-info/PKG-INFO
[1.348s] -- Up-to-date symlink: /home/dbot2/dbot_vda5050_ilmatar/install/dbot_custom_msgs/local/lib/python3.10/dist-packages/dbot_custom_msgs-0.0.0-py3.10.egg-info/SOURCES.txt
[1.349s] -- Up-to-date symlink: /home/dbot2/dbot_vda5050_ilmatar/install/dbot_custom_msgs/local/lib/python3.10/dist-packages/dbot_custom_msgs-0.0.0-py3.10.egg-info/dependency_links.txt
[1.349s] -- Up-to-date symlink: /home/dbot2/dbot_vda5050_ilmatar/install/dbot_custom_msgs/local/lib/python3.10/dist-packages/dbot_custom_msgs-0.0.0-py3.10.egg-info/top_level.txt
[1.349s] -- Up-to-date symlink: /home/dbot2/dbot_vda5050_ilmatar/install/dbot_custom_msgs/local/lib/python3.10/dist-packages/dbot_custom_msgs/__init__.py
[1.349s] -- Up-to-date symlink: /home/dbot2/dbot_vda5050_ilmatar/install/dbot_custom_msgs/local/lib/python3.10/dist-packages/dbot_custom_msgs/_dbot_custom_msgs_s.ep.rosidl_typesupport_c.c
[1.349s] -- Up-to-date symlink: /home/dbot2/dbot_vda5050_ilmatar/install/dbot_custom_msgs/local/lib/python3.10/dist-packages/dbot_custom_msgs/_dbot_custom_msgs_s.ep.rosidl_typesupport_fastrtps_c.c
[1.350s] -- Up-to-date symlink: /home/dbot2/dbot_vda5050_ilmatar/install/dbot_custom_msgs/local/lib/python3.10/dist-packages/dbot_custom_msgs/_dbot_custom_msgs_s.ep.rosidl_typesupport_introspection_c.c
[1.350s] -- Up-to-date symlink: /home/dbot2/dbot_vda5050_ilmatar/install/dbot_custom_msgs/local/lib/python3.10/dist-packages/dbot_custom_msgs/dbot_custom_msgs_s__rosidl_typesupport_c.cpython-310-x86_64-linux-gnu.so
[1.350s] -- Up-to-date symlink: /home/dbot2/dbot_vda5050_ilmatar/install/dbot_custom_msgs/local/lib/python3.10/dist-packages/dbot_custom_msgs/dbot_custom_msgs_s__rosidl_typesupport_fastrtps_c.cpython-310-x86_64-linux-gnu.so
[1.350s] -- Up-to-date symlink: /home/dbot2/dbot_vda5050_ilmatar/install/dbot_custom_msgs/local/lib/python3.10/dist-packages/dbot_custom_msgs/dbot_custom_msgs_s__rosidl_typesupport_introspection_c.cpython-310-x86_64-linux-gnu.so
[1.351s] -- Up-to-date symlink: /home/dbot2/dbot_vda5050_ilmatar/install/dbot_custom_msgs/local/lib/python3.10/dist-packages/dbot_custom_msgs/libdbot_custom_msgs__rosidl_generator_py.so
[1.351s] -- Up-to-date symlink: /home/dbot2/dbot_vda5050_ilmatar/install/dbot_custom_msgs/local/lib/python3.10/dist-packages/dbot_custom_msgs/msg/__init__.py
[1.351s] -- Up-to-date symlink: /home/dbot2/dbot_vda5050_ilmatar/install/dbot_custom_msgs/local/lib/python3.10/dist-packages/dbot_custom_msgs/msg/_wheel_encoder.py
[1.352s] -- Up-to-date symlink: /home/dbot2/dbot_vda5050_ilmatar/install/dbot_custom_msgs/local/lib/python3.10/dist-packages/dbot_custom_msgs/msg/_wheel_encoder_s.c
[1.352s] -- Up-to-date symlink: /home/dbot2/dbot_vda5050_ilmatar/install/dbot_custom_msgs/local/lib/python3.10/dist-packages/dbot_custom_msgs/dbot_custom_msgs_s__rosidl_typesupport_fastrtps_c.cpython-310-x86_64-linux-gnu.so
[1.352s] -- Up-to-date symlink: /home/dbot2/dbot_vda5050_ilmatar/install/dbot_custom_msgs/local/lib/python3.10/dist-packages/dbot_custom_msgs/dbot_custom_msgs_s__rosidl_typesupport_introspection_c.cpython-310-x86_64-linux-gnu.so
[1.352s] -- Up-to-date symlink: /home/dbot2/dbot_vda5050_ilmatar/install/dbot_custom_msgs/local/lib/python3.10/dist-packages/dbot_custom_msgs/dbot_custom_msgs_s__rosidl_typesupport_c.cpython-310-x86_64-linux-gnu.so
[1.352s] -- Up-to-date symlink: /home/dbot2/dbot_vda5050_ilmatar/install/dbot_custom_msgs/share/dbot_custom_msgs/msg/WheelEncoder.idl
[1.352s] -- Up-to-date symlink: /home/dbot2/dbot_vda5050_ilmatar/install/dbot_custom_msgs/share/dbot_custom_msgs/msg/WheelEncoder.msg
[1.352s] -- Up-to-date symlink: /home/dbot2/dbot_vda5050_ilmatar/install/dbot_custom_msgs/share/ament_index/resource_index/package_run_dependencies/dbot_custom_msgs
[1.352s] -- Up-to-date symlink: /home/dbot2/dbot_vda5050_ilmatar/install/dbot_custom_msgs/share/ament_index/resource_index/parent_prefix_path/dbot_custom_msgs
[1.352s] -- Up-to-date symlink: /home/dbot2/dbot_vda5050_ilmatar/install/dbot_custom_msgs/share/dbot_custom_msgs/environment/ament_prefix_path.sh
[1.354s] -- Up-to-date symlink: /home/dbot2/dbot_vda5050_ilmatar/install/dbot_custom_msgs/share/dbot_custom_msgs/environment/ament_prefix_path.dsv
[1.355s] -- Up-to-date symlink: /home/dbot2/dbot_vda5050_ilmatar/install/dbot_custom_msgs/share/dbot_custom_msgs/environment/path.sh
[1.355s] -- Up-to-date symlink: /home/dbot2/dbot_vda5050_ilmatar/install/dbot_custom_msgs/share/dbot_custom_msgs/environment/path.dsv
[1.355s] -- Up-to-date symlink: /home/dbot2/dbot_vda5050_ilmatar/install/dbot_custom_msgs/share/dbot_custom_msgs/local_setup.bash
[1.355s] -- Up-to-date symlink: /home/dbot2/dbot_vda5050_ilmatar/install/dbot_custom_msgs/share/dbot_custom_msgs/local_setup.sh
[1.355s] -- Up-to-date symlink: /home/dbot2/dbot_vda5050_ilmatar/install/dbot_custom_msgs/share/dbot_custom_msgs/local_setup.zsh
[1.355s] -- Up-to-date symlink: /home/dbot2/dbot_vda5050_ilmatar/install/dbot_custom_msgs/share/dbot_custom_msgs/local_setup.dsv
[1.355s] -- Symlinking: /home/dbot2/dbot_vda5050_ilmatar/install/dbot_custom_msgs/share/dbot_custom_msgs/package.dsv
[1.364s] -- Up-to-date symlink: /home/dbot2/dbot_vda5050_ilmatar/install/dbot_custom_msgs/share/ament_index/resource_index/packages/dbot_custom_msgs
[1.364s] -- Up-to-date symlink: /home/dbot2/dbot_vda5050_ilmatar/install/dbot_custom_msgs/share/dbot_custom_msgs/cmake/rosidl_cmake-extras.cmake
[1.364s] -- Up-to-date symlink: /home/dbot2/dbot_vda5050_ilmatar/install/dbot_custom_msgs/share/dbot_custom_msgs/cmake/ament_cmake_export_dependencies-extras.cmake
[1.364s] -- Up-to-date symlink: /home/dbot2/dbot_vda5050_ilmatar/install/dbot_custom_msgs/share/dbot_custom_msgs/cmake/ament_cmake_export_include_directories-extras.cmake
[1.365s] -- Up-to-date symlink: /home/dbot2/dbot_vda5050_ilmatar/install/dbot_custom_msgs/share/dbot_custom_msgs/cmake/ament_cmake_export_libraries-extras.cmake
[1.365s] -- Up-to-date symlink: /home/dbot2/dbot_vda5050_ilmatar/install/dbot_custom_msgs/share/dbot_custom_msgs/cmake/ament_cmake_export_targets-extras.cmake
[1.370s] -- Up-to-date symlink: /home/dbot2/dbot_vda5050_ilmatar/install/dbot_custom_msgs/share/dbot_custom_msgs/cmake/rosidl_cmake_export_typesupport_targets-extras.cmake
[1.370s] -- Up-to-date symlink: /home/dbot2/dbot_vda5050_ilmatar/install/dbot_custom_msgs/share/dbot_custom_msgs/cmake/rosidl_cmake_export_typesupport_libraries-extras.cmake
[1.370s] -- Up-to-date symlink: /home/dbot2/dbot_vda5050_ilmatar/install/dbot_custom_msgs/share/dbot_custom_msgs/cmake/dbot_custom_msgsConfig.cmake
[1.370s] -- Up-to-date symlink: /home/dbot2/dbot_vda5050_ilmatar/install/dbot_custom_msgs/share/dbot_custom_msgs/cmake/dbot_custom_msgsConfig-version.cmake
[1.370s] -- Up-to-date symlink: /home/dbot2/dbot_vda5050_ilmatar/install/dbot_custom_msgs/share/dbot_custom_msgs/package.xml
[1.370s] -- Up-to-date: /home/dbot2/dbot_vda5050_ilmatar/install/dbot_custom_msgs/lib/libdbot_custom_msgs__rosidl_generator_c.so
[1.370s] -- Up-to-date: /home/dbot2/dbot_vda5050_ilmatar/install/dbot_custom_msgs/lib/libdbot_custom_msgs__rosidl_typesupport_fastrtps_c.so
[1.370s] -- Up-to-date: /home/dbot2/dbot_vda5050_ilmatar/install/dbot_custom_msgs/lib/libdbot_custom_msgs__rosidl_typesupport_introspection_c.so
[1.370s] -- Up-to-date: /home/dbot2/dbot_vda5050_ilmatar/install/dbot_custom_msgs/lib/libdbot_custom_msgs__rosidl_typesupport_c.so
[1.370s] -- Up-to-date: /home/dbot2/dbot_vda5050_ilmatar/install/dbot_custom_msgs/lib/libdbot_custom_msgs__rosidl_typesupport_fastrtps_cpp.so
[1.370s] -- Up-to-date: /home/dbot2/dbot_vda5050_ilmatar/install/dbot_custom_msgs/lib/libdbot_custom_msgs__rosidl_typesupport_introspection_cpp.so
[1.371s] -- Up-to-date: /home/dbot2/dbot_vda5050_ilmatar/install/dbot_custom_msgs/lib/libdbot_custom_msgs__rosidl_typesupport_cpp.so
[1.449s] Listing '/home/dbot2/dbot_vda5050_ilmatar/install/dbot_custom_msgs/local/lib/python3.10/dist-packages/dbot_custom_msgs'...
[1.449s] Listing '/home/dbot2/dbot_vda5050_ilmatar/install/dbot_custom_msgs/local/lib/python3.10/dist-packages/dbot_custom_msgs/msg'...
[1.454s] -- Up-to-date: /home/dbot2/dbot_vda5050_ilmatar/install/dbot_custom_msgs/lib/libdbot_custom_msgs__rosidl_generator_py.so
[1.455s] -- Up-to-date: /home/dbot2/dbot_vda5050_ilmatar/install/dbot_custom_msgs/share/dbot_custom_msgs/cmake/export_dbot_custom_msgs__rosidl_generator_cExport.cmake
[1.455s] -- Up-to-date: /home/dbot2/dbot_vda5050_ilmatar/install/dbot_custom_msgs/share/dbot_custom_msgs/cmake/export_dbot_custom_msgs__rosidl_generator_cExport-noconfig.cmake
[1.456s] -- Up-to-date: /home/dbot2/dbot_vda5050_ilmatar/install/dbot_custom_msgs/share/dbot_custom_msgs/cmake/export_dbot_custom_msgs__rosidl_typesupport_fastrtps_cExport.cmake
[1.457s] -- Up-to-date: /home/dbot2/dbot_vda5050_ilmatar/install/dbot_custom_msgs/share/dbot_custom_msgs/cmake/export_dbot_custom_msgs__rosidl_typesupport_fastrtps_cExport-noconfig.cmake
[1.457s] -- Up-to-date: /home/dbot2/dbot_vda5050_ilmatar/install/dbot_custom_msgs/share/dbot_custom_msgs/cmake/dbot_custom_msgs__rosidl_typesupport_introspection_cExport.cmake
[1.458s] -- Up-to-date: /home/dbot2/dbot_vda5050_ilmatar/install/dbot_custom_msgs/share/dbot_custom_msgs/cmake/dbot_custom_msgs__rosidl_typesupport_introspection_cExport-noconfig.cmake
[1.458s] -- Up-to-date: /home/dbot2/dbot_vda5050_ilmatar/install/dbot_custom_msgs/share/dbot_custom_msgs/cmake/dbot_custom_msgs__rosidl_typesupport_cExport.cmake
[1.459s] -- Up-to-date: /home/dbot2/dbot_vda5050_ilmatar/install/dbot_custom_msgs/share/dbot_custom_msgs/cmake/dbot_custom_msgs__rosidl_typesupport_cExport-noconfig.cmake
[1.460s] -- Up-to-date: /home/dbot2/dbot_vda5050_ilmatar/install/dbot_custom_msgs/share/dbot_custom_msgs/cmake/export_dbot_custom_msgs__rosidl_generator_cppExport.cmake
[1.460s] -- Up-to-date: /home/dbot2/dbot_vda5050_ilmatar/install/dbot_custom_msgs/share/dbot_custom_msgs/cmake/export_dbot_custom_msgs__rosidl_typesupport_fastrtps_cppExport.cmake
[1.460s] -- Up-to-date: /home/dbot2/dbot_vda5050_ilmatar/install/dbot_custom_msgs/share/dbot_custom_msgs/cmake/export_dbot_custom_msgs__rosidl_typesupport_fastrtps_cppExport-noconfig.cmake
[1.461s] -- Up-to-date: /home/dbot2/dbot_vda5050_ilmatar/install/dbot_custom_msgs/share/dbot_custom_msgs/cmake/dbot_custom_msgs__rosidl_typesupport_introspection_cppExport.cmake
[1.461s] -- Up-to-date: /home/dbot2/dbot_vda5050_ilmatar/install/dbot_custom_msgs/share/dbot_custom_msgs/cmake/dbot_custom_msgs__rosidl_typesupport_introspection_cppExport-noconfig.cmake
[1.461s] -- Up-to-date: /home/dbot2/dbot_vda5050_ilmatar/install/dbot_custom_msgs/share/dbot_custom_msgs/cmake/dbot_custom_msgs__rosidl_typesupport_cppExport.cmake
[1.461s] -- Up-to-date: /home/dbot2/dbot_vda5050_ilmatar/install/dbot_custom_msgs/share/dbot_custom_msgs/cmake/dbot_custom_msgs__rosidl_typesupport_cppExport-noconfig.cmake
[1.461s] -- Up-to-date: /home/dbot2/dbot_vda5050_ilmatar/install/dbot_custom_msgs/share/dbot_custom_msgs/cmake/export_dbot_custom_msgs__rosidl_generator_pyExport.cmake
[1.461s] -- Up-to-date: /home/dbot2/dbot_vda5050_ilmatar/install/dbot_custom_msgs/share/dbot_custom_msgs/cmake/export_dbot_custom_msgs__rosidl_generator_pyExport-noconfig.cmake
[1.514s] Invoked command in '/home/dbot2/dbot_vda5050_ilmatar/build/dbot_custom_msgs' returned '0': CMAKE_PREFIX_PATH=${CMAKE_PREFIX_PATH}:/home/dbot2/dbot_vda5050_ilmatar/install/vda5050_tb3_adapter:/home/dbot2/dbot_vda5050_ilmatar/install/tf2_dbot:/home/dbot2/dbot_vda5050_ilmatar/install/odom_motion_model:/home/dbot2/dbot_vda5050_ilmatar/install/motor_driver:/home/dbot2/dbot_vda5050_ilmatar/install/joycontrol:/home/dbot2/dbot_vda5050_ilmatar/install/gesturecontrol:/home/dbot2/dbot_vda5050_ilmatar/install/dbot_bridge:/home/dbot2/dbot_vda5050_ilmatar/install/dbot:/home/dbot2/dbot_src/install/tf2_dbot:/home/dbot2/dbot_src/install/odom_motion_model:/home/dbot2/dbot_src/install/motor_driver:/home/dbot2/dbot_src/install/joycontrol:/home/dbot2/dbot_src/install/dbot:/home/dbot2/dbot_remote/install/pcd_joy_trigger:/home/dbot2/circus_demo/install/circus_demo:/home/dbot2/ros2_ws/install/tf2_dbot:/home/dbot2/ros2_ws/install/odom_motion_model:/home/dbot2/ros2_ws/install/motor_driver:/home/dbot2/ros2_ws/install/joycontrol:/home/dbot2/ros2_ws/install/gesturecontrol:/home/dbot2/ros2_ws/install/dbot_bridge:/home/dbot2/ros2_ws/install/dbot:/home/dbot2/ros2_ws/install/ament_xmllint:/home/dbot2/ros2_ws/install/ament_uncrustify:/home/dbot2/ros2_ws/install/ament_pyflakes:/home/dbot2/ros2_ws/install/ament_pycodestyle:/home/dbot2/ros2_ws/install/ament_pep257:/home/dbot2/ros2_ws/install/ament_pclint:/home/dbot2/ros2_ws/install/ament_mypy:/home/dbot2/ros2_ws/install/ament_lint_cmake:/home/dbot2/ros2_ws/install/ament_flake8:/home/dbot2/ros2_ws/install/ament_copyright:/home/dbot2/ros2_ws/install/ament_lint:/home/dbot2/ros2_ws/install/ament_cpplint:/home/dbot2/ros2_ws/install/ament_cppcheck:/home/dbot2/ros2_ws/install/ament_clang_tidy:/home/dbot2/ros2_ws/install/ament_clang_format:/opt/ros/humble /usr/bin/cmake --install /home/dbot2/dbot_vda5050_ilmatar/build/dbot_custom_msgs
