/usr/lib/python3/dist-packages/setuptools/dist.py:723: UserWarning: Usage of dash-separated 'script-dir' will not be supported in future versions. Please use the underscore name 'script_dir' instead
  warnings.warn(
running develop
Removing /home/dbot2/dbot_vda5050_ilmatar/install/odom_motion_model/lib/python3.10/site-packages/odom-motion-model.egg-link (link to .)
/usr/lib/python3/dist-packages/setuptools/dist.py:723: UserWarning: Usage of dash-separated 'script-dir' will not be supported in future versions. Please use the underscore name 'script_dir' instead
  warnings.warn(
running egg_info
writing ../../build/odom_motion_model/odom_motion_model.egg-info/PKG-INFO
writing dependency_links to ../../build/odom_motion_model/odom_motion_model.egg-info/dependency_links.txt
writing entry points to ../../build/odom_motion_model/odom_motion_model.egg-info/entry_points.txt
writing requirements to ../../build/odom_motion_model/odom_motion_model.egg-info/requires.txt
writing top-level names to ../../build/odom_motion_model/odom_motion_model.egg-info/top_level.txt
reading manifest file '../../build/odom_motion_model/odom_motion_model.egg-info/SOURCES.txt'
writing manifest file '../../build/odom_motion_model/odom_motion_model.egg-info/SOURCES.txt'
running build
running build_py
creating /home/dbot2/dbot_vda5050_ilmatar/build/odom_motion_model/build
creating /home/dbot2/dbot_vda5050_ilmatar/build/odom_motion_model/build/lib
creating /home/dbot2/dbot_vda5050_ilmatar/build/odom_motion_model/build/lib/odom_motion_model
copying odom_motion_model/vehicle_model.py -> /home/dbot2/dbot_vda5050_ilmatar/build/odom_motion_model/build/lib/odom_motion_model
copying odom_motion_model/odom_motion_model.py -> /home/dbot2/dbot_vda5050_ilmatar/build/odom_motion_model/build/lib/odom_motion_model
copying odom_motion_model/__init__.py -> /home/dbot2/dbot_vda5050_ilmatar/build/odom_motion_model/build/lib/odom_motion_model
running install
running install_lib
creating /home/dbot2/dbot_vda5050_ilmatar/install/odom_motion_model/lib/python3.10/site-packages/odom_motion_model
copying /home/dbot2/dbot_vda5050_ilmatar/build/odom_motion_model/build/lib/odom_motion_model/vehicle_model.py -> /home/dbot2/dbot_vda5050_ilmatar/install/odom_motion_model/lib/python3.10/site-packages/odom_motion_model
copying /home/dbot2/dbot_vda5050_ilmatar/build/odom_motion_model/build/lib/odom_motion_model/odom_motion_model.py -> /home/dbot2/dbot_vda5050_ilmatar/install/odom_motion_model/lib/python3.10/site-packages/odom_motion_model
copying /home/dbot2/dbot_vda5050_ilmatar/build/odom_motion_model/build/lib/odom_motion_model/__init__.py -> /home/dbot2/dbot_vda5050_ilmatar/install/odom_motion_model/lib/python3.10/site-packages/odom_motion_model
byte-compiling /home/dbot2/dbot_vda5050_ilmatar/install/odom_motion_model/lib/python3.10/site-packages/odom_motion_model/vehicle_model.py to vehicle_model.cpython-310.pyc
byte-compiling /home/dbot2/dbot_vda5050_ilmatar/install/odom_motion_model/lib/python3.10/site-packages/odom_motion_model/odom_motion_model.py to odom_motion_model.cpython-310.pyc
byte-compiling /home/dbot2/dbot_vda5050_ilmatar/install/odom_motion_model/lib/python3.10/site-packages/odom_motion_model/__init__.py to __init__.cpython-310.pyc
running install_data
copying resource/odom_motion_model -> /home/dbot2/dbot_vda5050_ilmatar/install/odom_motion_model/share/ament_index/resource_index/packages
copying package.xml -> /home/dbot2/dbot_vda5050_ilmatar/install/odom_motion_model/share/odom_motion_model
running install_egg_info
Copying ../../build/odom_motion_model/odom_motion_model.egg-info to /home/dbot2/dbot_vda5050_ilmatar/install/odom_motion_model/lib/python3.10/site-packages/odom_motion_model-0.0.0-py3.10.egg-info
running install_scripts
Installing odom_motion_model script to /home/dbot2/dbot_vda5050_ilmatar/install/odom_motion_model/lib/odom_motion_model
writing list of installed files to '/home/dbot2/dbot_vda5050_ilmatar/build/odom_motion_model/install.log'
