running develop
running egg_info
creating gesturecontrol.egg-info
writing gesturecontrol.egg-info/PKG-INFO
writing dependency_links to gesturecontrol.egg-info/dependency_links.txt
writing entry points to gesturecontrol.egg-info/entry_points.txt
writing requirements to gesturecontrol.egg-info/requires.txt
writing top-level names to gesturecontrol.egg-info/top_level.txt
writing manifest file 'gesturecontrol.egg-info/SOURCES.txt'
reading manifest file 'gesturecontrol.egg-info/SOURCES.txt'
writing manifest file 'gesturecontrol.egg-info/SOURCES.txt'
running build_ext
Creating /home/dbot2/ros2_ws/src/install/gesturecontrol/lib/python3.10/site-packages/gesturecontrol.egg-link (link to .)
Installing gesturecontrol script to /home/dbot2/ros2_ws/src/install/gesturecontrol/lib/gesturecontrol

Installed /home/dbot2/ros2_ws/src/build/gesturecontrol
running symlink_data
creating /home/dbot2/ros2_ws/src/install/gesturecontrol/share/ament_index
creating /home/dbot2/ros2_ws/src/install/gesturecontrol/share/ament_index/resource_index
creating /home/dbot2/ros2_ws/src/install/gesturecontrol/share/ament_index/resource_index/packages
symbolically linking /home/dbot2/ros2_ws/src/build/gesturecontrol/resource/gesturecontrol -> /home/dbot2/ros2_ws/src/install/gesturecontrol/share/ament_index/resource_index/packages
symbolically linking /home/dbot2/ros2_ws/src/build/gesturecontrol/package.xml -> /home/dbot2/ros2_ws/src/install/gesturecontrol/share/gesturecontrol
