[1.382s] Invoking command in '/home/dbot2/ros2_ws/src/build/gesturecontrol': PYTHONPATH=/home/dbot2/ros2_ws/src/build/gesturecontrol/prefix_override:/usr/lib/python3/dist-packages/colcon_core/task/python/colcon_distutils_commands:/home/dbot2/ros2_ws/src/install/gesturecontrol/lib/python3.10/site-packages:${PYTHONPATH} /usr/bin/python3 -W ignore:setup.py install is deprecated setup.py develop --editable --build-directory /home/dbot2/ros2_ws/src/build/gesturecontrol/build --no-deps symlink_data
[1.700s] running develop
[1.700s] /usr/lib/python3/dist-packages/setuptools/command/easy_install.py:158: EasyInstallDeprecationWarning: easy_install command is deprecated. Use build and pip and other standards-based tools.
[1.700s]   warnings.warn(
[1.899s] running egg_info
[1.899s] creating gesturecontrol.egg-info
[1.900s] writing gesturecontrol.egg-info/PKG-INFO
[1.900s] writing dependency_links to gesturecontrol.egg-info/dependency_links.txt
[1.901s] writing entry points to gesturecontrol.egg-info/entry_points.txt
[1.901s] writing requirements to gesturecontrol.egg-info/requires.txt
[1.901s] writing top-level names to gesturecontrol.egg-info/top_level.txt
[1.901s] writing manifest file 'gesturecontrol.egg-info/SOURCES.txt'
[1.903s] reading manifest file 'gesturecontrol.egg-info/SOURCES.txt'
[1.905s] writing manifest file 'gesturecontrol.egg-info/SOURCES.txt'
[1.906s] running build_ext
[1.907s] Creating /home/dbot2/ros2_ws/src/install/gesturecontrol/lib/python3.10/site-packages/gesturecontrol.egg-link (link to .)
[1.908s] Installing gesturecontrol script to /home/dbot2/ros2_ws/src/install/gesturecontrol/lib/gesturecontrol
[1.909s] 
[1.909s] Installed /home/dbot2/ros2_ws/src/build/gesturecontrol
[1.909s] running symlink_data
[1.909s] creating /home/dbot2/ros2_ws/src/install/gesturecontrol/share/ament_index
[1.909s] creating /home/dbot2/ros2_ws/src/install/gesturecontrol/share/ament_index/resource_index
[1.909s] creating /home/dbot2/ros2_ws/src/install/gesturecontrol/share/ament_index/resource_index/packages
[1.910s] symbolically linking /home/dbot2/ros2_ws/src/build/gesturecontrol/resource/gesturecontrol -> /home/dbot2/ros2_ws/src/install/gesturecontrol/share/ament_index/resource_index/packages
[1.910s] symbolically linking /home/dbot2/ros2_ws/src/build/gesturecontrol/package.xml -> /home/dbot2/ros2_ws/src/install/gesturecontrol/share/gesturecontrol
[1.992s] Invoked command in '/home/dbot2/ros2_ws/src/build/gesturecontrol' returned '0': PYTHONPATH=/home/dbot2/ros2_ws/src/build/gesturecontrol/prefix_override:/usr/lib/python3/dist-packages/colcon_core/task/python/colcon_distutils_commands:/home/dbot2/ros2_ws/src/install/gesturecontrol/lib/python3.10/site-packages:${PYTHONPATH} /usr/bin/python3 -W ignore:setup.py install is deprecated setup.py develop --editable --build-directory /home/dbot2/ros2_ws/src/build/gesturecontrol/build --no-deps symlink_data
