-- Found ament_cmake: 1.3.10 (/opt/ros/humble/share/ament_cmake/cmake)
-- Override CMake install command with custom implementation using symlinks instead of copying resources
-- Found rclcpp: 16.0.10 (/opt/ros/humble/share/rclcpp/cmake)
-- Found rosidl_generator_c: 3.1.5 (/opt/ros/humble/share/rosidl_generator_c/cmake)
-- Found rosidl_adapter: 3.1.5 (/opt/ros/humble/share/rosidl_adapter/cmake)
-- Found rosidl_generator_cpp: 3.1.5 (/opt/ros/humble/share/rosidl_generator_cpp/cmake)
-- Using all available rosidl_typesupport_c: rosidl_typesupport_fastrtps_c;rosidl_typesupport_introspection_c
-- Using all available rosidl_typesupport_cpp: rosidl_typesupport_fastrtps_cpp;rosidl_typesupport_introspection_cpp
-- Found rmw_implementation_cmake: 6.1.2 (/opt/ros/humble/share/rmw_implementation_cmake/cmake)
-- Found rmw_fastrtps_cpp: 6.2.7 (/opt/ros/humble/share/rmw_fastrtps_cpp/cmake)
-- Using RMW implementation 'rmw_fastrtps_cpp' as default
-- Found rclpy: 3.3.14 (/opt/ros/humble/share/rclpy/cmake)
-- Found ament_lint_auto: 0.12.11 (/opt/ros/humble/share/ament_lint_auto/cmake)
-- Added test 'copyright' to check source files copyright and LICENSE
-- Added test 'flake8' to check Python code syntax and style conventions
-- Added test 'lint_cmake' to check CMake code style
-- Added test 'pep257' to check Python code against some of the docstring style conventions in PEP 257
-- Added test 'xmllint' to check XML markup files
-- Configuring done
-- Generating done
-- Build files have been written to: /home/dbot2/ros2_ws/src/build/dbot_nav_slam
Built target ament_cmake_python_symlink_dbot_nav_slam
Built target ament_cmake_python_symlink_dbot_nav_slam_setup
running egg_info
writing dbot_nav_slam.egg-info/PKG-INFO
writing dependency_links to dbot_nav_slam.egg-info/dependency_links.txt
writing top-level names to dbot_nav_slam.egg-info/top_level.txt
reading manifest file 'dbot_nav_slam.egg-info/SOURCES.txt'
writing manifest file 'dbot_nav_slam.egg-info/SOURCES.txt'
Built target ament_cmake_python_build_dbot_nav_slam_egg
-- Install configuration: ""
-- Execute custom install script
-- Up-to-date symlink: /home/dbot2/ros2_ws/src/install/dbot_nav_slam/share/dbot_nav_slam/environment/pythonpath.sh
-- Up-to-date symlink: /home/dbot2/ros2_ws/src/install/dbot_nav_slam/share/dbot_nav_slam/environment/pythonpath.dsv
-- Up-to-date symlink: /home/dbot2/ros2_ws/src/install/dbot_nav_slam/local/lib/python3.10/dist-packages/dbot_nav_slam-0.0.0-py3.10.egg-info/PKG-INFO
-- Up-to-date symlink: /home/dbot2/ros2_ws/src/install/dbot_nav_slam/local/lib/python3.10/dist-packages/dbot_nav_slam-0.0.0-py3.10.egg-info/SOURCES.txt
-- Up-to-date symlink: /home/dbot2/ros2_ws/src/install/dbot_nav_slam/local/lib/python3.10/dist-packages/dbot_nav_slam-0.0.0-py3.10.egg-info/dependency_links.txt
-- Up-to-date symlink: /home/dbot2/ros2_ws/src/install/dbot_nav_slam/local/lib/python3.10/dist-packages/dbot_nav_slam-0.0.0-py3.10.egg-info/top_level.txt
-- Up-to-date symlink: /home/dbot2/ros2_ws/src/install/dbot_nav_slam/local/lib/python3.10/dist-packages/dbot_nav_slam/__init__.py
-- Up-to-date symlink: /home/dbot2/ros2_ws/src/install/dbot_nav_slam/local/lib/python3.10/dist-packages/dbot_nav_slam/modules_import.py
-- Up-to-date symlink: /home/dbot2/ros2_ws/src/install/dbot_nav_slam/share/dbot_nav_slam/config/diff_drive_controller.yaml
-- Up-to-date symlink: /home/dbot2/ros2_ws/src/install/dbot_nav_slam/share/dbot_nav_slam/config/joystick.yaml
-- Up-to-date symlink: /home/dbot2/ros2_ws/src/install/dbot_nav_slam/share/dbot_nav_slam/config/mapper_params_online_async.yaml
-- Up-to-date symlink: /home/dbot2/ros2_ws/src/install/dbot_nav_slam/share/dbot_nav_slam/config/mqtt_bridge.yaml
-- Up-to-date symlink: /home/dbot2/ros2_ws/src/install/dbot_nav_slam/share/dbot_nav_slam/config/my_controllers.yaml
-- Up-to-date symlink: /home/dbot2/ros2_ws/src/install/dbot_nav_slam/share/dbot_nav_slam/config/nav2_params.yaml
-- Up-to-date symlink: /home/dbot2/ros2_ws/src/install/dbot_nav_slam/share/dbot_nav_slam/config/twist_mux.yaml
-- Up-to-date symlink: /home/dbot2/ros2_ws/src/install/dbot_nav_slam/share/dbot_nav_slam/description/inertial_macros.xacro
-- Up-to-date symlink: /home/dbot2/ros2_ws/src/install/dbot_nav_slam/share/dbot_nav_slam/description/robot.urdf.xacro
-- Up-to-date symlink: /home/dbot2/ros2_ws/src/install/dbot_nav_slam/share/dbot_nav_slam/description/robot_core.xacro
-- Up-to-date symlink: /home/dbot2/ros2_ws/src/install/dbot_nav_slam/share/dbot_nav_slam/description/ros2_control.xacro
-- Up-to-date symlink: /home/dbot2/ros2_ws/src/install/dbot_nav_slam/share/dbot_nav_slam/launch/auto_nav_dbot_launch.py
-- Symlinking: /home/dbot2/ros2_ws/src/install/dbot_nav_slam/share/dbot_nav_slam/launch/emq_mqtt_auto_launch.py
-- Up-to-date symlink: /home/dbot2/ros2_ws/src/install/dbot_nav_slam/share/dbot_nav_slam/launch/launch_robot.launch.py
-- Up-to-date symlink: /home/dbot2/ros2_ws/src/install/dbot_nav_slam/share/dbot_nav_slam/launch/localization_launch.py
-- Up-to-date symlink: /home/dbot2/ros2_ws/src/install/dbot_nav_slam/share/dbot_nav_slam/launch/navigation_launch.py
-- Up-to-date symlink: /home/dbot2/ros2_ws/src/install/dbot_nav_slam/share/dbot_nav_slam/launch/online_async_launch.py
-- Up-to-date symlink: /home/dbot2/ros2_ws/src/install/dbot_nav_slam/share/dbot_nav_slam/launch/rsp.launch.py
-- Up-to-date symlink: /home/dbot2/ros2_ws/src/install/dbot_nav_slam/share/dbot_nav_slam/maps/DF_map.pgm
-- Up-to-date symlink: /home/dbot2/ros2_ws/src/install/dbot_nav_slam/share/dbot_nav_slam/maps/DF_map.yaml
-- Up-to-date symlink: /home/dbot2/ros2_ws/src/install/dbot_nav_slam/share/dbot_nav_slam/maps/cage.pgm
-- Up-to-date symlink: /home/dbot2/ros2_ws/src/install/dbot_nav_slam/share/dbot_nav_slam/maps/cage.yaml
-- Up-to-date symlink: /home/dbot2/ros2_ws/src/install/dbot_nav_slam/share/dbot_nav_slam/maps/office_map.pgm
-- Up-to-date symlink: /home/dbot2/ros2_ws/src/install/dbot_nav_slam/share/dbot_nav_slam/maps/office_map.yaml
-- Up-to-date symlink: /home/dbot2/ros2_ws/src/install/dbot_nav_slam/share/dbot_nav_slam/maps/office_map_localize.data
-- Up-to-date symlink: /home/dbot2/ros2_ws/src/install/dbot_nav_slam/share/dbot_nav_slam/maps/office_map_localize.posegraph
-- Up-to-date symlink: /home/dbot2/ros2_ws/src/install/dbot_nav_slam/share/dbot_nav_slam/maps/office_map_serial.data
-- Up-to-date symlink: /home/dbot2/ros2_ws/src/install/dbot_nav_slam/share/dbot_nav_slam/maps/office_map_serial.posegraph
-- Up-to-date symlink: /home/dbot2/ros2_ws/src/install/dbot_nav_slam/share/dbot_nav_slam/scripts/.mqtt_dbot.py.swp
-- Up-to-date symlink: /home/dbot2/ros2_ws/src/install/dbot_nav_slam/share/dbot_nav_slam/scripts/DF_inspection_route.py
-- Up-to-date symlink: /home/dbot2/ros2_ws/src/install/dbot_nav_slam/share/dbot_nav_slam/scripts/emca.crt
-- Symlinking: /home/dbot2/ros2_ws/src/install/dbot_nav_slam/share/dbot_nav_slam/scripts/emq_mqtt_inspection.py
-- Symlinking: /home/dbot2/ros2_ws/src/install/dbot_nav_slam/share/dbot_nav_slam/scripts/emq_mqtt_vel_msg_sub.py
-- Up-to-date symlink: /home/dbot2/ros2_ws/src/install/dbot_nav_slam/share/dbot_nav_slam/scripts/emqxsl-ca.crt
-- Up-to-date symlink: /home/dbot2/ros2_ws/src/install/dbot_nav_slam/share/dbot_nav_slam/scripts/mqtt.py
-- Up-to-date symlink: /home/dbot2/ros2_ws/src/install/dbot_nav_slam/share/dbot_nav_slam/scripts/mqtt_dbot.py
-- Up-to-date symlink: /home/dbot2/ros2_ws/src/install/dbot_nav_slam/share/dbot_nav_slam/scripts/mqtt_inspection.py
-- Up-to-date symlink: /home/dbot2/ros2_ws/src/install/dbot_nav_slam/share/dbot_nav_slam/scripts/mqtt_original.py
-- Up-to-date symlink: /home/dbot2/ros2_ws/src/install/dbot_nav_slam/share/dbot_nav_slam/scripts/nav_through_poses.py
-- Up-to-date symlink: /home/dbot2/ros2_ws/src/install/dbot_nav_slam/share/dbot_nav_slam/scripts/pose_subscriber.py
-- Up-to-date symlink: /home/dbot2/ros2_ws/src/install/dbot_nav_slam/share/dbot_nav_slam/scripts/remote_control.py
-- Up-to-date symlink: /home/dbot2/ros2_ws/src/install/dbot_nav_slam/share/dbot_nav_slam/scripts/single_goalpose.py
-- Up-to-date symlink: /home/dbot2/ros2_ws/src/install/dbot_nav_slam/share/dbot_nav_slam/scripts/test_full.py
-- Up-to-date symlink: /home/dbot2/ros2_ws/src/install/dbot_nav_slam/share/dbot_nav_slam/scripts/vel_msg_sub.py
-- Up-to-date symlink: /home/dbot2/ros2_ws/src/install/dbot_nav_slam/share/dbot_nav_slam//launch/auto_nav_dbot_launch.py
-- Up-to-date symlink: /home/dbot2/ros2_ws/src/install/dbot_nav_slam/share/dbot_nav_slam//launch/emq_mqtt_auto_launch.py
-- Up-to-date symlink: /home/dbot2/ros2_ws/src/install/dbot_nav_slam/share/dbot_nav_slam//launch/launch_robot.launch.py
-- Up-to-date symlink: /home/dbot2/ros2_ws/src/install/dbot_nav_slam/share/dbot_nav_slam//launch/localization_launch.py
-- Up-to-date symlink: /home/dbot2/ros2_ws/src/install/dbot_nav_slam/share/dbot_nav_slam//launch/navigation_launch.py
-- Up-to-date symlink: /home/dbot2/ros2_ws/src/install/dbot_nav_slam/share/dbot_nav_slam//launch/online_async_launch.py
-- Up-to-date symlink: /home/dbot2/ros2_ws/src/install/dbot_nav_slam/share/dbot_nav_slam//launch/rsp.launch.py
-- Up-to-date symlink: /home/dbot2/ros2_ws/src/install/dbot_nav_slam/lib/dbot_nav_slam/nav_through_poses.py
-- Symlinking: /home/dbot2/ros2_ws/src/install/dbot_nav_slam/lib/dbot_nav_slam/emq_mqtt_inspection.py
-- Symlinking: /home/dbot2/ros2_ws/src/install/dbot_nav_slam/lib/dbot_nav_slam/emq_mqtt_vel_msg_sub.py
-- Up-to-date symlink: /home/dbot2/ros2_ws/src/install/dbot_nav_slam/share/ament_index/resource_index/package_run_dependencies/dbot_nav_slam
-- Up-to-date symlink: /home/dbot2/ros2_ws/src/install/dbot_nav_slam/share/ament_index/resource_index/parent_prefix_path/dbot_nav_slam
-- Up-to-date symlink: /home/dbot2/ros2_ws/src/install/dbot_nav_slam/share/dbot_nav_slam/environment/ament_prefix_path.sh
-- Up-to-date symlink: /home/dbot2/ros2_ws/src/install/dbot_nav_slam/share/dbot_nav_slam/environment/ament_prefix_path.dsv
-- Up-to-date symlink: /home/dbot2/ros2_ws/src/install/dbot_nav_slam/share/dbot_nav_slam/environment/path.sh
-- Up-to-date symlink: /home/dbot2/ros2_ws/src/install/dbot_nav_slam/share/dbot_nav_slam/environment/path.dsv
-- Up-to-date symlink: /home/dbot2/ros2_ws/src/install/dbot_nav_slam/share/dbot_nav_slam/local_setup.bash
-- Up-to-date symlink: /home/dbot2/ros2_ws/src/install/dbot_nav_slam/share/dbot_nav_slam/local_setup.sh
-- Up-to-date symlink: /home/dbot2/ros2_ws/src/install/dbot_nav_slam/share/dbot_nav_slam/local_setup.zsh
-- Up-to-date symlink: /home/dbot2/ros2_ws/src/install/dbot_nav_slam/share/dbot_nav_slam/local_setup.dsv
-- Symlinking: /home/dbot2/ros2_ws/src/install/dbot_nav_slam/share/dbot_nav_slam/package.dsv
-- Up-to-date symlink: /home/dbot2/ros2_ws/src/install/dbot_nav_slam/share/ament_index/resource_index/packages/dbot_nav_slam
-- Up-to-date symlink: /home/dbot2/ros2_ws/src/install/dbot_nav_slam/share/dbot_nav_slam/cmake/dbot_nav_slamConfig.cmake
-- Up-to-date symlink: /home/dbot2/ros2_ws/src/install/dbot_nav_slam/share/dbot_nav_slam/cmake/dbot_nav_slamConfig-version.cmake
-- Up-to-date symlink: /home/dbot2/ros2_ws/src/install/dbot_nav_slam/share/dbot_nav_slam/package.xml
Listing '/home/dbot2/ros2_ws/src/install/dbot_nav_slam/local/lib/python3.10/dist-packages/dbot_nav_slam'...
