[2.182s] Invoking command in '/home/dbot2/dbot_vda5050_ilmatar/src/joycontrol': PYTHONPATH=/home/dbot2/dbot_vda5050_ilmatar/build/joycontrol/prefix_override:/usr/lib/python3/dist-packages/colcon_core/task/python/colcon_distutils_commands:/home/dbot2/dbot_vda5050_ilmatar/install/joycontrol/lib/python3.10/site-packages:${PYTHONPATH} /usr/bin/python3 -W ignore:setup.py install is deprecated -W ignore:easy_install command is deprecated setup.py egg_info --egg-base ../../build/joycontrol build --build-base /home/dbot2/dbot_vda5050_ilmatar/build/joycontrol/build install --record /home/dbot2/dbot_vda5050_ilmatar/build/joycontrol/install.log --single-version-externally-managed install_data
[2.657s] /home/dbot2/.local/lib/python3.10/site-packages/setuptools/_distutils/dist.py:261: UserWarning: Unknown distribution option: 'tests_require'
[2.657s]   warnings.warn(msg)
[2.804s] running egg_info
[2.838s] writing ../../build/joycontrol/joycontrol.egg-info/PKG-INFO
[2.838s] writing dependency_links to ../../build/joycontrol/joycontrol.egg-info/dependency_links.txt
[2.838s] writing entry points to ../../build/joycontrol/joycontrol.egg-info/entry_points.txt
[2.838s] writing requirements to ../../build/joycontrol/joycontrol.egg-info/requires.txt
[2.838s] writing top-level names to ../../build/joycontrol/joycontrol.egg-info/top_level.txt
[3.029s] reading manifest file '../../build/joycontrol/joycontrol.egg-info/SOURCES.txt'
[3.030s] adding license file 'LICENSE'
[3.034s] writing manifest file '../../build/joycontrol/joycontrol.egg-info/SOURCES.txt'
[3.034s] running build
[3.034s] running build_py
[3.034s] running install
[3.039s] running install_lib
[3.068s] running install_data
[3.069s] running install_egg_info
[3.099s] removing '/home/dbot2/dbot_vda5050_ilmatar/install/joycontrol/lib/python3.10/site-packages/joycontrol-0.0.0-py3.10.egg-info' (and everything under it)
[3.099s] Copying ../../build/joycontrol/joycontrol.egg-info to /home/dbot2/dbot_vda5050_ilmatar/install/joycontrol/lib/python3.10/site-packages/joycontrol-0.0.0-py3.10.egg-info
[3.099s] running install_scripts
[3.164s] Installing joycontrol script to /home/dbot2/dbot_vda5050_ilmatar/install/joycontrol/lib/joycontrol
[3.164s] writing list of installed files to '/home/dbot2/dbot_vda5050_ilmatar/build/joycontrol/install.log'
[3.223s] Invoked command in '/home/dbot2/dbot_vda5050_ilmatar/src/joycontrol' returned '0': PYTHONPATH=/home/dbot2/dbot_vda5050_ilmatar/build/joycontrol/prefix_override:/usr/lib/python3/dist-packages/colcon_core/task/python/colcon_distutils_commands:/home/dbot2/dbot_vda5050_ilmatar/install/joycontrol/lib/python3.10/site-packages:${PYTHONPATH} /usr/bin/python3 -W ignore:setup.py install is deprecated -W ignore:easy_install command is deprecated setup.py egg_info --egg-base ../../build/joycontrol build --build-base /home/dbot2/dbot_vda5050_ilmatar/build/joycontrol/build install --record /home/dbot2/dbot_vda5050_ilmatar/build/joycontrol/install.log --single-version-externally-managed install_data
