[0.010s] Invoking command in '/home/dbot2/dbot_vda5050_ilmatar/build/vda5050_connector': CMAKE_PREFIX_PATH=/home/dbot2/dbot_vda5050_ilmatar/install/vda5050_msgs:/home/dbot2/dbot_vda5050_ilmatar/install/vda_dbot_nav_slam:/home/dbot2/dbot_vda5050_ilmatar/install/vda5050_connector:/home/dbot2/dbot_vda5050_ilmatar/install/odometry_estimator:/home/dbot2/dbot_vda5050_ilmatar/install/dbot_nav_slam:/home/dbot2/dbot_vda5050_ilmatar/install/dbot_custom_msgs:/home/dbot2/dbot_src/install/odometry_estimator:/home/dbot2/dbot_src/install/dbot_custom_msgs:/home/dbot2/dbot_remote/install/pointcloud_saver:/home/dbot2/circus_demo/install/pcl_localization_ros2:/home/dbot2/circus_demo/install/ndt_omp_ros2:/home/dbot2/ros2_ws/install/odometry_estimator:/home/dbot2/ros2_ws/install/dbot_nav_slam:/home/dbot2/ros2_ws/install/dbot_custom_msgs:/home/dbot2/ros2_ws/install/ament_lint_common:/home/dbot2/ros2_ws/install/ament_cmake_xmllint:/home/dbot2/ros2_ws/install/ament_cmake_uncrustify:/home/dbot2/ros2_ws/install/ament_cmake_pyflakes:/home/dbot2/ros2_ws/install/ament_cmake_pycodestyle:/home/dbot2/ros2_ws/install/ament_cmake_pep257:/home/dbot2/ros2_ws/install/ament_cmake_pclint:/home/dbot2/ros2_ws/install/ament_cmake_mypy:/home/dbot2/ros2_ws/install/ament_cmake_lint_cmake:/home/dbot2/ros2_ws/install/ament_lint_auto:/home/dbot2/ros2_ws/install/ament_cmake_flake8:/home/dbot2/ros2_ws/install/ament_cmake_copyright:/home/dbot2/ros2_ws/install/ament_cmake_cpplint:/home/dbot2/ros2_ws/install/ament_cmake_cppcheck:/home/dbot2/ros2_ws/install/ament_cmake_clang_tidy:/home/dbot2/ros2_ws/install/ament_cmake_clang_format:/home/dbot2/dbot_vda5050_ilmatar/install/vda5050_tb3_adapter:/home/dbot2/dbot_vda5050_ilmatar/install/tf2_dbot:/home/dbot2/dbot_vda5050_ilmatar/install/odom_motion_model:/home/dbot2/dbot_vda5050_ilmatar/install/motor_driver:/home/dbot2/dbot_vda5050_ilmatar/install/joycontrol:/home/dbot2/dbot_vda5050_ilmatar/install/gesturecontrol:/home/dbot2/dbot_vda5050_ilmatar/install/dbot_bridge:/home/dbot2/dbot_vda5050_ilmatar/install/dbot:/home/dbot2/dbot_src/install/tf2_dbot:/home/dbot2/dbot_src/install/odom_motion_model:/home/dbot2/dbot_src/install/motor_driver:/home/dbot2/dbot_src/install/joycontrol:/home/dbot2/dbot_src/install/dbot:/home/dbot2/dbot_remote/install/pcd_joy_trigger:/home/dbot2/circus_demo/install/circus_demo:/home/dbot2/ros2_ws/install/tf2_dbot:/home/dbot2/ros2_ws/install/odom_motion_model:/home/dbot2/ros2_ws/install/motor_driver:/home/dbot2/ros2_ws/install/joycontrol:/home/dbot2/ros2_ws/install/gesturecontrol:/home/dbot2/ros2_ws/install/dbot_bridge:/home/dbot2/ros2_ws/install/dbot:/home/dbot2/ros2_ws/install/ament_xmllint:/home/dbot2/ros2_ws/install/ament_uncrustify:/home/dbot2/ros2_ws/install/ament_pyflakes:/home/dbot2/ros2_ws/install/ament_pycodestyle:/home/dbot2/ros2_ws/install/ament_pep257:/home/dbot2/ros2_ws/install/ament_pclint:/home/dbot2/ros2_ws/install/ament_mypy:/home/dbot2/ros2_ws/install/ament_lint_cmake:/home/dbot2/ros2_ws/install/ament_flake8:/home/dbot2/ros2_ws/install/ament_copyright:/home/dbot2/ros2_ws/install/ament_lint:/home/dbot2/ros2_ws/install/ament_cpplint:/home/dbot2/ros2_ws/install/ament_cppcheck:/home/dbot2/ros2_ws/install/ament_clang_tidy:/home/dbot2/ros2_ws/install/ament_clang_format:/opt/ros/humble LD_LIBRARY_PATH=/home/dbot2/dbot_vda5050_ilmatar/install/vda5050_msgs/lib:/home/dbot2/dbot_vda5050_ilmatar/install/vda5050_connector/lib:/home/dbot2/dbot_vda5050_ilmatar/install/dbot_custom_msgs/lib:/home/dbot2/dbot_src/install/dbot_custom_msgs/lib:/home/dbot2/circus_demo/install/pcl_localization_ros2/lib:/home/dbot2/ros2_ws/install/dbot_custom_msgs/lib:/opt/ros/humble/opt/rviz_ogre_vendor/lib:/opt/ros/humble/lib/x86_64-linux-gnu:/opt/ros/humble/lib /usr/bin/cmake --build /home/dbot2/dbot_vda5050_ilmatar/build/vda5050_connector -- -j8 -l8
[0.057s] [  1%] Built target vda5050_connector__cpp
[0.057s] [  2%] [32mBuilding CXX object gtest/CMakeFiles/gtest_main.dir/src/gtest_main.cc.o[0m
[0.060s] [  4%] [32mBuilding C object CMakeFiles/vda5050_connector__rosidl_generator_c.dir/rosidl_generator_c/vda5050_connector/action/detail/process_vda_action__functions.c.o[0m
[0.060s] [  6%] [32mBuilding C object CMakeFiles/vda5050_connector__rosidl_generator_c.dir/rosidl_generator_c/vda5050_connector/action/detail/navigate_to_node__functions.c.o[0m
[0.060s] [  6%] [32mBuilding CXX object gtest/CMakeFiles/gtest.dir/src/gtest-all.cc.o[0m
[0.067s] [  8%] [32mBuilding C object CMakeFiles/vda5050_connector__rosidl_generator_c.dir/rosidl_generator_c/vda5050_connector/srv/detail/get_state__functions.c.o[0m
[0.067s] [  8%] Built target ament_cmake_python_symlink_vda5050_connector
[0.069s] [  8%] Built target ament_cmake_python_symlink_vda5050_connector_py
[0.079s] [  9%] [32mBuilding C object CMakeFiles/vda5050_connector__rosidl_generator_c.dir/rosidl_generator_c/vda5050_connector/srv/detail/supported_actions__functions.c.o[0m
[0.090s] [ 11%] [32mBuilding CXX object CMakeFiles/vda5050_connector__rosidl_typesupport_cpp.dir/rosidl_typesupport_cpp/vda5050_connector/action/navigate_to_node__type_support.cpp.o[0m
[0.111s] [ 12%] [32mBuilding CXX object CMakeFiles/vda5050_connector__rosidl_typesupport_fastrtps_cpp.dir/rosidl_typesupport_fastrtps_cpp/vda5050_connector/action/detail/dds_fastrtps/navigate_to_node__type_support.cpp.o[0m
[0.141s] [ 13%] [32mBuilding CXX object CMakeFiles/vda5050_connector__rosidl_typesupport_fastrtps_cpp.dir/rosidl_typesupport_fastrtps_cpp/vda5050_connector/action/detail/dds_fastrtps/process_vda_action__type_support.cpp.o[0m
[0.191s] [ 15%] [32mBuilding CXX object CMakeFiles/vda5050_connector__rosidl_typesupport_introspection_cpp.dir/rosidl_typesupport_introspection_cpp/vda5050_connector/action/detail/navigate_to_node__type_support.cpp.o[0m
[0.202s] [ 16%] [32mBuilding CXX object CMakeFiles/vda5050_connector__rosidl_typesupport_introspection_cpp.dir/rosidl_typesupport_introspection_cpp/vda5050_connector/action/detail/process_vda_action__type_support.cpp.o[0m
[0.209s] [ 18%] [32m[1mLinking C shared library libvda5050_connector__rosidl_generator_c.so[0m
[0.263s] [ 19%] Built target vda5050_connector__rosidl_generator_c
[0.282s] [ 20%] [32mBuilding CXX object CMakeFiles/vda5050_connector__rosidl_typesupport_introspection_cpp.dir/rosidl_typesupport_introspection_cpp/vda5050_connector/srv/detail/get_state__type_support.cpp.o[0m
[0.618s] [ 22%] [32mBuilding CXX object CMakeFiles/vda5050_connector__rosidl_typesupport_cpp.dir/rosidl_typesupport_cpp/vda5050_connector/action/process_vda_action__type_support.cpp.o[0m
[0.818s] [ 23%] [32mBuilding CXX object CMakeFiles/vda5050_connector__rosidl_typesupport_fastrtps_cpp.dir/rosidl_typesupport_fastrtps_cpp/vda5050_connector/srv/detail/dds_fastrtps/get_state__type_support.cpp.o[0m
[0.824s] [ 25%] [32mBuilding CXX object CMakeFiles/vda5050_connector__rosidl_typesupport_introspection_cpp.dir/rosidl_typesupport_introspection_cpp/vda5050_connector/srv/detail/supported_actions__type_support.cpp.o[0m
[0.906s] [ 26%] [32mBuilding CXX object CMakeFiles/vda5050_connector__rosidl_typesupport_fastrtps_cpp.dir/rosidl_typesupport_fastrtps_cpp/vda5050_connector/srv/detail/dds_fastrtps/supported_actions__type_support.cpp.o[0m
[0.991s] [ 27%] [32mBuilding CXX object CMakeFiles/vda5050_connector__rosidl_typesupport_cpp.dir/rosidl_typesupport_cpp/vda5050_connector/srv/get_state__type_support.cpp.o[0m
[1.098s] [ 29%] [32m[1mLinking CXX static library libgtest_main.a[0m
[1.204s] [ 29%] Built target gtest_main
[1.215s] [ 30%] [32mBuilding CXX object CMakeFiles/vda5050_connector__rosidl_typesupport_cpp.dir/rosidl_typesupport_cpp/vda5050_connector/srv/supported_actions__type_support.cpp.o[0m
[1.332s] [ 31%] [32mBuilding CXX object CMakeFiles/vda5050_connector__rosidl_typesupport_fastrtps_c.dir/rosidl_typesupport_fastrtps_c/vda5050_connector/action/detail/navigate_to_node__type_support_c.cpp.o[0m
[1.344s] [ 33%] [32mBuilding C object CMakeFiles/vda5050_connector__rosidl_typesupport_introspection_c.dir/rosidl_typesupport_introspection_c/vda5050_connector/action/detail/navigate_to_node__type_support.c.o[0m
[1.458s] [ 34%] [32mBuilding C object CMakeFiles/vda5050_connector__rosidl_typesupport_introspection_c.dir/rosidl_typesupport_introspection_c/vda5050_connector/action/detail/process_vda_action__type_support.c.o[0m
[1.459s] [ 36%] [32m[1mLinking CXX shared library libvda5050_connector__rosidl_typesupport_introspection_cpp.so[0m
[1.481s] [ 37%] [32m[1mLinking CXX shared library libvda5050_connector__rosidl_typesupport_fastrtps_cpp.so[0m
[1.489s] running egg_info
[1.490s] writing vda5050_connector.egg-info/PKG-INFO
[1.490s] writing dependency_links to vda5050_connector.egg-info/dependency_links.txt
[1.490s] writing top-level names to vda5050_connector.egg-info/top_level.txt
[1.496s] reading manifest file 'vda5050_connector.egg-info/SOURCES.txt'
[1.497s] writing manifest file 'vda5050_connector.egg-info/SOURCES.txt'
[1.529s] [ 38%] [32mBuilding C object CMakeFiles/vda5050_connector__rosidl_typesupport_introspection_c.dir/rosidl_typesupport_introspection_c/vda5050_connector/srv/detail/get_state__type_support.c.o[0m
[1.545s] [ 38%] Built target ament_cmake_python_build_vda5050_connector_egg
[1.546s] [ 40%] [32m[1mLinking CXX shared library libvda5050_connector__rosidl_typesupport_cpp.so[0m
[1.586s] [ 41%] [32mBuilding CXX object CMakeFiles/vda5050_connector__rosidl_typesupport_c.dir/rosidl_typesupport_c/vda5050_connector/action/navigate_to_node__type_support.cpp.o[0m
[1.596s] [ 43%] [32mBuilding C object CMakeFiles/vda5050_connector__rosidl_typesupport_introspection_c.dir/rosidl_typesupport_introspection_c/vda5050_connector/srv/detail/supported_actions__type_support.c.o[0m
[1.610s] [ 44%] Built target vda5050_connector__rosidl_typesupport_introspection_cpp
[1.619s] [ 45%] Built target vda5050_connector__rosidl_typesupport_cpp
[1.619s] [ 47%] [32mBuilding CXX object CMakeFiles/vda5050_connector__rosidl_typesupport_fastrtps_c.dir/rosidl_typesupport_fastrtps_c/vda5050_connector/action/detail/process_vda_action__type_support_c.cpp.o[0m
[1.627s] [ 48%] [32mBuilding CXX object CMakeFiles/vda5050_connector__rosidl_typesupport_fastrtps_c.dir/rosidl_typesupport_fastrtps_c/vda5050_connector/srv/detail/get_state__type_support_c.cpp.o[0m
[1.631s] [ 50%] Built target vda5050_connector__rosidl_typesupport_fastrtps_cpp
[1.642s] [ 51%] [32mBuilding CXX object CMakeFiles/vda5050_connector__rosidl_typesupport_c.dir/rosidl_typesupport_c/vda5050_connector/action/process_vda_action__type_support.cpp.o[0m
[1.654s] [ 52%] [32m[1mLinking C shared library libvda5050_connector__rosidl_typesupport_introspection_c.so[0m
[1.666s] running egg_info
[1.667s] writing vda5050_connector_py.egg-info/PKG-INFO
[1.667s] writing dependency_links to vda5050_connector_py.egg-info/dependency_links.txt
[1.667s] writing top-level names to vda5050_connector_py.egg-info/top_level.txt
[1.673s] reading manifest file 'vda5050_connector_py.egg-info/SOURCES.txt'
[1.674s] writing manifest file 'vda5050_connector_py.egg-info/SOURCES.txt'
[1.698s] [ 54%] [32mBuilding CXX object CMakeFiles/vda5050_connector__rosidl_typesupport_c.dir/rosidl_typesupport_c/vda5050_connector/srv/get_state__type_support.cpp.o[0m
[1.701s] [ 55%] Built target vda5050_connector__rosidl_typesupport_introspection_c
[1.705s] [ 56%] [32mBuilding CXX object CMakeFiles/adapter.dir/src/adapter.cpp.o[0m
[1.706s] [ 56%] Built target ament_cmake_python_build_vda5050_connector_py_egg
[1.713s] [ 58%] [32mBuilding CXX object CMakeFiles/vda5050_connector__rosidl_typesupport_fastrtps_c.dir/rosidl_typesupport_fastrtps_c/vda5050_connector/srv/detail/supported_actions__type_support_c.cpp.o[0m
[1.715s] [ 59%] [32mBuilding CXX object CMakeFiles/adapter.dir/src/utils.cpp.o[0m
[1.741s] [ 61%] [32mBuilding CXX object CMakeFiles/vda5050_connector__rosidl_typesupport_c.dir/rosidl_typesupport_c/vda5050_connector/srv/supported_actions__type_support.cpp.o[0m
[1.781s] [ 62%] [32m[1mLinking CXX shared library libvda5050_connector__rosidl_typesupport_c.so[0m
[1.826s] [ 63%] Built target vda5050_connector__rosidl_typesupport_c
[2.091s] [ 65%] [32m[1mLinking CXX shared library libvda5050_connector__rosidl_typesupport_fastrtps_c.so[0m
[2.151s] [ 66%] Built target vda5050_connector__rosidl_typesupport_fastrtps_c
[2.166s] [ 66%] Built target vda5050_connector
[2.182s] [ 68%] Built target vda5050_connector__py
[2.203s] [ 73%] [32mBuilding C object CMakeFiles/vda5050_connector__rosidl_generator_py.dir/rosidl_generator_py/vda5050_connector/action/_navigate_to_node_s.c.o[0m
[2.203s] [ 73%] [32mBuilding C object CMakeFiles/vda5050_connector__rosidl_generator_py.dir/rosidl_generator_py/vda5050_connector/action/_process_vda_action_s.c.o[0m
[2.203s] [ 73%] [32mBuilding C object CMakeFiles/vda5050_connector__rosidl_generator_py.dir/rosidl_generator_py/vda5050_connector/srv/_get_state_s.c.o[0m
[2.203s] [ 73%] [32mBuilding C object CMakeFiles/vda5050_connector__rosidl_generator_py.dir/rosidl_generator_py/vda5050_connector/srv/_supported_actions_s.c.o[0m
[2.355s] [ 75%] [32m[1mLinking C shared library rosidl_generator_py/vda5050_connector/libvda5050_connector__rosidl_generator_py.so[0m
[2.388s] [ 75%] Built target vda5050_connector__rosidl_generator_py
[2.409s] [ 76%] [32mBuilding C object CMakeFiles/vda5050_connector__rosidl_typesupport_fastrtps_c__pyext.dir/rosidl_generator_py/vda5050_connector/_vda5050_connector_s.ep.rosidl_typesupport_fastrtps_c.c.o[0m
[2.409s] [ 77%] [32mBuilding C object CMakeFiles/vda5050_connector__rosidl_typesupport_introspection_c__pyext.dir/rosidl_generator_py/vda5050_connector/_vda5050_connector_s.ep.rosidl_typesupport_introspection_c.c.o[0m
[2.411s] [ 79%] [32mBuilding C object CMakeFiles/vda5050_connector__rosidl_typesupport_c__pyext.dir/rosidl_generator_py/vda5050_connector/_vda5050_connector_s.ep.rosidl_typesupport_c.c.o[0m
[2.524s] [ 80%] [32m[1mLinking C shared library rosidl_generator_py/vda5050_connector/vda5050_connector_s__rosidl_typesupport_fastrtps_c.cpython-310-x86_64-linux-gnu.so[0m
[2.559s] [ 80%] Built target vda5050_connector__rosidl_typesupport_fastrtps_c__pyext
[2.595s] [ 81%] [32m[1mLinking C shared library rosidl_generator_py/vda5050_connector/vda5050_connector_s__rosidl_typesupport_introspection_c.cpython-310-x86_64-linux-gnu.so[0m
[2.596s] [ 83%] [32m[1mLinking C shared library rosidl_generator_py/vda5050_connector/vda5050_connector_s__rosidl_typesupport_c.cpython-310-x86_64-linux-gnu.so[0m
[2.633s] [ 83%] Built target vda5050_connector__rosidl_typesupport_c__pyext
[2.645s] [ 83%] Built target vda5050_connector__rosidl_typesupport_introspection_c__pyext
[3.168s] [ 84%] [32m[1mLinking CXX static library libgtest.a[0m
[3.234s] [ 84%] Built target gtest
[8.044s] [ 86%] [32m[1mLinking CXX shared library libadapter.so[0m
[8.322s] [ 86%] Built target adapter
[8.350s] [ 88%] [32mBuilding CXX object test/adapter/CMakeFiles/test_handler_execution.dir/handler_execution/handler_execution_test.cpp.o[0m
[8.350s] [ 88%] [32mBuilding CXX object test/adapter/CMakeFiles/test_plugins.dir/common/stub_nav_to_node.cpp.o[0m
[8.350s] [ 90%] [32mBuilding CXX object test/adapter/CMakeFiles/test_plugin_load.dir/plugin_load/plugin_load_test.cpp.o[0m
[8.351s] [ 91%] [32mBuilding CXX object test/adapter/CMakeFiles/test_node_config.dir/node_config/node_config_test.cpp.o[0m
[8.351s] [ 93%] [32mBuilding CXX object test/adapter/CMakeFiles/test_plugins.dir/common/stub_state_handlers.cpp.o[0m
[8.352s] [ 94%] [32mBuilding CXX object test/adapter/CMakeFiles/test_plugins.dir/common/stub_vda_actions.cpp.o[0m
[12.257s] [ 95%] [32m[1mLinking CXX executable test_node_config[0m
[12.372s] [ 97%] [32m[1mLinking CXX executable test_handler_execution[0m
[12.521s] [ 97%] Built target test_node_config
[12.639s] [ 97%] Built target test_handler_execution
[14.421s] [ 98%] [32m[1mLinking CXX executable test_plugin_load[0m
[14.650s] [ 98%] Built target test_plugin_load
[15.980s] [100%] [32m[1mLinking CXX shared library libtest_plugins.so[0m
[16.323s] [100%] Built target test_plugins
[16.333s] Invoked command in '/home/dbot2/dbot_vda5050_ilmatar/build/vda5050_connector' returned '0': CMAKE_PREFIX_PATH=/home/dbot2/dbot_vda5050_ilmatar/install/vda5050_msgs:/home/dbot2/dbot_vda5050_ilmatar/install/vda_dbot_nav_slam:/home/dbot2/dbot_vda5050_ilmatar/install/vda5050_connector:/home/dbot2/dbot_vda5050_ilmatar/install/odometry_estimator:/home/dbot2/dbot_vda5050_ilmatar/install/dbot_nav_slam:/home/dbot2/dbot_vda5050_ilmatar/install/dbot_custom_msgs:/home/dbot2/dbot_src/install/odometry_estimator:/home/dbot2/dbot_src/install/dbot_custom_msgs:/home/dbot2/dbot_remote/install/pointcloud_saver:/home/dbot2/circus_demo/install/pcl_localization_ros2:/home/dbot2/circus_demo/install/ndt_omp_ros2:/home/dbot2/ros2_ws/install/odometry_estimator:/home/dbot2/ros2_ws/install/dbot_nav_slam:/home/dbot2/ros2_ws/install/dbot_custom_msgs:/home/dbot2/ros2_ws/install/ament_lint_common:/home/dbot2/ros2_ws/install/ament_cmake_xmllint:/home/dbot2/ros2_ws/install/ament_cmake_uncrustify:/home/dbot2/ros2_ws/install/ament_cmake_pyflakes:/home/dbot2/ros2_ws/install/ament_cmake_pycodestyle:/home/dbot2/ros2_ws/install/ament_cmake_pep257:/home/dbot2/ros2_ws/install/ament_cmake_pclint:/home/dbot2/ros2_ws/install/ament_cmake_mypy:/home/dbot2/ros2_ws/install/ament_cmake_lint_cmake:/home/dbot2/ros2_ws/install/ament_lint_auto:/home/dbot2/ros2_ws/install/ament_cmake_flake8:/home/dbot2/ros2_ws/install/ament_cmake_copyright:/home/dbot2/ros2_ws/install/ament_cmake_cpplint:/home/dbot2/ros2_ws/install/ament_cmake_cppcheck:/home/dbot2/ros2_ws/install/ament_cmake_clang_tidy:/home/dbot2/ros2_ws/install/ament_cmake_clang_format:/home/dbot2/dbot_vda5050_ilmatar/install/vda5050_tb3_adapter:/home/dbot2/dbot_vda5050_ilmatar/install/tf2_dbot:/home/dbot2/dbot_vda5050_ilmatar/install/odom_motion_model:/home/dbot2/dbot_vda5050_ilmatar/install/motor_driver:/home/dbot2/dbot_vda5050_ilmatar/install/joycontrol:/home/dbot2/dbot_vda5050_ilmatar/install/gesturecontrol:/home/dbot2/dbot_vda5050_ilmatar/install/dbot_bridge:/home/dbot2/dbot_vda5050_ilmatar/install/dbot:/home/dbot2/dbot_src/install/tf2_dbot:/home/dbot2/dbot_src/install/odom_motion_model:/home/dbot2/dbot_src/install/motor_driver:/home/dbot2/dbot_src/install/joycontrol:/home/dbot2/dbot_src/install/dbot:/home/dbot2/dbot_remote/install/pcd_joy_trigger:/home/dbot2/circus_demo/install/circus_demo:/home/dbot2/ros2_ws/install/tf2_dbot:/home/dbot2/ros2_ws/install/odom_motion_model:/home/dbot2/ros2_ws/install/motor_driver:/home/dbot2/ros2_ws/install/joycontrol:/home/dbot2/ros2_ws/install/gesturecontrol:/home/dbot2/ros2_ws/install/dbot_bridge:/home/dbot2/ros2_ws/install/dbot:/home/dbot2/ros2_ws/install/ament_xmllint:/home/dbot2/ros2_ws/install/ament_uncrustify:/home/dbot2/ros2_ws/install/ament_pyflakes:/home/dbot2/ros2_ws/install/ament_pycodestyle:/home/dbot2/ros2_ws/install/ament_pep257:/home/dbot2/ros2_ws/install/ament_pclint:/home/dbot2/ros2_ws/install/ament_mypy:/home/dbot2/ros2_ws/install/ament_lint_cmake:/home/dbot2/ros2_ws/install/ament_flake8:/home/dbot2/ros2_ws/install/ament_copyright:/home/dbot2/ros2_ws/install/ament_lint:/home/dbot2/ros2_ws/install/ament_cpplint:/home/dbot2/ros2_ws/install/ament_cppcheck:/home/dbot2/ros2_ws/install/ament_clang_tidy:/home/dbot2/ros2_ws/install/ament_clang_format:/opt/ros/humble LD_LIBRARY_PATH=/home/dbot2/dbot_vda5050_ilmatar/install/vda5050_msgs/lib:/home/dbot2/dbot_vda5050_ilmatar/install/vda5050_connector/lib:/home/dbot2/dbot_vda5050_ilmatar/install/dbot_custom_msgs/lib:/home/dbot2/dbot_src/install/dbot_custom_msgs/lib:/home/dbot2/circus_demo/install/pcl_localization_ros2/lib:/home/dbot2/ros2_ws/install/dbot_custom_msgs/lib:/opt/ros/humble/opt/rviz_ogre_vendor/lib:/opt/ros/humble/lib/x86_64-linux-gnu:/opt/ros/humble/lib /usr/bin/cmake --build /home/dbot2/dbot_vda5050_ilmatar/build/vda5050_connector -- -j8 -l8
[16.335s] Invoking command in '/home/dbot2/dbot_vda5050_ilmatar/build/vda5050_connector': CMAKE_PREFIX_PATH=/home/dbot2/dbot_vda5050_ilmatar/install/vda5050_msgs:/home/dbot2/dbot_vda5050_ilmatar/install/vda_dbot_nav_slam:/home/dbot2/dbot_vda5050_ilmatar/install/vda5050_connector:/home/dbot2/dbot_vda5050_ilmatar/install/odometry_estimator:/home/dbot2/dbot_vda5050_ilmatar/install/dbot_nav_slam:/home/dbot2/dbot_vda5050_ilmatar/install/dbot_custom_msgs:/home/dbot2/dbot_src/install/odometry_estimator:/home/dbot2/dbot_src/install/dbot_custom_msgs:/home/dbot2/dbot_remote/install/pointcloud_saver:/home/dbot2/circus_demo/install/pcl_localization_ros2:/home/dbot2/circus_demo/install/ndt_omp_ros2:/home/dbot2/ros2_ws/install/odometry_estimator:/home/dbot2/ros2_ws/install/dbot_nav_slam:/home/dbot2/ros2_ws/install/dbot_custom_msgs:/home/dbot2/ros2_ws/install/ament_lint_common:/home/dbot2/ros2_ws/install/ament_cmake_xmllint:/home/dbot2/ros2_ws/install/ament_cmake_uncrustify:/home/dbot2/ros2_ws/install/ament_cmake_pyflakes:/home/dbot2/ros2_ws/install/ament_cmake_pycodestyle:/home/dbot2/ros2_ws/install/ament_cmake_pep257:/home/dbot2/ros2_ws/install/ament_cmake_pclint:/home/dbot2/ros2_ws/install/ament_cmake_mypy:/home/dbot2/ros2_ws/install/ament_cmake_lint_cmake:/home/dbot2/ros2_ws/install/ament_lint_auto:/home/dbot2/ros2_ws/install/ament_cmake_flake8:/home/dbot2/ros2_ws/install/ament_cmake_copyright:/home/dbot2/ros2_ws/install/ament_cmake_cpplint:/home/dbot2/ros2_ws/install/ament_cmake_cppcheck:/home/dbot2/ros2_ws/install/ament_cmake_clang_tidy:/home/dbot2/ros2_ws/install/ament_cmake_clang_format:/home/dbot2/dbot_vda5050_ilmatar/install/vda5050_tb3_adapter:/home/dbot2/dbot_vda5050_ilmatar/install/tf2_dbot:/home/dbot2/dbot_vda5050_ilmatar/install/odom_motion_model:/home/dbot2/dbot_vda5050_ilmatar/install/motor_driver:/home/dbot2/dbot_vda5050_ilmatar/install/joycontrol:/home/dbot2/dbot_vda5050_ilmatar/install/gesturecontrol:/home/dbot2/dbot_vda5050_ilmatar/install/dbot_bridge:/home/dbot2/dbot_vda5050_ilmatar/install/dbot:/home/dbot2/dbot_src/install/tf2_dbot:/home/dbot2/dbot_src/install/odom_motion_model:/home/dbot2/dbot_src/install/motor_driver:/home/dbot2/dbot_src/install/joycontrol:/home/dbot2/dbot_src/install/dbot:/home/dbot2/dbot_remote/install/pcd_joy_trigger:/home/dbot2/circus_demo/install/circus_demo:/home/dbot2/ros2_ws/install/tf2_dbot:/home/dbot2/ros2_ws/install/odom_motion_model:/home/dbot2/ros2_ws/install/motor_driver:/home/dbot2/ros2_ws/install/joycontrol:/home/dbot2/ros2_ws/install/gesturecontrol:/home/dbot2/ros2_ws/install/dbot_bridge:/home/dbot2/ros2_ws/install/dbot:/home/dbot2/ros2_ws/install/ament_xmllint:/home/dbot2/ros2_ws/install/ament_uncrustify:/home/dbot2/ros2_ws/install/ament_pyflakes:/home/dbot2/ros2_ws/install/ament_pycodestyle:/home/dbot2/ros2_ws/install/ament_pep257:/home/dbot2/ros2_ws/install/ament_pclint:/home/dbot2/ros2_ws/install/ament_mypy:/home/dbot2/ros2_ws/install/ament_lint_cmake:/home/dbot2/ros2_ws/install/ament_flake8:/home/dbot2/ros2_ws/install/ament_copyright:/home/dbot2/ros2_ws/install/ament_lint:/home/dbot2/ros2_ws/install/ament_cpplint:/home/dbot2/ros2_ws/install/ament_cppcheck:/home/dbot2/ros2_ws/install/ament_clang_tidy:/home/dbot2/ros2_ws/install/ament_clang_format:/opt/ros/humble LD_LIBRARY_PATH=/home/dbot2/dbot_vda5050_ilmatar/install/vda5050_msgs/lib:/home/dbot2/dbot_vda5050_ilmatar/install/vda5050_connector/lib:/home/dbot2/dbot_vda5050_ilmatar/install/dbot_custom_msgs/lib:/home/dbot2/dbot_src/install/dbot_custom_msgs/lib:/home/dbot2/circus_demo/install/pcl_localization_ros2/lib:/home/dbot2/ros2_ws/install/dbot_custom_msgs/lib:/opt/ros/humble/opt/rviz_ogre_vendor/lib:/opt/ros/humble/lib/x86_64-linux-gnu:/opt/ros/humble/lib /usr/bin/cmake --install /home/dbot2/dbot_vda5050_ilmatar/build/vda5050_connector
[16.340s] -- Install configuration: ""
[16.341s] -- Execute custom install script
[16.341s] -- Up-to-date symlink: /home/dbot2/dbot_vda5050_ilmatar/install/vda5050_connector/share/ament_index/resource_index/rosidl_interfaces/vda5050_connector
[16.341s] -- Up-to-date symlink: /home/dbot2/dbot_vda5050_ilmatar/install/vda5050_connector/include/vda5050_connector/vda5050_connector/action/detail/navigate_to_node__functions.h
[16.341s] -- Up-to-date symlink: /home/dbot2/dbot_vda5050_ilmatar/install/vda5050_connector/include/vda5050_connector/vda5050_connector/action/detail/navigate_to_node__struct.h
[16.341s] -- Up-to-date symlink: /home/dbot2/dbot_vda5050_ilmatar/install/vda5050_connector/include/vda5050_connector/vda5050_connector/action/detail/navigate_to_node__type_support.h
[16.341s] -- Up-to-date symlink: /home/dbot2/dbot_vda5050_ilmatar/install/vda5050_connector/include/vda5050_connector/vda5050_connector/action/detail/process_vda_action__functions.h
[16.341s] -- Up-to-date symlink: /home/dbot2/dbot_vda5050_ilmatar/install/vda5050_connector/include/vda5050_connector/vda5050_connector/action/detail/process_vda_action__struct.h
[16.341s] -- Up-to-date symlink: /home/dbot2/dbot_vda5050_ilmatar/install/vda5050_connector/include/vda5050_connector/vda5050_connector/action/detail/process_vda_action__type_support.h
[16.341s] -- Up-to-date symlink: /home/dbot2/dbot_vda5050_ilmatar/install/vda5050_connector/include/vda5050_connector/vda5050_connector/action/navigate_to_node.h
[16.341s] -- Up-to-date symlink: /home/dbot2/dbot_vda5050_ilmatar/install/vda5050_connector/include/vda5050_connector/vda5050_connector/action/process_vda_action.h
[16.341s] -- Up-to-date symlink: /home/dbot2/dbot_vda5050_ilmatar/install/vda5050_connector/include/vda5050_connector/vda5050_connector/msg/rosidl_generator_c__visibility_control.h
[16.342s] -- Up-to-date symlink: /home/dbot2/dbot_vda5050_ilmatar/install/vda5050_connector/include/vda5050_connector/vda5050_connector/srv/detail/get_state__functions.h
[16.342s] -- Up-to-date symlink: /home/dbot2/dbot_vda5050_ilmatar/install/vda5050_connector/include/vda5050_connector/vda5050_connector/srv/detail/get_state__struct.h
[16.342s] -- Up-to-date symlink: /home/dbot2/dbot_vda5050_ilmatar/install/vda5050_connector/include/vda5050_connector/vda5050_connector/srv/detail/get_state__type_support.h
[16.342s] -- Up-to-date symlink: /home/dbot2/dbot_vda5050_ilmatar/install/vda5050_connector/include/vda5050_connector/vda5050_connector/srv/detail/supported_actions__functions.h
[16.342s] -- Up-to-date symlink: /home/dbot2/dbot_vda5050_ilmatar/install/vda5050_connector/include/vda5050_connector/vda5050_connector/srv/detail/supported_actions__struct.h
[16.342s] -- Up-to-date symlink: /home/dbot2/dbot_vda5050_ilmatar/install/vda5050_connector/include/vda5050_connector/vda5050_connector/srv/detail/supported_actions__type_support.h
[16.342s] -- Up-to-date symlink: /home/dbot2/dbot_vda5050_ilmatar/install/vda5050_connector/include/vda5050_connector/vda5050_connector/srv/get_state.h
[16.342s] -- Up-to-date symlink: /home/dbot2/dbot_vda5050_ilmatar/install/vda5050_connector/include/vda5050_connector/vda5050_connector/srv/supported_actions.h
[16.342s] -- Up-to-date symlink: /home/dbot2/dbot_vda5050_ilmatar/install/vda5050_connector/share/vda5050_connector/environment/library_path.sh
[16.342s] -- Up-to-date symlink: /home/dbot2/dbot_vda5050_ilmatar/install/vda5050_connector/share/vda5050_connector/environment/library_path.dsv
[16.342s] -- Up-to-date symlink: /home/dbot2/dbot_vda5050_ilmatar/install/vda5050_connector/include/vda5050_connector/vda5050_connector/action/detail/navigate_to_node__rosidl_typesupport_fastrtps_c.h
[16.342s] -- Up-to-date symlink: /home/dbot2/dbot_vda5050_ilmatar/install/vda5050_connector/include/vda5050_connector/vda5050_connector/action/detail/process_vda_action__rosidl_typesupport_fastrtps_c.h
[16.343s] -- Up-to-date symlink: /home/dbot2/dbot_vda5050_ilmatar/install/vda5050_connector/include/vda5050_connector/vda5050_connector/msg/rosidl_typesupport_fastrtps_c__visibility_control.h
[16.343s] -- Up-to-date symlink: /home/dbot2/dbot_vda5050_ilmatar/install/vda5050_connector/include/vda5050_connector/vda5050_connector/srv/detail/get_state__rosidl_typesupport_fastrtps_c.h
[16.343s] -- Up-to-date symlink: /home/dbot2/dbot_vda5050_ilmatar/install/vda5050_connector/include/vda5050_connector/vda5050_connector/srv/detail/supported_actions__rosidl_typesupport_fastrtps_c.h
[16.343s] -- Up-to-date symlink: /home/dbot2/dbot_vda5050_ilmatar/install/vda5050_connector/include/vda5050_connector/vda5050_connector/action/detail/navigate_to_node__builder.hpp
[16.343s] -- Up-to-date symlink: /home/dbot2/dbot_vda5050_ilmatar/install/vda5050_connector/include/vda5050_connector/vda5050_connector/action/detail/navigate_to_node__struct.hpp
[16.343s] -- Up-to-date symlink: /home/dbot2/dbot_vda5050_ilmatar/install/vda5050_connector/include/vda5050_connector/vda5050_connector/action/detail/navigate_to_node__traits.hpp
[16.343s] -- Up-to-date symlink: /home/dbot2/dbot_vda5050_ilmatar/install/vda5050_connector/include/vda5050_connector/vda5050_connector/action/detail/navigate_to_node__type_support.hpp
[16.343s] -- Up-to-date symlink: /home/dbot2/dbot_vda5050_ilmatar/install/vda5050_connector/include/vda5050_connector/vda5050_connector/action/detail/process_vda_action__builder.hpp
[16.343s] -- Up-to-date symlink: /home/dbot2/dbot_vda5050_ilmatar/install/vda5050_connector/include/vda5050_connector/vda5050_connector/action/detail/process_vda_action__struct.hpp
[16.343s] -- Up-to-date symlink: /home/dbot2/dbot_vda5050_ilmatar/install/vda5050_connector/include/vda5050_connector/vda5050_connector/action/detail/process_vda_action__traits.hpp
[16.343s] -- Up-to-date symlink: /home/dbot2/dbot_vda5050_ilmatar/install/vda5050_connector/include/vda5050_connector/vda5050_connector/action/detail/process_vda_action__type_support.hpp
[16.343s] -- Up-to-date symlink: /home/dbot2/dbot_vda5050_ilmatar/install/vda5050_connector/include/vda5050_connector/vda5050_connector/action/navigate_to_node.hpp
[16.343s] -- Up-to-date symlink: /home/dbot2/dbot_vda5050_ilmatar/install/vda5050_connector/include/vda5050_connector/vda5050_connector/action/process_vda_action.hpp
[16.343s] -- Up-to-date symlink: /home/dbot2/dbot_vda5050_ilmatar/install/vda5050_connector/include/vda5050_connector/vda5050_connector/msg/rosidl_generator_cpp__visibility_control.hpp
[16.344s] -- Up-to-date symlink: /home/dbot2/dbot_vda5050_ilmatar/install/vda5050_connector/include/vda5050_connector/vda5050_connector/srv/detail/get_state__builder.hpp
[16.344s] -- Up-to-date symlink: /home/dbot2/dbot_vda5050_ilmatar/install/vda5050_connector/include/vda5050_connector/vda5050_connector/srv/detail/get_state__struct.hpp
[16.344s] -- Up-to-date symlink: /home/dbot2/dbot_vda5050_ilmatar/install/vda5050_connector/include/vda5050_connector/vda5050_connector/srv/detail/get_state__traits.hpp
[16.344s] -- Up-to-date symlink: /home/dbot2/dbot_vda5050_ilmatar/install/vda5050_connector/include/vda5050_connector/vda5050_connector/srv/detail/get_state__type_support.hpp
[16.344s] -- Up-to-date symlink: /home/dbot2/dbot_vda5050_ilmatar/install/vda5050_connector/include/vda5050_connector/vda5050_connector/srv/detail/supported_actions__builder.hpp
[16.344s] -- Up-to-date symlink: /home/dbot2/dbot_vda5050_ilmatar/install/vda5050_connector/include/vda5050_connector/vda5050_connector/srv/detail/supported_actions__struct.hpp
[16.344s] -- Up-to-date symlink: /home/dbot2/dbot_vda5050_ilmatar/install/vda5050_connector/include/vda5050_connector/vda5050_connector/srv/detail/supported_actions__traits.hpp
[16.344s] -- Up-to-date symlink: /home/dbot2/dbot_vda5050_ilmatar/install/vda5050_connector/include/vda5050_connector/vda5050_connector/srv/detail/supported_actions__type_support.hpp
[16.344s] -- Up-to-date symlink: /home/dbot2/dbot_vda5050_ilmatar/install/vda5050_connector/include/vda5050_connector/vda5050_connector/srv/get_state.hpp
[16.344s] -- Up-to-date symlink: /home/dbot2/dbot_vda5050_ilmatar/install/vda5050_connector/include/vda5050_connector/vda5050_connector/srv/supported_actions.hpp
[16.344s] -- Up-to-date symlink: /home/dbot2/dbot_vda5050_ilmatar/install/vda5050_connector/include/vda5050_connector/vda5050_connector/action/detail/navigate_to_node__rosidl_typesupport_fastrtps_cpp.hpp
[16.344s] -- Up-to-date symlink: /home/dbot2/dbot_vda5050_ilmatar/install/vda5050_connector/include/vda5050_connector/vda5050_connector/action/detail/process_vda_action__rosidl_typesupport_fastrtps_cpp.hpp
[16.344s] -- Up-to-date symlink: /home/dbot2/dbot_vda5050_ilmatar/install/vda5050_connector/include/vda5050_connector/vda5050_connector/msg/rosidl_typesupport_fastrtps_cpp__visibility_control.h
[16.345s] -- Up-to-date symlink: /home/dbot2/dbot_vda5050_ilmatar/install/vda5050_connector/include/vda5050_connector/vda5050_connector/srv/detail/get_state__rosidl_typesupport_fastrtps_cpp.hpp
[16.345s] -- Up-to-date symlink: /home/dbot2/dbot_vda5050_ilmatar/install/vda5050_connector/include/vda5050_connector/vda5050_connector/srv/detail/supported_actions__rosidl_typesupport_fastrtps_cpp.hpp
[16.345s] -- Up-to-date symlink: /home/dbot2/dbot_vda5050_ilmatar/install/vda5050_connector/include/vda5050_connector/vda5050_connector/action/detail/navigate_to_node__rosidl_typesupport_introspection_c.h
[16.345s] -- Up-to-date symlink: /home/dbot2/dbot_vda5050_ilmatar/install/vda5050_connector/include/vda5050_connector/vda5050_connector/action/detail/process_vda_action__rosidl_typesupport_introspection_c.h
[16.345s] -- Up-to-date symlink: /home/dbot2/dbot_vda5050_ilmatar/install/vda5050_connector/include/vda5050_connector/vda5050_connector/msg/rosidl_typesupport_introspection_c__visibility_control.h
[16.345s] -- Up-to-date symlink: /home/dbot2/dbot_vda5050_ilmatar/install/vda5050_connector/include/vda5050_connector/vda5050_connector/srv/detail/get_state__rosidl_typesupport_introspection_c.h
[16.345s] -- Up-to-date symlink: /home/dbot2/dbot_vda5050_ilmatar/install/vda5050_connector/include/vda5050_connector/vda5050_connector/srv/detail/supported_actions__rosidl_typesupport_introspection_c.h
[16.345s] -- Up-to-date symlink: /home/dbot2/dbot_vda5050_ilmatar/install/vda5050_connector/include/vda5050_connector/vda5050_connector/action/detail/navigate_to_node__rosidl_typesupport_introspection_cpp.hpp
[16.345s] -- Up-to-date symlink: /home/dbot2/dbot_vda5050_ilmatar/install/vda5050_connector/include/vda5050_connector/vda5050_connector/action/detail/process_vda_action__rosidl_typesupport_introspection_cpp.hpp
[16.345s] -- Up-to-date symlink: /home/dbot2/dbot_vda5050_ilmatar/install/vda5050_connector/include/vda5050_connector/vda5050_connector/srv/detail/get_state__rosidl_typesupport_introspection_cpp.hpp
[16.346s] -- Up-to-date symlink: /home/dbot2/dbot_vda5050_ilmatar/install/vda5050_connector/include/vda5050_connector/vda5050_connector/srv/detail/supported_actions__rosidl_typesupport_introspection_cpp.hpp
[16.346s] -- Up-to-date symlink: /home/dbot2/dbot_vda5050_ilmatar/install/vda5050_connector/share/vda5050_connector/environment/pythonpath.sh
[16.346s] -- Up-to-date symlink: /home/dbot2/dbot_vda5050_ilmatar/install/vda5050_connector/share/vda5050_connector/environment/pythonpath.dsv
[16.346s] -- Up-to-date symlink: /home/dbot2/dbot_vda5050_ilmatar/install/vda5050_connector/local/lib/python3.10/dist-packages/vda5050_connector-1.1.1-py3.10.egg-info/PKG-INFO
[16.346s] -- Up-to-date symlink: /home/dbot2/dbot_vda5050_ilmatar/install/vda5050_connector/local/lib/python3.10/dist-packages/vda5050_connector-1.1.1-py3.10.egg-info/SOURCES.txt
[16.346s] -- Up-to-date symlink: /home/dbot2/dbot_vda5050_ilmatar/install/vda5050_connector/local/lib/python3.10/dist-packages/vda5050_connector-1.1.1-py3.10.egg-info/dependency_links.txt
[16.346s] -- Up-to-date symlink: /home/dbot2/dbot_vda5050_ilmatar/install/vda5050_connector/local/lib/python3.10/dist-packages/vda5050_connector-1.1.1-py3.10.egg-info/top_level.txt
[16.346s] -- Up-to-date symlink: /home/dbot2/dbot_vda5050_ilmatar/install/vda5050_connector/local/lib/python3.10/dist-packages/vda5050_connector/__init__.py
[16.346s] -- Up-to-date symlink: /home/dbot2/dbot_vda5050_ilmatar/install/vda5050_connector/local/lib/python3.10/dist-packages/vda5050_connector/_vda5050_connector_s.ep.rosidl_typesupport_c.c
[16.347s] -- Up-to-date symlink: /home/dbot2/dbot_vda5050_ilmatar/install/vda5050_connector/local/lib/python3.10/dist-packages/vda5050_connector/_vda5050_connector_s.ep.rosidl_typesupport_fastrtps_c.c
[16.347s] -- Up-to-date symlink: /home/dbot2/dbot_vda5050_ilmatar/install/vda5050_connector/local/lib/python3.10/dist-packages/vda5050_connector/_vda5050_connector_s.ep.rosidl_typesupport_introspection_c.c
[16.347s] -- Up-to-date symlink: /home/dbot2/dbot_vda5050_ilmatar/install/vda5050_connector/local/lib/python3.10/dist-packages/vda5050_connector/action/__init__.py
[16.347s] -- Up-to-date symlink: /home/dbot2/dbot_vda5050_ilmatar/install/vda5050_connector/local/lib/python3.10/dist-packages/vda5050_connector/action/_navigate_to_node.py
[16.347s] -- Up-to-date symlink: /home/dbot2/dbot_vda5050_ilmatar/install/vda5050_connector/local/lib/python3.10/dist-packages/vda5050_connector/action/_navigate_to_node_s.c
[16.347s] -- Up-to-date symlink: /home/dbot2/dbot_vda5050_ilmatar/install/vda5050_connector/local/lib/python3.10/dist-packages/vda5050_connector/action/_process_vda_action.py
[16.347s] -- Up-to-date symlink: /home/dbot2/dbot_vda5050_ilmatar/install/vda5050_connector/local/lib/python3.10/dist-packages/vda5050_connector/action/_process_vda_action_s.c
[16.347s] -- Up-to-date symlink: /home/dbot2/dbot_vda5050_ilmatar/install/vda5050_connector/local/lib/python3.10/dist-packages/vda5050_connector/libvda5050_connector__rosidl_generator_py.so
[16.347s] -- Up-to-date symlink: /home/dbot2/dbot_vda5050_ilmatar/install/vda5050_connector/local/lib/python3.10/dist-packages/vda5050_connector/srv/__init__.py
[16.347s] -- Up-to-date symlink: /home/dbot2/dbot_vda5050_ilmatar/install/vda5050_connector/local/lib/python3.10/dist-packages/vda5050_connector/srv/_get_state.py
[16.347s] -- Up-to-date symlink: /home/dbot2/dbot_vda5050_ilmatar/install/vda5050_connector/local/lib/python3.10/dist-packages/vda5050_connector/srv/_get_state_s.c
[16.347s] -- Up-to-date symlink: /home/dbot2/dbot_vda5050_ilmatar/install/vda5050_connector/local/lib/python3.10/dist-packages/vda5050_connector/srv/_supported_actions.py
[16.347s] -- Up-to-date symlink: /home/dbot2/dbot_vda5050_ilmatar/install/vda5050_connector/local/lib/python3.10/dist-packages/vda5050_connector/srv/_supported_actions_s.c
[16.347s] -- Up-to-date symlink: /home/dbot2/dbot_vda5050_ilmatar/install/vda5050_connector/local/lib/python3.10/dist-packages/vda5050_connector/vda5050_connector_s__rosidl_typesupport_c.cpython-310-x86_64-linux-gnu.so
[16.347s] -- Up-to-date symlink: /home/dbot2/dbot_vda5050_ilmatar/install/vda5050_connector/local/lib/python3.10/dist-packages/vda5050_connector/vda5050_connector_s__rosidl_typesupport_fastrtps_c.cpython-310-x86_64-linux-gnu.so
[16.347s] -- Up-to-date symlink: /home/dbot2/dbot_vda5050_ilmatar/install/vda5050_connector/local/lib/python3.10/dist-packages/vda5050_connector/vda5050_connector_s__rosidl_typesupport_introspection_c.cpython-310-x86_64-linux-gnu.so
[16.348s] -- Up-to-date symlink: /home/dbot2/dbot_vda5050_ilmatar/install/vda5050_connector/local/lib/python3.10/dist-packages/vda5050_connector/vda5050_connector_s__rosidl_typesupport_fastrtps_c.cpython-310-x86_64-linux-gnu.so
[16.348s] -- Up-to-date symlink: /home/dbot2/dbot_vda5050_ilmatar/install/vda5050_connector/local/lib/python3.10/dist-packages/vda5050_connector/vda5050_connector_s__rosidl_typesupport_introspection_c.cpython-310-x86_64-linux-gnu.so
[16.348s] -- Up-to-date symlink: /home/dbot2/dbot_vda5050_ilmatar/install/vda5050_connector/local/lib/python3.10/dist-packages/vda5050_connector/vda5050_connector_s__rosidl_typesupport_c.cpython-310-x86_64-linux-gnu.so
[16.348s] -- Up-to-date symlink: /home/dbot2/dbot_vda5050_ilmatar/install/vda5050_connector/share/vda5050_connector/action/NavigateToNode.idl
[16.348s] -- Up-to-date symlink: /home/dbot2/dbot_vda5050_ilmatar/install/vda5050_connector/share/vda5050_connector/action/ProcessVDAAction.idl
[16.348s] -- Up-to-date symlink: /home/dbot2/dbot_vda5050_ilmatar/install/vda5050_connector/share/vda5050_connector/srv/GetState.idl
[16.348s] -- Up-to-date symlink: /home/dbot2/dbot_vda5050_ilmatar/install/vda5050_connector/share/vda5050_connector/srv/SupportedActions.idl
[16.348s] -- Up-to-date symlink: /home/dbot2/dbot_vda5050_ilmatar/install/vda5050_connector/share/vda5050_connector/action/NavigateToNode.action
[16.348s] -- Up-to-date symlink: /home/dbot2/dbot_vda5050_ilmatar/install/vda5050_connector/share/vda5050_connector/action/ProcessVDAAction.action
[16.348s] -- Up-to-date symlink: /home/dbot2/dbot_vda5050_ilmatar/install/vda5050_connector/share/vda5050_connector/srv/GetState.srv
[16.349s] -- Up-to-date symlink: /home/dbot2/dbot_vda5050_ilmatar/install/vda5050_connector/share/vda5050_connector/srv/GetState_Request.msg
[16.349s] -- Up-to-date symlink: /home/dbot2/dbot_vda5050_ilmatar/install/vda5050_connector/share/vda5050_connector/srv/GetState_Response.msg
[16.349s] -- Up-to-date symlink: /home/dbot2/dbot_vda5050_ilmatar/install/vda5050_connector/share/vda5050_connector/srv/SupportedActions.srv
[16.349s] -- Up-to-date symlink: /home/dbot2/dbot_vda5050_ilmatar/install/vda5050_connector/share/vda5050_connector/srv/SupportedActions_Request.msg
[16.349s] -- Up-to-date symlink: /home/dbot2/dbot_vda5050_ilmatar/install/vda5050_connector/share/vda5050_connector/srv/SupportedActions_Response.msg
[16.349s] -- Up-to-date symlink: /home/dbot2/dbot_vda5050_ilmatar/install/vda5050_connector/include/vda5050_connector/adapter.hpp
[16.349s] -- Up-to-date symlink: /home/dbot2/dbot_vda5050_ilmatar/install/vda5050_connector/include/vda5050_connector/handler.hpp
[16.349s] -- Up-to-date symlink: /home/dbot2/dbot_vda5050_ilmatar/install/vda5050_connector/include/vda5050_connector/nav_to_node.hpp
[16.349s] -- Up-to-date symlink: /home/dbot2/dbot_vda5050_ilmatar/install/vda5050_connector/include/vda5050_connector/state_handler.hpp
[16.349s] -- Up-to-date symlink: /home/dbot2/dbot_vda5050_ilmatar/install/vda5050_connector/include/vda5050_connector/utils.hpp
[16.349s] -- Up-to-date symlink: /home/dbot2/dbot_vda5050_ilmatar/install/vda5050_connector/include/vda5050_connector/vda_action.hpp
[16.349s] -- Up-to-date symlink: /home/dbot2/dbot_vda5050_ilmatar/install/vda5050_connector/include/vda5050_connector/visibility_control.h
[16.350s] -- Up-to-date symlink: /home/dbot2/dbot_vda5050_ilmatar/install/vda5050_connector/local/lib/python3.10/dist-packages/vda5050_connector_py-1.1.1-py3.10.egg-info/PKG-INFO
[16.350s] -- Up-to-date symlink: /home/dbot2/dbot_vda5050_ilmatar/install/vda5050_connector/local/lib/python3.10/dist-packages/vda5050_connector_py-1.1.1-py3.10.egg-info/SOURCES.txt
[16.350s] -- Up-to-date symlink: /home/dbot2/dbot_vda5050_ilmatar/install/vda5050_connector/local/lib/python3.10/dist-packages/vda5050_connector_py-1.1.1-py3.10.egg-info/dependency_links.txt
[16.350s] -- Up-to-date symlink: /home/dbot2/dbot_vda5050_ilmatar/install/vda5050_connector/local/lib/python3.10/dist-packages/vda5050_connector_py-1.1.1-py3.10.egg-info/top_level.txt
[16.350s] -- Up-to-date symlink: /home/dbot2/dbot_vda5050_ilmatar/install/vda5050_connector/local/lib/python3.10/dist-packages/vda5050_connector_py/__init__.py
[16.350s] -- Up-to-date symlink: /home/dbot2/dbot_vda5050_ilmatar/install/vda5050_connector/local/lib/python3.10/dist-packages/vda5050_connector_py/mqtt_bridge.py
[16.350s] -- Up-to-date symlink: /home/dbot2/dbot_vda5050_ilmatar/install/vda5050_connector/local/lib/python3.10/dist-packages/vda5050_connector_py/rewritten_yaml.py
[16.350s] -- Up-to-date symlink: /home/dbot2/dbot_vda5050_ilmatar/install/vda5050_connector/local/lib/python3.10/dist-packages/vda5050_connector_py/utils.py
[16.350s] -- Up-to-date symlink: /home/dbot2/dbot_vda5050_ilmatar/install/vda5050_connector/local/lib/python3.10/dist-packages/vda5050_connector_py/vda5050_controller.py
[16.350s] -- Up-to-date symlink: /home/dbot2/dbot_vda5050_ilmatar/install/vda5050_connector/lib/vda5050_connector/mqtt_bridge.py
[16.350s] -- Up-to-date symlink: /home/dbot2/dbot_vda5050_ilmatar/install/vda5050_connector/lib/vda5050_connector/vda5050_controller.py
[16.350s] -- Up-to-date symlink: /home/dbot2/dbot_vda5050_ilmatar/install/vda5050_connector/share/vda5050_connector//config/connector_example.yaml
[16.351s] -- Up-to-date symlink: /home/dbot2/dbot_vda5050_ilmatar/install/vda5050_connector/share/vda5050_connector//launch/controller.launch.py
[16.351s] -- Up-to-date symlink: /home/dbot2/dbot_vda5050_ilmatar/install/vda5050_connector/share/vda5050_connector//launch/mqtt_bridge.launch.py
[16.351s] -- Up-to-date symlink: /home/dbot2/dbot_vda5050_ilmatar/install/vda5050_connector/share/vda5050_connector/test/adapter/plugins_test.xml
[16.351s] -- Up-to-date symlink: /home/dbot2/dbot_vda5050_ilmatar/install/vda5050_connector/share/ament_index/resource_index/package_run_dependencies/vda5050_connector
[16.351s] -- Up-to-date symlink: /home/dbot2/dbot_vda5050_ilmatar/install/vda5050_connector/share/ament_index/resource_index/parent_prefix_path/vda5050_connector
[16.351s] -- Up-to-date symlink: /home/dbot2/dbot_vda5050_ilmatar/install/vda5050_connector/share/vda5050_connector/environment/ament_prefix_path.sh
[16.351s] -- Up-to-date symlink: /home/dbot2/dbot_vda5050_ilmatar/install/vda5050_connector/share/vda5050_connector/environment/ament_prefix_path.dsv
[16.351s] -- Up-to-date symlink: /home/dbot2/dbot_vda5050_ilmatar/install/vda5050_connector/share/vda5050_connector/environment/path.sh
[16.351s] -- Up-to-date symlink: /home/dbot2/dbot_vda5050_ilmatar/install/vda5050_connector/share/vda5050_connector/environment/path.dsv
[16.351s] -- Up-to-date symlink: /home/dbot2/dbot_vda5050_ilmatar/install/vda5050_connector/share/vda5050_connector/local_setup.bash
[16.351s] -- Up-to-date symlink: /home/dbot2/dbot_vda5050_ilmatar/install/vda5050_connector/share/vda5050_connector/local_setup.sh
[16.351s] -- Up-to-date symlink: /home/dbot2/dbot_vda5050_ilmatar/install/vda5050_connector/share/vda5050_connector/local_setup.zsh
[16.352s] -- Up-to-date symlink: /home/dbot2/dbot_vda5050_ilmatar/install/vda5050_connector/share/vda5050_connector/local_setup.dsv
[16.352s] -- Symlinking: /home/dbot2/dbot_vda5050_ilmatar/install/vda5050_connector/share/vda5050_connector/package.dsv
[16.357s] -- Up-to-date symlink: /home/dbot2/dbot_vda5050_ilmatar/install/vda5050_connector/share/ament_index/resource_index/packages/vda5050_connector
[16.357s] -- Up-to-date symlink: /home/dbot2/dbot_vda5050_ilmatar/install/vda5050_connector/share/ament_index/resource_index/vda5050_connector__pluginlib__plugin/vda5050_connector
[16.357s] -- Up-to-date symlink: /home/dbot2/dbot_vda5050_ilmatar/install/vda5050_connector/share/vda5050_connector/cmake/rosidl_cmake-extras.cmake
[16.357s] -- Up-to-date symlink: /home/dbot2/dbot_vda5050_ilmatar/install/vda5050_connector/share/vda5050_connector/cmake/ament_cmake_export_dependencies-extras.cmake
[16.357s] -- Up-to-date symlink: /home/dbot2/dbot_vda5050_ilmatar/install/vda5050_connector/share/vda5050_connector/cmake/ament_cmake_export_include_directories-extras.cmake
[16.358s] -- Up-to-date symlink: /home/dbot2/dbot_vda5050_ilmatar/install/vda5050_connector/share/vda5050_connector/cmake/ament_cmake_export_libraries-extras.cmake
[16.358s] -- Up-to-date symlink: /home/dbot2/dbot_vda5050_ilmatar/install/vda5050_connector/share/vda5050_connector/cmake/ament_cmake_export_targets-extras.cmake
[16.358s] -- Up-to-date symlink: /home/dbot2/dbot_vda5050_ilmatar/install/vda5050_connector/share/vda5050_connector/cmake/rosidl_cmake_export_typesupport_targets-extras.cmake
[16.358s] -- Up-to-date symlink: /home/dbot2/dbot_vda5050_ilmatar/install/vda5050_connector/share/vda5050_connector/cmake/rosidl_cmake_export_typesupport_libraries-extras.cmake
[16.358s] -- Up-to-date symlink: /home/dbot2/dbot_vda5050_ilmatar/install/vda5050_connector/share/vda5050_connector/cmake/vda5050_connectorConfig.cmake
[16.358s] -- Up-to-date symlink: /home/dbot2/dbot_vda5050_ilmatar/install/vda5050_connector/share/vda5050_connector/cmake/vda5050_connectorConfig-version.cmake
[16.358s] -- Up-to-date symlink: /home/dbot2/dbot_vda5050_ilmatar/install/vda5050_connector/share/vda5050_connector/package.xml
[16.358s] -- Installing: /home/dbot2/dbot_vda5050_ilmatar/install/vda5050_connector/lib/libvda5050_connector__rosidl_generator_c.so
[16.358s] -- Set runtime path of "/home/dbot2/dbot_vda5050_ilmatar/install/vda5050_connector/lib/libvda5050_connector__rosidl_generator_c.so" to ""
[16.359s] -- Installing: /home/dbot2/dbot_vda5050_ilmatar/install/vda5050_connector/lib/libvda5050_connector__rosidl_typesupport_fastrtps_c.so
[16.359s] -- Set runtime path of "/home/dbot2/dbot_vda5050_ilmatar/install/vda5050_connector/lib/libvda5050_connector__rosidl_typesupport_fastrtps_c.so" to ""
[16.359s] -- Installing: /home/dbot2/dbot_vda5050_ilmatar/install/vda5050_connector/lib/libvda5050_connector__rosidl_typesupport_fastrtps_cpp.so
[16.359s] -- Set runtime path of "/home/dbot2/dbot_vda5050_ilmatar/install/vda5050_connector/lib/libvda5050_connector__rosidl_typesupport_fastrtps_cpp.so" to ""
[16.360s] -- Installing: /home/dbot2/dbot_vda5050_ilmatar/install/vda5050_connector/lib/libvda5050_connector__rosidl_typesupport_introspection_c.so
[16.360s] -- Set runtime path of "/home/dbot2/dbot_vda5050_ilmatar/install/vda5050_connector/lib/libvda5050_connector__rosidl_typesupport_introspection_c.so" to ""
[16.360s] -- Installing: /home/dbot2/dbot_vda5050_ilmatar/install/vda5050_connector/lib/libvda5050_connector__rosidl_typesupport_c.so
[16.360s] -- Set runtime path of "/home/dbot2/dbot_vda5050_ilmatar/install/vda5050_connector/lib/libvda5050_connector__rosidl_typesupport_c.so" to ""
[16.360s] -- Installing: /home/dbot2/dbot_vda5050_ilmatar/install/vda5050_connector/lib/libvda5050_connector__rosidl_typesupport_introspection_cpp.so
[16.361s] -- Set runtime path of "/home/dbot2/dbot_vda5050_ilmatar/install/vda5050_connector/lib/libvda5050_connector__rosidl_typesupport_introspection_cpp.so" to ""
[16.361s] -- Installing: /home/dbot2/dbot_vda5050_ilmatar/install/vda5050_connector/lib/libvda5050_connector__rosidl_typesupport_cpp.so
[16.361s] -- Set runtime path of "/home/dbot2/dbot_vda5050_ilmatar/install/vda5050_connector/lib/libvda5050_connector__rosidl_typesupport_cpp.so" to ""
[16.400s] Listing '/home/dbot2/dbot_vda5050_ilmatar/install/vda5050_connector/local/lib/python3.10/dist-packages/vda5050_connector'...
[16.401s] Listing '/home/dbot2/dbot_vda5050_ilmatar/install/vda5050_connector/local/lib/python3.10/dist-packages/vda5050_connector/action'...
[16.401s] Listing '/home/dbot2/dbot_vda5050_ilmatar/install/vda5050_connector/local/lib/python3.10/dist-packages/vda5050_connector/srv'...
[16.403s] -- Installing: /home/dbot2/dbot_vda5050_ilmatar/install/vda5050_connector/lib/libvda5050_connector__rosidl_generator_py.so
[16.403s] -- Set runtime path of "/home/dbot2/dbot_vda5050_ilmatar/install/vda5050_connector/lib/libvda5050_connector__rosidl_generator_py.so" to ""
[16.404s] -- Installing: /home/dbot2/dbot_vda5050_ilmatar/install/vda5050_connector/lib/libadapter.so
[16.407s] -- Set runtime path of "/home/dbot2/dbot_vda5050_ilmatar/install/vda5050_connector/lib/libadapter.so" to ""
[16.450s] Listing '/home/dbot2/dbot_vda5050_ilmatar/install/vda5050_connector/local/lib/python3.10/dist-packages/vda5050_connector_py'...
[16.450s] Compiling '/home/dbot2/dbot_vda5050_ilmatar/install/vda5050_connector/local/lib/python3.10/dist-packages/vda5050_connector_py/vda5050_controller.py'...
[16.453s] -- Up-to-date: /home/dbot2/dbot_vda5050_ilmatar/install/vda5050_connector/share/vda5050_connector/cmake/export_vda5050_connector__rosidl_generator_cExport.cmake
[16.453s] -- Up-to-date: /home/dbot2/dbot_vda5050_ilmatar/install/vda5050_connector/share/vda5050_connector/cmake/export_vda5050_connector__rosidl_generator_cExport-noconfig.cmake
[16.453s] -- Up-to-date: /home/dbot2/dbot_vda5050_ilmatar/install/vda5050_connector/share/vda5050_connector/cmake/export_vda5050_connector__rosidl_typesupport_fastrtps_cExport.cmake
[16.453s] -- Up-to-date: /home/dbot2/dbot_vda5050_ilmatar/install/vda5050_connector/share/vda5050_connector/cmake/export_vda5050_connector__rosidl_typesupport_fastrtps_cExport-noconfig.cmake
[16.453s] -- Up-to-date: /home/dbot2/dbot_vda5050_ilmatar/install/vda5050_connector/share/vda5050_connector/cmake/export_vda5050_connector__rosidl_generator_cppExport.cmake
[16.454s] -- Up-to-date: /home/dbot2/dbot_vda5050_ilmatar/install/vda5050_connector/share/vda5050_connector/cmake/export_vda5050_connector__rosidl_typesupport_fastrtps_cppExport.cmake
[16.454s] -- Up-to-date: /home/dbot2/dbot_vda5050_ilmatar/install/vda5050_connector/share/vda5050_connector/cmake/export_vda5050_connector__rosidl_typesupport_fastrtps_cppExport-noconfig.cmake
[16.454s] -- Up-to-date: /home/dbot2/dbot_vda5050_ilmatar/install/vda5050_connector/share/vda5050_connector/cmake/vda5050_connector__rosidl_typesupport_introspection_cExport.cmake
[16.454s] -- Up-to-date: /home/dbot2/dbot_vda5050_ilmatar/install/vda5050_connector/share/vda5050_connector/cmake/vda5050_connector__rosidl_typesupport_introspection_cExport-noconfig.cmake
[16.454s] -- Up-to-date: /home/dbot2/dbot_vda5050_ilmatar/install/vda5050_connector/share/vda5050_connector/cmake/vda5050_connector__rosidl_typesupport_cExport.cmake
[16.454s] -- Up-to-date: /home/dbot2/dbot_vda5050_ilmatar/install/vda5050_connector/share/vda5050_connector/cmake/vda5050_connector__rosidl_typesupport_cExport-noconfig.cmake
[16.455s] -- Up-to-date: /home/dbot2/dbot_vda5050_ilmatar/install/vda5050_connector/share/vda5050_connector/cmake/vda5050_connector__rosidl_typesupport_introspection_cppExport.cmake
[16.455s] -- Up-to-date: /home/dbot2/dbot_vda5050_ilmatar/install/vda5050_connector/share/vda5050_connector/cmake/vda5050_connector__rosidl_typesupport_introspection_cppExport-noconfig.cmake
[16.455s] -- Up-to-date: /home/dbot2/dbot_vda5050_ilmatar/install/vda5050_connector/share/vda5050_connector/cmake/vda5050_connector__rosidl_typesupport_cppExport.cmake
[16.455s] -- Up-to-date: /home/dbot2/dbot_vda5050_ilmatar/install/vda5050_connector/share/vda5050_connector/cmake/vda5050_connector__rosidl_typesupport_cppExport-noconfig.cmake
[16.455s] -- Up-to-date: /home/dbot2/dbot_vda5050_ilmatar/install/vda5050_connector/share/vda5050_connector/cmake/export_vda5050_connector__rosidl_generator_pyExport.cmake
[16.455s] -- Up-to-date: /home/dbot2/dbot_vda5050_ilmatar/install/vda5050_connector/share/vda5050_connector/cmake/export_vda5050_connector__rosidl_generator_pyExport-noconfig.cmake
[16.456s] -- Up-to-date: /home/dbot2/dbot_vda5050_ilmatar/install/vda5050_connector/share/vda5050_connector/cmake/export_vda5050_connectorExport.cmake
[16.456s] -- Up-to-date: /home/dbot2/dbot_vda5050_ilmatar/install/vda5050_connector/share/vda5050_connector/cmake/export_vda5050_connectorExport-noconfig.cmake
[16.456s] -- Installing: /home/dbot2/dbot_vda5050_ilmatar/install/vda5050_connector/lib/libtest_plugins.so
[16.459s] -- Set runtime path of "/home/dbot2/dbot_vda5050_ilmatar/install/vda5050_connector/lib/libtest_plugins.so" to ""
[16.461s] Invoked command in '/home/dbot2/dbot_vda5050_ilmatar/build/vda5050_connector' returned '0': CMAKE_PREFIX_PATH=/home/dbot2/dbot_vda5050_ilmatar/install/vda5050_msgs:/home/dbot2/dbot_vda5050_ilmatar/install/vda_dbot_nav_slam:/home/dbot2/dbot_vda5050_ilmatar/install/vda5050_connector:/home/dbot2/dbot_vda5050_ilmatar/install/odometry_estimator:/home/dbot2/dbot_vda5050_ilmatar/install/dbot_nav_slam:/home/dbot2/dbot_vda5050_ilmatar/install/dbot_custom_msgs:/home/dbot2/dbot_src/install/odometry_estimator:/home/dbot2/dbot_src/install/dbot_custom_msgs:/home/dbot2/dbot_remote/install/pointcloud_saver:/home/dbot2/circus_demo/install/pcl_localization_ros2:/home/dbot2/circus_demo/install/ndt_omp_ros2:/home/dbot2/ros2_ws/install/odometry_estimator:/home/dbot2/ros2_ws/install/dbot_nav_slam:/home/dbot2/ros2_ws/install/dbot_custom_msgs:/home/dbot2/ros2_ws/install/ament_lint_common:/home/dbot2/ros2_ws/install/ament_cmake_xmllint:/home/dbot2/ros2_ws/install/ament_cmake_uncrustify:/home/dbot2/ros2_ws/install/ament_cmake_pyflakes:/home/dbot2/ros2_ws/install/ament_cmake_pycodestyle:/home/dbot2/ros2_ws/install/ament_cmake_pep257:/home/dbot2/ros2_ws/install/ament_cmake_pclint:/home/dbot2/ros2_ws/install/ament_cmake_mypy:/home/dbot2/ros2_ws/install/ament_cmake_lint_cmake:/home/dbot2/ros2_ws/install/ament_lint_auto:/home/dbot2/ros2_ws/install/ament_cmake_flake8:/home/dbot2/ros2_ws/install/ament_cmake_copyright:/home/dbot2/ros2_ws/install/ament_cmake_cpplint:/home/dbot2/ros2_ws/install/ament_cmake_cppcheck:/home/dbot2/ros2_ws/install/ament_cmake_clang_tidy:/home/dbot2/ros2_ws/install/ament_cmake_clang_format:/home/dbot2/dbot_vda5050_ilmatar/install/vda5050_tb3_adapter:/home/dbot2/dbot_vda5050_ilmatar/install/tf2_dbot:/home/dbot2/dbot_vda5050_ilmatar/install/odom_motion_model:/home/dbot2/dbot_vda5050_ilmatar/install/motor_driver:/home/dbot2/dbot_vda5050_ilmatar/install/joycontrol:/home/dbot2/dbot_vda5050_ilmatar/install/gesturecontrol:/home/dbot2/dbot_vda5050_ilmatar/install/dbot_bridge:/home/dbot2/dbot_vda5050_ilmatar/install/dbot:/home/dbot2/dbot_src/install/tf2_dbot:/home/dbot2/dbot_src/install/odom_motion_model:/home/dbot2/dbot_src/install/motor_driver:/home/dbot2/dbot_src/install/joycontrol:/home/dbot2/dbot_src/install/dbot:/home/dbot2/dbot_remote/install/pcd_joy_trigger:/home/dbot2/circus_demo/install/circus_demo:/home/dbot2/ros2_ws/install/tf2_dbot:/home/dbot2/ros2_ws/install/odom_motion_model:/home/dbot2/ros2_ws/install/motor_driver:/home/dbot2/ros2_ws/install/joycontrol:/home/dbot2/ros2_ws/install/gesturecontrol:/home/dbot2/ros2_ws/install/dbot_bridge:/home/dbot2/ros2_ws/install/dbot:/home/dbot2/ros2_ws/install/ament_xmllint:/home/dbot2/ros2_ws/install/ament_uncrustify:/home/dbot2/ros2_ws/install/ament_pyflakes:/home/dbot2/ros2_ws/install/ament_pycodestyle:/home/dbot2/ros2_ws/install/ament_pep257:/home/dbot2/ros2_ws/install/ament_pclint:/home/dbot2/ros2_ws/install/ament_mypy:/home/dbot2/ros2_ws/install/ament_lint_cmake:/home/dbot2/ros2_ws/install/ament_flake8:/home/dbot2/ros2_ws/install/ament_copyright:/home/dbot2/ros2_ws/install/ament_lint:/home/dbot2/ros2_ws/install/ament_cpplint:/home/dbot2/ros2_ws/install/ament_cppcheck:/home/dbot2/ros2_ws/install/ament_clang_tidy:/home/dbot2/ros2_ws/install/ament_clang_format:/opt/ros/humble LD_LIBRARY_PATH=/home/dbot2/dbot_vda5050_ilmatar/install/vda5050_msgs/lib:/home/dbot2/dbot_vda5050_ilmatar/install/vda5050_connector/lib:/home/dbot2/dbot_vda5050_ilmatar/install/dbot_custom_msgs/lib:/home/dbot2/dbot_src/install/dbot_custom_msgs/lib:/home/dbot2/circus_demo/install/pcl_localization_ros2/lib:/home/dbot2/ros2_ws/install/dbot_custom_msgs/lib:/opt/ros/humble/opt/rviz_ogre_vendor/lib:/opt/ros/humble/lib/x86_64-linux-gnu:/opt/ros/humble/lib /usr/bin/cmake --install /home/dbot2/dbot_vda5050_ilmatar/build/vda5050_connector
