running develop
Removing /home/dbot2/dbot_vda5050_ilmatar/install/dbot_bridge/lib/python3.10/site-packages/dbot-bridge.egg-link (link to .)
running egg_info
writing ../../build/dbot_bridge/dbot_bridge.egg-info/PKG-INFO
writing dependency_links to ../../build/dbot_bridge/dbot_bridge.egg-info/dependency_links.txt
writing entry points to ../../build/dbot_bridge/dbot_bridge.egg-info/entry_points.txt
writing requirements to ../../build/dbot_bridge/dbot_bridge.egg-info/requires.txt
writing top-level names to ../../build/dbot_bridge/dbot_bridge.egg-info/top_level.txt
reading manifest file '../../build/dbot_bridge/dbot_bridge.egg-info/SOURCES.txt'
writing manifest file '../../build/dbot_bridge/dbot_bridge.egg-info/SOURCES.txt'
running build
running build_py
creating /home/dbot2/dbot_vda5050_ilmatar/build/dbot_bridge/build
creating /home/dbot2/dbot_vda5050_ilmatar/build/dbot_bridge/build/lib
creating /home/dbot2/dbot_vda5050_ilmatar/build/dbot_bridge/build/lib/dbot_bridge
copying dbot_bridge/dbot_bridge_node.py -> /home/dbot2/dbot_vda5050_ilmatar/build/dbot_bridge/build/lib/dbot_bridge
copying dbot_bridge/__init__.py -> /home/dbot2/dbot_vda5050_ilmatar/build/dbot_bridge/build/lib/dbot_bridge
running install
running install_lib
creating /home/dbot2/dbot_vda5050_ilmatar/install/dbot_bridge/lib/python3.10/site-packages/dbot_bridge
copying /home/dbot2/dbot_vda5050_ilmatar/build/dbot_bridge/build/lib/dbot_bridge/dbot_bridge_node.py -> /home/dbot2/dbot_vda5050_ilmatar/install/dbot_bridge/lib/python3.10/site-packages/dbot_bridge
copying /home/dbot2/dbot_vda5050_ilmatar/build/dbot_bridge/build/lib/dbot_bridge/__init__.py -> /home/dbot2/dbot_vda5050_ilmatar/install/dbot_bridge/lib/python3.10/site-packages/dbot_bridge
byte-compiling /home/dbot2/dbot_vda5050_ilmatar/install/dbot_bridge/lib/python3.10/site-packages/dbot_bridge/dbot_bridge_node.py to dbot_bridge_node.cpython-310.pyc
byte-compiling /home/dbot2/dbot_vda5050_ilmatar/install/dbot_bridge/lib/python3.10/site-packages/dbot_bridge/__init__.py to __init__.cpython-310.pyc
running install_data
copying resource/dbot_bridge -> /home/dbot2/dbot_vda5050_ilmatar/install/dbot_bridge/share/ament_index/resource_index/packages
copying package.xml -> /home/dbot2/dbot_vda5050_ilmatar/install/dbot_bridge/share/dbot_bridge
running install_egg_info
Copying ../../build/dbot_bridge/dbot_bridge.egg-info to /home/dbot2/dbot_vda5050_ilmatar/install/dbot_bridge/lib/python3.10/site-packages/dbot_bridge-0.0.0-py3.10.egg-info
running install_scripts
Installing dbot_bridge_node script to /home/dbot2/dbot_vda5050_ilmatar/install/dbot_bridge/lib/dbot_bridge
writing list of installed files to '/home/dbot2/dbot_vda5050_ilmatar/build/dbot_bridge/install.log'
