[0.166s] DEBUG:colcon:Command line arguments: ['/usr/bin/colcon', 'build', '--symlink-install']
[0.166s] DEBUG:colcon:Parsed command line arguments: Namespace(log_base=None, log_level=None, verb_name='build', build_base='build', install_base='install', merge_install=False, symlink_install=True, test_result_base=None, continue_on_error=False, executor='parallel', parallel_workers=8, event_handlers=None, ignore_user_meta=False, metas=['./colcon.meta'], base_paths=['.'], packages_ignore=None, packages_ignore_regex=None, paths=None, packages_up_to=None, packages_up_to_regex=None, packages_above=None, packages_above_and_dependencies=None, packages_above_depth=None, packages_select_by_dep=None, packages_skip_by_dep=None, packages_skip_up_to=None, packages_select_build_failed=False, packages_skip_build_finished=False, packages_select_test_failures=False, packages_skip_test_passed=False, packages_select=None, packages_skip=None, packages_select_regex=None, packages_skip_regex=None, packages_start=None, packages_end=None, allow_overriding=[], cmake_args=None, cmake_target=None, cmake_target_skip_unavailable=False, cmake_clean_cache=False, cmake_clean_first=False, cmake_force_configure=False, ament_cmake_args=None, catkin_cmake_args=None, catkin_skip_building_tests=False, mixin_files=None, mixin=None, verb_parser=<colcon_mixin.mixin.mixin_argument.MixinArgumentDecorator object at 0x778fcdb84f70>, verb_extension=<colcon_core.verb.build.BuildVerb object at 0x778fcdb849d0>, main=<bound method BuildVerb.main of <colcon_core.verb.build.BuildVerb object at 0x778fcdb849d0>>, mixin_verb=('build',))
[0.331s] Level 1:colcon.colcon_core.package_discovery:discover_packages(colcon_meta) check parameters
[0.331s] Level 1:colcon.colcon_core.package_discovery:discover_packages(recursive) check parameters
[0.331s] Level 1:colcon.colcon_core.package_discovery:discover_packages(ignore) check parameters
[0.331s] Level 1:colcon.colcon_core.package_discovery:discover_packages(path) check parameters
[0.331s] Level 1:colcon.colcon_core.package_discovery:discover_packages(colcon_meta) discover
[0.331s] Level 1:colcon.colcon_core.package_discovery:discover_packages(recursive) discover
[0.331s] INFO:colcon.colcon_core.package_discovery:Crawling recursively for packages in '/home/dbot2/ros2_ws/src/dbot'
[0.331s] Level 1:colcon.colcon_core.package_identification:_identify(.) by extensions ['ignore', 'ignore_ament_install']
[0.331s] Level 1:colcon.colcon_core.package_identification:_identify(.) by extension 'ignore'
[0.331s] Level 1:colcon.colcon_core.package_identification:_identify(.) by extension 'ignore_ament_install'
[0.331s] Level 1:colcon.colcon_core.package_identification:_identify(.) by extensions ['colcon_pkg']
[0.331s] Level 1:colcon.colcon_core.package_identification:_identify(.) by extension 'colcon_pkg'
[0.331s] Level 1:colcon.colcon_core.package_identification:_identify(.) by extensions ['colcon_meta']
[0.331s] Level 1:colcon.colcon_core.package_identification:_identify(.) by extension 'colcon_meta'
[0.331s] Level 1:colcon.colcon_core.package_identification:_identify(.) by extensions ['ros']
[0.331s] Level 1:colcon.colcon_core.package_identification:_identify(.) by extension 'ros'
[0.341s] DEBUG:colcon.colcon_core.package_identification:Package '.' with type 'ros.ament_python' and name 'dbot'
[0.341s] Level 1:colcon.colcon_core.package_discovery:discover_packages(recursive) using defaults
[0.341s] Level 1:colcon.colcon_core.package_discovery:discover_packages(ignore) discover
[0.341s] Level 1:colcon.colcon_core.package_discovery:discover_packages(ignore) using defaults
[0.341s] Level 1:colcon.colcon_core.package_discovery:discover_packages(path) discover
[0.341s] Level 1:colcon.colcon_core.package_discovery:discover_packages(path) using defaults
[0.366s] Level 1:colcon.colcon_core.package_discovery:discover_packages(prefix_path) check parameters
[0.366s] Level 1:colcon.colcon_core.package_discovery:discover_packages(prefix_path) discover
[0.369s] DEBUG:colcon.colcon_installed_package_information.package_discovery:Found 7 installed packages in /home/dbot2/dbot_src/install
[0.369s] DEBUG:colcon.colcon_installed_package_information.package_discovery:Found 2 installed packages in /home/dbot2/dbot_remote/install
[0.370s] DEBUG:colcon.colcon_installed_package_information.package_discovery:Found 3 installed packages in /home/dbot2/circus_demo/install
[0.370s] DEBUG:colcon.colcon_installed_package_information.package_discovery:Found 11 installed packages in /home/dbot2/ros2_ws/install
[0.371s] DEBUG:colcon.colcon_installed_package_information.package_discovery:Found 362 installed packages in /opt/ros/humble
[0.372s] Level 1:colcon.colcon_core.package_discovery:discover_packages(prefix_path) using defaults
[0.404s] Level 5:colcon.colcon_core.verb:set package 'dbot' build argument 'cmake_args' from command line to 'None'
[0.404s] Level 5:colcon.colcon_core.verb:set package 'dbot' build argument 'cmake_target' from command line to 'None'
[0.404s] Level 5:colcon.colcon_core.verb:set package 'dbot' build argument 'cmake_target_skip_unavailable' from command line to 'False'
[0.404s] Level 5:colcon.colcon_core.verb:set package 'dbot' build argument 'cmake_clean_cache' from command line to 'False'
[0.404s] Level 5:colcon.colcon_core.verb:set package 'dbot' build argument 'cmake_clean_first' from command line to 'False'
[0.404s] Level 5:colcon.colcon_core.verb:set package 'dbot' build argument 'cmake_force_configure' from command line to 'False'
[0.404s] Level 5:colcon.colcon_core.verb:set package 'dbot' build argument 'ament_cmake_args' from command line to 'None'
[0.404s] Level 5:colcon.colcon_core.verb:set package 'dbot' build argument 'catkin_cmake_args' from command line to 'None'
[0.404s] Level 5:colcon.colcon_core.verb:set package 'dbot' build argument 'catkin_skip_building_tests' from command line to 'False'
[0.404s] DEBUG:colcon.colcon_core.verb:Building package 'dbot' with the following arguments: {'ament_cmake_args': None, 'build_base': '/home/dbot2/ros2_ws/src/dbot/build/dbot', 'catkin_cmake_args': None, 'catkin_skip_building_tests': False, 'cmake_args': None, 'cmake_clean_cache': False, 'cmake_clean_first': False, 'cmake_force_configure': False, 'cmake_target': None, 'cmake_target_skip_unavailable': False, 'install_base': '/home/dbot2/ros2_ws/src/dbot/install/dbot', 'merge_install': False, 'path': '/home/dbot2/ros2_ws/src/dbot', 'symlink_install': True, 'test_result_base': None}
[0.404s] INFO:colcon.colcon_core.executor:Executing jobs using 'parallel' executor
[0.405s] DEBUG:colcon.colcon_parallel_executor.executor.parallel:run_until_complete
[0.405s] INFO:colcon.colcon_ros.task.ament_python.build:Building ROS package in '/home/dbot2/ros2_ws/src/dbot' with build type 'ament_python'
[0.405s] Level 1:colcon.colcon_core.shell:create_environment_hook('dbot', 'ament_prefix_path')
[0.408s] INFO:colcon.colcon_core.plugin_system:Skipping extension 'colcon_core.shell.bat': Not used on non-Windows systems
[0.408s] INFO:colcon.colcon_core.shell:Creating environment hook '/home/dbot2/ros2_ws/src/dbot/install/dbot/share/dbot/hook/ament_prefix_path.ps1'
[0.409s] INFO:colcon.colcon_core.shell:Creating environment descriptor '/home/dbot2/ros2_ws/src/dbot/install/dbot/share/dbot/hook/ament_prefix_path.dsv'
[0.409s] INFO:colcon.colcon_core.shell:Creating environment hook '/home/dbot2/ros2_ws/src/dbot/install/dbot/share/dbot/hook/ament_prefix_path.sh'
[0.410s] INFO:colcon.colcon_core.shell:Skip shell extension 'powershell' for command environment: Not usable outside of PowerShell
[0.410s] DEBUG:colcon.colcon_core.shell:Skip shell extension 'dsv' for command environment
[0.590s] WARNING:colcon.colcon_ros.task.ament_python.build:Package 'dbot' doesn't explicitly install a marker in the package index (colcon-ros currently does it implicitly but that fallback will be removed in the future)
[0.590s] WARNING:colcon.colcon_ros.task.ament_python.build:Package 'dbot' doesn't explicitly install the 'package.xml' file (colcon-ros currently does it implicitly but that fallback will be removed in the future)
[0.590s] INFO:colcon.colcon_core.task.python.build:Building Python package in '/home/dbot2/ros2_ws/src/dbot'
[0.590s] INFO:colcon.colcon_core.shell:Skip shell extension 'powershell' for command environment: Not usable outside of PowerShell
[0.590s] DEBUG:colcon.colcon_core.shell:Skip shell extension 'dsv' for command environment
[0.887s] DEBUG:colcon.colcon_core.event_handler.log_command:Invoking command in '/home/dbot2/ros2_ws/src/dbot/build/dbot': PYTHONPATH=/home/dbot2/ros2_ws/src/dbot/build/dbot/prefix_override:/usr/lib/python3/dist-packages/colcon_core/task/python/colcon_distutils_commands:/home/dbot2/ros2_ws/src/dbot/install/dbot/lib/python3.10/site-packages:${PYTHONPATH} /usr/bin/python3 -W ignore:setup.py install is deprecated setup.py develop --editable --build-directory /home/dbot2/ros2_ws/src/dbot/build/dbot/build --no-deps symlink_data
[1.186s] Level 1:colcon.colcon_core.shell:create_environment_hook('dbot', 'pythonpath_develop')
[1.186s] INFO:colcon.colcon_core.shell:Creating environment hook '/home/dbot2/ros2_ws/src/dbot/build/dbot/share/dbot/hook/pythonpath_develop.ps1'
[1.187s] DEBUG:colcon.colcon_core.event_handler.log_command:Invoked command in '/home/dbot2/ros2_ws/src/dbot/build/dbot' returned '0': PYTHONPATH=/home/dbot2/ros2_ws/src/dbot/build/dbot/prefix_override:/usr/lib/python3/dist-packages/colcon_core/task/python/colcon_distutils_commands:/home/dbot2/ros2_ws/src/dbot/install/dbot/lib/python3.10/site-packages:${PYTHONPATH} /usr/bin/python3 -W ignore:setup.py install is deprecated setup.py develop --editable --build-directory /home/dbot2/ros2_ws/src/dbot/build/dbot/build --no-deps symlink_data
[1.187s] INFO:colcon.colcon_core.shell:Creating environment descriptor '/home/dbot2/ros2_ws/src/dbot/build/dbot/share/dbot/hook/pythonpath_develop.dsv'
[1.187s] INFO:colcon.colcon_core.shell:Creating environment hook '/home/dbot2/ros2_ws/src/dbot/build/dbot/share/dbot/hook/pythonpath_develop.sh'
[1.191s] Level 1:colcon.colcon_core.environment:checking '/home/dbot2/ros2_ws/src/dbot/install/dbot' for CMake module files
[1.191s] Level 1:colcon.colcon_core.environment:checking '/home/dbot2/ros2_ws/src/dbot/install/dbot' for CMake config files
[1.191s] Level 1:colcon.colcon_core.environment:checking '/home/dbot2/ros2_ws/src/dbot/install/dbot/lib'
[1.192s] Level 1:colcon.colcon_core.environment:checking '/home/dbot2/ros2_ws/src/dbot/install/dbot/bin'
[1.192s] Level 1:colcon.colcon_core.environment:checking '/home/dbot2/ros2_ws/src/dbot/install/dbot/lib/pkgconfig/dbot.pc'
[1.192s] Level 1:colcon.colcon_core.environment:checking '/home/dbot2/ros2_ws/src/dbot/install/dbot/lib/python3.10/site-packages'
[1.192s] Level 1:colcon.colcon_core.shell:create_environment_hook('dbot', 'pythonpath')
[1.192s] INFO:colcon.colcon_core.shell:Creating environment hook '/home/dbot2/ros2_ws/src/dbot/install/dbot/share/dbot/hook/pythonpath.ps1'
[1.192s] INFO:colcon.colcon_core.shell:Creating environment descriptor '/home/dbot2/ros2_ws/src/dbot/install/dbot/share/dbot/hook/pythonpath.dsv'
[1.192s] INFO:colcon.colcon_core.shell:Creating environment hook '/home/dbot2/ros2_ws/src/dbot/install/dbot/share/dbot/hook/pythonpath.sh'
[1.193s] Level 1:colcon.colcon_core.environment:checking '/home/dbot2/ros2_ws/src/dbot/install/dbot/bin'
[1.193s] Level 1:colcon.colcon_core.environment:create_environment_scripts_only(dbot)
[1.193s] INFO:colcon.colcon_core.shell:Creating package script '/home/dbot2/ros2_ws/src/dbot/install/dbot/share/dbot/package.ps1'
[1.193s] INFO:colcon.colcon_core.shell:Creating package descriptor '/home/dbot2/ros2_ws/src/dbot/install/dbot/share/dbot/package.dsv'
[1.194s] INFO:colcon.colcon_core.shell:Creating package script '/home/dbot2/ros2_ws/src/dbot/install/dbot/share/dbot/package.sh'
[1.194s] INFO:colcon.colcon_core.shell:Creating package script '/home/dbot2/ros2_ws/src/dbot/install/dbot/share/dbot/package.bash'
[1.195s] INFO:colcon.colcon_core.shell:Creating package script '/home/dbot2/ros2_ws/src/dbot/install/dbot/share/dbot/package.zsh'
[1.196s] Level 1:colcon.colcon_core.environment:create_file_with_runtime_dependencies(/home/dbot2/ros2_ws/src/dbot/install/dbot/share/colcon-core/packages/dbot)
[1.196s] DEBUG:colcon.colcon_parallel_executor.executor.parallel:closing loop
[1.196s] DEBUG:colcon.colcon_parallel_executor.executor.parallel:loop closed
[1.196s] DEBUG:colcon.colcon_parallel_executor.executor.parallel:run_until_complete finished with '0'
[1.196s] DEBUG:colcon.colcon_core.event_reactor:joining thread
[1.200s] INFO:colcon.colcon_core.plugin_system:Skipping extension 'colcon_notification.desktop_notification.terminal_notifier': Not used on non-Darwin systems
[1.200s] INFO:colcon.colcon_core.plugin_system:Skipping extension 'colcon_notification.desktop_notification.win32': Not used on non-Windows systems
[1.200s] INFO:colcon.colcon_notification.desktop_notification:Sending desktop notification using 'notify2'
[1.201s] DEBUG:colcon.colcon_notification.desktop_notification.notify2:Failed to initialize notify2: org.freedesktop.DBus.Error.ServiceUnknown: The name org.freedesktop.Notifications was not provided by any .service files
[1.201s] DEBUG:colcon.colcon_core.event_reactor:joined thread
[1.201s] INFO:colcon.colcon_core.shell:Creating prefix script '/home/dbot2/ros2_ws/src/dbot/install/local_setup.ps1'
[1.202s] INFO:colcon.colcon_core.shell:Creating prefix util module '/home/dbot2/ros2_ws/src/dbot/install/_local_setup_util_ps1.py'
[1.203s] INFO:colcon.colcon_core.shell:Creating prefix chain script '/home/dbot2/ros2_ws/src/dbot/install/setup.ps1'
[1.204s] INFO:colcon.colcon_core.shell:Creating prefix script '/home/dbot2/ros2_ws/src/dbot/install/local_setup.sh'
[1.204s] INFO:colcon.colcon_core.shell:Creating prefix util module '/home/dbot2/ros2_ws/src/dbot/install/_local_setup_util_sh.py'
[1.205s] INFO:colcon.colcon_core.shell:Creating prefix chain script '/home/dbot2/ros2_ws/src/dbot/install/setup.sh'
[1.206s] INFO:colcon.colcon_core.shell:Creating prefix script '/home/dbot2/ros2_ws/src/dbot/install/local_setup.bash'
[1.206s] INFO:colcon.colcon_core.shell:Creating prefix chain script '/home/dbot2/ros2_ws/src/dbot/install/setup.bash'
[1.208s] INFO:colcon.colcon_core.shell:Creating prefix script '/home/dbot2/ros2_ws/src/dbot/install/local_setup.zsh'
[1.208s] INFO:colcon.colcon_core.shell:Creating prefix chain script '/home/dbot2/ros2_ws/src/dbot/install/setup.zsh'
