[2.157s] Invoking command in '/home/dbot2/dbot_vda5050_ilmatar/src/dbot_bridge': PYTHONPATH=/home/dbot2/dbot_vda5050_ilmatar/build/dbot_bridge/prefix_override:/usr/lib/python3/dist-packages/colcon_core/task/python/colcon_distutils_commands:/home/dbot2/dbot_vda5050_ilmatar/install/dbot_bridge/lib/python3.10/site-packages:${PYTHONPATH} /usr/bin/python3 -W ignore:setup.py install is deprecated -W ignore:easy_install command is deprecated setup.py egg_info --egg-base ../../build/dbot_bridge build --build-base /home/dbot2/dbot_vda5050_ilmatar/build/dbot_bridge/build install --record /home/dbot2/dbot_vda5050_ilmatar/build/dbot_bridge/install.log --single-version-externally-managed install_data
[2.574s] running egg_info
[2.574s] writing ../../build/dbot_bridge/dbot_bridge.egg-info/PKG-INFO
[2.575s] writing dependency_links to ../../build/dbot_bridge/dbot_bridge.egg-info/dependency_links.txt
[2.575s] writing entry points to ../../build/dbot_bridge/dbot_bridge.egg-info/entry_points.txt
[2.575s] writing requirements to ../../build/dbot_bridge/dbot_bridge.egg-info/requires.txt
[2.575s] writing top-level names to ../../build/dbot_bridge/dbot_bridge.egg-info/top_level.txt
[2.580s] reading manifest file '../../build/dbot_bridge/dbot_bridge.egg-info/SOURCES.txt'
[2.581s] writing manifest file '../../build/dbot_bridge/dbot_bridge.egg-info/SOURCES.txt'
[2.581s] running build
[2.581s] running build_py
[2.583s] running install
[2.583s] running install_lib
[2.585s] running install_data
[2.585s] running install_egg_info
[2.588s] removing '/home/dbot2/dbot_vda5050_ilmatar/install/dbot_bridge/lib/python3.10/site-packages/dbot_bridge-0.0.0-py3.10.egg-info' (and everything under it)
[2.588s] Copying ../../build/dbot_bridge/dbot_bridge.egg-info to /home/dbot2/dbot_vda5050_ilmatar/install/dbot_bridge/lib/python3.10/site-packages/dbot_bridge-0.0.0-py3.10.egg-info
[2.591s] running install_scripts
[2.620s] Installing dbot_bridge_node script to /home/dbot2/dbot_vda5050_ilmatar/install/dbot_bridge/lib/dbot_bridge
[2.621s] writing list of installed files to '/home/dbot2/dbot_vda5050_ilmatar/build/dbot_bridge/install.log'
[2.761s] Invoked command in '/home/dbot2/dbot_vda5050_ilmatar/src/dbot_bridge' returned '0': PYTHONPATH=/home/dbot2/dbot_vda5050_ilmatar/build/dbot_bridge/prefix_override:/usr/lib/python3/dist-packages/colcon_core/task/python/colcon_distutils_commands:/home/dbot2/dbot_vda5050_ilmatar/install/dbot_bridge/lib/python3.10/site-packages:${PYTHONPATH} /usr/bin/python3 -W ignore:setup.py install is deprecated -W ignore:easy_install command is deprecated setup.py egg_info --egg-base ../../build/dbot_bridge build --build-base /home/dbot2/dbot_vda5050_ilmatar/build/dbot_bridge/build install --record /home/dbot2/dbot_vda5050_ilmatar/build/dbot_bridge/install.log --single-version-externally-managed install_data
