running develop
Removing /home/dbot2/dbot_vda5050_ilmatar/install/dbot/lib/python3.10/site-packages/dbot.egg-link (link to .)
running egg_info
writing ../../build/dbot/dbot.egg-info/PKG-INFO
writing dependency_links to ../../build/dbot/dbot.egg-info/dependency_links.txt
writing entry points to ../../build/dbot/dbot.egg-info/entry_points.txt
writing requirements to ../../build/dbot/dbot.egg-info/requires.txt
writing top-level names to ../../build/dbot/dbot.egg-info/top_level.txt
reading manifest file '../../build/dbot/dbot.egg-info/SOURCES.txt'
adding license file 'LICENSE'
writing manifest file '../../build/dbot/dbot.egg-info/SOURCES.txt'
running build
running build_py
creating /home/dbot2/dbot_vda5050_ilmatar/build/dbot/build
creating /home/dbot2/dbot_vda5050_ilmatar/build/dbot/build/lib
creating /home/dbot2/dbot_vda5050_ilmatar/build/dbot/build/lib/dbot
copying dbot/__init__.py -> /home/dbot2/dbot_vda5050_ilmatar/build/dbot/build/lib/dbot
running install
running install_lib
creating /home/dbot2/dbot_vda5050_ilmatar/install/dbot/lib/python3.10/site-packages/dbot
copying /home/dbot2/dbot_vda5050_ilmatar/build/dbot/build/lib/dbot/__init__.py -> /home/dbot2/dbot_vda5050_ilmatar/install/dbot/lib/python3.10/site-packages/dbot
byte-compiling /home/dbot2/dbot_vda5050_ilmatar/install/dbot/lib/python3.10/site-packages/dbot/__init__.py to __init__.cpython-310.pyc
running install_data
copying launch/remote_dbot_launch.py -> /home/dbot2/dbot_vda5050_ilmatar/install/dbot/share/dbot/launch
copying launch/remote_dbot_no_odom_launch.py -> /home/dbot2/dbot_vda5050_ilmatar/install/dbot/share/dbot/launch
copying launch/dbot_launch.py -> /home/dbot2/dbot_vda5050_ilmatar/install/dbot/share/dbot/launch
running install_egg_info
Copying ../../build/dbot/dbot.egg-info to /home/dbot2/dbot_vda5050_ilmatar/install/dbot/lib/python3.10/site-packages/dbot-0.0.0-py3.10.egg-info
running install_scripts
writing list of installed files to '/home/dbot2/dbot_vda5050_ilmatar/build/dbot/install.log'
