[2.314s] Invoking command in '/home/dbot2/dbot_vda5050_ilmatar/src/tf2_dbot': PYTHONPATH=/home/dbot2/dbot_vda5050_ilmatar/build/tf2_dbot/prefix_override:/usr/lib/python3/dist-packages/colcon_core/task/python/colcon_distutils_commands:/home/dbot2/dbot_vda5050_ilmatar/install/tf2_dbot/lib/python3.10/site-packages:${PYTHONPATH} /usr/bin/python3 -W ignore:setup.py install is deprecated -W ignore:easy_install command is deprecated setup.py egg_info --egg-base ../../build/tf2_dbot build --build-base /home/dbot2/dbot_vda5050_ilmatar/build/tf2_dbot/build install --record /home/dbot2/dbot_vda5050_ilmatar/build/tf2_dbot/install.log --single-version-externally-managed install_data
[3.020s] /home/dbot2/.local/lib/python3.10/site-packages/setuptools/_distutils/dist.py:261: UserWarning: Unknown distribution option: 'tests_require'
[3.021s]   warnings.warn(msg)
[3.466s] running egg_info
[3.513s] writing ../../build/tf2_dbot/tf2_dbot.egg-info/PKG-INFO
[3.517s] writing dependency_links to ../../build/tf2_dbot/tf2_dbot.egg-info/dependency_links.txt
[3.520s] writing entry points to ../../build/tf2_dbot/tf2_dbot.egg-info/entry_points.txt
[3.521s] writing requirements to ../../build/tf2_dbot/tf2_dbot.egg-info/requires.txt
[3.521s] writing top-level names to ../../build/tf2_dbot/tf2_dbot.egg-info/top_level.txt
[3.980s] reading manifest file '../../build/tf2_dbot/tf2_dbot.egg-info/SOURCES.txt'
[3.980s] adding license file 'LICENSE'
[3.987s] writing manifest file '../../build/tf2_dbot/tf2_dbot.egg-info/SOURCES.txt'
[3.988s] running build
[3.988s] running build_py
[3.988s] running install
[4.003s] running install_lib
[4.065s] running install_data
[4.065s] running install_egg_info
[4.129s] removing '/home/dbot2/dbot_vda5050_ilmatar/install/tf2_dbot/lib/python3.10/site-packages/tf2_dbot-0.0.0-py3.10.egg-info' (and everything under it)
[4.130s] Copying ../../build/tf2_dbot/tf2_dbot.egg-info to /home/dbot2/dbot_vda5050_ilmatar/install/tf2_dbot/lib/python3.10/site-packages/tf2_dbot-0.0.0-py3.10.egg-info
[4.132s] running install_scripts
[4.209s] Installing odom_baselink_broadcaster script to /home/dbot2/dbot_vda5050_ilmatar/install/tf2_dbot/lib/tf2_dbot
[4.209s] writing list of installed files to '/home/dbot2/dbot_vda5050_ilmatar/build/tf2_dbot/install.log'
[4.255s] Invoked command in '/home/dbot2/dbot_vda5050_ilmatar/src/tf2_dbot' returned '0': PYTHONPATH=/home/dbot2/dbot_vda5050_ilmatar/build/tf2_dbot/prefix_override:/usr/lib/python3/dist-packages/colcon_core/task/python/colcon_distutils_commands:/home/dbot2/dbot_vda5050_ilmatar/install/tf2_dbot/lib/python3.10/site-packages:${PYTHONPATH} /usr/bin/python3 -W ignore:setup.py install is deprecated -W ignore:easy_install command is deprecated setup.py egg_info --egg-base ../../build/tf2_dbot build --build-base /home/dbot2/dbot_vda5050_ilmatar/build/tf2_dbot/build install --record /home/dbot2/dbot_vda5050_ilmatar/build/tf2_dbot/install.log --single-version-externally-managed install_data
