[2.038s] Invoking command in '/home/dbot2/dbot_vda5050_ilmatar/build/joycontrol': PYTHONPATH=/home/dbot2/dbot_vda5050_ilmatar/build/joycontrol/prefix_override:/usr/lib/python3/dist-packages/colcon_core/task/python/colcon_distutils_commands:/home/dbot2/dbot_vda5050_ilmatar/install/joycontrol/lib/python3.10/site-packages:${PYTHONPATH} /usr/bin/python3 -W ignore:setup.py install is deprecated -W ignore:easy_install command is deprecated setup.py develop --editable --build-directory /home/dbot2/dbot_vda5050_ilmatar/build/joycontrol/build --no-deps symlink_data
[2.507s] running develop
[2.915s] running egg_info
[2.915s] creating joycontrol.egg-info
[2.916s] writing joycontrol.egg-info/PKG-INFO
[2.916s] writing dependency_links to joycontrol.egg-info/dependency_links.txt
[2.917s] writing entry points to joycontrol.egg-info/entry_points.txt
[2.917s] writing requirements to joycontrol.egg-info/requires.txt
[2.917s] writing top-level names to joycontrol.egg-info/top_level.txt
[2.921s] writing manifest file 'joycontrol.egg-info/SOURCES.txt'
[2.924s] reading manifest file 'joycontrol.egg-info/SOURCES.txt'
[2.925s] writing manifest file 'joycontrol.egg-info/SOURCES.txt'
[2.937s] running build_ext
[2.938s] Creating /home/dbot2/dbot_vda5050_ilmatar/install/joycontrol/lib/python3.10/site-packages/joycontrol.egg-link (link to .)
[2.938s] Installing joycontrol script to /home/dbot2/dbot_vda5050_ilmatar/install/joycontrol/lib/joycontrol
[2.938s] 
[2.938s] Installed /home/dbot2/dbot_vda5050_ilmatar/build/joycontrol
[2.938s] running symlink_data
[2.938s] creating /home/dbot2/dbot_vda5050_ilmatar/install/joycontrol/share/ament_index
[2.938s] creating /home/dbot2/dbot_vda5050_ilmatar/install/joycontrol/share/ament_index/resource_index
[2.938s] creating /home/dbot2/dbot_vda5050_ilmatar/install/joycontrol/share/ament_index/resource_index/packages
[2.938s] symbolically linking /home/dbot2/dbot_vda5050_ilmatar/build/joycontrol/resource/joycontrol -> /home/dbot2/dbot_vda5050_ilmatar/install/joycontrol/share/ament_index/resource_index/packages
[2.938s] symbolically linking /home/dbot2/dbot_vda5050_ilmatar/build/joycontrol/package.xml -> /home/dbot2/dbot_vda5050_ilmatar/install/joycontrol/share/joycontrol
[3.027s] Invoked command in '/home/dbot2/dbot_vda5050_ilmatar/build/joycontrol' returned '0': PYTHONPATH=/home/dbot2/dbot_vda5050_ilmatar/build/joycontrol/prefix_override:/usr/lib/python3/dist-packages/colcon_core/task/python/colcon_distutils_commands:/home/dbot2/dbot_vda5050_ilmatar/install/joycontrol/lib/python3.10/site-packages:${PYTHONPATH} /usr/bin/python3 -W ignore:setup.py install is deprecated -W ignore:easy_install command is deprecated setup.py develop --editable --build-directory /home/dbot2/dbot_vda5050_ilmatar/build/joycontrol/build --no-deps symlink_data
