[2.146s] Invoking command in '/home/dbot2/dbot_vda5050_ilmatar/src/tf2_dbot': PYTHONPATH=/home/dbot2/dbot_vda5050_ilmatar/build/tf2_dbot/prefix_override:/usr/lib/python3/dist-packages/colcon_core/task/python/colcon_distutils_commands:/home/dbot2/dbot_vda5050_ilmatar/install/tf2_dbot/lib/python3.10/site-packages:${PYTHONPATH} /usr/bin/python3 -W ignore:setup.py install is deprecated -W ignore:easy_install command is deprecated setup.py egg_info --egg-base ../../build/tf2_dbot build --build-base /home/dbot2/dbot_vda5050_ilmatar/build/tf2_dbot/build install --record /home/dbot2/dbot_vda5050_ilmatar/build/tf2_dbot/install.log --single-version-externally-managed install_data
[2.520s] running egg_info
[2.520s] writing ../../build/tf2_dbot/tf2_dbot.egg-info/PKG-INFO
[2.521s] writing dependency_links to ../../build/tf2_dbot/tf2_dbot.egg-info/dependency_links.txt
[2.521s] writing entry points to ../../build/tf2_dbot/tf2_dbot.egg-info/entry_points.txt
[2.521s] writing requirements to ../../build/tf2_dbot/tf2_dbot.egg-info/requires.txt
[2.521s] writing top-level names to ../../build/tf2_dbot/tf2_dbot.egg-info/top_level.txt
[2.524s] reading manifest file '../../build/tf2_dbot/tf2_dbot.egg-info/SOURCES.txt'
[2.524s] adding license file 'LICENSE'
[2.525s] writing manifest file '../../build/tf2_dbot/tf2_dbot.egg-info/SOURCES.txt'
[2.525s] running build
[2.525s] running build_py
[2.525s] running install
[2.525s] running install_lib
[2.527s] running install_data
[2.527s] running install_egg_info
[2.529s] removing '/home/dbot2/dbot_vda5050_ilmatar/install/tf2_dbot/lib/python3.10/site-packages/tf2_dbot-0.0.0-py3.10.egg-info' (and everything under it)
[2.529s] Copying ../../build/tf2_dbot/tf2_dbot.egg-info to /home/dbot2/dbot_vda5050_ilmatar/install/tf2_dbot/lib/python3.10/site-packages/tf2_dbot-0.0.0-py3.10.egg-info
[2.529s] running install_scripts
[2.548s] Installing odom_baselink_broadcaster script to /home/dbot2/dbot_vda5050_ilmatar/install/tf2_dbot/lib/tf2_dbot
[2.548s] writing list of installed files to '/home/dbot2/dbot_vda5050_ilmatar/build/tf2_dbot/install.log'
[2.725s] Invoked command in '/home/dbot2/dbot_vda5050_ilmatar/src/tf2_dbot' returned '0': PYTHONPATH=/home/dbot2/dbot_vda5050_ilmatar/build/tf2_dbot/prefix_override:/usr/lib/python3/dist-packages/colcon_core/task/python/colcon_distutils_commands:/home/dbot2/dbot_vda5050_ilmatar/install/tf2_dbot/lib/python3.10/site-packages:${PYTHONPATH} /usr/bin/python3 -W ignore:setup.py install is deprecated -W ignore:easy_install command is deprecated setup.py egg_info --egg-base ../../build/tf2_dbot build --build-base /home/dbot2/dbot_vda5050_ilmatar/build/tf2_dbot/build install --record /home/dbot2/dbot_vda5050_ilmatar/build/tf2_dbot/install.log --single-version-externally-managed install_data
