running develop
Removing /home/dbot2/dbot_vda5050_ilmatar/install/tf2_dbot/lib/python3.10/site-packages/tf2-dbot.egg-link (link to .)
running egg_info
writing ../../build/tf2_dbot/tf2_dbot.egg-info/PKG-INFO
writing dependency_links to ../../build/tf2_dbot/tf2_dbot.egg-info/dependency_links.txt
writing entry points to ../../build/tf2_dbot/tf2_dbot.egg-info/entry_points.txt
writing requirements to ../../build/tf2_dbot/tf2_dbot.egg-info/requires.txt
writing top-level names to ../../build/tf2_dbot/tf2_dbot.egg-info/top_level.txt
reading manifest file '../../build/tf2_dbot/tf2_dbot.egg-info/SOURCES.txt'
adding license file 'LICENSE'
writing manifest file '../../build/tf2_dbot/tf2_dbot.egg-info/SOURCES.txt'
running build
running build_py
running install
running install_lib
creating /home/dbot2/dbot_vda5050_ilmatar/install/tf2_dbot/lib/python3.10/site-packages/tf2_dbot
copying /home/dbot2/dbot_vda5050_ilmatar/build/tf2_dbot/build/lib/tf2_dbot/__init__.py -> /home/dbot2/dbot_vda5050_ilmatar/install/tf2_dbot/lib/python3.10/site-packages/tf2_dbot
copying /home/dbot2/dbot_vda5050_ilmatar/build/tf2_dbot/build/lib/tf2_dbot/odom_baselink_broadcaster.py -> /home/dbot2/dbot_vda5050_ilmatar/install/tf2_dbot/lib/python3.10/site-packages/tf2_dbot
byte-compiling /home/dbot2/dbot_vda5050_ilmatar/install/tf2_dbot/lib/python3.10/site-packages/tf2_dbot/__init__.py to __init__.cpython-310.pyc
byte-compiling /home/dbot2/dbot_vda5050_ilmatar/install/tf2_dbot/lib/python3.10/site-packages/tf2_dbot/odom_baselink_broadcaster.py to odom_baselink_broadcaster.cpython-310.pyc
running install_data
copying resource/tf2_dbot -> /home/dbot2/dbot_vda5050_ilmatar/install/tf2_dbot/share/ament_index/resource_index/packages
copying package.xml -> /home/dbot2/dbot_vda5050_ilmatar/install/tf2_dbot/share/tf2_dbot
copying launch/tf2_dbot_launch.py -> /home/dbot2/dbot_vda5050_ilmatar/install/tf2_dbot/share/tf2_dbot/launch
running install_egg_info
Copying ../../build/tf2_dbot/tf2_dbot.egg-info to /home/dbot2/dbot_vda5050_ilmatar/install/tf2_dbot/lib/python3.10/site-packages/tf2_dbot-0.0.0-py3.10.egg-info
running install_scripts
Installing odom_baselink_broadcaster script to /home/dbot2/dbot_vda5050_ilmatar/install/tf2_dbot/lib/tf2_dbot
writing list of installed files to '/home/dbot2/dbot_vda5050_ilmatar/build/tf2_dbot/install.log'
