[0.008s] Invoking command in '/home/dbot2/ros2_ws/src/build/dbot_nav_slam': CMAKE_PREFIX_PATH=${CMAKE_PREFIX_PATH}:/home/dbot2/ros2_ws/src/install/tf2_dbot:/home/dbot2/ros2_ws/src/install/odom_motion_model:/home/dbot2/ros2_ws/src/install/motor_driver:/home/dbot2/ros2_ws/src/install/joycontrol:/home/dbot2/ros2_ws/src/install/gesturecontrol:/home/dbot2/ros2_ws/src/install/dbot:/home/dbot2/ros2_ws/install/tf2_dbot:/home/dbot2/ros2_ws/install/odom_motion_model:/home/dbot2/ros2_ws/install/motor_driver:/home/dbot2/ros2_ws/install/joycontrol:/home/dbot2/ros2_ws/install/gesturecontrol:/home/dbot2/dbot_src/install/tf2_dbot:/home/dbot2/dbot_src/install/odom_motion_model:/home/dbot2/dbot_src/install/motor_driver:/home/dbot2/dbot_src/install/joycontrol:/home/dbot2/dbot_src/install/dbot:/home/dbot2/dbot_remote/install/pcd_joy_trigger:/home/dbot2/circus_demo/install/circus_demo:/opt/ros/humble /usr/bin/cmake /home/dbot2/ros2_ws/src/dbot_nav_slam -DCMAKE_INSTALL_PREFIX=/home/dbot2/ros2_ws/src/install/dbot_nav_slam
[0.019s] -- Found ament_cmake: 1.3.10 (/opt/ros/humble/share/ament_cmake/cmake)
[0.129s] -- Override CMake install command with custom implementation using symlinks instead of copying resources
[0.135s] -- Found rclcpp: 16.0.10 (/opt/ros/humble/share/rclcpp/cmake)
[0.155s] -- Found rosidl_generator_c: 3.1.5 (/opt/ros/humble/share/rosidl_generator_c/cmake)
[0.157s] -- Found rosidl_adapter: 3.1.5 (/opt/ros/humble/share/rosidl_adapter/cmake)
[0.161s] -- Found rosidl_generator_cpp: 3.1.5 (/opt/ros/humble/share/rosidl_generator_cpp/cmake)
[0.168s] -- Using all available rosidl_typesupport_c: rosidl_typesupport_fastrtps_c;rosidl_typesupport_introspection_c
[0.176s] -- Using all available rosidl_typesupport_cpp: rosidl_typesupport_fastrtps_cpp;rosidl_typesupport_introspection_cpp
[0.198s] -- Found rmw_implementation_cmake: 6.1.2 (/opt/ros/humble/share/rmw_implementation_cmake/cmake)
[0.199s] -- Found rmw_fastrtps_cpp: 6.2.7 (/opt/ros/humble/share/rmw_fastrtps_cpp/cmake)
[0.273s] -- Using RMW implementation 'rmw_fastrtps_cpp' as default
[0.304s] -- Found rclpy: 3.3.14 (/opt/ros/humble/share/rclpy/cmake)
[0.304s] -- Found ament_lint_auto: 0.12.11 (/opt/ros/humble/share/ament_lint_auto/cmake)
[0.376s] -- Added test 'copyright' to check source files copyright and LICENSE
[0.379s] -- Added test 'flake8' to check Python code syntax and style conventions
[0.379s] -- Added test 'lint_cmake' to check CMake code style
[0.380s] -- Added test 'pep257' to check Python code against some of the docstring style conventions in PEP 257
[0.381s] -- Added test 'xmllint' to check XML markup files
[0.383s] -- Configuring done
[0.388s] -- Generating done
[0.390s] -- Build files have been written to: /home/dbot2/ros2_ws/src/build/dbot_nav_slam
[0.397s] Invoked command in '/home/dbot2/ros2_ws/src/build/dbot_nav_slam' returned '0': CMAKE_PREFIX_PATH=${CMAKE_PREFIX_PATH}:/home/dbot2/ros2_ws/src/install/tf2_dbot:/home/dbot2/ros2_ws/src/install/odom_motion_model:/home/dbot2/ros2_ws/src/install/motor_driver:/home/dbot2/ros2_ws/src/install/joycontrol:/home/dbot2/ros2_ws/src/install/gesturecontrol:/home/dbot2/ros2_ws/src/install/dbot:/home/dbot2/ros2_ws/install/tf2_dbot:/home/dbot2/ros2_ws/install/odom_motion_model:/home/dbot2/ros2_ws/install/motor_driver:/home/dbot2/ros2_ws/install/joycontrol:/home/dbot2/ros2_ws/install/gesturecontrol:/home/dbot2/dbot_src/install/tf2_dbot:/home/dbot2/dbot_src/install/odom_motion_model:/home/dbot2/dbot_src/install/motor_driver:/home/dbot2/dbot_src/install/joycontrol:/home/dbot2/dbot_src/install/dbot:/home/dbot2/dbot_remote/install/pcd_joy_trigger:/home/dbot2/circus_demo/install/circus_demo:/opt/ros/humble /usr/bin/cmake /home/dbot2/ros2_ws/src/dbot_nav_slam -DCMAKE_INSTALL_PREFIX=/home/dbot2/ros2_ws/src/install/dbot_nav_slam
[0.398s] Invoking command in '/home/dbot2/ros2_ws/src/build/dbot_nav_slam': CMAKE_PREFIX_PATH=${CMAKE_PREFIX_PATH}:/home/dbot2/ros2_ws/src/install/tf2_dbot:/home/dbot2/ros2_ws/src/install/odom_motion_model:/home/dbot2/ros2_ws/src/install/motor_driver:/home/dbot2/ros2_ws/src/install/joycontrol:/home/dbot2/ros2_ws/src/install/gesturecontrol:/home/dbot2/ros2_ws/src/install/dbot:/home/dbot2/ros2_ws/install/tf2_dbot:/home/dbot2/ros2_ws/install/odom_motion_model:/home/dbot2/ros2_ws/install/motor_driver:/home/dbot2/ros2_ws/install/joycontrol:/home/dbot2/ros2_ws/install/gesturecontrol:/home/dbot2/dbot_src/install/tf2_dbot:/home/dbot2/dbot_src/install/odom_motion_model:/home/dbot2/dbot_src/install/motor_driver:/home/dbot2/dbot_src/install/joycontrol:/home/dbot2/dbot_src/install/dbot:/home/dbot2/dbot_remote/install/pcd_joy_trigger:/home/dbot2/circus_demo/install/circus_demo:/opt/ros/humble /usr/bin/cmake --build /home/dbot2/ros2_ws/src/build/dbot_nav_slam -- -j8 -l8
[0.435s] Built target ament_cmake_python_symlink_dbot_nav_slam
[0.435s] Built target ament_cmake_python_symlink_dbot_nav_slam_setup
[0.629s] running egg_info
[0.629s] writing dbot_nav_slam.egg-info/PKG-INFO
[0.630s] writing dependency_links to dbot_nav_slam.egg-info/dependency_links.txt
[0.630s] writing top-level names to dbot_nav_slam.egg-info/top_level.txt
[0.631s] reading manifest file 'dbot_nav_slam.egg-info/SOURCES.txt'
[0.632s] writing manifest file 'dbot_nav_slam.egg-info/SOURCES.txt'
[0.650s] Built target ament_cmake_python_build_dbot_nav_slam_egg
[0.658s] Invoked command in '/home/dbot2/ros2_ws/src/build/dbot_nav_slam' returned '0': CMAKE_PREFIX_PATH=${CMAKE_PREFIX_PATH}:/home/dbot2/ros2_ws/src/install/tf2_dbot:/home/dbot2/ros2_ws/src/install/odom_motion_model:/home/dbot2/ros2_ws/src/install/motor_driver:/home/dbot2/ros2_ws/src/install/joycontrol:/home/dbot2/ros2_ws/src/install/gesturecontrol:/home/dbot2/ros2_ws/src/install/dbot:/home/dbot2/ros2_ws/install/tf2_dbot:/home/dbot2/ros2_ws/install/odom_motion_model:/home/dbot2/ros2_ws/install/motor_driver:/home/dbot2/ros2_ws/install/joycontrol:/home/dbot2/ros2_ws/install/gesturecontrol:/home/dbot2/dbot_src/install/tf2_dbot:/home/dbot2/dbot_src/install/odom_motion_model:/home/dbot2/dbot_src/install/motor_driver:/home/dbot2/dbot_src/install/joycontrol:/home/dbot2/dbot_src/install/dbot:/home/dbot2/dbot_remote/install/pcd_joy_trigger:/home/dbot2/circus_demo/install/circus_demo:/opt/ros/humble /usr/bin/cmake --build /home/dbot2/ros2_ws/src/build/dbot_nav_slam -- -j8 -l8
[0.679s] Invoking command in '/home/dbot2/ros2_ws/src/build/dbot_nav_slam': CMAKE_PREFIX_PATH=${CMAKE_PREFIX_PATH}:/home/dbot2/ros2_ws/src/install/tf2_dbot:/home/dbot2/ros2_ws/src/install/odom_motion_model:/home/dbot2/ros2_ws/src/install/motor_driver:/home/dbot2/ros2_ws/src/install/joycontrol:/home/dbot2/ros2_ws/src/install/gesturecontrol:/home/dbot2/ros2_ws/src/install/dbot:/home/dbot2/ros2_ws/install/tf2_dbot:/home/dbot2/ros2_ws/install/odom_motion_model:/home/dbot2/ros2_ws/install/motor_driver:/home/dbot2/ros2_ws/install/joycontrol:/home/dbot2/ros2_ws/install/gesturecontrol:/home/dbot2/dbot_src/install/tf2_dbot:/home/dbot2/dbot_src/install/odom_motion_model:/home/dbot2/dbot_src/install/motor_driver:/home/dbot2/dbot_src/install/joycontrol:/home/dbot2/dbot_src/install/dbot:/home/dbot2/dbot_remote/install/pcd_joy_trigger:/home/dbot2/circus_demo/install/circus_demo:/opt/ros/humble /usr/bin/cmake --install /home/dbot2/ros2_ws/src/build/dbot_nav_slam
[0.683s] -- Install configuration: ""
[0.684s] -- Execute custom install script
[0.684s] -- Up-to-date symlink: /home/dbot2/ros2_ws/src/install/dbot_nav_slam/share/dbot_nav_slam/environment/pythonpath.sh
[0.684s] -- Up-to-date symlink: /home/dbot2/ros2_ws/src/install/dbot_nav_slam/share/dbot_nav_slam/environment/pythonpath.dsv
[0.684s] -- Up-to-date symlink: /home/dbot2/ros2_ws/src/install/dbot_nav_slam/local/lib/python3.10/dist-packages/dbot_nav_slam-0.0.0-py3.10.egg-info/PKG-INFO
[0.685s] -- Up-to-date symlink: /home/dbot2/ros2_ws/src/install/dbot_nav_slam/local/lib/python3.10/dist-packages/dbot_nav_slam-0.0.0-py3.10.egg-info/SOURCES.txt
[0.685s] -- Up-to-date symlink: /home/dbot2/ros2_ws/src/install/dbot_nav_slam/local/lib/python3.10/dist-packages/dbot_nav_slam-0.0.0-py3.10.egg-info/dependency_links.txt
[0.685s] -- Up-to-date symlink: /home/dbot2/ros2_ws/src/install/dbot_nav_slam/local/lib/python3.10/dist-packages/dbot_nav_slam-0.0.0-py3.10.egg-info/top_level.txt
[0.685s] -- Up-to-date symlink: /home/dbot2/ros2_ws/src/install/dbot_nav_slam/local/lib/python3.10/dist-packages/dbot_nav_slam/__init__.py
[0.685s] -- Up-to-date symlink: /home/dbot2/ros2_ws/src/install/dbot_nav_slam/local/lib/python3.10/dist-packages/dbot_nav_slam/modules_import.py
[0.686s] -- Up-to-date symlink: /home/dbot2/ros2_ws/src/install/dbot_nav_slam/share/dbot_nav_slam/config/diff_drive_controller.yaml
[0.686s] -- Up-to-date symlink: /home/dbot2/ros2_ws/src/install/dbot_nav_slam/share/dbot_nav_slam/config/joystick.yaml
[0.686s] -- Up-to-date symlink: /home/dbot2/ros2_ws/src/install/dbot_nav_slam/share/dbot_nav_slam/config/mapper_params_online_async.yaml
[0.686s] -- Up-to-date symlink: /home/dbot2/ros2_ws/src/install/dbot_nav_slam/share/dbot_nav_slam/config/mqtt_bridge.yaml
[0.686s] -- Up-to-date symlink: /home/dbot2/ros2_ws/src/install/dbot_nav_slam/share/dbot_nav_slam/config/my_controllers.yaml
[0.686s] -- Up-to-date symlink: /home/dbot2/ros2_ws/src/install/dbot_nav_slam/share/dbot_nav_slam/config/nav2_params.yaml
[0.686s] -- Up-to-date symlink: /home/dbot2/ros2_ws/src/install/dbot_nav_slam/share/dbot_nav_slam/config/twist_mux.yaml
[0.686s] -- Up-to-date symlink: /home/dbot2/ros2_ws/src/install/dbot_nav_slam/share/dbot_nav_slam/description/inertial_macros.xacro
[0.686s] -- Up-to-date symlink: /home/dbot2/ros2_ws/src/install/dbot_nav_slam/share/dbot_nav_slam/description/robot.urdf.xacro
[0.686s] -- Up-to-date symlink: /home/dbot2/ros2_ws/src/install/dbot_nav_slam/share/dbot_nav_slam/description/robot_core.xacro
[0.686s] -- Up-to-date symlink: /home/dbot2/ros2_ws/src/install/dbot_nav_slam/share/dbot_nav_slam/description/ros2_control.xacro
[0.687s] -- Up-to-date symlink: /home/dbot2/ros2_ws/src/install/dbot_nav_slam/share/dbot_nav_slam/launch/auto_nav_dbot_launch.py
[0.687s] -- Symlinking: /home/dbot2/ros2_ws/src/install/dbot_nav_slam/share/dbot_nav_slam/launch/emq_mqtt_auto_launch.py
[0.692s] -- Up-to-date symlink: /home/dbot2/ros2_ws/src/install/dbot_nav_slam/share/dbot_nav_slam/launch/launch_robot.launch.py
[0.692s] -- Up-to-date symlink: /home/dbot2/ros2_ws/src/install/dbot_nav_slam/share/dbot_nav_slam/launch/localization_launch.py
[0.692s] -- Up-to-date symlink: /home/dbot2/ros2_ws/src/install/dbot_nav_slam/share/dbot_nav_slam/launch/navigation_launch.py
[0.693s] -- Up-to-date symlink: /home/dbot2/ros2_ws/src/install/dbot_nav_slam/share/dbot_nav_slam/launch/online_async_launch.py
[0.693s] -- Up-to-date symlink: /home/dbot2/ros2_ws/src/install/dbot_nav_slam/share/dbot_nav_slam/launch/rsp.launch.py
[0.693s] -- Up-to-date symlink: /home/dbot2/ros2_ws/src/install/dbot_nav_slam/share/dbot_nav_slam/maps/DF_map.pgm
[0.693s] -- Up-to-date symlink: /home/dbot2/ros2_ws/src/install/dbot_nav_slam/share/dbot_nav_slam/maps/DF_map.yaml
[0.693s] -- Up-to-date symlink: /home/dbot2/ros2_ws/src/install/dbot_nav_slam/share/dbot_nav_slam/maps/cage.pgm
[0.693s] -- Up-to-date symlink: /home/dbot2/ros2_ws/src/install/dbot_nav_slam/share/dbot_nav_slam/maps/cage.yaml
[0.693s] -- Up-to-date symlink: /home/dbot2/ros2_ws/src/install/dbot_nav_slam/share/dbot_nav_slam/maps/office_map.pgm
[0.693s] -- Up-to-date symlink: /home/dbot2/ros2_ws/src/install/dbot_nav_slam/share/dbot_nav_slam/maps/office_map.yaml
[0.693s] -- Up-to-date symlink: /home/dbot2/ros2_ws/src/install/dbot_nav_slam/share/dbot_nav_slam/maps/office_map_localize.data
[0.693s] -- Up-to-date symlink: /home/dbot2/ros2_ws/src/install/dbot_nav_slam/share/dbot_nav_slam/maps/office_map_localize.posegraph
[0.693s] -- Up-to-date symlink: /home/dbot2/ros2_ws/src/install/dbot_nav_slam/share/dbot_nav_slam/maps/office_map_serial.data
[0.693s] -- Up-to-date symlink: /home/dbot2/ros2_ws/src/install/dbot_nav_slam/share/dbot_nav_slam/maps/office_map_serial.posegraph
[0.693s] -- Up-to-date symlink: /home/dbot2/ros2_ws/src/install/dbot_nav_slam/share/dbot_nav_slam/scripts/.mqtt_dbot.py.swp
[0.693s] -- Up-to-date symlink: /home/dbot2/ros2_ws/src/install/dbot_nav_slam/share/dbot_nav_slam/scripts/DF_inspection_route.py
[0.693s] -- Up-to-date symlink: /home/dbot2/ros2_ws/src/install/dbot_nav_slam/share/dbot_nav_slam/scripts/emca.crt
[0.693s] -- Symlinking: /home/dbot2/ros2_ws/src/install/dbot_nav_slam/share/dbot_nav_slam/scripts/emq_mqtt_inspection.py
[0.699s] -- Symlinking: /home/dbot2/ros2_ws/src/install/dbot_nav_slam/share/dbot_nav_slam/scripts/emq_mqtt_vel_msg_sub.py
[0.705s] -- Up-to-date symlink: /home/dbot2/ros2_ws/src/install/dbot_nav_slam/share/dbot_nav_slam/scripts/emqxsl-ca.crt
[0.705s] -- Up-to-date symlink: /home/dbot2/ros2_ws/src/install/dbot_nav_slam/share/dbot_nav_slam/scripts/mqtt.py
[0.705s] -- Up-to-date symlink: /home/dbot2/ros2_ws/src/install/dbot_nav_slam/share/dbot_nav_slam/scripts/mqtt_dbot.py
[0.705s] -- Up-to-date symlink: /home/dbot2/ros2_ws/src/install/dbot_nav_slam/share/dbot_nav_slam/scripts/mqtt_inspection.py
[0.705s] -- Up-to-date symlink: /home/dbot2/ros2_ws/src/install/dbot_nav_slam/share/dbot_nav_slam/scripts/mqtt_original.py
[0.705s] -- Up-to-date symlink: /home/dbot2/ros2_ws/src/install/dbot_nav_slam/share/dbot_nav_slam/scripts/nav_through_poses.py
[0.705s] -- Up-to-date symlink: /home/dbot2/ros2_ws/src/install/dbot_nav_slam/share/dbot_nav_slam/scripts/pose_subscriber.py
[0.705s] -- Up-to-date symlink: /home/dbot2/ros2_ws/src/install/dbot_nav_slam/share/dbot_nav_slam/scripts/remote_control.py
[0.705s] -- Up-to-date symlink: /home/dbot2/ros2_ws/src/install/dbot_nav_slam/share/dbot_nav_slam/scripts/single_goalpose.py
[0.705s] -- Up-to-date symlink: /home/dbot2/ros2_ws/src/install/dbot_nav_slam/share/dbot_nav_slam/scripts/test_full.py
[0.705s] -- Up-to-date symlink: /home/dbot2/ros2_ws/src/install/dbot_nav_slam/share/dbot_nav_slam/scripts/vel_msg_sub.py
[0.706s] -- Up-to-date symlink: /home/dbot2/ros2_ws/src/install/dbot_nav_slam/share/dbot_nav_slam//launch/auto_nav_dbot_launch.py
[0.706s] -- Up-to-date symlink: /home/dbot2/ros2_ws/src/install/dbot_nav_slam/share/dbot_nav_slam//launch/emq_mqtt_auto_launch.py
[0.706s] -- Up-to-date symlink: /home/dbot2/ros2_ws/src/install/dbot_nav_slam/share/dbot_nav_slam//launch/launch_robot.launch.py
[0.706s] -- Up-to-date symlink: /home/dbot2/ros2_ws/src/install/dbot_nav_slam/share/dbot_nav_slam//launch/localization_launch.py
[0.706s] -- Up-to-date symlink: /home/dbot2/ros2_ws/src/install/dbot_nav_slam/share/dbot_nav_slam//launch/navigation_launch.py
[0.706s] -- Up-to-date symlink: /home/dbot2/ros2_ws/src/install/dbot_nav_slam/share/dbot_nav_slam//launch/online_async_launch.py
[0.706s] -- Up-to-date symlink: /home/dbot2/ros2_ws/src/install/dbot_nav_slam/share/dbot_nav_slam//launch/rsp.launch.py
[0.706s] -- Up-to-date symlink: /home/dbot2/ros2_ws/src/install/dbot_nav_slam/lib/dbot_nav_slam/nav_through_poses.py
[0.706s] -- Symlinking: /home/dbot2/ros2_ws/src/install/dbot_nav_slam/lib/dbot_nav_slam/emq_mqtt_inspection.py
[0.712s] -- Symlinking: /home/dbot2/ros2_ws/src/install/dbot_nav_slam/lib/dbot_nav_slam/emq_mqtt_vel_msg_sub.py
[0.718s] -- Up-to-date symlink: /home/dbot2/ros2_ws/src/install/dbot_nav_slam/share/ament_index/resource_index/package_run_dependencies/dbot_nav_slam
[0.718s] -- Up-to-date symlink: /home/dbot2/ros2_ws/src/install/dbot_nav_slam/share/ament_index/resource_index/parent_prefix_path/dbot_nav_slam
[0.718s] -- Up-to-date symlink: /home/dbot2/ros2_ws/src/install/dbot_nav_slam/share/dbot_nav_slam/environment/ament_prefix_path.sh
[0.718s] -- Up-to-date symlink: /home/dbot2/ros2_ws/src/install/dbot_nav_slam/share/dbot_nav_slam/environment/ament_prefix_path.dsv
[0.719s] -- Up-to-date symlink: /home/dbot2/ros2_ws/src/install/dbot_nav_slam/share/dbot_nav_slam/environment/path.sh
[0.719s] -- Up-to-date symlink: /home/dbot2/ros2_ws/src/install/dbot_nav_slam/share/dbot_nav_slam/environment/path.dsv
[0.719s] -- Up-to-date symlink: /home/dbot2/ros2_ws/src/install/dbot_nav_slam/share/dbot_nav_slam/local_setup.bash
[0.719s] -- Up-to-date symlink: /home/dbot2/ros2_ws/src/install/dbot_nav_slam/share/dbot_nav_slam/local_setup.sh
[0.719s] -- Up-to-date symlink: /home/dbot2/ros2_ws/src/install/dbot_nav_slam/share/dbot_nav_slam/local_setup.zsh
[0.720s] -- Up-to-date symlink: /home/dbot2/ros2_ws/src/install/dbot_nav_slam/share/dbot_nav_slam/local_setup.dsv
[0.720s] -- Symlinking: /home/dbot2/ros2_ws/src/install/dbot_nav_slam/share/dbot_nav_slam/package.dsv
[0.726s] -- Up-to-date symlink: /home/dbot2/ros2_ws/src/install/dbot_nav_slam/share/ament_index/resource_index/packages/dbot_nav_slam
[0.726s] -- Up-to-date symlink: /home/dbot2/ros2_ws/src/install/dbot_nav_slam/share/dbot_nav_slam/cmake/dbot_nav_slamConfig.cmake
[0.726s] -- Up-to-date symlink: /home/dbot2/ros2_ws/src/install/dbot_nav_slam/share/dbot_nav_slam/cmake/dbot_nav_slamConfig-version.cmake
[0.726s] -- Up-to-date symlink: /home/dbot2/ros2_ws/src/install/dbot_nav_slam/share/dbot_nav_slam/package.xml
[0.759s] Listing '/home/dbot2/ros2_ws/src/install/dbot_nav_slam/local/lib/python3.10/dist-packages/dbot_nav_slam'...
[0.763s] Invoked command in '/home/dbot2/ros2_ws/src/build/dbot_nav_slam' returned '0': CMAKE_PREFIX_PATH=${CMAKE_PREFIX_PATH}:/home/dbot2/ros2_ws/src/install/tf2_dbot:/home/dbot2/ros2_ws/src/install/odom_motion_model:/home/dbot2/ros2_ws/src/install/motor_driver:/home/dbot2/ros2_ws/src/install/joycontrol:/home/dbot2/ros2_ws/src/install/gesturecontrol:/home/dbot2/ros2_ws/src/install/dbot:/home/dbot2/ros2_ws/install/tf2_dbot:/home/dbot2/ros2_ws/install/odom_motion_model:/home/dbot2/ros2_ws/install/motor_driver:/home/dbot2/ros2_ws/install/joycontrol:/home/dbot2/ros2_ws/install/gesturecontrol:/home/dbot2/dbot_src/install/tf2_dbot:/home/dbot2/dbot_src/install/odom_motion_model:/home/dbot2/dbot_src/install/motor_driver:/home/dbot2/dbot_src/install/joycontrol:/home/dbot2/dbot_src/install/dbot:/home/dbot2/dbot_remote/install/pcd_joy_trigger:/home/dbot2/circus_demo/install/circus_demo:/opt/ros/humble /usr/bin/cmake --install /home/dbot2/ros2_ws/src/build/dbot_nav_slam
