[0.235s] Invoking command in '/home/dbot2/ros2_ws/src/build/dbot_nav_slam': CMAKE_PREFIX_PATH=${CMAKE_PREFIX_PATH}:/home/dbot2/ros2_ws/install/tf2_dbot:/home/dbot2/ros2_ws/install/odom_motion_model:/home/dbot2/ros2_ws/install/motor_driver:/home/dbot2/ros2_ws/install/joycontrol:/home/dbot2/ros2_ws/install/gesturecontrol:/home/dbot2/dbot_src/install/tf2_dbot:/home/dbot2/dbot_src/install/odom_motion_model:/home/dbot2/dbot_src/install/motor_driver:/home/dbot2/dbot_src/install/joycontrol:/home/dbot2/dbot_src/install/dbot:/home/dbot2/dbot_remote/install/pcd_joy_trigger:/home/dbot2/circus_demo/install/circus_demo:/opt/ros/humble /usr/bin/cmake /home/dbot2/ros2_ws/src/dbot_nav_slam -DAMENT_CMAKE_SYMLINK_INSTALL=1 -DCMAKE_INSTALL_PREFIX=/home/dbot2/ros2_ws/src/install/dbot_nav_slam
[0.696s] -- The C compiler identification is GNU 11.4.0
[0.696s] -- The CXX compiler identification is GNU 11.4.0
[0.696s] -- Detecting C compiler ABI info
[0.696s] -- Detecting C compiler ABI info - done
[0.696s] -- Check for working C compiler: /usr/bin/cc - skipped
[0.696s] -- Detecting C compile features
[0.696s] -- Detecting C compile features - done
[0.696s] -- Detecting CXX compiler ABI info
[0.697s] -- Detecting CXX compiler ABI info - done
[0.697s] -- Check for working CXX compiler: /usr/bin/c++ - skipped
[0.697s] -- Detecting CXX compile features
[0.697s] -- Detecting CXX compile features - done
[0.697s] -- Found ament_cmake: 1.3.10 (/opt/ros/humble/share/ament_cmake/cmake)
[0.697s] -- Found Python3: /usr/bin/python3 (found version "3.10.12") found components: Interpreter 
[0.697s] -- Override CMake install command with custom implementation using symlinks instead of copying resources
[0.697s] -- Found rclcpp: 16.0.10 (/opt/ros/humble/share/rclcpp/cmake)
[0.733s] -- Found rosidl_generator_c: 3.1.5 (/opt/ros/humble/share/rosidl_generator_c/cmake)
[0.738s] -- Found rosidl_adapter: 3.1.5 (/opt/ros/humble/share/rosidl_adapter/cmake)
[0.746s] -- Found rosidl_generator_cpp: 3.1.5 (/opt/ros/humble/share/rosidl_generator_cpp/cmake)
[0.757s] -- Using all available rosidl_typesupport_c: rosidl_typesupport_fastrtps_c;rosidl_typesupport_introspection_c
[0.772s] -- Using all available rosidl_typesupport_cpp: rosidl_typesupport_fastrtps_cpp;rosidl_typesupport_introspection_cpp
[0.814s] -- Found rmw_implementation_cmake: 6.1.2 (/opt/ros/humble/share/rmw_implementation_cmake/cmake)
[0.817s] -- Found rmw_fastrtps_cpp: 6.2.7 (/opt/ros/humble/share/rmw_fastrtps_cpp/cmake)
[0.883s] -- Found OpenSSL: /usr/lib/x86_64-linux-gnu/libcrypto.so (found version "3.0.2")  
[0.905s] -- Found FastRTPS: /opt/ros/humble/include  
[0.950s] -- Using RMW implementation 'rmw_fastrtps_cpp' as default
[0.966s] -- Looking for pthread.h
[1.055s] -- Looking for pthread.h - found
[1.055s] -- Performing Test CMAKE_HAVE_LIBC_PTHREAD
[1.134s] -- Performing Test CMAKE_HAVE_LIBC_PTHREAD - Success
[1.136s] -- Found Threads: TRUE  
[1.215s] -- Found rclpy: 3.3.14 (/opt/ros/humble/share/rclpy/cmake)
[1.219s] -- Found ament_lint_auto: 0.12.11 (/opt/ros/humble/share/ament_lint_auto/cmake)
[1.377s] -- Added test 'copyright' to check source files copyright and LICENSE
[1.380s] -- Added test 'flake8' to check Python code syntax and style conventions
[1.386s] -- Added test 'lint_cmake' to check CMake code style
[1.386s] -- Added test 'pep257' to check Python code against some of the docstring style conventions in PEP 257
[1.386s] -- Added test 'xmllint' to check XML markup files
[1.387s] -- Configuring done
[1.394s] -- Generating done
[1.394s] -- Build files have been written to: /home/dbot2/ros2_ws/src/build/dbot_nav_slam
[1.410s] Invoked command in '/home/dbot2/ros2_ws/src/build/dbot_nav_slam' returned '0': CMAKE_PREFIX_PATH=${CMAKE_PREFIX_PATH}:/home/dbot2/ros2_ws/install/tf2_dbot:/home/dbot2/ros2_ws/install/odom_motion_model:/home/dbot2/ros2_ws/install/motor_driver:/home/dbot2/ros2_ws/install/joycontrol:/home/dbot2/ros2_ws/install/gesturecontrol:/home/dbot2/dbot_src/install/tf2_dbot:/home/dbot2/dbot_src/install/odom_motion_model:/home/dbot2/dbot_src/install/motor_driver:/home/dbot2/dbot_src/install/joycontrol:/home/dbot2/dbot_src/install/dbot:/home/dbot2/dbot_remote/install/pcd_joy_trigger:/home/dbot2/circus_demo/install/circus_demo:/opt/ros/humble /usr/bin/cmake /home/dbot2/ros2_ws/src/dbot_nav_slam -DAMENT_CMAKE_SYMLINK_INSTALL=1 -DCMAKE_INSTALL_PREFIX=/home/dbot2/ros2_ws/src/install/dbot_nav_slam
[1.412s] Invoking command in '/home/dbot2/ros2_ws/src/build/dbot_nav_slam': CMAKE_PREFIX_PATH=${CMAKE_PREFIX_PATH}:/home/dbot2/ros2_ws/install/tf2_dbot:/home/dbot2/ros2_ws/install/odom_motion_model:/home/dbot2/ros2_ws/install/motor_driver:/home/dbot2/ros2_ws/install/joycontrol:/home/dbot2/ros2_ws/install/gesturecontrol:/home/dbot2/dbot_src/install/tf2_dbot:/home/dbot2/dbot_src/install/odom_motion_model:/home/dbot2/dbot_src/install/motor_driver:/home/dbot2/dbot_src/install/joycontrol:/home/dbot2/dbot_src/install/dbot:/home/dbot2/dbot_remote/install/pcd_joy_trigger:/home/dbot2/circus_demo/install/circus_demo:/opt/ros/humble /usr/bin/cmake --build /home/dbot2/ros2_ws/src/build/dbot_nav_slam -- -j8 -l8
[1.470s] Built target ament_cmake_python_symlink_dbot_nav_slam
[1.474s] Built target ament_cmake_python_symlink_dbot_nav_slam_setup
[1.759s] running egg_info
[1.761s] creating dbot_nav_slam.egg-info
[1.761s] writing dbot_nav_slam.egg-info/PKG-INFO
[1.761s] writing dependency_links to dbot_nav_slam.egg-info/dependency_links.txt
[1.761s] writing top-level names to dbot_nav_slam.egg-info/top_level.txt
[1.762s] writing manifest file 'dbot_nav_slam.egg-info/SOURCES.txt'
[1.763s] reading manifest file 'dbot_nav_slam.egg-info/SOURCES.txt'
[1.764s] writing manifest file 'dbot_nav_slam.egg-info/SOURCES.txt'
[1.785s] Built target ament_cmake_python_build_dbot_nav_slam_egg
[1.796s] Invoked command in '/home/dbot2/ros2_ws/src/build/dbot_nav_slam' returned '0': CMAKE_PREFIX_PATH=${CMAKE_PREFIX_PATH}:/home/dbot2/ros2_ws/install/tf2_dbot:/home/dbot2/ros2_ws/install/odom_motion_model:/home/dbot2/ros2_ws/install/motor_driver:/home/dbot2/ros2_ws/install/joycontrol:/home/dbot2/ros2_ws/install/gesturecontrol:/home/dbot2/dbot_src/install/tf2_dbot:/home/dbot2/dbot_src/install/odom_motion_model:/home/dbot2/dbot_src/install/motor_driver:/home/dbot2/dbot_src/install/joycontrol:/home/dbot2/dbot_src/install/dbot:/home/dbot2/dbot_remote/install/pcd_joy_trigger:/home/dbot2/circus_demo/install/circus_demo:/opt/ros/humble /usr/bin/cmake --build /home/dbot2/ros2_ws/src/build/dbot_nav_slam -- -j8 -l8
[1.833s] Invoking command in '/home/dbot2/ros2_ws/src/build/dbot_nav_slam': CMAKE_PREFIX_PATH=${CMAKE_PREFIX_PATH}:/home/dbot2/ros2_ws/install/tf2_dbot:/home/dbot2/ros2_ws/install/odom_motion_model:/home/dbot2/ros2_ws/install/motor_driver:/home/dbot2/ros2_ws/install/joycontrol:/home/dbot2/ros2_ws/install/gesturecontrol:/home/dbot2/dbot_src/install/tf2_dbot:/home/dbot2/dbot_src/install/odom_motion_model:/home/dbot2/dbot_src/install/motor_driver:/home/dbot2/dbot_src/install/joycontrol:/home/dbot2/dbot_src/install/dbot:/home/dbot2/dbot_remote/install/pcd_joy_trigger:/home/dbot2/circus_demo/install/circus_demo:/opt/ros/humble /usr/bin/cmake --install /home/dbot2/ros2_ws/src/build/dbot_nav_slam
[1.864s] -- Install configuration: ""
[1.865s] -- Execute custom install script
[1.865s] -- Symlinking: /home/dbot2/ros2_ws/src/install/dbot_nav_slam/share/dbot_nav_slam/environment/pythonpath.sh
[1.865s] -- Symlinking: /home/dbot2/ros2_ws/src/install/dbot_nav_slam/share/dbot_nav_slam/environment/pythonpath.dsv
[1.865s] -- Symlinking: /home/dbot2/ros2_ws/src/install/dbot_nav_slam/local/lib/python3.10/dist-packages/dbot_nav_slam-0.0.0-py3.10.egg-info/PKG-INFO
[1.865s] -- Symlinking: /home/dbot2/ros2_ws/src/install/dbot_nav_slam/local/lib/python3.10/dist-packages/dbot_nav_slam-0.0.0-py3.10.egg-info/SOURCES.txt
[1.868s] -- Symlinking: /home/dbot2/ros2_ws/src/install/dbot_nav_slam/local/lib/python3.10/dist-packages/dbot_nav_slam-0.0.0-py3.10.egg-info/dependency_links.txt
[1.875s] -- Symlinking: /home/dbot2/ros2_ws/src/install/dbot_nav_slam/local/lib/python3.10/dist-packages/dbot_nav_slam-0.0.0-py3.10.egg-info/top_level.txt
[1.883s] -- Symlinking: /home/dbot2/ros2_ws/src/install/dbot_nav_slam/local/lib/python3.10/dist-packages/dbot_nav_slam/__init__.py
[1.894s] -- Symlinking: /home/dbot2/ros2_ws/src/install/dbot_nav_slam/local/lib/python3.10/dist-packages/dbot_nav_slam/modules_import.py
[1.900s] -- Symlinking: /home/dbot2/ros2_ws/src/install/dbot_nav_slam/share/dbot_nav_slam/config/diff_drive_controller.yaml
[1.914s] -- Symlinking: /home/dbot2/ros2_ws/src/install/dbot_nav_slam/share/dbot_nav_slam/config/joystick.yaml
[1.927s] -- Symlinking: /home/dbot2/ros2_ws/src/install/dbot_nav_slam/share/dbot_nav_slam/config/mapper_params_online_async.yaml
[1.940s] -- Symlinking: /home/dbot2/ros2_ws/src/install/dbot_nav_slam/share/dbot_nav_slam/config/mqtt_bridge.yaml
[1.956s] -- Symlinking: /home/dbot2/ros2_ws/src/install/dbot_nav_slam/share/dbot_nav_slam/config/my_controllers.yaml
[1.966s] -- Symlinking: /home/dbot2/ros2_ws/src/install/dbot_nav_slam/share/dbot_nav_slam/config/nav2_params.yaml
[1.973s] -- Symlinking: /home/dbot2/ros2_ws/src/install/dbot_nav_slam/share/dbot_nav_slam/config/twist_mux.yaml
[1.980s] -- Symlinking: /home/dbot2/ros2_ws/src/install/dbot_nav_slam/share/dbot_nav_slam/description/inertial_macros.xacro
[1.985s] -- Symlinking: /home/dbot2/ros2_ws/src/install/dbot_nav_slam/share/dbot_nav_slam/description/robot.urdf.xacro
[1.991s] -- Symlinking: /home/dbot2/ros2_ws/src/install/dbot_nav_slam/share/dbot_nav_slam/description/robot_core.xacro
[1.999s] -- Symlinking: /home/dbot2/ros2_ws/src/install/dbot_nav_slam/share/dbot_nav_slam/description/ros2_control.xacro
[2.005s] -- Symlinking: /home/dbot2/ros2_ws/src/install/dbot_nav_slam/share/dbot_nav_slam/launch/auto_nav_dbot_launch.py
[2.012s] -- Symlinking: /home/dbot2/ros2_ws/src/install/dbot_nav_slam/share/dbot_nav_slam/launch/launch_robot.launch.py
[2.018s] -- Symlinking: /home/dbot2/ros2_ws/src/install/dbot_nav_slam/share/dbot_nav_slam/launch/localization_launch.py
[2.024s] -- Symlinking: /home/dbot2/ros2_ws/src/install/dbot_nav_slam/share/dbot_nav_slam/launch/navigation_launch.py
[2.030s] -- Symlinking: /home/dbot2/ros2_ws/src/install/dbot_nav_slam/share/dbot_nav_slam/launch/online_async_launch.py
[2.036s] -- Symlinking: /home/dbot2/ros2_ws/src/install/dbot_nav_slam/share/dbot_nav_slam/launch/remote_auto_launch.py
[2.042s] -- Symlinking: /home/dbot2/ros2_ws/src/install/dbot_nav_slam/share/dbot_nav_slam/launch/rsp.launch.py
[2.048s] -- Symlinking: /home/dbot2/ros2_ws/src/install/dbot_nav_slam/share/dbot_nav_slam/maps/DF_map.pgm
[2.056s] -- Symlinking: /home/dbot2/ros2_ws/src/install/dbot_nav_slam/share/dbot_nav_slam/maps/DF_map.yaml
[2.065s] -- Symlinking: /home/dbot2/ros2_ws/src/install/dbot_nav_slam/share/dbot_nav_slam/maps/cage.pgm
[2.072s] -- Symlinking: /home/dbot2/ros2_ws/src/install/dbot_nav_slam/share/dbot_nav_slam/maps/cage.yaml
[2.078s] -- Symlinking: /home/dbot2/ros2_ws/src/install/dbot_nav_slam/share/dbot_nav_slam/maps/office_map.pgm
[2.084s] -- Symlinking: /home/dbot2/ros2_ws/src/install/dbot_nav_slam/share/dbot_nav_slam/maps/office_map.yaml
[2.090s] -- Symlinking: /home/dbot2/ros2_ws/src/install/dbot_nav_slam/share/dbot_nav_slam/maps/office_map_localize.data
[2.096s] -- Symlinking: /home/dbot2/ros2_ws/src/install/dbot_nav_slam/share/dbot_nav_slam/maps/office_map_localize.posegraph
[2.105s] -- Symlinking: /home/dbot2/ros2_ws/src/install/dbot_nav_slam/share/dbot_nav_slam/maps/office_map_serial.data
[2.113s] -- Symlinking: /home/dbot2/ros2_ws/src/install/dbot_nav_slam/share/dbot_nav_slam/maps/office_map_serial.posegraph
[2.121s] -- Symlinking: /home/dbot2/ros2_ws/src/install/dbot_nav_slam/share/dbot_nav_slam/scripts/.mqtt_dbot.py.swp
[2.127s] -- Symlinking: /home/dbot2/ros2_ws/src/install/dbot_nav_slam/share/dbot_nav_slam/scripts/DF_inspection_route.py
[2.133s] -- Symlinking: /home/dbot2/ros2_ws/src/install/dbot_nav_slam/share/dbot_nav_slam/scripts/demo_nav.py
[2.139s] -- Symlinking: /home/dbot2/ros2_ws/src/install/dbot_nav_slam/share/dbot_nav_slam/scripts/emca.crt
[2.146s] -- Symlinking: /home/dbot2/ros2_ws/src/install/dbot_nav_slam/share/dbot_nav_slam/scripts/emqxsl-ca.crt
[2.152s] -- Symlinking: /home/dbot2/ros2_ws/src/install/dbot_nav_slam/share/dbot_nav_slam/scripts/mqtt.py
[2.158s] -- Symlinking: /home/dbot2/ros2_ws/src/install/dbot_nav_slam/share/dbot_nav_slam/scripts/mqtt_dbot.py
[2.164s] -- Symlinking: /home/dbot2/ros2_ws/src/install/dbot_nav_slam/share/dbot_nav_slam/scripts/mqtt_inspection.py
[2.170s] -- Symlinking: /home/dbot2/ros2_ws/src/install/dbot_nav_slam/share/dbot_nav_slam/scripts/mqtt_original.py
[2.176s] -- Symlinking: /home/dbot2/ros2_ws/src/install/dbot_nav_slam/share/dbot_nav_slam/scripts/nav_through_poses.py
[2.182s] -- Symlinking: /home/dbot2/ros2_ws/src/install/dbot_nav_slam/share/dbot_nav_slam/scripts/pose_subscriber.py
[2.198s] -- Symlinking: /home/dbot2/ros2_ws/src/install/dbot_nav_slam/share/dbot_nav_slam/scripts/remote_control.py
[2.205s] -- Symlinking: /home/dbot2/ros2_ws/src/install/dbot_nav_slam/share/dbot_nav_slam/scripts/single_goalpose.py
[2.211s] -- Symlinking: /home/dbot2/ros2_ws/src/install/dbot_nav_slam/share/dbot_nav_slam/scripts/test_full.py
[2.217s] -- Symlinking: /home/dbot2/ros2_ws/src/install/dbot_nav_slam/share/dbot_nav_slam/scripts/vel_msg_sub.py
[2.223s] -- Up-to-date symlink: /home/dbot2/ros2_ws/src/install/dbot_nav_slam/share/dbot_nav_slam//launch/auto_nav_dbot_launch.py
[2.223s] -- Up-to-date symlink: /home/dbot2/ros2_ws/src/install/dbot_nav_slam/share/dbot_nav_slam//launch/launch_robot.launch.py
[2.223s] -- Up-to-date symlink: /home/dbot2/ros2_ws/src/install/dbot_nav_slam/share/dbot_nav_slam//launch/localization_launch.py
[2.223s] -- Up-to-date symlink: /home/dbot2/ros2_ws/src/install/dbot_nav_slam/share/dbot_nav_slam//launch/navigation_launch.py
[2.223s] -- Up-to-date symlink: /home/dbot2/ros2_ws/src/install/dbot_nav_slam/share/dbot_nav_slam//launch/online_async_launch.py
[2.223s] -- Up-to-date symlink: /home/dbot2/ros2_ws/src/install/dbot_nav_slam/share/dbot_nav_slam//launch/remote_auto_launch.py
[2.223s] -- Up-to-date symlink: /home/dbot2/ros2_ws/src/install/dbot_nav_slam/share/dbot_nav_slam//launch/rsp.launch.py
[2.224s] -- Symlinking: /home/dbot2/ros2_ws/src/install/dbot_nav_slam/lib/dbot_nav_slam/nav_through_poses.py
[2.230s] -- Symlinking: /home/dbot2/ros2_ws/src/install/dbot_nav_slam/lib/dbot_nav_slam/DF_inspection_route.py
[2.236s] -- Symlinking: /home/dbot2/ros2_ws/src/install/dbot_nav_slam/lib/dbot_nav_slam/mqtt.py
[2.243s] -- Symlinking: /home/dbot2/ros2_ws/src/install/dbot_nav_slam/lib/dbot_nav_slam/remote_control.py
[2.250s] -- Symlinking: /home/dbot2/ros2_ws/src/install/dbot_nav_slam/share/ament_index/resource_index/package_run_dependencies/dbot_nav_slam
[2.258s] -- Symlinking: /home/dbot2/ros2_ws/src/install/dbot_nav_slam/share/ament_index/resource_index/parent_prefix_path/dbot_nav_slam
[2.265s] -- Symlinking: /home/dbot2/ros2_ws/src/install/dbot_nav_slam/share/dbot_nav_slam/environment/ament_prefix_path.sh
[2.273s] -- Symlinking: /home/dbot2/ros2_ws/src/install/dbot_nav_slam/share/dbot_nav_slam/environment/ament_prefix_path.dsv
[2.279s] -- Symlinking: /home/dbot2/ros2_ws/src/install/dbot_nav_slam/share/dbot_nav_slam/environment/path.sh
[2.285s] -- Symlinking: /home/dbot2/ros2_ws/src/install/dbot_nav_slam/share/dbot_nav_slam/environment/path.dsv
[2.292s] -- Symlinking: /home/dbot2/ros2_ws/src/install/dbot_nav_slam/share/dbot_nav_slam/local_setup.bash
[2.300s] -- Symlinking: /home/dbot2/ros2_ws/src/install/dbot_nav_slam/share/dbot_nav_slam/local_setup.sh
[2.310s] -- Symlinking: /home/dbot2/ros2_ws/src/install/dbot_nav_slam/share/dbot_nav_slam/local_setup.zsh
[2.319s] -- Symlinking: /home/dbot2/ros2_ws/src/install/dbot_nav_slam/share/dbot_nav_slam/local_setup.dsv
[2.330s] -- Symlinking: /home/dbot2/ros2_ws/src/install/dbot_nav_slam/share/dbot_nav_slam/package.dsv
[2.338s] -- Symlinking: /home/dbot2/ros2_ws/src/install/dbot_nav_slam/share/ament_index/resource_index/packages/dbot_nav_slam
[2.347s] -- Symlinking: /home/dbot2/ros2_ws/src/install/dbot_nav_slam/share/dbot_nav_slam/cmake/dbot_nav_slamConfig.cmake
[2.354s] -- Symlinking: /home/dbot2/ros2_ws/src/install/dbot_nav_slam/share/dbot_nav_slam/cmake/dbot_nav_slamConfig-version.cmake
[2.366s] -- Symlinking: /home/dbot2/ros2_ws/src/install/dbot_nav_slam/share/dbot_nav_slam/package.xml
[2.421s] Listing '/home/dbot2/ros2_ws/src/install/dbot_nav_slam/local/lib/python3.10/dist-packages/dbot_nav_slam'...
[2.421s] Compiling '/home/dbot2/ros2_ws/src/install/dbot_nav_slam/local/lib/python3.10/dist-packages/dbot_nav_slam/__init__.py'...
[2.421s] Compiling '/home/dbot2/ros2_ws/src/install/dbot_nav_slam/local/lib/python3.10/dist-packages/dbot_nav_slam/modules_import.py'...
[2.428s] Invoked command in '/home/dbot2/ros2_ws/src/build/dbot_nav_slam' returned '0': CMAKE_PREFIX_PATH=${CMAKE_PREFIX_PATH}:/home/dbot2/ros2_ws/install/tf2_dbot:/home/dbot2/ros2_ws/install/odom_motion_model:/home/dbot2/ros2_ws/install/motor_driver:/home/dbot2/ros2_ws/install/joycontrol:/home/dbot2/ros2_ws/install/gesturecontrol:/home/dbot2/dbot_src/install/tf2_dbot:/home/dbot2/dbot_src/install/odom_motion_model:/home/dbot2/dbot_src/install/motor_driver:/home/dbot2/dbot_src/install/joycontrol:/home/dbot2/dbot_src/install/dbot:/home/dbot2/dbot_remote/install/pcd_joy_trigger:/home/dbot2/circus_demo/install/circus_demo:/opt/ros/humble /usr/bin/cmake --install /home/dbot2/ros2_ws/src/build/dbot_nav_slam
