[2.027s] Invoking command in '/home/dbot2/dbot_vda5050_ilmatar/build/tf2_dbot': PYTHONPATH=/home/dbot2/dbot_vda5050_ilmatar/build/tf2_dbot/prefix_override:/usr/lib/python3/dist-packages/colcon_core/task/python/colcon_distutils_commands:/home/dbot2/dbot_vda5050_ilmatar/install/tf2_dbot/lib/python3.10/site-packages:${PYTHONPATH} /usr/bin/python3 -W ignore:setup.py install is deprecated -W ignore:easy_install command is deprecated setup.py develop --editable --build-directory /home/dbot2/dbot_vda5050_ilmatar/build/tf2_dbot/build --no-deps symlink_data
[2.483s] running develop
[2.805s] running egg_info
[2.805s] creating tf2_dbot.egg-info
[2.805s] writing tf2_dbot.egg-info/PKG-INFO
[2.805s] writing dependency_links to tf2_dbot.egg-info/dependency_links.txt
[2.805s] writing entry points to tf2_dbot.egg-info/entry_points.txt
[2.805s] writing requirements to tf2_dbot.egg-info/requires.txt
[2.805s] writing top-level names to tf2_dbot.egg-info/top_level.txt
[2.807s] writing manifest file 'tf2_dbot.egg-info/SOURCES.txt'
[2.812s] reading manifest file 'tf2_dbot.egg-info/SOURCES.txt'
[2.813s] writing manifest file 'tf2_dbot.egg-info/SOURCES.txt'
[2.822s] running build_ext
[2.823s] Creating /home/dbot2/dbot_vda5050_ilmatar/install/tf2_dbot/lib/python3.10/site-packages/tf2-dbot.egg-link (link to .)
[2.824s] Installing odom_baselink_broadcaster script to /home/dbot2/dbot_vda5050_ilmatar/install/tf2_dbot/lib/tf2_dbot
[2.824s] 
[2.824s] Installed /home/dbot2/dbot_vda5050_ilmatar/build/tf2_dbot
[2.824s] running symlink_data
[2.824s] creating /home/dbot2/dbot_vda5050_ilmatar/install/tf2_dbot/share/ament_index
[2.827s] creating /home/dbot2/dbot_vda5050_ilmatar/install/tf2_dbot/share/ament_index/resource_index
[2.827s] creating /home/dbot2/dbot_vda5050_ilmatar/install/tf2_dbot/share/ament_index/resource_index/packages
[2.827s] symbolically linking /home/dbot2/dbot_vda5050_ilmatar/build/tf2_dbot/resource/tf2_dbot -> /home/dbot2/dbot_vda5050_ilmatar/install/tf2_dbot/share/ament_index/resource_index/packages
[2.827s] symbolically linking /home/dbot2/dbot_vda5050_ilmatar/build/tf2_dbot/package.xml -> /home/dbot2/dbot_vda5050_ilmatar/install/tf2_dbot/share/tf2_dbot
[2.828s] creating /home/dbot2/dbot_vda5050_ilmatar/install/tf2_dbot/share/tf2_dbot/launch
[2.828s] symbolically linking /home/dbot2/dbot_vda5050_ilmatar/build/tf2_dbot/launch/tf2_dbot_launch.py -> /home/dbot2/dbot_vda5050_ilmatar/install/tf2_dbot/share/tf2_dbot/launch
[2.887s] Invoked command in '/home/dbot2/dbot_vda5050_ilmatar/build/tf2_dbot' returned '0': PYTHONPATH=/home/dbot2/dbot_vda5050_ilmatar/build/tf2_dbot/prefix_override:/usr/lib/python3/dist-packages/colcon_core/task/python/colcon_distutils_commands:/home/dbot2/dbot_vda5050_ilmatar/install/tf2_dbot/lib/python3.10/site-packages:${PYTHONPATH} /usr/bin/python3 -W ignore:setup.py install is deprecated -W ignore:easy_install command is deprecated setup.py develop --editable --build-directory /home/dbot2/dbot_vda5050_ilmatar/build/tf2_dbot/build --no-deps symlink_data
