-- The C compiler identification is GNU 11.4.0
-- The CXX compiler identification is GNU 11.4.0
-- Detecting C compiler ABI info
-- Detecting C compiler ABI info - done
-- Check for working C compiler: /usr/bin/cc - skipped
-- Detecting C compile features
-- Detecting C compile features - done
-- Detecting CXX compiler ABI info
-- Detecting CXX compiler ABI info - done
-- Check for working CXX compiler: /usr/bin/c++ - skipped
-- Detecting CXX compile features
-- Detecting CXX compile features - done
-- Found ament_cmake: 1.3.11 (/opt/ros/humble/share/ament_cmake/cmake)
-- Found Python3: /usr/bin/python3 (found version "3.10.12") found components: Interpreter 
-- Override CMake install command with custom implementation using symlinks instead of copying resources
-- Found ament_cmake_ros: 0.10.0 (/opt/ros/humble/share/ament_cmake_ros/cmake)
-- Found pluginlib: 5.1.0 (/opt/ros/humble/share/pluginlib/cmake)
-- Found rclcpp_action: 16.0.12 (/opt/ros/humble/share/rclcpp_action/cmake)
-- Found rosidl_generator_c: 3.1.6 (/opt/ros/humble/share/rosidl_generator_c/cmake)
-- Found rosidl_adapter: 3.1.6 (/opt/ros/humble/share/rosidl_adapter/cmake)
-- Found rosidl_generator_cpp: 3.1.6 (/opt/ros/humble/share/rosidl_generator_cpp/cmake)
-- Using all available rosidl_typesupport_c: rosidl_typesupport_fastrtps_c;rosidl_typesupport_introspection_c
-- Using all available rosidl_typesupport_cpp: rosidl_typesupport_fastrtps_cpp;rosidl_typesupport_introspection_cpp
-- Found rmw_implementation_cmake: 6.1.2 (/opt/ros/humble/share/rmw_implementation_cmake/cmake)
-- Found rmw_fastrtps_cpp: 6.2.7 (/opt/ros/humble/share/rmw_fastrtps_cpp/cmake)
-- Found TinyXML2 via Config file: TinyXML2_DIR-NOTFOUND
-- Found OpenSSL: /usr/lib/x86_64-linux-gnu/libcrypto.so (found version "3.0.2")  
-- Found TinyXML2 via Config file: TinyXML2_DIR-NOTFOUND
-- Found FastRTPS: /opt/ros/humble/include  
-- Found TinyXML2 via Config file: TinyXML2_DIR-NOTFOUND
-- Found TinyXML2 via Config file: TinyXML2_DIR-NOTFOUND
-- Using RMW implementation 'rmw_fastrtps_cpp' as default
-- Looking for pthread.h
-- Looking for pthread.h - found
-- Performing Test CMAKE_HAVE_LIBC_PTHREAD
-- Performing Test CMAKE_HAVE_LIBC_PTHREAD - Success
-- Found Threads: TRUE  
-- Found rclpy: 3.3.16 (/opt/ros/humble/share/rclpy/cmake)
-- Found rosidl_default_generators: 1.2.0 (/opt/ros/humble/share/rosidl_default_generators/cmake)
-- Found tf2: 0.25.13 (/opt/ros/humble/share/tf2/cmake)
-- Found vda5050_msgs: 1.1.1 (/home/dbot2/dbot_vda5050_ilmatar/install/vda5050_msgs/share/vda5050_msgs/cmake)
-- Found ament_cmake_cppcheck: 0.20.1 (/home/dbot2/ros2_ws/install/ament_cmake_cppcheck/share/ament_cmake_cppcheck/cmake)
-- Found ament_cmake_cpplint: 0.20.1 (/home/dbot2/ros2_ws/install/ament_cmake_cpplint/share/ament_cmake_cpplint/cmake)
-- Found ament_cmake_uncrustify: 0.20.1 (/home/dbot2/ros2_ws/install/ament_cmake_uncrustify/share/ament_cmake_uncrustify/cmake)
-- Using all available rosidl_typesupport_c: rosidl_typesupport_fastrtps_c;rosidl_typesupport_introspection_c
-- Using all available rosidl_typesupport_cpp: rosidl_typesupport_fastrtps_cpp;rosidl_typesupport_introspection_cpp
-- Found PythonInterp: /usr/bin/python3 (found suitable version "3.10.12", minimum required is "3.6") 
-- Found python_cmake_module: 0.10.0 (/opt/ros/humble/share/python_cmake_module/cmake)
-- Found PythonLibs: /usr/lib/x86_64-linux-gnu/libpython3.10.so (found suitable version "3.10.12", minimum required is "3.5") 
-- Using PYTHON_EXECUTABLE: /usr/bin/python3
-- Using PYTHON_INCLUDE_DIRS: /usr/include/python3.10
-- Using PYTHON_LIBRARIES: /usr/lib/x86_64-linux-gnu/libpython3.10.so
-- Found PythonExtra: .so  
-- Found ament_cmake_flake8: 0.20.1 (/home/dbot2/ros2_ws/install/ament_cmake_flake8/share/ament_cmake_flake8/cmake)
-- Found ament_cmake_pep257: 0.20.1 (/home/dbot2/ros2_ws/install/ament_cmake_pep257/share/ament_cmake_pep257/cmake)
-- Found ament_cmake_clang_format: 0.20.1 (/home/dbot2/ros2_ws/install/ament_cmake_clang_format/share/ament_cmake_clang_format/cmake)
-- Found ament_cmake_copyright: 0.20.1 (/home/dbot2/ros2_ws/install/ament_cmake_copyright/share/ament_cmake_copyright/cmake)
-- Found gtest sources under '/opt/ros/humble/src/gtest_vendor': C++ tests using 'Google Test' will be built
-- Configuring done
-- Generating done
-- Build files have been written to: /home/dbot2/dbot_vda5050_ilmatar/build/vda5050_connector
[  1%] [34m[1mGenerating C code for ROS interfaces[0m
[  2%] [32mBuilding CXX object gtest/CMakeFiles/gtest.dir/src/gtest-all.cc.o[0m
[  4%] [32mBuilding CXX object gtest/CMakeFiles/gtest_main.dir/src/gtest_main.cc.o[0m
[  5%] [34m[1mGenerating C++ code for ROS interfaces[0m
[  5%] Built target ament_cmake_python_symlink_vda5050_connector_py
[  5%] Built target ament_cmake_python_symlink_vda5050_connector
running egg_info
creating vda5050_connector_py.egg-info
writing vda5050_connector_py.egg-info/PKG-INFO
writing dependency_links to vda5050_connector_py.egg-info/dependency_links.txt
writing top-level names to vda5050_connector_py.egg-info/top_level.txt
writing manifest file 'vda5050_connector_py.egg-info/SOURCES.txt'
reading manifest file 'vda5050_connector_py.egg-info/SOURCES.txt'
writing manifest file 'vda5050_connector_py.egg-info/SOURCES.txt'
[  5%] Built target ament_cmake_python_build_vda5050_connector_py_egg
running egg_info
creating vda5050_connector.egg-info
writing vda5050_connector.egg-info/PKG-INFO
writing dependency_links to vda5050_connector.egg-info/dependency_links.txt
writing top-level names to vda5050_connector.egg-info/top_level.txt
writing manifest file 'vda5050_connector.egg-info/SOURCES.txt'
reading manifest file 'vda5050_connector.egg-info/SOURCES.txt'
writing manifest file 'vda5050_connector.egg-info/SOURCES.txt'
[  5%] Built target ament_cmake_python_build_vda5050_connector_egg
[  6%] [32m[1mLinking CXX static library libgtest_main.a[0m
[  6%] Built target gtest_main
[  6%] Built target vda5050_connector__cpp
[  8%] [34m[1mGenerating C++ type support for eProsima Fast-RTPS[0m
[  9%] [34m[1mGenerating C++ introspection for ROS interfaces[0m
[ 11%] [34m[1mGenerating C++ type support dispatch for ROS interfaces[0m
[ 13%] [32mBuilding C object CMakeFiles/vda5050_connector__rosidl_generator_c.dir/rosidl_generator_c/vda5050_connector/srv/detail/supported_actions__functions.c.o[0m
[ 13%] [32mBuilding C object CMakeFiles/vda5050_connector__rosidl_generator_c.dir/rosidl_generator_c/vda5050_connector/action/detail/navigate_to_node__functions.c.o[0m
[ 15%] [32mBuilding C object CMakeFiles/vda5050_connector__rosidl_generator_c.dir/rosidl_generator_c/vda5050_connector/action/detail/process_vda_action__functions.c.o[0m
[ 16%] [32mBuilding C object CMakeFiles/vda5050_connector__rosidl_generator_c.dir/rosidl_generator_c/vda5050_connector/srv/detail/get_state__functions.c.o[0m
[ 18%] [32m[1mLinking C shared library libvda5050_connector__rosidl_generator_c.so[0m
[ 18%] Built target vda5050_connector__rosidl_generator_c
[ 19%] [34m[1mGenerating C type support for eProsima Fast-RTPS[0m
[ 20%] [34m[1mGenerating C type support dispatch for ROS interfaces[0m
[ 22%] [34m[1mGenerating C introspection for ROS interfaces[0m
[ 23%] [32mBuilding CXX object CMakeFiles/vda5050_connector__rosidl_typesupport_introspection_cpp.dir/rosidl_typesupport_introspection_cpp/vda5050_connector/action/detail/navigate_to_node__type_support.cpp.o[0m
[ 25%] [32mBuilding CXX object CMakeFiles/vda5050_connector__rosidl_typesupport_introspection_cpp.dir/rosidl_typesupport_introspection_cpp/vda5050_connector/action/detail/process_vda_action__type_support.cpp.o[0m
[ 26%] [32mBuilding CXX object CMakeFiles/vda5050_connector__rosidl_typesupport_cpp.dir/rosidl_typesupport_cpp/vda5050_connector/action/navigate_to_node__type_support.cpp.o[0m
[ 27%] [32mBuilding CXX object CMakeFiles/vda5050_connector__rosidl_typesupport_fastrtps_cpp.dir/rosidl_typesupport_fastrtps_cpp/vda5050_connector/action/detail/dds_fastrtps/navigate_to_node__type_support.cpp.o[0m
[ 29%] [32mBuilding CXX object CMakeFiles/vda5050_connector__rosidl_typesupport_c.dir/rosidl_typesupport_c/vda5050_connector/action/navigate_to_node__type_support.cpp.o[0m
[ 30%] [32mBuilding CXX object CMakeFiles/vda5050_connector__rosidl_typesupport_cpp.dir/rosidl_typesupport_cpp/vda5050_connector/action/process_vda_action__type_support.cpp.o[0m
[ 31%] [32mBuilding CXX object CMakeFiles/vda5050_connector__rosidl_typesupport_c.dir/rosidl_typesupport_c/vda5050_connector/action/process_vda_action__type_support.cpp.o[0m
[ 33%] [32mBuilding CXX object CMakeFiles/vda5050_connector__rosidl_typesupport_c.dir/rosidl_typesupport_c/vda5050_connector/srv/get_state__type_support.cpp.o[0m
[ 34%] [32mBuilding CXX object CMakeFiles/vda5050_connector__rosidl_typesupport_fastrtps_cpp.dir/rosidl_typesupport_fastrtps_cpp/vda5050_connector/action/detail/dds_fastrtps/process_vda_action__type_support.cpp.o[0m
[ 36%] [32mBuilding CXX object CMakeFiles/vda5050_connector__rosidl_typesupport_c.dir/rosidl_typesupport_c/vda5050_connector/srv/supported_actions__type_support.cpp.o[0m
[ 37%] [32mBuilding CXX object CMakeFiles/vda5050_connector__rosidl_typesupport_introspection_cpp.dir/rosidl_typesupport_introspection_cpp/vda5050_connector/srv/detail/get_state__type_support.cpp.o[0m
[ 38%] [32m[1mLinking CXX shared library libvda5050_connector__rosidl_typesupport_c.so[0m
[ 40%] [32mBuilding C object CMakeFiles/vda5050_connector__rosidl_typesupport_introspection_c.dir/rosidl_typesupport_introspection_c/vda5050_connector/action/detail/navigate_to_node__type_support.c.o[0m
[ 40%] Built target vda5050_connector__rosidl_typesupport_c
[ 41%] [32mBuilding CXX object CMakeFiles/vda5050_connector__rosidl_typesupport_fastrtps_c.dir/rosidl_typesupport_fastrtps_c/vda5050_connector/action/detail/navigate_to_node__type_support_c.cpp.o[0m
[ 43%] [32mBuilding CXX object CMakeFiles/vda5050_connector__rosidl_typesupport_introspection_cpp.dir/rosidl_typesupport_introspection_cpp/vda5050_connector/srv/detail/supported_actions__type_support.cpp.o[0m
[ 44%] [32mBuilding C object CMakeFiles/vda5050_connector__rosidl_typesupport_introspection_c.dir/rosidl_typesupport_introspection_c/vda5050_connector/action/detail/process_vda_action__type_support.c.o[0m
[ 45%] [32mBuilding C object CMakeFiles/vda5050_connector__rosidl_typesupport_introspection_c.dir/rosidl_typesupport_introspection_c/vda5050_connector/srv/detail/get_state__type_support.c.o[0m
[ 47%] [32mBuilding C object CMakeFiles/vda5050_connector__rosidl_typesupport_introspection_c.dir/rosidl_typesupport_introspection_c/vda5050_connector/srv/detail/supported_actions__type_support.c.o[0m
[ 48%] [32m[1mLinking C shared library libvda5050_connector__rosidl_typesupport_introspection_c.so[0m
[ 48%] Built target vda5050_connector__rosidl_typesupport_introspection_c
[ 50%] [32mBuilding CXX object CMakeFiles/vda5050_connector__rosidl_typesupport_cpp.dir/rosidl_typesupport_cpp/vda5050_connector/srv/get_state__type_support.cpp.o[0m
[ 51%] [32mBuilding CXX object CMakeFiles/vda5050_connector__rosidl_typesupport_fastrtps_c.dir/rosidl_typesupport_fastrtps_c/vda5050_connector/action/detail/process_vda_action__type_support_c.cpp.o[0m
[ 52%] [32mBuilding CXX object CMakeFiles/vda5050_connector__rosidl_typesupport_fastrtps_cpp.dir/rosidl_typesupport_fastrtps_cpp/vda5050_connector/srv/detail/dds_fastrtps/get_state__type_support.cpp.o[0m
[ 54%] [32mBuilding CXX object CMakeFiles/vda5050_connector__rosidl_typesupport_fastrtps_cpp.dir/rosidl_typesupport_fastrtps_cpp/vda5050_connector/srv/detail/dds_fastrtps/supported_actions__type_support.cpp.o[0m
[ 55%] [32mBuilding CXX object CMakeFiles/vda5050_connector__rosidl_typesupport_cpp.dir/rosidl_typesupport_cpp/vda5050_connector/srv/supported_actions__type_support.cpp.o[0m
[ 56%] [32mBuilding CXX object CMakeFiles/vda5050_connector__rosidl_typesupport_fastrtps_c.dir/rosidl_typesupport_fastrtps_c/vda5050_connector/srv/detail/get_state__type_support_c.cpp.o[0m
[ 58%] [32mBuilding CXX object CMakeFiles/vda5050_connector__rosidl_typesupport_fastrtps_c.dir/rosidl_typesupport_fastrtps_c/vda5050_connector/srv/detail/supported_actions__type_support_c.cpp.o[0m
[ 59%] [32m[1mLinking CXX shared library libvda5050_connector__rosidl_typesupport_introspection_cpp.so[0m
[ 59%] Built target vda5050_connector__rosidl_typesupport_introspection_cpp
[ 61%] [32m[1mLinking CXX shared library libvda5050_connector__rosidl_typesupport_cpp.so[0m
[ 61%] Built target vda5050_connector__rosidl_typesupport_cpp
[ 63%] [32mBuilding CXX object CMakeFiles/adapter.dir/src/utils.cpp.o[0m
[ 63%] [32mBuilding CXX object CMakeFiles/adapter.dir/src/adapter.cpp.o[0m
[ 65%] [32m[1mLinking CXX shared library libvda5050_connector__rosidl_typesupport_fastrtps_cpp.so[0m
[ 66%] [32m[1mLinking CXX shared library libvda5050_connector__rosidl_typesupport_fastrtps_c.so[0m
[ 66%] Built target vda5050_connector__rosidl_typesupport_fastrtps_cpp
[ 66%] Built target vda5050_connector__rosidl_typesupport_fastrtps_c
[ 66%] Built target vda5050_connector
[ 68%] [34m[1mGenerating Python code for ROS interfaces[0m
[ 69%] [32m[1mLinking CXX static library libgtest.a[0m
[ 69%] Built target gtest
[ 69%] Built target vda5050_connector__py
[ 70%] [32mBuilding C object CMakeFiles/vda5050_connector__rosidl_generator_py.dir/rosidl_generator_py/vda5050_connector/action/_process_vda_action_s.c.o[0m
[ 73%] [32mBuilding C object CMakeFiles/vda5050_connector__rosidl_generator_py.dir/rosidl_generator_py/vda5050_connector/srv/_get_state_s.c.o[0m
[ 73%] [32mBuilding C object CMakeFiles/vda5050_connector__rosidl_generator_py.dir/rosidl_generator_py/vda5050_connector/srv/_supported_actions_s.c.o[0m
[ 75%] [32mBuilding C object CMakeFiles/vda5050_connector__rosidl_generator_py.dir/rosidl_generator_py/vda5050_connector/action/_navigate_to_node_s.c.o[0m
[ 76%] [32m[1mLinking C shared library rosidl_generator_py/vda5050_connector/libvda5050_connector__rosidl_generator_py.so[0m
[ 76%] Built target vda5050_connector__rosidl_generator_py
[ 77%] [32mBuilding C object CMakeFiles/vda5050_connector__rosidl_typesupport_introspection_c__pyext.dir/rosidl_generator_py/vda5050_connector/_vda5050_connector_s.ep.rosidl_typesupport_introspection_c.c.o[0m
[ 80%] [32mBuilding C object CMakeFiles/vda5050_connector__rosidl_typesupport_c__pyext.dir/rosidl_generator_py/vda5050_connector/_vda5050_connector_s.ep.rosidl_typesupport_c.c.o[0m
[ 80%] [32mBuilding C object CMakeFiles/vda5050_connector__rosidl_typesupport_fastrtps_c__pyext.dir/rosidl_generator_py/vda5050_connector/_vda5050_connector_s.ep.rosidl_typesupport_fastrtps_c.c.o[0m
[ 81%] [32m[1mLinking C shared library rosidl_generator_py/vda5050_connector/vda5050_connector_s__rosidl_typesupport_introspection_c.cpython-310-x86_64-linux-gnu.so[0m
[ 83%] [32m[1mLinking C shared library rosidl_generator_py/vda5050_connector/vda5050_connector_s__rosidl_typesupport_c.cpython-310-x86_64-linux-gnu.so[0m
[ 83%] Built target vda5050_connector__rosidl_typesupport_introspection_c__pyext
[ 83%] Built target vda5050_connector__rosidl_typesupport_c__pyext
[ 84%] [32m[1mLinking C shared library rosidl_generator_py/vda5050_connector/vda5050_connector_s__rosidl_typesupport_fastrtps_c.cpython-310-x86_64-linux-gnu.so[0m
[ 84%] Built target vda5050_connector__rosidl_typesupport_fastrtps_c__pyext
[ 86%] [32m[1mLinking CXX shared library libadapter.so[0m
[ 86%] Built target adapter
[ 87%] [32mBuilding CXX object test/adapter/CMakeFiles/test_plugins.dir/common/stub_state_handlers.cpp.o[0m
[ 88%] [32mBuilding CXX object test/adapter/CMakeFiles/test_plugins.dir/common/stub_vda_actions.cpp.o[0m
[ 91%] [32mBuilding CXX object test/adapter/CMakeFiles/test_node_config.dir/node_config/node_config_test.cpp.o[0m
[ 93%] [32mBuilding CXX object test/adapter/CMakeFiles/test_plugin_load.dir/plugin_load/plugin_load_test.cpp.o[0m
[ 93%] [32mBuilding CXX object test/adapter/CMakeFiles/test_plugins.dir/common/stub_nav_to_node.cpp.o[0m
[ 94%] [32mBuilding CXX object test/adapter/CMakeFiles/test_handler_execution.dir/handler_execution/handler_execution_test.cpp.o[0m
[ 95%] [32m[1mLinking CXX executable test_node_config[0m
[ 95%] Built target test_node_config
[ 97%] [32m[1mLinking CXX executable test_handler_execution[0m
[ 97%] Built target test_handler_execution
[ 98%] [32m[1mLinking CXX executable test_plugin_load[0m
[ 98%] Built target test_plugin_load
[100%] [32m[1mLinking CXX shared library libtest_plugins.so[0m
[100%] Built target test_plugins
-- Install configuration: ""
-- Execute custom install script
-- Symlinking: /home/dbot2/dbot_vda5050_ilmatar/install/vda5050_connector/share/ament_index/resource_index/rosidl_interfaces/vda5050_connector
-- Symlinking: /home/dbot2/dbot_vda5050_ilmatar/install/vda5050_connector/include/vda5050_connector/vda5050_connector/action/detail/navigate_to_node__functions.h
-- Symlinking: /home/dbot2/dbot_vda5050_ilmatar/install/vda5050_connector/include/vda5050_connector/vda5050_connector/action/detail/navigate_to_node__struct.h
-- Symlinking: /home/dbot2/dbot_vda5050_ilmatar/install/vda5050_connector/include/vda5050_connector/vda5050_connector/action/detail/navigate_to_node__type_support.h
-- Symlinking: /home/dbot2/dbot_vda5050_ilmatar/install/vda5050_connector/include/vda5050_connector/vda5050_connector/action/detail/process_vda_action__functions.h
-- Symlinking: /home/dbot2/dbot_vda5050_ilmatar/install/vda5050_connector/include/vda5050_connector/vda5050_connector/action/detail/process_vda_action__struct.h
-- Symlinking: /home/dbot2/dbot_vda5050_ilmatar/install/vda5050_connector/include/vda5050_connector/vda5050_connector/action/detail/process_vda_action__type_support.h
-- Symlinking: /home/dbot2/dbot_vda5050_ilmatar/install/vda5050_connector/include/vda5050_connector/vda5050_connector/action/navigate_to_node.h
-- Symlinking: /home/dbot2/dbot_vda5050_ilmatar/install/vda5050_connector/include/vda5050_connector/vda5050_connector/action/process_vda_action.h
-- Symlinking: /home/dbot2/dbot_vda5050_ilmatar/install/vda5050_connector/include/vda5050_connector/vda5050_connector/msg/rosidl_generator_c__visibility_control.h
-- Symlinking: /home/dbot2/dbot_vda5050_ilmatar/install/vda5050_connector/include/vda5050_connector/vda5050_connector/srv/detail/get_state__functions.h
-- Symlinking: /home/dbot2/dbot_vda5050_ilmatar/install/vda5050_connector/include/vda5050_connector/vda5050_connector/srv/detail/get_state__struct.h
-- Symlinking: /home/dbot2/dbot_vda5050_ilmatar/install/vda5050_connector/include/vda5050_connector/vda5050_connector/srv/detail/get_state__type_support.h
-- Symlinking: /home/dbot2/dbot_vda5050_ilmatar/install/vda5050_connector/include/vda5050_connector/vda5050_connector/srv/detail/supported_actions__functions.h
-- Symlinking: /home/dbot2/dbot_vda5050_ilmatar/install/vda5050_connector/include/vda5050_connector/vda5050_connector/srv/detail/supported_actions__struct.h
-- Symlinking: /home/dbot2/dbot_vda5050_ilmatar/install/vda5050_connector/include/vda5050_connector/vda5050_connector/srv/detail/supported_actions__type_support.h
-- Symlinking: /home/dbot2/dbot_vda5050_ilmatar/install/vda5050_connector/include/vda5050_connector/vda5050_connector/srv/get_state.h
-- Symlinking: /home/dbot2/dbot_vda5050_ilmatar/install/vda5050_connector/include/vda5050_connector/vda5050_connector/srv/supported_actions.h
-- Symlinking: /home/dbot2/dbot_vda5050_ilmatar/install/vda5050_connector/share/vda5050_connector/environment/library_path.sh
-- Symlinking: /home/dbot2/dbot_vda5050_ilmatar/install/vda5050_connector/share/vda5050_connector/environment/library_path.dsv
-- Symlinking: /home/dbot2/dbot_vda5050_ilmatar/install/vda5050_connector/include/vda5050_connector/vda5050_connector/action/detail/navigate_to_node__rosidl_typesupport_fastrtps_c.h
-- Symlinking: /home/dbot2/dbot_vda5050_ilmatar/install/vda5050_connector/include/vda5050_connector/vda5050_connector/action/detail/process_vda_action__rosidl_typesupport_fastrtps_c.h
-- Symlinking: /home/dbot2/dbot_vda5050_ilmatar/install/vda5050_connector/include/vda5050_connector/vda5050_connector/msg/rosidl_typesupport_fastrtps_c__visibility_control.h
-- Symlinking: /home/dbot2/dbot_vda5050_ilmatar/install/vda5050_connector/include/vda5050_connector/vda5050_connector/srv/detail/get_state__rosidl_typesupport_fastrtps_c.h
-- Symlinking: /home/dbot2/dbot_vda5050_ilmatar/install/vda5050_connector/include/vda5050_connector/vda5050_connector/srv/detail/supported_actions__rosidl_typesupport_fastrtps_c.h
-- Symlinking: /home/dbot2/dbot_vda5050_ilmatar/install/vda5050_connector/include/vda5050_connector/vda5050_connector/action/detail/navigate_to_node__builder.hpp
-- Symlinking: /home/dbot2/dbot_vda5050_ilmatar/install/vda5050_connector/include/vda5050_connector/vda5050_connector/action/detail/navigate_to_node__struct.hpp
-- Symlinking: /home/dbot2/dbot_vda5050_ilmatar/install/vda5050_connector/include/vda5050_connector/vda5050_connector/action/detail/navigate_to_node__traits.hpp
-- Symlinking: /home/dbot2/dbot_vda5050_ilmatar/install/vda5050_connector/include/vda5050_connector/vda5050_connector/action/detail/navigate_to_node__type_support.hpp
-- Symlinking: /home/dbot2/dbot_vda5050_ilmatar/install/vda5050_connector/include/vda5050_connector/vda5050_connector/action/detail/process_vda_action__builder.hpp
-- Symlinking: /home/dbot2/dbot_vda5050_ilmatar/install/vda5050_connector/include/vda5050_connector/vda5050_connector/action/detail/process_vda_action__struct.hpp
-- Symlinking: /home/dbot2/dbot_vda5050_ilmatar/install/vda5050_connector/include/vda5050_connector/vda5050_connector/action/detail/process_vda_action__traits.hpp
-- Symlinking: /home/dbot2/dbot_vda5050_ilmatar/install/vda5050_connector/include/vda5050_connector/vda5050_connector/action/detail/process_vda_action__type_support.hpp
-- Symlinking: /home/dbot2/dbot_vda5050_ilmatar/install/vda5050_connector/include/vda5050_connector/vda5050_connector/action/navigate_to_node.hpp
-- Symlinking: /home/dbot2/dbot_vda5050_ilmatar/install/vda5050_connector/include/vda5050_connector/vda5050_connector/action/process_vda_action.hpp
-- Symlinking: /home/dbot2/dbot_vda5050_ilmatar/install/vda5050_connector/include/vda5050_connector/vda5050_connector/msg/rosidl_generator_cpp__visibility_control.hpp
-- Symlinking: /home/dbot2/dbot_vda5050_ilmatar/install/vda5050_connector/include/vda5050_connector/vda5050_connector/srv/detail/get_state__builder.hpp
-- Symlinking: /home/dbot2/dbot_vda5050_ilmatar/install/vda5050_connector/include/vda5050_connector/vda5050_connector/srv/detail/get_state__struct.hpp
-- Symlinking: /home/dbot2/dbot_vda5050_ilmatar/install/vda5050_connector/include/vda5050_connector/vda5050_connector/srv/detail/get_state__traits.hpp
-- Symlinking: /home/dbot2/dbot_vda5050_ilmatar/install/vda5050_connector/include/vda5050_connector/vda5050_connector/srv/detail/get_state__type_support.hpp
-- Symlinking: /home/dbot2/dbot_vda5050_ilmatar/install/vda5050_connector/include/vda5050_connector/vda5050_connector/srv/detail/supported_actions__builder.hpp
-- Symlinking: /home/dbot2/dbot_vda5050_ilmatar/install/vda5050_connector/include/vda5050_connector/vda5050_connector/srv/detail/supported_actions__struct.hpp
-- Symlinking: /home/dbot2/dbot_vda5050_ilmatar/install/vda5050_connector/include/vda5050_connector/vda5050_connector/srv/detail/supported_actions__traits.hpp
-- Symlinking: /home/dbot2/dbot_vda5050_ilmatar/install/vda5050_connector/include/vda5050_connector/vda5050_connector/srv/detail/supported_actions__type_support.hpp
-- Symlinking: /home/dbot2/dbot_vda5050_ilmatar/install/vda5050_connector/include/vda5050_connector/vda5050_connector/srv/get_state.hpp
-- Symlinking: /home/dbot2/dbot_vda5050_ilmatar/install/vda5050_connector/include/vda5050_connector/vda5050_connector/srv/supported_actions.hpp
-- Symlinking: /home/dbot2/dbot_vda5050_ilmatar/install/vda5050_connector/include/vda5050_connector/vda5050_connector/action/detail/navigate_to_node__rosidl_typesupport_fastrtps_cpp.hpp
-- Symlinking: /home/dbot2/dbot_vda5050_ilmatar/install/vda5050_connector/include/vda5050_connector/vda5050_connector/action/detail/process_vda_action__rosidl_typesupport_fastrtps_cpp.hpp
-- Symlinking: /home/dbot2/dbot_vda5050_ilmatar/install/vda5050_connector/include/vda5050_connector/vda5050_connector/msg/rosidl_typesupport_fastrtps_cpp__visibility_control.h
-- Symlinking: /home/dbot2/dbot_vda5050_ilmatar/install/vda5050_connector/include/vda5050_connector/vda5050_connector/srv/detail/get_state__rosidl_typesupport_fastrtps_cpp.hpp
-- Symlinking: /home/dbot2/dbot_vda5050_ilmatar/install/vda5050_connector/include/vda5050_connector/vda5050_connector/srv/detail/supported_actions__rosidl_typesupport_fastrtps_cpp.hpp
-- Symlinking: /home/dbot2/dbot_vda5050_ilmatar/install/vda5050_connector/include/vda5050_connector/vda5050_connector/action/detail/navigate_to_node__rosidl_typesupport_introspection_c.h
-- Symlinking: /home/dbot2/dbot_vda5050_ilmatar/install/vda5050_connector/include/vda5050_connector/vda5050_connector/action/detail/process_vda_action__rosidl_typesupport_introspection_c.h
-- Symlinking: /home/dbot2/dbot_vda5050_ilmatar/install/vda5050_connector/include/vda5050_connector/vda5050_connector/msg/rosidl_typesupport_introspection_c__visibility_control.h
-- Symlinking: /home/dbot2/dbot_vda5050_ilmatar/install/vda5050_connector/include/vda5050_connector/vda5050_connector/srv/detail/get_state__rosidl_typesupport_introspection_c.h
-- Symlinking: /home/dbot2/dbot_vda5050_ilmatar/install/vda5050_connector/include/vda5050_connector/vda5050_connector/srv/detail/supported_actions__rosidl_typesupport_introspection_c.h
-- Symlinking: /home/dbot2/dbot_vda5050_ilmatar/install/vda5050_connector/include/vda5050_connector/vda5050_connector/action/detail/navigate_to_node__rosidl_typesupport_introspection_cpp.hpp
-- Symlinking: /home/dbot2/dbot_vda5050_ilmatar/install/vda5050_connector/include/vda5050_connector/vda5050_connector/action/detail/process_vda_action__rosidl_typesupport_introspection_cpp.hpp
-- Symlinking: /home/dbot2/dbot_vda5050_ilmatar/install/vda5050_connector/include/vda5050_connector/vda5050_connector/srv/detail/get_state__rosidl_typesupport_introspection_cpp.hpp
-- Symlinking: /home/dbot2/dbot_vda5050_ilmatar/install/vda5050_connector/include/vda5050_connector/vda5050_connector/srv/detail/supported_actions__rosidl_typesupport_introspection_cpp.hpp
-- Symlinking: /home/dbot2/dbot_vda5050_ilmatar/install/vda5050_connector/share/vda5050_connector/environment/pythonpath.sh
-- Symlinking: /home/dbot2/dbot_vda5050_ilmatar/install/vda5050_connector/share/vda5050_connector/environment/pythonpath.dsv
-- Symlinking: /home/dbot2/dbot_vda5050_ilmatar/install/vda5050_connector/local/lib/python3.10/dist-packages/vda5050_connector-1.1.1-py3.10.egg-info/PKG-INFO
-- Symlinking: /home/dbot2/dbot_vda5050_ilmatar/install/vda5050_connector/local/lib/python3.10/dist-packages/vda5050_connector-1.1.1-py3.10.egg-info/SOURCES.txt
-- Symlinking: /home/dbot2/dbot_vda5050_ilmatar/install/vda5050_connector/local/lib/python3.10/dist-packages/vda5050_connector-1.1.1-py3.10.egg-info/dependency_links.txt
-- Symlinking: /home/dbot2/dbot_vda5050_ilmatar/install/vda5050_connector/local/lib/python3.10/dist-packages/vda5050_connector-1.1.1-py3.10.egg-info/top_level.txt
-- Symlinking: /home/dbot2/dbot_vda5050_ilmatar/install/vda5050_connector/local/lib/python3.10/dist-packages/vda5050_connector/__init__.py
-- Symlinking: /home/dbot2/dbot_vda5050_ilmatar/install/vda5050_connector/local/lib/python3.10/dist-packages/vda5050_connector/_vda5050_connector_s.ep.rosidl_typesupport_c.c
-- Symlinking: /home/dbot2/dbot_vda5050_ilmatar/install/vda5050_connector/local/lib/python3.10/dist-packages/vda5050_connector/_vda5050_connector_s.ep.rosidl_typesupport_fastrtps_c.c
-- Symlinking: /home/dbot2/dbot_vda5050_ilmatar/install/vda5050_connector/local/lib/python3.10/dist-packages/vda5050_connector/_vda5050_connector_s.ep.rosidl_typesupport_introspection_c.c
-- Symlinking: /home/dbot2/dbot_vda5050_ilmatar/install/vda5050_connector/local/lib/python3.10/dist-packages/vda5050_connector/action/__init__.py
-- Symlinking: /home/dbot2/dbot_vda5050_ilmatar/install/vda5050_connector/local/lib/python3.10/dist-packages/vda5050_connector/action/_navigate_to_node.py
-- Symlinking: /home/dbot2/dbot_vda5050_ilmatar/install/vda5050_connector/local/lib/python3.10/dist-packages/vda5050_connector/action/_navigate_to_node_s.c
-- Symlinking: /home/dbot2/dbot_vda5050_ilmatar/install/vda5050_connector/local/lib/python3.10/dist-packages/vda5050_connector/action/_process_vda_action.py
-- Symlinking: /home/dbot2/dbot_vda5050_ilmatar/install/vda5050_connector/local/lib/python3.10/dist-packages/vda5050_connector/action/_process_vda_action_s.c
-- Symlinking: /home/dbot2/dbot_vda5050_ilmatar/install/vda5050_connector/local/lib/python3.10/dist-packages/vda5050_connector/libvda5050_connector__rosidl_generator_py.so
-- Symlinking: /home/dbot2/dbot_vda5050_ilmatar/install/vda5050_connector/local/lib/python3.10/dist-packages/vda5050_connector/srv/__init__.py
-- Symlinking: /home/dbot2/dbot_vda5050_ilmatar/install/vda5050_connector/local/lib/python3.10/dist-packages/vda5050_connector/srv/_get_state.py
-- Symlinking: /home/dbot2/dbot_vda5050_ilmatar/install/vda5050_connector/local/lib/python3.10/dist-packages/vda5050_connector/srv/_get_state_s.c
-- Symlinking: /home/dbot2/dbot_vda5050_ilmatar/install/vda5050_connector/local/lib/python3.10/dist-packages/vda5050_connector/srv/_supported_actions.py
-- Symlinking: /home/dbot2/dbot_vda5050_ilmatar/install/vda5050_connector/local/lib/python3.10/dist-packages/vda5050_connector/srv/_supported_actions_s.c
-- Symlinking: /home/dbot2/dbot_vda5050_ilmatar/install/vda5050_connector/local/lib/python3.10/dist-packages/vda5050_connector/vda5050_connector_s__rosidl_typesupport_c.cpython-310-x86_64-linux-gnu.so
-- Symlinking: /home/dbot2/dbot_vda5050_ilmatar/install/vda5050_connector/local/lib/python3.10/dist-packages/vda5050_connector/vda5050_connector_s__rosidl_typesupport_fastrtps_c.cpython-310-x86_64-linux-gnu.so
-- Symlinking: /home/dbot2/dbot_vda5050_ilmatar/install/vda5050_connector/local/lib/python3.10/dist-packages/vda5050_connector/vda5050_connector_s__rosidl_typesupport_introspection_c.cpython-310-x86_64-linux-gnu.so
-- Up-to-date symlink: /home/dbot2/dbot_vda5050_ilmatar/install/vda5050_connector/local/lib/python3.10/dist-packages/vda5050_connector/vda5050_connector_s__rosidl_typesupport_fastrtps_c.cpython-310-x86_64-linux-gnu.so
-- Up-to-date symlink: /home/dbot2/dbot_vda5050_ilmatar/install/vda5050_connector/local/lib/python3.10/dist-packages/vda5050_connector/vda5050_connector_s__rosidl_typesupport_introspection_c.cpython-310-x86_64-linux-gnu.so
-- Up-to-date symlink: /home/dbot2/dbot_vda5050_ilmatar/install/vda5050_connector/local/lib/python3.10/dist-packages/vda5050_connector/vda5050_connector_s__rosidl_typesupport_c.cpython-310-x86_64-linux-gnu.so
-- Symlinking: /home/dbot2/dbot_vda5050_ilmatar/install/vda5050_connector/share/vda5050_connector/action/NavigateToNode.idl
-- Symlinking: /home/dbot2/dbot_vda5050_ilmatar/install/vda5050_connector/share/vda5050_connector/action/ProcessVDAAction.idl
-- Symlinking: /home/dbot2/dbot_vda5050_ilmatar/install/vda5050_connector/share/vda5050_connector/srv/GetState.idl
-- Symlinking: /home/dbot2/dbot_vda5050_ilmatar/install/vda5050_connector/share/vda5050_connector/srv/SupportedActions.idl
-- Symlinking: /home/dbot2/dbot_vda5050_ilmatar/install/vda5050_connector/share/vda5050_connector/action/NavigateToNode.action
-- Symlinking: /home/dbot2/dbot_vda5050_ilmatar/install/vda5050_connector/share/vda5050_connector/action/ProcessVDAAction.action
-- Symlinking: /home/dbot2/dbot_vda5050_ilmatar/install/vda5050_connector/share/vda5050_connector/srv/GetState.srv
-- Symlinking: /home/dbot2/dbot_vda5050_ilmatar/install/vda5050_connector/share/vda5050_connector/srv/GetState_Request.msg
-- Symlinking: /home/dbot2/dbot_vda5050_ilmatar/install/vda5050_connector/share/vda5050_connector/srv/GetState_Response.msg
-- Symlinking: /home/dbot2/dbot_vda5050_ilmatar/install/vda5050_connector/share/vda5050_connector/srv/SupportedActions.srv
-- Symlinking: /home/dbot2/dbot_vda5050_ilmatar/install/vda5050_connector/share/vda5050_connector/srv/SupportedActions_Request.msg
-- Symlinking: /home/dbot2/dbot_vda5050_ilmatar/install/vda5050_connector/share/vda5050_connector/srv/SupportedActions_Response.msg
-- Symlinking: /home/dbot2/dbot_vda5050_ilmatar/install/vda5050_connector/include/vda5050_connector/adapter.hpp
-- Symlinking: /home/dbot2/dbot_vda5050_ilmatar/install/vda5050_connector/include/vda5050_connector/handler.hpp
-- Symlinking: /home/dbot2/dbot_vda5050_ilmatar/install/vda5050_connector/include/vda5050_connector/nav_to_node.hpp
-- Symlinking: /home/dbot2/dbot_vda5050_ilmatar/install/vda5050_connector/include/vda5050_connector/state_handler.hpp
-- Symlinking: /home/dbot2/dbot_vda5050_ilmatar/install/vda5050_connector/include/vda5050_connector/utils.hpp
-- Symlinking: /home/dbot2/dbot_vda5050_ilmatar/install/vda5050_connector/include/vda5050_connector/vda_action.hpp
-- Symlinking: /home/dbot2/dbot_vda5050_ilmatar/install/vda5050_connector/include/vda5050_connector/visibility_control.h
-- Symlinking: /home/dbot2/dbot_vda5050_ilmatar/install/vda5050_connector/local/lib/python3.10/dist-packages/vda5050_connector_py-1.1.1-py3.10.egg-info/PKG-INFO
-- Symlinking: /home/dbot2/dbot_vda5050_ilmatar/install/vda5050_connector/local/lib/python3.10/dist-packages/vda5050_connector_py-1.1.1-py3.10.egg-info/SOURCES.txt
-- Symlinking: /home/dbot2/dbot_vda5050_ilmatar/install/vda5050_connector/local/lib/python3.10/dist-packages/vda5050_connector_py-1.1.1-py3.10.egg-info/dependency_links.txt
-- Symlinking: /home/dbot2/dbot_vda5050_ilmatar/install/vda5050_connector/local/lib/python3.10/dist-packages/vda5050_connector_py-1.1.1-py3.10.egg-info/top_level.txt
-- Symlinking: /home/dbot2/dbot_vda5050_ilmatar/install/vda5050_connector/local/lib/python3.10/dist-packages/vda5050_connector_py/__init__.py
-- Symlinking: /home/dbot2/dbot_vda5050_ilmatar/install/vda5050_connector/local/lib/python3.10/dist-packages/vda5050_connector_py/mqtt_bridge.py
-- Symlinking: /home/dbot2/dbot_vda5050_ilmatar/install/vda5050_connector/local/lib/python3.10/dist-packages/vda5050_connector_py/rewritten_yaml.py
-- Symlinking: /home/dbot2/dbot_vda5050_ilmatar/install/vda5050_connector/local/lib/python3.10/dist-packages/vda5050_connector_py/utils.py
-- Symlinking: /home/dbot2/dbot_vda5050_ilmatar/install/vda5050_connector/local/lib/python3.10/dist-packages/vda5050_connector_py/vda5050_controller.py
-- Symlinking: /home/dbot2/dbot_vda5050_ilmatar/install/vda5050_connector/lib/vda5050_connector/mqtt_bridge.py
-- Symlinking: /home/dbot2/dbot_vda5050_ilmatar/install/vda5050_connector/lib/vda5050_connector/vda5050_controller.py
-- Symlinking: /home/dbot2/dbot_vda5050_ilmatar/install/vda5050_connector/share/vda5050_connector//config/connector_example.yaml
-- Symlinking: /home/dbot2/dbot_vda5050_ilmatar/install/vda5050_connector/share/vda5050_connector//launch/controller.launch.py
-- Symlinking: /home/dbot2/dbot_vda5050_ilmatar/install/vda5050_connector/share/vda5050_connector//launch/mqtt_bridge.launch.py
-- Symlinking: /home/dbot2/dbot_vda5050_ilmatar/install/vda5050_connector/share/vda5050_connector/test/adapter/plugins_test.xml
-- Symlinking: /home/dbot2/dbot_vda5050_ilmatar/install/vda5050_connector/share/ament_index/resource_index/package_run_dependencies/vda5050_connector
-- Symlinking: /home/dbot2/dbot_vda5050_ilmatar/install/vda5050_connector/share/ament_index/resource_index/parent_prefix_path/vda5050_connector
-- Symlinking: /home/dbot2/dbot_vda5050_ilmatar/install/vda5050_connector/share/vda5050_connector/environment/ament_prefix_path.sh
-- Symlinking: /home/dbot2/dbot_vda5050_ilmatar/install/vda5050_connector/share/vda5050_connector/environment/ament_prefix_path.dsv
-- Symlinking: /home/dbot2/dbot_vda5050_ilmatar/install/vda5050_connector/share/vda5050_connector/environment/path.sh
-- Symlinking: /home/dbot2/dbot_vda5050_ilmatar/install/vda5050_connector/share/vda5050_connector/environment/path.dsv
-- Symlinking: /home/dbot2/dbot_vda5050_ilmatar/install/vda5050_connector/share/vda5050_connector/local_setup.bash
-- Symlinking: /home/dbot2/dbot_vda5050_ilmatar/install/vda5050_connector/share/vda5050_connector/local_setup.sh
-- Symlinking: /home/dbot2/dbot_vda5050_ilmatar/install/vda5050_connector/share/vda5050_connector/local_setup.zsh
-- Symlinking: /home/dbot2/dbot_vda5050_ilmatar/install/vda5050_connector/share/vda5050_connector/local_setup.dsv
-- Symlinking: /home/dbot2/dbot_vda5050_ilmatar/install/vda5050_connector/share/vda5050_connector/package.dsv
-- Symlinking: /home/dbot2/dbot_vda5050_ilmatar/install/vda5050_connector/share/ament_index/resource_index/packages/vda5050_connector
-- Symlinking: /home/dbot2/dbot_vda5050_ilmatar/install/vda5050_connector/share/ament_index/resource_index/vda5050_connector__pluginlib__plugin/vda5050_connector
-- Symlinking: /home/dbot2/dbot_vda5050_ilmatar/install/vda5050_connector/share/vda5050_connector/cmake/rosidl_cmake-extras.cmake
-- Symlinking: /home/dbot2/dbot_vda5050_ilmatar/install/vda5050_connector/share/vda5050_connector/cmake/ament_cmake_export_dependencies-extras.cmake
-- Symlinking: /home/dbot2/dbot_vda5050_ilmatar/install/vda5050_connector/share/vda5050_connector/cmake/ament_cmake_export_include_directories-extras.cmake
-- Symlinking: /home/dbot2/dbot_vda5050_ilmatar/install/vda5050_connector/share/vda5050_connector/cmake/ament_cmake_export_libraries-extras.cmake
-- Symlinking: /home/dbot2/dbot_vda5050_ilmatar/install/vda5050_connector/share/vda5050_connector/cmake/ament_cmake_export_targets-extras.cmake
-- Symlinking: /home/dbot2/dbot_vda5050_ilmatar/install/vda5050_connector/share/vda5050_connector/cmake/rosidl_cmake_export_typesupport_targets-extras.cmake
-- Symlinking: /home/dbot2/dbot_vda5050_ilmatar/install/vda5050_connector/share/vda5050_connector/cmake/rosidl_cmake_export_typesupport_libraries-extras.cmake
-- Symlinking: /home/dbot2/dbot_vda5050_ilmatar/install/vda5050_connector/share/vda5050_connector/cmake/vda5050_connectorConfig.cmake
-- Symlinking: /home/dbot2/dbot_vda5050_ilmatar/install/vda5050_connector/share/vda5050_connector/cmake/vda5050_connectorConfig-version.cmake
-- Symlinking: /home/dbot2/dbot_vda5050_ilmatar/install/vda5050_connector/share/vda5050_connector/package.xml
-- Installing: /home/dbot2/dbot_vda5050_ilmatar/install/vda5050_connector/lib/libvda5050_connector__rosidl_generator_c.so
-- Set runtime path of "/home/dbot2/dbot_vda5050_ilmatar/install/vda5050_connector/lib/libvda5050_connector__rosidl_generator_c.so" to ""
-- Installing: /home/dbot2/dbot_vda5050_ilmatar/install/vda5050_connector/lib/libvda5050_connector__rosidl_typesupport_fastrtps_c.so
-- Set runtime path of "/home/dbot2/dbot_vda5050_ilmatar/install/vda5050_connector/lib/libvda5050_connector__rosidl_typesupport_fastrtps_c.so" to ""
-- Installing: /home/dbot2/dbot_vda5050_ilmatar/install/vda5050_connector/lib/libvda5050_connector__rosidl_typesupport_fastrtps_cpp.so
-- Set runtime path of "/home/dbot2/dbot_vda5050_ilmatar/install/vda5050_connector/lib/libvda5050_connector__rosidl_typesupport_fastrtps_cpp.so" to ""
-- Installing: /home/dbot2/dbot_vda5050_ilmatar/install/vda5050_connector/lib/libvda5050_connector__rosidl_typesupport_introspection_c.so
-- Set runtime path of "/home/dbot2/dbot_vda5050_ilmatar/install/vda5050_connector/lib/libvda5050_connector__rosidl_typesupport_introspection_c.so" to ""
-- Installing: /home/dbot2/dbot_vda5050_ilmatar/install/vda5050_connector/lib/libvda5050_connector__rosidl_typesupport_c.so
-- Set runtime path of "/home/dbot2/dbot_vda5050_ilmatar/install/vda5050_connector/lib/libvda5050_connector__rosidl_typesupport_c.so" to ""
-- Installing: /home/dbot2/dbot_vda5050_ilmatar/install/vda5050_connector/lib/libvda5050_connector__rosidl_typesupport_introspection_cpp.so
-- Set runtime path of "/home/dbot2/dbot_vda5050_ilmatar/install/vda5050_connector/lib/libvda5050_connector__rosidl_typesupport_introspection_cpp.so" to ""
-- Installing: /home/dbot2/dbot_vda5050_ilmatar/install/vda5050_connector/lib/libvda5050_connector__rosidl_typesupport_cpp.so
-- Set runtime path of "/home/dbot2/dbot_vda5050_ilmatar/install/vda5050_connector/lib/libvda5050_connector__rosidl_typesupport_cpp.so" to ""
Listing '/home/dbot2/dbot_vda5050_ilmatar/install/vda5050_connector/local/lib/python3.10/dist-packages/vda5050_connector'...
Compiling '/home/dbot2/dbot_vda5050_ilmatar/install/vda5050_connector/local/lib/python3.10/dist-packages/vda5050_connector/__init__.py'...
Listing '/home/dbot2/dbot_vda5050_ilmatar/install/vda5050_connector/local/lib/python3.10/dist-packages/vda5050_connector/action'...
Compiling '/home/dbot2/dbot_vda5050_ilmatar/install/vda5050_connector/local/lib/python3.10/dist-packages/vda5050_connector/action/__init__.py'...
Compiling '/home/dbot2/dbot_vda5050_ilmatar/install/vda5050_connector/local/lib/python3.10/dist-packages/vda5050_connector/action/_navigate_to_node.py'...
Compiling '/home/dbot2/dbot_vda5050_ilmatar/install/vda5050_connector/local/lib/python3.10/dist-packages/vda5050_connector/action/_process_vda_action.py'...
Listing '/home/dbot2/dbot_vda5050_ilmatar/install/vda5050_connector/local/lib/python3.10/dist-packages/vda5050_connector/srv'...
Compiling '/home/dbot2/dbot_vda5050_ilmatar/install/vda5050_connector/local/lib/python3.10/dist-packages/vda5050_connector/srv/__init__.py'...
Compiling '/home/dbot2/dbot_vda5050_ilmatar/install/vda5050_connector/local/lib/python3.10/dist-packages/vda5050_connector/srv/_get_state.py'...
Compiling '/home/dbot2/dbot_vda5050_ilmatar/install/vda5050_connector/local/lib/python3.10/dist-packages/vda5050_connector/srv/_supported_actions.py'...
-- Installing: /home/dbot2/dbot_vda5050_ilmatar/install/vda5050_connector/lib/libvda5050_connector__rosidl_generator_py.so
-- Set runtime path of "/home/dbot2/dbot_vda5050_ilmatar/install/vda5050_connector/lib/libvda5050_connector__rosidl_generator_py.so" to ""
-- Installing: /home/dbot2/dbot_vda5050_ilmatar/install/vda5050_connector/lib/libadapter.so
-- Set runtime path of "/home/dbot2/dbot_vda5050_ilmatar/install/vda5050_connector/lib/libadapter.so" to ""
Listing '/home/dbot2/dbot_vda5050_ilmatar/install/vda5050_connector/local/lib/python3.10/dist-packages/vda5050_connector_py'...
Compiling '/home/dbot2/dbot_vda5050_ilmatar/install/vda5050_connector/local/lib/python3.10/dist-packages/vda5050_connector_py/__init__.py'...
Compiling '/home/dbot2/dbot_vda5050_ilmatar/install/vda5050_connector/local/lib/python3.10/dist-packages/vda5050_connector_py/mqtt_bridge.py'...
Compiling '/home/dbot2/dbot_vda5050_ilmatar/install/vda5050_connector/local/lib/python3.10/dist-packages/vda5050_connector_py/rewritten_yaml.py'...
Compiling '/home/dbot2/dbot_vda5050_ilmatar/install/vda5050_connector/local/lib/python3.10/dist-packages/vda5050_connector_py/utils.py'...
Compiling '/home/dbot2/dbot_vda5050_ilmatar/install/vda5050_connector/local/lib/python3.10/dist-packages/vda5050_connector_py/vda5050_controller.py'...
-- Installing: /home/dbot2/dbot_vda5050_ilmatar/install/vda5050_connector/share/vda5050_connector/cmake/export_vda5050_connector__rosidl_generator_cExport.cmake
-- Installing: /home/dbot2/dbot_vda5050_ilmatar/install/vda5050_connector/share/vda5050_connector/cmake/export_vda5050_connector__rosidl_generator_cExport-noconfig.cmake
-- Installing: /home/dbot2/dbot_vda5050_ilmatar/install/vda5050_connector/share/vda5050_connector/cmake/export_vda5050_connector__rosidl_typesupport_fastrtps_cExport.cmake
-- Installing: /home/dbot2/dbot_vda5050_ilmatar/install/vda5050_connector/share/vda5050_connector/cmake/export_vda5050_connector__rosidl_typesupport_fastrtps_cExport-noconfig.cmake
-- Installing: /home/dbot2/dbot_vda5050_ilmatar/install/vda5050_connector/share/vda5050_connector/cmake/export_vda5050_connector__rosidl_generator_cppExport.cmake
-- Installing: /home/dbot2/dbot_vda5050_ilmatar/install/vda5050_connector/share/vda5050_connector/cmake/export_vda5050_connector__rosidl_typesupport_fastrtps_cppExport.cmake
-- Installing: /home/dbot2/dbot_vda5050_ilmatar/install/vda5050_connector/share/vda5050_connector/cmake/export_vda5050_connector__rosidl_typesupport_fastrtps_cppExport-noconfig.cmake
-- Installing: /home/dbot2/dbot_vda5050_ilmatar/install/vda5050_connector/share/vda5050_connector/cmake/vda5050_connector__rosidl_typesupport_introspection_cExport.cmake
-- Installing: /home/dbot2/dbot_vda5050_ilmatar/install/vda5050_connector/share/vda5050_connector/cmake/vda5050_connector__rosidl_typesupport_introspection_cExport-noconfig.cmake
-- Installing: /home/dbot2/dbot_vda5050_ilmatar/install/vda5050_connector/share/vda5050_connector/cmake/vda5050_connector__rosidl_typesupport_cExport.cmake
-- Installing: /home/dbot2/dbot_vda5050_ilmatar/install/vda5050_connector/share/vda5050_connector/cmake/vda5050_connector__rosidl_typesupport_cExport-noconfig.cmake
-- Installing: /home/dbot2/dbot_vda5050_ilmatar/install/vda5050_connector/share/vda5050_connector/cmake/vda5050_connector__rosidl_typesupport_introspection_cppExport.cmake
-- Installing: /home/dbot2/dbot_vda5050_ilmatar/install/vda5050_connector/share/vda5050_connector/cmake/vda5050_connector__rosidl_typesupport_introspection_cppExport-noconfig.cmake
-- Installing: /home/dbot2/dbot_vda5050_ilmatar/install/vda5050_connector/share/vda5050_connector/cmake/vda5050_connector__rosidl_typesupport_cppExport.cmake
-- Installing: /home/dbot2/dbot_vda5050_ilmatar/install/vda5050_connector/share/vda5050_connector/cmake/vda5050_connector__rosidl_typesupport_cppExport-noconfig.cmake
-- Installing: /home/dbot2/dbot_vda5050_ilmatar/install/vda5050_connector/share/vda5050_connector/cmake/export_vda5050_connector__rosidl_generator_pyExport.cmake
-- Installing: /home/dbot2/dbot_vda5050_ilmatar/install/vda5050_connector/share/vda5050_connector/cmake/export_vda5050_connector__rosidl_generator_pyExport-noconfig.cmake
-- Installing: /home/dbot2/dbot_vda5050_ilmatar/install/vda5050_connector/share/vda5050_connector/cmake/export_vda5050_connectorExport.cmake
-- Installing: /home/dbot2/dbot_vda5050_ilmatar/install/vda5050_connector/share/vda5050_connector/cmake/export_vda5050_connectorExport-noconfig.cmake
-- Installing: /home/dbot2/dbot_vda5050_ilmatar/install/vda5050_connector/lib/libtest_plugins.so
-- Set runtime path of "/home/dbot2/dbot_vda5050_ilmatar/install/vda5050_connector/lib/libtest_plugins.so" to ""
