[2.173s] Invoking command in '/home/dbot2/dbot_vda5050_ilmatar/build/gesturecontrol': PYTHONPATH=/home/dbot2/dbot_vda5050_ilmatar/build/gesturecontrol/prefix_override:/usr/lib/python3/dist-packages/colcon_core/task/python/colcon_distutils_commands:/home/dbot2/dbot_vda5050_ilmatar/install/gesturecontrol/lib/python3.10/site-packages:${PYTHONPATH} /usr/bin/python3 -W ignore:setup.py install is deprecated -W ignore:easy_install command is deprecated setup.py develop --uninstall --editable --build-directory /home/dbot2/dbot_vda5050_ilmatar/build/gesturecontrol/build
[2.631s] running develop
[2.932s] Removing /home/dbot2/dbot_vda5050_ilmatar/install/gesturecontrol/lib/python3.10/site-packages/gesturecontrol.egg-link (link to .)
[2.985s] Invoked command in '/home/dbot2/dbot_vda5050_ilmatar/build/gesturecontrol' returned '0': PYTHONPATH=/home/dbot2/dbot_vda5050_ilmatar/build/gesturecontrol/prefix_override:/usr/lib/python3/dist-packages/colcon_core/task/python/colcon_distutils_commands:/home/dbot2/dbot_vda5050_ilmatar/install/gesturecontrol/lib/python3.10/site-packages:${PYTHONPATH} /usr/bin/python3 -W ignore:setup.py install is deprecated -W ignore:easy_install command is deprecated setup.py develop --uninstall --editable --build-directory /home/dbot2/dbot_vda5050_ilmatar/build/gesturecontrol/build
[2.987s] Invoking command in '/home/dbot2/dbot_vda5050_ilmatar/src/gesturecontrol': PYTHONPATH=/home/dbot2/dbot_vda5050_ilmatar/build/gesturecontrol/prefix_override:/usr/lib/python3/dist-packages/colcon_core/task/python/colcon_distutils_commands:/home/dbot2/dbot_vda5050_ilmatar/install/gesturecontrol/lib/python3.10/site-packages:${PYTHONPATH} /usr/bin/python3 -W ignore:setup.py install is deprecated -W ignore:easy_install command is deprecated setup.py egg_info --egg-base ../../build/gesturecontrol build --build-base /home/dbot2/dbot_vda5050_ilmatar/build/gesturecontrol/build install --record /home/dbot2/dbot_vda5050_ilmatar/build/gesturecontrol/install.log --single-version-externally-managed install_data --force
[3.390s] running egg_info
[3.390s] writing ../../build/gesturecontrol/gesturecontrol.egg-info/PKG-INFO
[3.390s] writing dependency_links to ../../build/gesturecontrol/gesturecontrol.egg-info/dependency_links.txt
[3.391s] writing entry points to ../../build/gesturecontrol/gesturecontrol.egg-info/entry_points.txt
[3.391s] writing requirements to ../../build/gesturecontrol/gesturecontrol.egg-info/requires.txt
[3.391s] writing top-level names to ../../build/gesturecontrol/gesturecontrol.egg-info/top_level.txt
[3.393s] reading manifest file '../../build/gesturecontrol/gesturecontrol.egg-info/SOURCES.txt'
[3.394s] adding license file 'LICENSE'
[3.395s] writing manifest file '../../build/gesturecontrol/gesturecontrol.egg-info/SOURCES.txt'
[3.395s] running build
[3.395s] running build_py
[3.395s] running install
[3.396s] running install_lib
[3.397s] creating /home/dbot2/dbot_vda5050_ilmatar/install/gesturecontrol/lib/python3.10/site-packages/gesturecontrol
[3.397s] copying /home/dbot2/dbot_vda5050_ilmatar/build/gesturecontrol/build/lib/gesturecontrol/cameratest.py -> /home/dbot2/dbot_vda5050_ilmatar/install/gesturecontrol/lib/python3.10/site-packages/gesturecontrol
[3.397s] copying /home/dbot2/dbot_vda5050_ilmatar/build/gesturecontrol/build/lib/gesturecontrol/__init__.py -> /home/dbot2/dbot_vda5050_ilmatar/install/gesturecontrol/lib/python3.10/site-packages/gesturecontrol
[3.397s] copying /home/dbot2/dbot_vda5050_ilmatar/build/gesturecontrol/build/lib/gesturecontrol/handcontrol.py -> /home/dbot2/dbot_vda5050_ilmatar/install/gesturecontrol/lib/python3.10/site-packages/gesturecontrol
[3.398s] byte-compiling /home/dbot2/dbot_vda5050_ilmatar/install/gesturecontrol/lib/python3.10/site-packages/gesturecontrol/cameratest.py to cameratest.cpython-310.pyc
[3.399s] byte-compiling /home/dbot2/dbot_vda5050_ilmatar/install/gesturecontrol/lib/python3.10/site-packages/gesturecontrol/__init__.py to __init__.cpython-310.pyc
[3.399s] byte-compiling /home/dbot2/dbot_vda5050_ilmatar/install/gesturecontrol/lib/python3.10/site-packages/gesturecontrol/handcontrol.py to handcontrol.cpython-310.pyc
[3.400s] running install_data
[3.400s] copying resource/gesturecontrol -> /home/dbot2/dbot_vda5050_ilmatar/install/gesturecontrol/share/ament_index/resource_index/packages
[3.400s] copying package.xml -> /home/dbot2/dbot_vda5050_ilmatar/install/gesturecontrol/share/gesturecontrol
[3.400s] running install_egg_info
[3.403s] Copying ../../build/gesturecontrol/gesturecontrol.egg-info to /home/dbot2/dbot_vda5050_ilmatar/install/gesturecontrol/lib/python3.10/site-packages/gesturecontrol-0.0.0-py3.10.egg-info
[3.404s] running install_scripts
[3.438s] Installing gesturecontrol script to /home/dbot2/dbot_vda5050_ilmatar/install/gesturecontrol/lib/gesturecontrol
[3.438s] writing list of installed files to '/home/dbot2/dbot_vda5050_ilmatar/build/gesturecontrol/install.log'
[3.664s] Invoked command in '/home/dbot2/dbot_vda5050_ilmatar/src/gesturecontrol' returned '0': PYTHONPATH=/home/dbot2/dbot_vda5050_ilmatar/build/gesturecontrol/prefix_override:/usr/lib/python3/dist-packages/colcon_core/task/python/colcon_distutils_commands:/home/dbot2/dbot_vda5050_ilmatar/install/gesturecontrol/lib/python3.10/site-packages:${PYTHONPATH} /usr/bin/python3 -W ignore:setup.py install is deprecated -W ignore:easy_install command is deprecated setup.py egg_info --egg-base ../../build/gesturecontrol build --build-base /home/dbot2/dbot_vda5050_ilmatar/build/gesturecontrol/build install --record /home/dbot2/dbot_vda5050_ilmatar/build/gesturecontrol/install.log --single-version-externally-managed install_data --force
